[validate_spec] experiment_specs/April_7_Experiments/census_ppo_dvrl_2s.json: OK
[main] spec=census_ppo_dvrl_2s.json device=cuda:0
[main] exp_group=SPEC_census_ppo_dvrl_2s_a76466a8__G202604071704
[main] seeds=[42, 0]
[main] ---- running seed=42 ----
FFNN Using device: cuda:0
FFNN Using device: cuda:0
[Tracker] Experiment: SPECcensus_ppo_dvrl_2s_EP800_PCA10_REWfairness_minID1_majID0_TRJ2000_REAL3000_BIAS0.1_GG202604071704_46a2290c
[Tracker] Seed folder: training_runs/SPECcensus_ppo_dvrl_2s_EP800_PCA10_REWfairness_minID1_majID0_TRJ2000_REAL3000_BIAS0.1_GG202604071704_46a2290c/seed_42
[Tracker] Run: 2026-04-07_17-04-35_seed42_40184_1ab40e94
[Tracker] Metrics CSV: training_runs/SPECcensus_ppo_dvrl_2s_EP800_PCA10_REWfairness_minID1_majID0_TRJ2000_REAL3000_BIAS0.1_GG202604071704_46a2290c/seed_42/metrics.csv
[Tracker] Mirroring console to: training_runs/SPECcensus_ppo_dvrl_2s_EP800_PCA10_REWfairness_minID1_majID0_TRJ2000_REAL3000_BIAS0.1_GG202604071704_46a2290c/seed_42/console.log
[TRAIN] size=3000, minority=300 (10.00%)
[VAL] size=6512, minority=1568 (24.08%)
[TEST] size=6513, minority=1569 (24.09%)
FFNN Using device: cuda:0
FFNN Using device: cuda:0
Beta will train with: 60.00% real data, 40.00% synthetic data: 
[disadv] group=1 per_g={0: 0.22719629108905792, 1: 0.45680803060531616} worst_4g=1.9414 soft_eo_alpha=0.1243
Anchors: 257 (disadv=1) sigma_anchor=0.8500
[Tracker] Alpha model state_dict saved to training_runs/SPECcensus_ppo_dvrl_2s_EP800_PCA10_REWfairness_minID1_majID0_TRJ2000_REAL3000_BIAS0.1_GG202604071704_46a2290c/seed_42/alpha_state_dict.pt
[Tracker] Alpha model config saved to training_runs/SPECcensus_ppo_dvrl_2s_EP800_PCA10_REWfairness_minID1_majID0_TRJ2000_REAL3000_BIAS0.1_GG202604071704_46a2290c/seed_42/ffnn_meta.json

============================================================
[Phase] Starting phase1_class1 | target_class=1 | episodes=800
============================================================
[Tracker] CSV header written with 44 columns.
[Tracker] Ep    1 | AvgR 0.0001 | Global 0.4941 | Local 0.0226 | F1_macro 0.6703 | WorstLoss 1.9409
[Tracker] New BEST synthetic [phase1_class1] (by global.global_obj: 0.494126) saved.
[Tracker] BEST β weights [phase1_class1] saved -> training_runs/SPECcensus_ppo_dvrl_2s_EP800_PCA10_REWfairness_minID1_majID0_TRJ2000_REAL3000_BIAS0.1_GG202604071704_46a2290c/seed_42/best_beta_state_dict_phase1_class1.pt
[Tracker] Ep    2 | AvgR 0.0000 | Global 0.1252 | Local 0.0217 | F1_macro 0.6494 | WorstLoss 2.1342
[Tracker] Ep    3 | AvgR 0.0002 | Global 0.8337 | Local 0.0127 | F1_macro 0.6990 | WorstLoss 1.7732
[Tracker] New BEST synthetic [phase1_class1] (by global.global_obj: 0.833689) saved.
[Tracker] BEST β weights [phase1_class1] saved -> training_runs/SPECcensus_ppo_dvrl_2s_EP800_PCA10_REWfairness_minID1_majID0_TRJ2000_REAL3000_BIAS0.1_GG202604071704_46a2290c/seed_42/best_beta_state_dict_phase1_class1.pt
[Tracker] Ep    4 | AvgR 0.0000 | Global 0.1788 | Local 0.0173 | F1_macro 0.6928 | WorstLoss 2.0908
[Tracker] Ep    5 | AvgR 0.0002 | Global 0.7163 | Local 0.0416 | F1_macro 0.6857 | WorstLoss 1.8362
[Tracker] Saved snapshot: ep0005_phase1_class1
[Tracker] Ep    6 | AvgR 0.0001 | Global 0.2553 | Local 0.0081 | F1_macro 0.6807 | WorstLoss 2.0456
[Tracker] Ep    7 | AvgR 0.0000 | Global 0.1482 | Local 0.0234 | F1_macro 0.6664 | WorstLoss 2.1134
[Tracker] Ep    8 | AvgR 0.0000 | Global 0.1893 | Local 0.0103 | F1_macro 0.6905 | WorstLoss 2.0846
[Tracker] Ep    9 | AvgR 0.0002 | Global 0.6115 | Local 0.0114 | F1_macro 0.6763 | WorstLoss 1.8903
[Tracker] Ep   10 | AvgR 0.0001 | Global 0.2822 | Local 0.0153 | F1_macro 0.6644 | WorstLoss 2.0318
[Tracker] Saved snapshot: ep0010_phase1_class1
[Tracker] Ep   11 | AvgR 0.0000 | Global 0.0968 | Local 0.0214 | F1_macro 0.6675 | WorstLoss 2.1619
[Tracker] Ep   12 | AvgR 0.0001 | Global 0.2247 | Local 0.0215 | F1_macro 0.6653 | WorstLoss 2.0617
[Tracker] Ep   13 | AvgR 0.0001 | Global 0.2438 | Local 0.0192 | F1_macro 0.6317 | WorstLoss 2.0507
[Tracker] Ep   14 | AvgR 0.0001 | Global 0.2039 | Local 0.0151 | F1_macro 0.6730 | WorstLoss 2.0740
[Tracker] Ep   15 | AvgR 0.0002 | Global 0.7825 | Local 0.0133 | F1_macro 0.6948 | WorstLoss 1.8049
[Tracker] Saved snapshot: ep0015_phase1_class1
[Tracker] Ep   16 | AvgR 0.0001 | Global 0.5391 | Local 0.0081 | F1_macro 0.6756 | WorstLoss 1.9227
[Tracker] Ep   17 | AvgR 0.0001 | Global 0.2071 | Local 0.0110 | F1_macro 0.6615 | WorstLoss 2.0738
[Tracker] Ep   18 | AvgR 0.0001 | Global 0.2999 | Local 0.0122 | F1_macro 0.6730 | WorstLoss 2.0241
[Tracker] Ep   19 | AvgR 0.0001 | Global 0.2352 | Local 0.0148 | F1_macro 0.6722 | WorstLoss 2.0571
[Tracker] Ep   20 | AvgR 0.0000 | Global 0.1688 | Local 0.0193 | F1_macro 0.6494 | WorstLoss 2.0985
[Tracker] Saved snapshot: ep0020_phase1_class1
[Tracker] Ep   21 | AvgR 0.0001 | Global 0.3011 | Local 0.0193 | F1_macro 0.6725 | WorstLoss 2.0226
[Tracker] Ep   22 | AvgR 0.0000 | Global 0.1486 | Local 0.0236 | F1_macro 0.6723 | WorstLoss 2.1122
[Tracker] Ep   23 | AvgR 0.0001 | Global 0.3685 | Local 0.0255 | F1_macro 0.6652 | WorstLoss 1.9904
[Tracker] Ep   24 | AvgR 0.0001 | Global 0.2144 | Local 0.0169 | F1_macro 0.6605 | WorstLoss 2.0669
[Tracker] Ep   25 | AvgR 0.0000 | Global 0.1636 | Local 0.0224 | F1_macro 0.6610 | WorstLoss 2.1018
[Tracker] Saved snapshot: ep0025_phase1_class1
[Tracker] Ep   26 | AvgR 0.0000 | Global 0.0390 | Local 0.0178 | F1_macro 0.6373 | WorstLoss 2.2585
[Tracker] Ep   27 | AvgR 0.0001 | Global 0.2901 | Local 0.0292 | F1_macro 0.6915 | WorstLoss 2.0276
[Tracker] Ep   28 | AvgR 0.0000 | Global 0.0500 | Local 0.0345 | F1_macro 0.6414 | WorstLoss 2.2323
[Tracker] Ep   29 | AvgR 0.0001 | Global 0.2583 | Local 0.0173 | F1_macro 0.6869 | WorstLoss 2.0437
[Tracker] Ep   30 | AvgR 0.0001 | Global 0.2806 | Local 0.0228 | F1_macro 0.6848 | WorstLoss 2.0314
[Tracker] Saved snapshot: ep0030_phase1_class1
[Tracker] Ep   31 | AvgR 0.0001 | Global 0.1930 | Local 0.0185 | F1_macro 0.6845 | WorstLoss 2.0805
[Tracker] Ep   32 | AvgR 0.0002 | Global 0.5979 | Local 0.0351 | F1_macro 0.6645 | WorstLoss 1.8935
[Tracker] Ep   33 | AvgR 0.0000 | Global 0.1201 | Local 0.0245 | F1_macro 0.6546 | WorstLoss 2.1370
[Tracker] Ep   34 | AvgR 0.0001 | Global 0.5081 | Local 0.0306 | F1_macro 0.6652 | WorstLoss 1.9320
[Tracker] Ep   35 | AvgR 0.0001 | Global 0.5802 | Local 0.0184 | F1_macro 0.7029 | WorstLoss 1.9015
[Tracker] Saved snapshot: ep0035_phase1_class1
[Tracker] Ep   36 | AvgR 0.0001 | Global 0.5691 | Local 0.0171 | F1_macro 0.6749 | WorstLoss 1.9075
[Tracker] Ep   37 | AvgR 0.0001 | Global 0.5320 | Local 0.0208 | F1_macro 0.6785 | WorstLoss 1.9213
[Tracker] Ep   38 | AvgR 0.0000 | Global 0.1699 | Local 0.0220 | F1_macro 0.6525 | WorstLoss 2.0963
[Tracker] Ep   39 | AvgR 0.0000 | Global 0.1420 | Local 0.0191 | F1_macro 0.6503 | WorstLoss 2.1166
[Tracker] Ep   40 | AvgR 0.0000 | Global 0.0599 | Local 0.0423 | F1_macro 0.6500 | WorstLoss 2.2124
[Tracker] Saved snapshot: ep0040_phase1_class1
[Tracker] Ep   41 | AvgR 0.0001 | Global 0.2259 | Local 0.0286 | F1_macro 0.6848 | WorstLoss 2.0588
[Tracker] Ep   42 | AvgR 0.0001 | Global 0.2307 | Local 0.0216 | F1_macro 0.6723 | WorstLoss 2.0553
[Tracker] Ep   43 | AvgR 0.0001 | Global 0.2734 | Local 0.0350 | F1_macro 0.6470 | WorstLoss 2.0334
[Tracker] Ep   44 | AvgR 0.0000 | Global 0.1535 | Local 0.0231 | F1_macro 0.7047 | WorstLoss 2.1095
[Tracker] Ep   45 | AvgR 0.0001 | Global 0.5719 | Local 0.0096 | F1_macro 0.6984 | WorstLoss 1.9093
[Tracker] Saved snapshot: ep0045_phase1_class1
[Tracker] Ep   46 | AvgR 0.0001 | Global 0.2497 | Local 0.0121 | F1_macro 0.7043 | WorstLoss 2.0494
[Tracker] Ep   47 | AvgR 0.0002 | Global 0.6471 | Local 0.0045 | F1_macro 0.7192 | WorstLoss 1.8785
[Tracker] Ep   48 | AvgR 0.0002 | Global 0.6582 | Local 0.0104 | F1_macro 0.7004 | WorstLoss 1.8736
[Tracker] Ep   49 | AvgR 0.0001 | Global 0.2669 | Local 0.0123 | F1_macro 0.6713 | WorstLoss 2.0407
[Tracker] Ep   50 | AvgR 0.0001 | Global 0.5785 | Local 0.0091 | F1_macro 0.6977 | WorstLoss 1.9072
[Tracker] Saved snapshot: ep0050_phase1_class1
[Tracker] Ep   51 | AvgR 0.0001 | Global 0.2123 | Local 0.0111 | F1_macro 0.6839 | WorstLoss 2.0704
[Tracker] Ep   52 | AvgR 0.0001 | Global 0.2670 | Local 0.0102 | F1_macro 0.6797 | WorstLoss 2.0402
[Tracker] Ep   53 | AvgR 0.0002 | Global 0.6425 | Local 0.0043 | F1_macro 0.6980 | WorstLoss 1.8815
[Tracker] Ep   54 | AvgR 0.0001 | Global 0.3058 | Local 0.0060 | F1_macro 0.6861 | WorstLoss 2.0224
[Tracker] Ep   55 | AvgR 0.0001 | Global 0.5234 | Local 0.0078 | F1_macro 0.6877 | WorstLoss 1.9308
[Tracker] Saved snapshot: ep0055_phase1_class1
[Tracker] Ep   56 | AvgR 0.0001 | Global 0.2181 | Local 0.0060 | F1_macro 0.6868 | WorstLoss 2.0680
[Tracker] Ep   57 | AvgR 0.0002 | Global 0.6189 | Local 0.0050 | F1_macro 0.6936 | WorstLoss 1.8908
[Tracker] Ep   58 | AvgR 0.0001 | Global 0.3417 | Local 0.0071 | F1_macro 0.6766 | WorstLoss 2.0053
[Tracker] Ep   59 | AvgR 0.0002 | Global 0.7531 | Local 0.0047 | F1_macro 0.6968 | WorstLoss 1.8267
[Tracker] Ep   60 | AvgR 0.0001 | Global 0.3599 | Local 0.0100 | F1_macro 0.6711 | WorstLoss 1.9976
[Tracker] Saved snapshot: ep0060_phase1_class1
[Tracker] Ep   61 | AvgR 0.0002 | Global 0.7709 | Local 0.0062 | F1_macro 0.7083 | WorstLoss 1.8175
[Tracker] Ep   62 | AvgR 0.0002 | Global 0.7527 | Local 0.0058 | F1_macro 0.6706 | WorstLoss 1.8279
[Tracker] Ep   63 | AvgR 0.0002 | Global 0.8351 | Local 0.0036 | F1_macro 0.7051 | WorstLoss 1.7764
[Tracker] New BEST synthetic [phase1_class1] (by global.global_obj: 0.835111) saved.
[Tracker] BEST β weights [phase1_class1] saved -> training_runs/SPECcensus_ppo_dvrl_2s_EP800_PCA10_REWfairness_minID1_majID0_TRJ2000_REAL3000_BIAS0.1_GG202604071704_46a2290c/seed_42/best_beta_state_dict_phase1_class1.pt
[Tracker] Ep   64 | AvgR 0.0002 | Global 0.6724 | Local 0.0035 | F1_macro 0.6906 | WorstLoss 1.8678
[Tracker] Ep   65 | AvgR 0.0001 | Global 0.4506 | Local 0.0066 | F1_macro 0.6834 | WorstLoss 1.9594
[Tracker] Saved snapshot: ep0065_phase1_class1
[Tracker] Ep   66 | AvgR 0.0001 | Global 0.4818 | Local 0.0055 | F1_macro 0.6753 | WorstLoss 1.9471
[Tracker] Ep   67 | AvgR 0.0002 | Global 0.9130 | Local 0.0040 | F1_macro 0.7271 | WorstLoss 1.6993
[Tracker] New BEST synthetic [phase1_class1] (by global.global_obj: 0.913017) saved.
[Tracker] BEST β weights [phase1_class1] saved -> training_runs/SPECcensus_ppo_dvrl_2s_EP800_PCA10_REWfairness_minID1_majID0_TRJ2000_REAL3000_BIAS0.1_GG202604071704_46a2290c/seed_42/best_beta_state_dict_phase1_class1.pt
[Tracker] Ep   68 | AvgR 0.0001 | Global 0.5187 | Local 0.0051 | F1_macro 0.6858 | WorstLoss 1.9322
[Tracker] Ep   69 | AvgR 0.0001 | Global 0.3985 | Local 0.0065 | F1_macro 0.6789 | WorstLoss 1.9810
[Tracker] Ep   70 | AvgR 0.0001 | Global 0.3743 | Local 0.0046 | F1_macro 0.6921 | WorstLoss 1.9914
[Tracker] Saved snapshot: ep0070_phase1_class1
[Tracker] Ep   71 | AvgR 0.0001 | Global 0.5181 | Local 0.0054 | F1_macro 0.6712 | WorstLoss 1.9323
[Tracker] Ep   72 | AvgR 0.0001 | Global 0.5883 | Local 0.0073 | F1_macro 0.7007 | WorstLoss 1.9035
[Tracker] Ep   73 | AvgR 0.0001 | Global 0.5034 | Local 0.0060 | F1_macro 0.6986 | WorstLoss 1.9386
[Tracker] Ep   74 | AvgR 0.0001 | Global 0.3685 | Local 0.0115 | F1_macro 0.6801 | WorstLoss 1.9933
[Tracker] Ep   75 | AvgR 0.0000 | Global 0.1427 | Local 0.0060 | F1_macro 0.6672 | WorstLoss 2.1196
[Tracker] Saved snapshot: ep0075_phase1_class1
[Tracker] Ep   76 | AvgR 0.0001 | Global 0.3200 | Local 0.0104 | F1_macro 0.6716 | WorstLoss 2.0140
[Tracker] Ep   77 | AvgR 0.0001 | Global 0.4548 | Local 0.0078 | F1_macro 0.7013 | WorstLoss 1.9566
[Tracker] Ep   78 | AvgR 0.0001 | Global 0.3676 | Local 0.0253 | F1_macro 0.6838 | WorstLoss 1.9916
[Tracker] Ep   79 | AvgR 0.0000 | Global 0.1331 | Local 0.0166 | F1_macro 0.6675 | WorstLoss 2.1262
[Tracker] Ep   80 | AvgR 0.0001 | Global 0.3500 | Local 0.0213 | F1_macro 0.6795 | WorstLoss 2.0002
[Tracker] Saved snapshot: ep0080_phase1_class1
[Tracker] Ep   81 | AvgR 0.0001 | Global 0.2883 | Local 0.0259 | F1_macro 0.6920 | WorstLoss 2.0296
[Tracker] Ep   82 | AvgR 0.0001 | Global 0.1924 | Local 0.0145 | F1_macro 0.6679 | WorstLoss 2.0811
[Tracker] Ep   83 | AvgR 0.0001 | Global 0.4381 | Local 0.0272 | F1_macro 0.6880 | WorstLoss 1.9633
[Tracker] Ep   84 | AvgR 0.0001 | Global 0.2476 | Local 0.0212 | F1_macro 0.6690 | WorstLoss 2.0489
[Tracker] Ep   85 | AvgR 0.0001 | Global 0.3297 | Local 0.0168 | F1_macro 0.6870 | WorstLoss 2.0089
[Tracker] Saved snapshot: ep0085_phase1_class1
[Tracker] Ep   86 | AvgR 0.0002 | Global 0.6324 | Local 0.0097 | F1_macro 0.6799 | WorstLoss 1.8780
[Tracker] Ep   87 | AvgR 0.0001 | Global 0.2081 | Local 0.0180 | F1_macro 0.6524 | WorstLoss 2.0717
[Tracker] Ep   88 | AvgR 0.0001 | Global 0.3367 | Local 0.0361 | F1_macro 0.6761 | WorstLoss 2.0049
[Tracker] Ep   89 | AvgR 0.0000 | Global 0.1484 | Local 0.0224 | F1_macro 0.6478 | WorstLoss 2.1126
[Tracker] Ep   90 | AvgR 0.0001 | Global 0.2773 | Local 0.0263 | F1_macro 0.6637 | WorstLoss 2.0336
[Tracker] Saved snapshot: ep0090_phase1_class1
[Tracker] Ep   91 | AvgR 0.0001 | Global 0.2845 | Local 0.0245 | F1_macro 0.6695 | WorstLoss 2.0298
[Tracker] Ep   92 | AvgR 0.0001 | Global 0.3039 | Local 0.0257 | F1_macro 0.6783 | WorstLoss 2.0202
[Tracker] Ep   93 | AvgR 0.0001 | Global 0.3451 | Local 0.0216 | F1_macro 0.6736 | WorstLoss 2.0002
[Tracker] Ep   94 | AvgR 0.0001 | Global 0.3830 | Local 0.0258 | F1_macro 0.6673 | WorstLoss 1.9840
[Tracker] Ep   95 | AvgR 0.0001 | Global 0.3506 | Local 0.0148 | F1_macro 0.6794 | WorstLoss 1.9994
[Tracker] Saved snapshot: ep0095_phase1_class1
[Tracker] Ep   96 | AvgR 0.0001 | Global 0.5383 | Local 0.0226 | F1_macro 0.6885 | WorstLoss 1.9182
[Tracker] Ep   97 | AvgR 0.0000 | Global 0.0729 | Local 0.0216 | F1_macro 0.6596 | WorstLoss 2.1932
[Tracker] Ep   98 | AvgR 0.0001 | Global 0.5513 | Local 0.0131 | F1_macro 0.6974 | WorstLoss 1.9166
[Tracker] Ep   99 | AvgR 0.0002 | Global 0.5954 | Local 0.0110 | F1_macro 0.6954 | WorstLoss 1.9000
[Tracker] Ep  100 | AvgR 0.0001 | Global 0.3718 | Local 0.0092 | F1_macro 0.6988 | WorstLoss 1.9923
[Tracker] Saved snapshot: ep0100_phase1_class1
[Tracker] Ep  101 | AvgR 0.0001 | Global 0.3548 | Local 0.0111 | F1_macro 0.7022 | WorstLoss 1.9990
[Tracker] Ep  102 | AvgR 0.0000 | Global 0.0649 | Local 0.0145 | F1_macro 0.6641 | WorstLoss 2.2062
[Tracker] Ep  103 | AvgR 0.0001 | Global 0.3077 | Local 0.0046 | F1_macro 0.6737 | WorstLoss 2.0215
[Tracker] Ep  104 | AvgR 0.0002 | Global 0.6173 | Local 0.0053 | F1_macro 0.6949 | WorstLoss 1.8918
[Tracker] Ep  105 | AvgR 0.0000 | Global 0.0562 | Local 0.0118 | F1_macro 0.6740 | WorstLoss 2.2213
[Tracker] Saved snapshot: ep0105_phase1_class1
[Tracker] Ep  106 | AvgR 0.0001 | Global 0.3532 | Local 0.0120 | F1_macro 0.7024 | WorstLoss 1.9991
[Tracker] Ep  107 | AvgR 0.0001 | Global 0.2018 | Local 0.0060 | F1_macro 0.6785 | WorstLoss 2.0778
[Tracker] Ep  108 | AvgR 0.0000 | Global 0.1742 | Local 0.0052 | F1_macro 0.6835 | WorstLoss 2.0963
[Tracker] Ep  109 | AvgR 0.0002 | Global 0.6729 | Local 0.0161 | F1_macro 0.7143 | WorstLoss 1.8640
[Tracker] Ep  110 | AvgR 0.0001 | Global 0.1762 | Local 0.0242 | F1_macro 0.6806 | WorstLoss 2.0931
[Tracker] Saved snapshot: ep0110_phase1_class1
[Tracker] Ep  111 | AvgR 0.0001 | Global 0.3098 | Local 0.0122 | F1_macro 0.6968 | WorstLoss 2.0193
[Tracker] Ep  112 | AvgR 0.0002 | Global 0.6053 | Local 0.0096 | F1_macro 0.6845 | WorstLoss 1.8958
[Tracker] Ep  113 | AvgR 0.0001 | Global 0.2683 | Local 0.0169 | F1_macro 0.6887 | WorstLoss 2.0395
[Tracker] Ep  114 | AvgR 0.0001 | Global 0.3416 | Local 0.0110 | F1_macro 0.6670 | WorstLoss 2.0049
[Tracker] Ep  115 | AvgR 0.0001 | Global 0.2645 | Local 0.0145 | F1_macro 0.6774 | WorstLoss 2.0406
[Tracker] Saved snapshot: ep0115_phase1_class1
[Tracker] Ep  116 | AvgR 0.0002 | Global 0.6258 | Local 0.0058 | F1_macro 0.6985 | WorstLoss 1.8882
[Tracker] Ep  117 | AvgR 0.0002 | Global 0.8526 | Local 0.0052 | F1_macro 0.7149 | WorstLoss 1.7614
[Tracker] Ep  118 | AvgR 0.0001 | Global 0.5877 | Local 0.0076 | F1_macro 0.6896 | WorstLoss 1.9042
[Tracker] Ep  119 | AvgR 0.0002 | Global 0.5928 | Local 0.0115 | F1_macro 0.7118 | WorstLoss 1.9000
[Tracker] Ep  120 | AvgR 0.0001 | Global 0.3877 | Local 0.0068 | F1_macro 0.6909 | WorstLoss 1.9852
[Tracker] Saved snapshot: ep0120_phase1_class1
[Tracker] Ep  121 | AvgR 0.0000 | Global 0.1724 | Local 0.0119 | F1_macro 0.6620 | WorstLoss 2.0968
[Tracker] Ep  122 | AvgR 0.0002 | Global 0.7522 | Local 0.0096 | F1_macro 0.7313 | WorstLoss 1.8252
[Tracker] Ep  123 | AvgR 0.0001 | Global 0.3959 | Local 0.0110 | F1_macro 0.6864 | WorstLoss 1.9812
[Tracker] Ep  124 | AvgR 0.0002 | Global 0.6580 | Local 0.0102 | F1_macro 0.6999 | WorstLoss 1.8721
[Tracker] Ep  125 | AvgR 0.0001 | Global 0.5044 | Local 0.0154 | F1_macro 0.6824 | WorstLoss 1.9364
[Tracker] Saved snapshot: ep0125_phase1_class1
[Tracker] Ep  126 | AvgR 0.0001 | Global 0.2305 | Local 0.0089 | F1_macro 0.6510 | WorstLoss 2.0599
[Tracker] Ep  127 | AvgR 0.0001 | Global 0.2647 | Local 0.0066 | F1_macro 0.6822 | WorstLoss 2.0418
[Tracker] Ep  128 | AvgR 0.0002 | Global 0.7119 | Local 0.0106 | F1_macro 0.7062 | WorstLoss 1.8439
[Tracker] Ep  129 | AvgR 0.0002 | Global 0.6240 | Local 0.0149 | F1_macro 0.7157 | WorstLoss 1.8856
[Tracker] Ep  130 | AvgR 0.0000 | Global 0.0530 | Local 0.0120 | F1_macro 0.6516 | WorstLoss 2.2275
[Tracker] Saved snapshot: ep0130_phase1_class1
[Tracker] Ep  131 | AvgR 0.0001 | Global 0.2584 | Local 0.0138 | F1_macro 0.6713 | WorstLoss 2.0441
[Tracker] Ep  132 | AvgR 0.0002 | Global 0.6009 | Local 0.0135 | F1_macro 0.7254 | WorstLoss 1.8964
[Tracker] Ep  133 | AvgR 0.0001 | Global 0.2263 | Local 0.0109 | F1_macro 0.6710 | WorstLoss 2.0613
[Tracker] Ep  134 | AvgR 0.0002 | Global 0.6402 | Local 0.0138 | F1_macro 0.7061 | WorstLoss 1.8799
[Tracker] Ep  135 | AvgR 0.0001 | Global 0.4115 | Local 0.0091 | F1_macro 0.6787 | WorstLoss 1.9744
[Tracker] Saved snapshot: ep0135_phase1_class1
[Tracker] Ep  136 | AvgR 0.0002 | Global 0.7818 | Local 0.0114 | F1_macro 0.6974 | WorstLoss 1.8093
[Tracker] Ep  137 | AvgR 0.0001 | Global 0.5659 | Local 0.0046 | F1_macro 0.6833 | WorstLoss 1.9115
[Tracker] Ep  138 | AvgR 0.0001 | Global 0.5625 | Local 0.0100 | F1_macro 0.6972 | WorstLoss 1.9129
[Tracker] Ep  139 | AvgR 0.0001 | Global 0.4044 | Local 0.0150 | F1_macro 0.6979 | WorstLoss 1.9772
[Tracker] Ep  140 | AvgR 0.0002 | Global 0.7056 | Local 0.0100 | F1_macro 0.6850 | WorstLoss 1.8492
[Tracker] Saved snapshot: ep0140_phase1_class1
[Tracker] Ep  141 | AvgR 0.0000 | Global 0.1646 | Local 0.0089 | F1_macro 0.6544 | WorstLoss 2.1019
[Tracker] Ep  142 | AvgR 0.0001 | Global 0.3662 | Local 0.0053 | F1_macro 0.6721 | WorstLoss 1.9946
[Tracker] Ep  143 | AvgR 0.0001 | Global 0.5419 | Local 0.0086 | F1_macro 0.7040 | WorstLoss 1.9225
[Tracker] Ep  144 | AvgR 0.0001 | Global 0.5335 | Local 0.0080 | F1_macro 0.6821 | WorstLoss 1.9259
[Tracker] Ep  145 | AvgR 0.0001 | Global 0.3634 | Local 0.0096 | F1_macro 0.6641 | WorstLoss 1.9948
[Tracker] Saved snapshot: ep0145_phase1_class1
[Tracker] Ep  146 | AvgR 0.0001 | Global 0.5476 | Local 0.0115 | F1_macro 0.6828 | WorstLoss 1.9190
[Tracker] Ep  147 | AvgR 0.0002 | Global 0.6068 | Local 0.0171 | F1_macro 0.6848 | WorstLoss 1.8935
[Tracker] Ep  148 | AvgR 0.0001 | Global 0.2311 | Local 0.0125 | F1_macro 0.6670 | WorstLoss 2.0590
[Tracker] Ep  149 | AvgR 0.0000 | Global 0.0519 | Local 0.0163 | F1_macro 0.6478 | WorstLoss 2.2295
[Tracker] Ep  150 | AvgR 0.0000 | Global 0.1375 | Local 0.0185 | F1_macro 0.6850 | WorstLoss 2.1231
[Tracker] Saved snapshot: ep0150_phase1_class1
[Tracker] Ep  151 | AvgR 0.0001 | Global 0.2428 | Local 0.0161 | F1_macro 0.6959 | WorstLoss 2.0523
[Tracker] Ep  152 | AvgR 0.0001 | Global 0.4042 | Local 0.0201 | F1_macro 0.6999 | WorstLoss 1.9755
[Tracker] Ep  153 | AvgR 0.0000 | Global 0.1103 | Local 0.0291 | F1_macro 0.6970 | WorstLoss 2.1481
[Tracker] Ep  154 | AvgR 0.0001 | Global 0.2698 | Local 0.0271 | F1_macro 0.6990 | WorstLoss 2.0356
[Tracker] Ep  155 | AvgR 0.0001 | Global 0.4020 | Local 0.0132 | F1_macro 0.7161 | WorstLoss 1.9787
[Tracker] Saved snapshot: ep0155_phase1_class1
[Tracker] Ep  156 | AvgR 0.0002 | Global 0.6322 | Local 0.0254 | F1_macro 0.7211 | WorstLoss 1.8755
[Tracker] Ep  157 | AvgR 0.0000 | Global 0.0545 | Local 0.0385 | F1_macro 0.6769 | WorstLoss 2.2236
[Tracker] Ep  158 | AvgR 0.0000 | Global 0.0440 | Local 0.0338 | F1_macro 0.6698 | WorstLoss 2.2461
[Tracker] Ep  159 | AvgR 0.0000 | Global 0.1876 | Local 0.0123 | F1_macro 0.6893 | WorstLoss 2.0865
[Tracker] Ep  160 | AvgR 0.0001 | Global 0.2350 | Local 0.0235 | F1_macro 0.6811 | WorstLoss 2.0556
[Tracker] Saved snapshot: ep0160_phase1_class1
