=== START: census_wgl_k0_5000ep_seed1.json -> SPECcensus_wgl_k0_5000ep_EP5000_PCA10_REWwgl_minID0_majID1_TRJ2000_REAL3000_GG202604132257_4e035c66 ===
Thu Apr 16 11:54:59 EDT 2026
[validate_spec] /home/epigou/cs_9170_project/experiment_specs/April_13_Experiments/census_wgl_k0_5000ep_seed1.json: OK
[main] spec=census_wgl_k0_5000ep_seed1.json device=cuda:0
[main] exp_group=SPEC_census_wgl_k0_5000ep_seed1_0625827b__G202604161155
[main] seeds=[1]
[main] ---- running seed=1 ----
FFNN Using device: cuda:0
FFNN Using device: cuda:0
[Tracker] Experiment: SPECcensus_wgl_k0_5000ep_seed1_EP5000_PCA10_REWwgl_minID0_majID1_TRJ2000_REAL3000_GG202604161155_440e0037
[Tracker] Seed folder: training_runs/SPECcensus_wgl_k0_5000ep_seed1_EP5000_PCA10_REWwgl_minID0_majID1_TRJ2000_REAL3000_GG202604161155_440e0037/seed_1
[Tracker] Run: 2026-04-16_11-55-06_seed1_129057_5b01bc5f
[Tracker] Metrics CSV: training_runs/SPECcensus_wgl_k0_5000ep_seed1_EP5000_PCA10_REWwgl_minID0_majID1_TRJ2000_REAL3000_GG202604161155_440e0037/seed_1/metrics.csv
[Tracker] Mirroring console to: training_runs/SPECcensus_wgl_k0_5000ep_seed1_EP5000_PCA10_REWwgl_minID0_majID1_TRJ2000_REAL3000_GG202604161155_440e0037/seed_1/console.log
[TRAIN] size=3000, minority=647 (21.57%)
[VAL] size=6512, minority=1568 (24.08%)
[TEST] size=6513, minority=1569 (24.09%)
FFNN Using device: cuda:0
FFNN Using device: cuda:0
Beta will train with: 60.00% real data, 40.00% synthetic data: 
[disadv] group=1 per_g={0: 0.2202948033809662, 1: 0.3942905068397522} worst_4g=1.6359 soft_eo_alpha=0.2182
Anchors: 605 (disadv=1) sigma_anchor=0.8500
[Tracker] Alpha model state_dict saved to training_runs/SPECcensus_wgl_k0_5000ep_seed1_EP5000_PCA10_REWwgl_minID0_majID1_TRJ2000_REAL3000_GG202604161155_440e0037/seed_1/alpha_state_dict.pt
[Tracker] Alpha model config saved to training_runs/SPECcensus_wgl_k0_5000ep_seed1_EP5000_PCA10_REWwgl_minID0_majID1_TRJ2000_REAL3000_GG202604161155_440e0037/seed_1/ffnn_meta.json

============================================================
[Phase] Starting phase1_class1 | target_class=1 | episodes=5000
============================================================
[Tracker] CSV header written with 44 columns.
[Tracker] Ep    1 | Return -0.07 | Global -0.0750 | Local 0.1192 | F1_macro 0.7687 | WorstLoss 1.7610
[Tracker] New BEST synthetic [phase1_class1] (by global.global_obj: -0.074997) saved.
[Tracker] BEST β weights [phase1_class1] saved -> training_runs/SPECcensus_wgl_k0_5000ep_seed1_EP5000_PCA10_REWwgl_minID0_majID1_TRJ2000_REAL3000_GG202604161155_440e0037/seed_1/best_beta_state_dict_phase1_class1.pt
[Tracker] Ep    2 | Return -0.12 | Global -0.1204 | Local 0.1192 | F1_macro 0.7637 | WorstLoss 1.8366
[Tracker] Ep    3 | Return -0.06 | Global -0.0604 | Local 0.1192 | F1_macro 0.7668 | WorstLoss 1.7363
[Tracker] New BEST synthetic [phase1_class1] (by global.global_obj: -0.060395) saved.
[Tracker] BEST β weights [phase1_class1] saved -> training_runs/SPECcensus_wgl_k0_5000ep_seed1_EP5000_PCA10_REWwgl_minID0_majID1_TRJ2000_REAL3000_GG202604161155_440e0037/seed_1/best_beta_state_dict_phase1_class1.pt
[Tracker] Ep    4 | Return -0.03 | Global -0.0256 | Local 0.1192 | F1_macro 0.7671 | WorstLoss 1.6785
[Tracker] New BEST synthetic [phase1_class1] (by global.global_obj: -0.025643) saved.
[Tracker] BEST β weights [phase1_class1] saved -> training_runs/SPECcensus_wgl_k0_5000ep_seed1_EP5000_PCA10_REWwgl_minID0_majID1_TRJ2000_REAL3000_GG202604161155_440e0037/seed_1/best_beta_state_dict_phase1_class1.pt
[Tracker] Ep    5 | Return -0.10 | Global -0.0979 | Local 0.1192 | F1_macro 0.7635 | WorstLoss 1.7999
[Tracker] Ep    6 | Return -0.05 | Global -0.0542 | Local 0.1192 | F1_macro 0.7612 | WorstLoss 1.7262
[Tracker] Ep    7 | Return -0.08 | Global -0.0782 | Local 0.1192 | F1_macro 0.7645 | WorstLoss 1.7670
[Tracker] Ep    8 | Return -0.08 | Global -0.0834 | Local 0.1192 | F1_macro 0.7689 | WorstLoss 1.7749
[Tracker] Ep    9 | Return -0.08 | Global -0.0771 | Local 0.1192 | F1_macro 0.7653 | WorstLoss 1.7642
[Tracker] Ep   10 | Return -0.06 | Global -0.0630 | Local 0.1192 | F1_macro 0.7670 | WorstLoss 1.7412
[Tracker] Ep   11 | Return -0.09 | Global -0.0866 | Local 0.1192 | F1_macro 0.7633 | WorstLoss 1.7799
[Tracker] Ep   12 | Return -0.05 | Global -0.0512 | Local 0.1192 | F1_macro 0.7668 | WorstLoss 1.7213
[Tracker] Ep   13 | Return -0.06 | Global -0.0627 | Local 0.1192 | F1_macro 0.7666 | WorstLoss 1.7399
[Tracker] Ep   14 | Return -0.09 | Global -0.0932 | Local 0.1192 | F1_macro 0.7676 | WorstLoss 1.7912
[Tracker] Ep   15 | Return -0.01 | Global -0.0121 | Local 0.1192 | F1_macro 0.7729 | WorstLoss 1.6560
[Tracker] New BEST synthetic [phase1_class1] (by global.global_obj: -0.012120) saved.
[Tracker] BEST β weights [phase1_class1] saved -> training_runs/SPECcensus_wgl_k0_5000ep_seed1_EP5000_PCA10_REWwgl_minID0_majID1_TRJ2000_REAL3000_GG202604161155_440e0037/seed_1/best_beta_state_dict_phase1_class1.pt
[Tracker] Ep   16 | Return 0.01 | Global 0.0140 | Local 0.1192 | F1_macro 0.7745 | WorstLoss 1.6128
[Tracker] New BEST synthetic [phase1_class1] (by global.global_obj: 0.013966) saved.
[Tracker] BEST β weights [phase1_class1] saved -> training_runs/SPECcensus_wgl_k0_5000ep_seed1_EP5000_PCA10_REWwgl_minID0_majID1_TRJ2000_REAL3000_GG202604161155_440e0037/seed_1/best_beta_state_dict_phase1_class1.pt
[Tracker] Ep   17 | Return -0.06 | Global -0.0635 | Local 0.1192 | F1_macro 0.7636 | WorstLoss 1.7414
[Tracker] Ep   18 | Return -0.08 | Global -0.0825 | Local 0.1192 | F1_macro 0.7621 | WorstLoss 1.7732
[Tracker] Ep   19 | Return -0.09 | Global -0.0855 | Local 0.1192 | F1_macro 0.7692 | WorstLoss 1.7779
[Tracker] Ep   20 | Return -0.12 | Global -0.1221 | Local 0.1192 | F1_macro 0.7664 | WorstLoss 1.8388
[Tracker] Ep   21 | Return -0.05 | Global -0.0543 | Local 0.1192 | F1_macro 0.7715 | WorstLoss 1.7256
[Tracker] Ep   22 | Return -0.07 | Global -0.0699 | Local 0.1192 | F1_macro 0.7683 | WorstLoss 1.7525
[Tracker] Ep   23 | Return -0.06 | Global -0.0615 | Local 0.1192 | F1_macro 0.7700 | WorstLoss 1.7382
[Tracker] Ep   24 | Return -0.13 | Global -0.1287 | Local 0.1192 | F1_macro 0.7671 | WorstLoss 1.8524
[Tracker] Ep   25 | Return -0.05 | Global -0.0452 | Local 0.1192 | F1_macro 0.7622 | WorstLoss 1.7112
[Tracker] Ep   26 | Return -0.04 | Global -0.0401 | Local 0.1192 | F1_macro 0.7708 | WorstLoss 1.7024
[Tracker] Ep   27 | Return -0.13 | Global -0.1327 | Local 0.1192 | F1_macro 0.7642 | WorstLoss 1.8565
[Tracker] Ep   28 | Return 0.06 | Global 0.0586 | Local 0.1192 | F1_macro 0.7681 | WorstLoss 1.5382
[Tracker] New BEST synthetic [phase1_class1] (by global.global_obj: 0.058554) saved.
[Tracker] BEST β weights [phase1_class1] saved -> training_runs/SPECcensus_wgl_k0_5000ep_seed1_EP5000_PCA10_REWwgl_minID0_majID1_TRJ2000_REAL3000_GG202604161155_440e0037/seed_1/best_beta_state_dict_phase1_class1.pt
[Tracker] Ep   29 | Return -0.09 | Global -0.0882 | Local 0.1192 | F1_macro 0.7700 | WorstLoss 1.7822
[Tracker] Ep   30 | Return -0.05 | Global -0.0451 | Local 0.1192 | F1_macro 0.7761 | WorstLoss 1.7104
[Tracker] Ep   31 | Return -0.04 | Global -0.0361 | Local 0.1192 | F1_macro 0.7653 | WorstLoss 1.6958
[Tracker] Ep   32 | Return -0.05 | Global -0.0470 | Local 0.1192 | F1_macro 0.7670 | WorstLoss 1.7136
[Tracker] Ep   33 | Return -0.08 | Global -0.0823 | Local 0.1192 | F1_macro 0.7614 | WorstLoss 1.7725
[Tracker] Ep   34 | Return -0.02 | Global -0.0211 | Local 0.1192 | F1_macro 0.7676 | WorstLoss 1.6709
[Tracker] Ep   35 | Return -0.09 | Global -0.0901 | Local 0.1192 | F1_macro 0.7630 | WorstLoss 1.7855
[Tracker] Ep   36 | Return -0.05 | Global -0.0536 | Local 0.1192 | F1_macro 0.7703 | WorstLoss 1.7250
[Tracker] Ep   37 | Return -0.04 | Global -0.0358 | Local 0.1192 | F1_macro 0.7659 | WorstLoss 1.6950
[Tracker] Ep   38 | Return -0.11 | Global -0.1085 | Local 0.1192 | F1_macro 0.7628 | WorstLoss 1.8171
[Tracker] Ep   39 | Return 0.05 | Global 0.0452 | Local 0.1192 | F1_macro 0.7660 | WorstLoss 1.5605
[Tracker] Ep   40 | Return -0.05 | Global -0.0513 | Local 0.1192 | F1_macro 0.7698 | WorstLoss 1.7206
[Tracker] Ep   41 | Return -0.01 | Global -0.0062 | Local 0.1192 | F1_macro 0.7640 | WorstLoss 1.6461
[Tracker] Ep   42 | Return -0.10 | Global -0.0957 | Local 0.1192 | F1_macro 0.7662 | WorstLoss 1.7938
[Tracker] Ep   43 | Return 0.01 | Global 0.0115 | Local 0.1192 | F1_macro 0.7664 | WorstLoss 1.6167
[Tracker] Ep   44 | Return 0.02 | Global 0.0203 | Local 0.1192 | F1_macro 0.7744 | WorstLoss 1.6023
[Tracker] Ep   45 | Return -0.08 | Global -0.0778 | Local 0.1192 | F1_macro 0.7654 | WorstLoss 1.7642
[Tracker] Ep   46 | Return -0.09 | Global -0.0905 | Local 0.1192 | F1_macro 0.7620 | WorstLoss 1.7857
[Tracker] Ep   47 | Return -0.04 | Global -0.0392 | Local 0.1192 | F1_macro 0.7619 | WorstLoss 1.7007
[Tracker] Ep   48 | Return 0.01 | Global 0.0129 | Local 0.1192 | F1_macro 0.7640 | WorstLoss 1.6144
[Tracker] Ep   49 | Return -0.12 | Global -0.1155 | Local 0.1192 | F1_macro 0.7586 | WorstLoss 1.8278
[Tracker] Ep   50 | Return 0.05 | Global 0.0484 | Local 0.1192 | F1_macro 0.7685 | WorstLoss 1.5557
[Tracker] Saved snapshot: ep0050_phase1_class1
[Tracker] Ep   51 | Return -0.06 | Global -0.0605 | Local 0.1192 | F1_macro 0.7683 | WorstLoss 1.7358
[Tracker] Ep   52 | Return -0.06 | Global -0.0647 | Local 0.1192 | F1_macro 0.7650 | WorstLoss 1.7438
[Tracker] Ep   53 | Return -0.04 | Global -0.0413 | Local 0.1192 | F1_macro 0.7678 | WorstLoss 1.7044
[Tracker] Ep   54 | Return -0.04 | Global -0.0428 | Local 0.1192 | F1_macro 0.7699 | WorstLoss 1.7067
[Tracker] Ep   55 | Return -0.05 | Global -0.0512 | Local 0.1192 | F1_macro 0.7756 | WorstLoss 1.7204
[Tracker] Ep   56 | Return -0.02 | Global -0.0195 | Local 0.1192 | F1_macro 0.7634 | WorstLoss 1.6685
[Tracker] Ep   57 | Return 0.01 | Global 0.0128 | Local 0.1192 | F1_macro 0.7705 | WorstLoss 1.6148
[Tracker] Ep   58 | Return -0.02 | Global -0.0208 | Local 0.1192 | F1_macro 0.7679 | WorstLoss 1.6703
[Tracker] Ep   59 | Return 0.02 | Global 0.0187 | Local 0.1192 | F1_macro 0.7660 | WorstLoss 1.6048
[Tracker] Ep   60 | Return 0.03 | Global 0.0338 | Local 0.1192 | F1_macro 0.7712 | WorstLoss 1.5798
[Tracker] Ep   61 | Return -0.01 | Global -0.0091 | Local 0.1192 | F1_macro 0.7748 | WorstLoss 1.6508
[Tracker] Ep   62 | Return -0.13 | Global -0.1300 | Local 0.1192 | F1_macro 0.7648 | WorstLoss 1.8516
[Tracker] Ep   63 | Return -0.01 | Global -0.0074 | Local 0.1192 | F1_macro 0.7708 | WorstLoss 1.6481
[Tracker] Ep   64 | Return -0.02 | Global -0.0155 | Local 0.1192 | F1_macro 0.7663 | WorstLoss 1.6615
[Tracker] Ep   65 | Return 0.03 | Global 0.0251 | Local 0.1192 | F1_macro 0.7757 | WorstLoss 1.5945
[Tracker] Ep   66 | Return -0.04 | Global -0.0431 | Local 0.1192 | F1_macro 0.7719 | WorstLoss 1.7073
[Tracker] Ep   67 | Return -0.05 | Global -0.0497 | Local 0.1192 | F1_macro 0.7655 | WorstLoss 1.7182
[Tracker] Ep   68 | Return -0.00 | Global -0.0037 | Local 0.1192 | F1_macro 0.7695 | WorstLoss 1.6420
[Tracker] Ep   69 | Return -0.04 | Global -0.0430 | Local 0.1192 | F1_macro 0.7627 | WorstLoss 1.7076
[Tracker] Ep   70 | Return 0.01 | Global 0.0124 | Local 0.1192 | F1_macro 0.7761 | WorstLoss 1.6153
[Tracker] Ep   71 | Return -0.07 | Global -0.0677 | Local 0.1192 | F1_macro 0.7657 | WorstLoss 1.7488
[Tracker] Ep   72 | Return 0.02 | Global 0.0228 | Local 0.1192 | F1_macro 0.7761 | WorstLoss 1.5980
[Tracker] Ep   73 | Return -0.04 | Global -0.0449 | Local 0.1192 | F1_macro 0.7741 | WorstLoss 1.7098
[Tracker] Ep   74 | Return -0.01 | Global -0.0065 | Local 0.1192 | F1_macro 0.7724 | WorstLoss 1.6466
[Tracker] Ep   75 | Return -0.01 | Global -0.0132 | Local 0.1192 | F1_macro 0.7724 | WorstLoss 1.6576
[Tracker] Ep   76 | Return -0.02 | Global -0.0170 | Local 0.1192 | F1_macro 0.7643 | WorstLoss 1.6640
[Tracker] Ep   77 | Return -0.03 | Global -0.0300 | Local 0.1192 | F1_macro 0.7710 | WorstLoss 1.6852
[Tracker] Ep   78 | Return -0.02 | Global -0.0231 | Local 0.1192 | F1_macro 0.7652 | WorstLoss 1.6740
[Tracker] Ep   79 | Return -0.02 | Global -0.0150 | Local 0.1192 | F1_macro 0.7669 | WorstLoss 1.6607
[Tracker] Ep   80 | Return -0.09 | Global -0.0937 | Local 0.1192 | F1_macro 0.7649 | WorstLoss 1.7906
[Tracker] Ep   81 | Return -0.06 | Global -0.0629 | Local 0.1192 | F1_macro 0.7645 | WorstLoss 1.7404
[Tracker] Ep   82 | Return -0.00 | Global -0.0043 | Local 0.1192 | F1_macro 0.7653 | WorstLoss 1.6430
[Tracker] Ep   83 | Return -0.01 | Global -0.0083 | Local 0.1192 | F1_macro 0.7699 | WorstLoss 1.6496
[Tracker] Ep   84 | Return -0.04 | Global -0.0394 | Local 0.1192 | F1_macro 0.7688 | WorstLoss 1.7007
[Tracker] Ep   85 | Return 0.01 | Global 0.0062 | Local 0.1192 | F1_macro 0.7706 | WorstLoss 1.6256
[Tracker] Ep   86 | Return -0.03 | Global -0.0339 | Local 0.1192 | F1_macro 0.7693 | WorstLoss 1.6917
[Tracker] Ep   87 | Return -0.01 | Global -0.0140 | Local 0.1192 | F1_macro 0.7682 | WorstLoss 1.6590
[Tracker] Ep   88 | Return -0.03 | Global -0.0268 | Local 0.1192 | F1_macro 0.7702 | WorstLoss 1.6800
[Tracker] Ep   89 | Return -0.07 | Global -0.0675 | Local 0.1192 | F1_macro 0.7645 | WorstLoss 1.7473
[Tracker] Ep   90 | Return 0.00 | Global 0.0046 | Local 0.1192 | F1_macro 0.7716 | WorstLoss 1.6282
[Tracker] Ep   91 | Return 0.01 | Global 0.0104 | Local 0.1192 | F1_macro 0.7711 | WorstLoss 1.6187
[Tracker] Ep   92 | Return 0.08 | Global 0.0850 | Local 0.1192 | F1_macro 0.7731 | WorstLoss 1.4959
[Tracker] New BEST synthetic [phase1_class1] (by global.global_obj: 0.084995) saved.
[Tracker] BEST β weights [phase1_class1] saved -> training_runs/SPECcensus_wgl_k0_5000ep_seed1_EP5000_PCA10_REWwgl_minID0_majID1_TRJ2000_REAL3000_GG202604161155_440e0037/seed_1/best_beta_state_dict_phase1_class1.pt
[Tracker] Ep   93 | Return -0.02 | Global -0.0180 | Local 0.1192 | F1_macro 0.7669 | WorstLoss 1.6654
[Tracker] Ep   94 | Return -0.01 | Global -0.0064 | Local 0.1192 | F1_macro 0.7676 | WorstLoss 1.6464
[Tracker] Ep   95 | Return -0.05 | Global -0.0537 | Local 0.1192 | F1_macro 0.7627 | WorstLoss 1.7250
[Tracker] Ep   96 | Return -0.03 | Global -0.0340 | Local 0.1192 | F1_macro 0.7701 | WorstLoss 1.6919
[Tracker] Ep   97 | Return 0.06 | Global 0.0582 | Local 0.1192 | F1_macro 0.7745 | WorstLoss 1.5396
[Tracker] Ep   98 | Return -0.03 | Global -0.0292 | Local 0.1192 | F1_macro 0.7646 | WorstLoss 1.6840
[Tracker] Ep   99 | Return -0.03 | Global -0.0259 | Local 0.1192 | F1_macro 0.7694 | WorstLoss 1.6787
[Tracker] Ep  100 | Return 0.01 | Global 0.0127 | Local 0.1192 | F1_macro 0.7704 | WorstLoss 1.6150
[Tracker] Saved snapshot: ep0100_phase1_class1
[Tracker] Ep  101 | Return 0.00 | Global 0.0036 | Local 0.1192 | F1_macro 0.7705 | WorstLoss 1.6299
[Tracker] Ep  102 | Return -0.01 | Global -0.0108 | Local 0.1192 | F1_macro 0.7707 | WorstLoss 1.6538
[Tracker] Ep  103 | Return -0.00 | Global -0.0023 | Local 0.1192 | F1_macro 0.7706 | WorstLoss 1.6397
[Tracker] Ep  104 | Return -0.03 | Global -0.0271 | Local 0.1192 | F1_macro 0.7725 | WorstLoss 1.6806
[Tracker] Ep  105 | Return -0.08 | Global -0.0758 | Local 0.1192 | F1_macro 0.7676 | WorstLoss 1.7611
[Tracker] Ep  106 | Return -0.04 | Global -0.0418 | Local 0.1192 | F1_macro 0.7697 | WorstLoss 1.7051
[Tracker] Ep  107 | Return 0.02 | Global 0.0183 | Local 0.1192 | F1_macro 0.7722 | WorstLoss 1.6058
[Tracker] Ep  108 | Return -0.07 | Global -0.0709 | Local 0.1192 | F1_macro 0.7635 | WorstLoss 1.7525
[Tracker] Ep  109 | Return 0.02 | Global 0.0150 | Local 0.1192 | F1_macro 0.7713 | WorstLoss 1.6109
[Tracker] Ep  110 | Return 0.09 | Global 0.0875 | Local 0.1192 | F1_macro 0.7742 | WorstLoss 1.4924
[Tracker] New BEST synthetic [phase1_class1] (by global.global_obj: 0.087537) saved.
[Tracker] BEST β weights [phase1_class1] saved -> training_runs/SPECcensus_wgl_k0_5000ep_seed1_EP5000_PCA10_REWwgl_minID0_majID1_TRJ2000_REAL3000_GG202604161155_440e0037/seed_1/best_beta_state_dict_phase1_class1.pt
[Tracker] Ep  111 | Return -0.04 | Global -0.0360 | Local 0.1192 | F1_macro 0.7700 | WorstLoss 1.6953
[Tracker] Ep  112 | Return 0.08 | Global 0.0782 | Local 0.1192 | F1_macro 0.7715 | WorstLoss 1.5063
[Tracker] Ep  113 | Return -0.02 | Global -0.0166 | Local 0.1192 | F1_macro 0.7695 | WorstLoss 1.6633
[Tracker] Ep  114 | Return 0.04 | Global 0.0356 | Local 0.1192 | F1_macro 0.7763 | WorstLoss 1.5774
[Tracker] Ep  115 | Return 0.01 | Global 0.0098 | Local 0.1192 | F1_macro 0.7707 | WorstLoss 1.6198
[Tracker] Ep  116 | Return -0.01 | Global -0.0098 | Local 0.1192 | F1_macro 0.7664 | WorstLoss 1.6522
[Tracker] Ep  117 | Return -0.03 | Global -0.0338 | Local 0.1192 | F1_macro 0.7629 | WorstLoss 1.6917
[Tracker] Ep  118 | Return -0.04 | Global -0.0391 | Local 0.1192 | F1_macro 0.7727 | WorstLoss 1.7003
[Tracker] Ep  119 | Return 0.01 | Global 0.0144 | Local 0.1192 | F1_macro 0.7683 | WorstLoss 1.6121
[Tracker] Ep  120 | Return -0.02 | Global -0.0206 | Local 0.1192 | F1_macro 0.7679 | WorstLoss 1.6700
[Tracker] Ep  121 | Return -0.05 | Global -0.0540 | Local 0.1192 | F1_macro 0.7696 | WorstLoss 1.7246
[Tracker] Ep  122 | Return -0.02 | Global -0.0196 | Local 0.1192 | F1_macro 0.7721 | WorstLoss 1.6684
macro 0.7629 | WorstLoss 1.6917
[Tracker] Ep  118 | Return -0.04 | Global -0.0391 | Local 0.1192 | F1_macro 0.7727 | WorstLoss 1.7003
[Tracker] Ep  119 | Return 0.01 | Global 0.0144 | Local 0.1192 | F1_macro 0.7683 | WorstLoss 1.6121
[Tracker] Ep  120 | Return -0.02 | Global -0.0206 | Local 0.1192 | F1_macro 0.7679 | WorstLoss 1.6700
[Tracker] Ep  121 | Return -0.05 | Global -0.0540 | Local 0.1192 | F1_macro 0.7696 | WorstLoss 1.7246
[Tracker] Ep  122 | Return -0.02 | Global -0.0196 | Local 0.1192 | F1_macro 0.7721 | WorstLoss 1.6684
