[GroupDRO] exp_group=BASELINE_group_dro_compas_race_bias005_gdro_5s_06fc1233__G202603302034  seed=0
[GroupDRO] dataset=compas  feature_dim=16
[GroupDRO] gdro_config={'lr': 0.001, 'epochs': 200, 'batch_size': 64, 'eta': 0.01, 'n_groups': 4}
[GroupDRO] seed_dir=/lustre09/project/6000743/epigou/cs_9170_project/training_runs/BASELINE_group_dro_compas_race_bias005_gdro_5s_06fc1233__G202603302034/seed_0
[GroupDRO] epoch=   1 | dro=0.6778 | val_worst=0.8482 | q=[0.256,0.233,0.253,0.259]
[GroupDRO] epoch=  20 | dro=0.5524 | val_worst=0.8574 | q=[0.107,0.118,0.386,0.389]
[GroupDRO] epoch=  40 | dro=0.5619 | val_worst=0.8461 | q=[0.039,0.044,0.456,0.461]
[GroupDRO] epoch=  60 | dro=0.5589 | val_worst=0.9649 | q=[0.012,0.014,0.481,0.493]
[GroupDRO] epoch=  80 | dro=0.5567 | val_worst=1.0714 | q=[0.004,0.004,0.490,0.502]
[GroupDRO] epoch= 100 | dro=0.5478 | val_worst=1.0490 | q=[0.001,0.002,0.491,0.506]
[GroupDRO] epoch= 120 | dro=0.5370 | val_worst=1.1491 | q=[0.000,0.001,0.491,0.508]
[GroupDRO] epoch= 140 | dro=0.5331 | val_worst=1.2398 | q=[0.000,0.000,0.491,0.508]
[GroupDRO] epoch= 160 | dro=0.5273 | val_worst=1.3182 | q=[0.000,0.000,0.491,0.509]
[GroupDRO] epoch= 180 | dro=0.5248 | val_worst=1.3548 | q=[0.000,0.000,0.491,0.509]
[GroupDRO] epoch= 200 | dro=0.5254 | val_worst=1.4030 | q=[0.000,0.000,0.493,0.507]
[GroupDRO] Training done. Best val_worst=0.7711
[GroupDRO] Training metrics -> /lustre09/project/6000743/epigou/cs_9170_project/training_runs/BASELINE_group_dro_compas_race_bias005_gdro_5s_06fc1233__G202603302034/seed_0/metrics.csv
[GroupDRO] Best model saved -> /lustre09/project/6000743/epigou/cs_9170_project/training_runs/BASELINE_group_dro_compas_race_bias005_gdro_5s_06fc1233__G202603302034/seed_0/gdro_model.pt
FFNN Using device: cpu
FFNN Using device: cpu
FFNN Using device: cpu
[TestSuite] Loaded best β weights from: /lustre09/project/6000743/epigou/cs_9170_project/training_runs/BASELINE_group_dro_compas_race_bias005_gdro_5s_06fc1233__G202603302034/seed_0/gdro_model.pt

[TEST] Alpha -> F1(min)=0.5851 | F1(maj)=0.7065 | F1(weighted)=0.6494 | F1(macro)=0.6458 | Brier=0.2538
[TEST] Beta  -> F1(min)=0.6331 | F1(maj)=0.6866 | F1(weighted)=0.6614 | F1(macro)=0.6598 | Brier=0.2167
[TestSuite] Final test metrics appended to (seed): /lustre09/project/6000743/epigou/cs_9170_project/training_runs/BASELINE_group_dro_compas_race_bias005_gdro_5s_06fc1233__G202603302034/seed_0/final_test_metrics.csv
[TestSuite] Final test metrics appended to (experiment): /lustre09/project/6000743/epigou/cs_9170_project/training_runs/BASELINE_group_dro_compas_race_bias005_gdro_5s_06fc1233__G202603302034/final_test_metrics.csv
[GroupDRO] Done. seed=0 | time=20.8s
[GroupDRO] Results in /lustre09/project/6000743/epigou/cs_9170_project/training_runs/BASELINE_group_dro_compas_race_bias005_gdro_5s_06fc1233__G202603302034/seed_0
