[run_baseline] baseline=gaussian_ot_repair
[run_baseline] spec=experiment_specs/baseline_otrep_census.json
[run_baseline] device=cpu
[run_baseline] exp_group=BASELINE_gaussian_ot_repair_baseline_otrep_census_a8b46764__G202603111900
[run_baseline] seeds=[42, 123, 999]

[run_baseline] ---- seed=42 ----
[TRAIN] size=3000, minority=722 (24.07%)
[VAL] size=6512, minority=1568 (24.08%)
[TEST] size=6513, minority=1569 (24.09%)
[OTRepair] exp_group=BASELINE_gaussian_ot_repair_baseline_otrep_census_a8b46764__G202603111900  seed=42
[OTRepair] dataset=census_income  feature_dim=103
[OTRepair] ot_config={'lam': 1.0, 'n_groups': 2, 'cov_reg': 1e-05, 'barycenter_iters': 100, 'repair_test': True}
[OTRepair] seed_dir=/lustre09/project/6000743/epigou/cs_9170_project/training_runs/BASELINE_gaussian_ot_repair_baseline_otrep_census_a8b46764__G202603111900/seed_42
[OTRepair] Group 0: n=1010, ||μ||=2.0001, cov_diag=[0.0000, 1.0084]
[OTRepair] Group 1: n=1990, ||μ||=2.0729, cov_diag=[0.0000, 1.3477]
[OTRepair] Barycenter computed. μ* norm=1.8318
[OTRepair] Group 0: A_g computed, ||A_g - I||=772.4831
[OTRepair] Group 1: A_g computed, ||A_g - I||=610.9527
[OTRepair] Test features repaired.
FFNN Using device: cpu
[OTRepair] ERM trained on repaired features.
FFNN Using device: cpu
[OTRepair] Alpha (ERM on original features) trained.
FFNN Using device: cpu
[TestSuite] Loaded best β weights from: /lustre09/project/6000743/epigou/cs_9170_project/training_runs/BASELINE_gaussian_ot_repair_baseline_otrep_census_a8b46764__G202603111900/seed_42/otrep_model.pt

[TEST] Alpha -> F1(min)=0.5425 | F1(maj)=0.8681 | F1(weighted)=0.7896 | F1(macro)=0.7053 | Brier=0.1706
[TEST] Beta  -> F1(min)=0.5989 | F1(maj)=0.8689 | F1(weighted)=0.8039 | F1(macro)=0.7339 | Brier=0.1552
[TestSuite] Final test metrics appended to (seed): /lustre09/project/6000743/epigou/cs_9170_project/training_runs/BASELINE_gaussian_ot_repair_baseline_otrep_census_a8b46764__G202603111900/seed_42/final_test_metrics.csv
[TestSuite] Final test metrics appended to (experiment): /lustre09/project/6000743/epigou/cs_9170_project/training_runs/BASELINE_gaussian_ot_repair_baseline_otrep_census_a8b46764__G202603111900/final_test_metrics.csv
[OTRepair] Done. seed=42 | time=12.4s
[OTRepair] Results in /lustre09/project/6000743/epigou/cs_9170_project/training_runs/BASELINE_gaussian_ot_repair_baseline_otrep_census_a8b46764__G202603111900/seed_42

[run_baseline] ---- seed=123 ----
[TRAIN] size=3000, minority=722 (24.07%)
[VAL] size=6512, minority=1568 (24.08%)
[TEST] size=6513, minority=1569 (24.09%)
[OTRepair] exp_group=BASELINE_gaussian_ot_repair_baseline_otrep_census_a8b46764__G202603111900  seed=123
[OTRepair] dataset=census_income  feature_dim=102
[OTRepair] ot_config={'lam': 1.0, 'n_groups': 2, 'cov_reg': 1e-05, 'barycenter_iters': 100, 'repair_test': True}
[OTRepair] seed_dir=/lustre09/project/6000743/epigou/cs_9170_project/training_runs/BASELINE_gaussian_ot_repair_baseline_otrep_census_a8b46764__G202603111900/seed_123
[OTRepair] Group 0: n=990, ||μ||=2.0107, cov_diag=[0.0000, 1.0714]
[OTRepair] Group 1: n=2010, ||μ||=2.0602, cov_diag=[0.0000, 1.3335]
[OTRepair] Barycenter computed. μ* norm=1.8348
[OTRepair] Group 0: A_g computed, ||A_g - I||=756.0749
[OTRepair] Group 1: A_g computed, ||A_g - I||=546.4467
[OTRepair] Test features repaired.
FFNN Using device: cpu
[OTRepair] ERM trained on repaired features.
FFNN Using device: cpu
[OTRepair] Alpha (ERM on original features) trained.
FFNN Using device: cpu
[TestSuite] Loaded best β weights from: /lustre09/project/6000743/epigou/cs_9170_project/training_runs/BASELINE_gaussian_ot_repair_baseline_otrep_census_a8b46764__G202603111900/seed_123/otrep_model.pt

[TEST] Alpha -> F1(min)=0.5041 | F1(maj)=0.8627 | F1(weighted)=0.7763 | F1(macro)=0.6834 | Brier=0.1715
[TEST] Beta  -> F1(min)=0.6049 | F1(maj)=0.8688 | F1(weighted)=0.8052 | F1(macro)=0.7368 | Brier=0.1541
[TestSuite] Final test metrics appended to (seed): /lustre09/project/6000743/epigou/cs_9170_project/training_runs/BASELINE_gaussian_ot_repair_baseline_otrep_census_a8b46764__G202603111900/seed_123/final_test_metrics.csv
[TestSuite] Final test metrics appended to (experiment): /lustre09/project/6000743/epigou/cs_9170_project/training_runs/BASELINE_gaussian_ot_repair_baseline_otrep_census_a8b46764__G202603111900/final_test_metrics.csv
[OTRepair] Done. seed=123 | time=9.6s
[OTRepair] Results in /lustre09/project/6000743/epigou/cs_9170_project/training_runs/BASELINE_gaussian_ot_repair_baseline_otrep_census_a8b46764__G202603111900/seed_123

[run_baseline] ---- seed=999 ----
[TRAIN] size=3000, minority=722 (24.07%)
[VAL] size=6512, minority=1568 (24.08%)
[TEST] size=6513, minority=1569 (24.09%)
[OTRepair] exp_group=BASELINE_gaussian_ot_repair_baseline_otrep_census_a8b46764__G202603111900  seed=999
[OTRepair] dataset=census_income  feature_dim=106
[OTRepair] ot_config={'lam': 1.0, 'n_groups': 2, 'cov_reg': 1e-05, 'barycenter_iters': 100, 'repair_test': True}
[OTRepair] seed_dir=/lustre09/project/6000743/epigou/cs_9170_project/training_runs/BASELINE_gaussian_ot_repair_baseline_otrep_census_a8b46764__G202603111900/seed_999
[OTRepair] Group 0: n=1004, ||μ||=2.0157, cov_diag=[0.0000, 1.0617]
[OTRepair] Group 1: n=1996, ||μ||=2.0599, cov_diag=[0.0000, 1.2534]
[OTRepair] Barycenter computed. μ* norm=1.8401
[OTRepair] Group 0: A_g computed, ||A_g - I||=804.0281
[OTRepair] Group 1: A_g computed, ||A_g - I||=568.9256
[OTRepair] Test features repaired.
FFNN Using device: cpu
[OTRepair] ERM trained on repaired features.
FFNN Using device: cpu
[OTRepair] Alpha (ERM on original features) trained.
FFNN Using device: cpu
[TestSuite] Loaded best β weights from: /lustre09/project/6000743/epigou/cs_9170_project/training_runs/BASELINE_gaussian_ot_repair_baseline_otrep_census_a8b46764__G202603111900/seed_999/otrep_model.pt

[TEST] Alpha -> F1(min)=0.5505 | F1(maj)=0.8759 | F1(weighted)=0.7975 | F1(macro)=0.7132 | Brier=0.1650
[TEST] Beta  -> F1(min)=0.6181 | F1(maj)=0.8751 | F1(weighted)=0.8132 | F1(macro)=0.7466 | Brier=0.1511
[TestSuite] Final test metrics appended to (seed): /lustre09/project/6000743/epigou/cs_9170_project/training_runs/BASELINE_gaussian_ot_repair_baseline_otrep_census_a8b46764__G202603111900/seed_999/final_test_metrics.csv
[TestSuite] Final test metrics appended to (experiment): /lustre09/project/6000743/epigou/cs_9170_project/training_runs/BASELINE_gaussian_ot_repair_baseline_otrep_census_a8b46764__G202603111900/final_test_metrics.csv
[OTRepair] Done. seed=999 | time=9.7s
[OTRepair] Results in /lustre09/project/6000743/epigou/cs_9170_project/training_runs/BASELINE_gaussian_ot_repair_baseline_otrep_census_a8b46764__G202603111900/seed_999
