[run_baseline] baseline=gaussian_ot_repair
[run_baseline] spec=experiment_specs/baseline_otrep_credit.json
[run_baseline] device=cpu
[run_baseline] exp_group=BASELINE_gaussian_ot_repair_baseline_otrep_credit_6882b6a2__G202603111900
[run_baseline] seeds=[42, 123, 999]

[run_baseline] ---- seed=42 ----
Label distribution: {0: 23364, 1: 6636}
[TRAIN] size=3000, minority=664 (22.13%)
[VAL] size=6000, minority=1327 (22.12%)
[TEST] size=6000, minority=1327 (22.12%)
[OTRepair] exp_group=BASELINE_gaussian_ot_repair_baseline_otrep_credit_6882b6a2__G202603111900  seed=42
[OTRepair] dataset=credit_card  feature_dim=33
[OTRepair] ot_config={'lam': 1.0, 'n_groups': 2, 'cov_reg': 1e-05, 'barycenter_iters': 100, 'repair_test': True}
[OTRepair] seed_dir=/lustre09/project/6000743/epigou/cs_9170_project/training_runs/BASELINE_gaussian_ot_repair_baseline_otrep_credit_6882b6a2__G202603111900/seed_42
[OTRepair] Group 0: n=1212, ||μ||=1.3868, cov_diag=[0.0000, 1.3475]
[OTRepair] Group 1: n=1788, ||μ||=1.3758, cov_diag=[0.0000, 1.2829]
[OTRepair] Barycenter computed. μ* norm=1.1676
[OTRepair] Group 0: A_g computed, ||A_g - I||=352.5137
[OTRepair] Group 1: A_g computed, ||A_g - I||=315.2902
[OTRepair] Test features repaired.
FFNN Using device: cpu
[OTRepair] ERM trained on repaired features.
FFNN Using device: cpu
[OTRepair] Alpha (ERM on original features) trained.
FFNN Using device: cpu
[TestSuite] Loaded best β weights from: /lustre09/project/6000743/epigou/cs_9170_project/training_runs/BASELINE_gaussian_ot_repair_baseline_otrep_credit_6882b6a2__G202603111900/seed_42/otrep_model.pt

[TEST] Alpha -> F1(min)=0.4323 | F1(maj)=0.8714 | F1(weighted)=0.7743 | F1(macro)=0.6519 | Brier=0.1582
[TEST] Beta  -> F1(min)=0.4475 | F1(maj)=0.8733 | F1(weighted)=0.7791 | F1(macro)=0.6604 | Brier=0.1558
[TestSuite] Final test metrics appended to (seed): /lustre09/project/6000743/epigou/cs_9170_project/training_runs/BASELINE_gaussian_ot_repair_baseline_otrep_credit_6882b6a2__G202603111900/seed_42/final_test_metrics.csv
[TestSuite] Final test metrics appended to (experiment): /lustre09/project/6000743/epigou/cs_9170_project/training_runs/BASELINE_gaussian_ot_repair_baseline_otrep_credit_6882b6a2__G202603111900/final_test_metrics.csv
[OTRepair] Done. seed=42 | time=12.6s
[OTRepair] Results in /lustre09/project/6000743/epigou/cs_9170_project/training_runs/BASELINE_gaussian_ot_repair_baseline_otrep_credit_6882b6a2__G202603111900/seed_42

[run_baseline] ---- seed=123 ----
Label distribution: {0: 23364, 1: 6636}
[TRAIN] size=3000, minority=664 (22.13%)
[VAL] size=6000, minority=1327 (22.12%)
[TEST] size=6000, minority=1327 (22.12%)
[OTRepair] exp_group=BASELINE_gaussian_ot_repair_baseline_otrep_credit_6882b6a2__G202603111900  seed=123
[OTRepair] dataset=credit_card  feature_dim=33
[OTRepair] ot_config={'lam': 1.0, 'n_groups': 2, 'cov_reg': 1e-05, 'barycenter_iters': 100, 'repair_test': True}
[OTRepair] seed_dir=/lustre09/project/6000743/epigou/cs_9170_project/training_runs/BASELINE_gaussian_ot_repair_baseline_otrep_credit_6882b6a2__G202603111900/seed_123
[OTRepair] Group 0: n=1171, ||μ||=1.3871, cov_diag=[0.0000, 1.6617]
[OTRepair] Group 1: n=1829, ||μ||=1.3763, cov_diag=[0.0000, 1.4472]
[OTRepair] Barycenter computed. μ* norm=1.1642
[OTRepair] Group 0: A_g computed, ||A_g - I||=315.2463
[OTRepair] Group 1: A_g computed, ||A_g - I||=315.2641
[OTRepair] Test features repaired.
FFNN Using device: cpu
[OTRepair] ERM trained on repaired features.
FFNN Using device: cpu
[OTRepair] Alpha (ERM on original features) trained.
FFNN Using device: cpu
[TestSuite] Loaded best β weights from: /lustre09/project/6000743/epigou/cs_9170_project/training_runs/BASELINE_gaussian_ot_repair_baseline_otrep_credit_6882b6a2__G202603111900/seed_123/otrep_model.pt

[TEST] Alpha -> F1(min)=0.4100 | F1(maj)=0.8736 | F1(weighted)=0.7711 | F1(macro)=0.6418 | Brier=0.1571
[TEST] Beta  -> F1(min)=0.4094 | F1(maj)=0.8754 | F1(weighted)=0.7723 | F1(macro)=0.6424 | Brier=0.1559
[TestSuite] Final test metrics appended to (seed): /lustre09/project/6000743/epigou/cs_9170_project/training_runs/BASELINE_gaussian_ot_repair_baseline_otrep_credit_6882b6a2__G202603111900/seed_123/final_test_metrics.csv
[TestSuite] Final test metrics appended to (experiment): /lustre09/project/6000743/epigou/cs_9170_project/training_runs/BASELINE_gaussian_ot_repair_baseline_otrep_credit_6882b6a2__G202603111900/final_test_metrics.csv
[OTRepair] Done. seed=123 | time=10.9s
[OTRepair] Results in /lustre09/project/6000743/epigou/cs_9170_project/training_runs/BASELINE_gaussian_ot_repair_baseline_otrep_credit_6882b6a2__G202603111900/seed_123

[run_baseline] ---- seed=999 ----
Label distribution: {0: 23364, 1: 6636}
[TRAIN] size=3000, minority=664 (22.13%)
[VAL] size=6000, minority=1327 (22.12%)
[TEST] size=6000, minority=1327 (22.12%)
[OTRepair] exp_group=BASELINE_gaussian_ot_repair_baseline_otrep_credit_6882b6a2__G202603111900  seed=999
[OTRepair] dataset=credit_card  feature_dim=33
[OTRepair] ot_config={'lam': 1.0, 'n_groups': 2, 'cov_reg': 1e-05, 'barycenter_iters': 100, 'repair_test': True}
[OTRepair] seed_dir=/lustre09/project/6000743/epigou/cs_9170_project/training_runs/BASELINE_gaussian_ot_repair_baseline_otrep_credit_6882b6a2__G202603111900/seed_999
[OTRepair] Group 0: n=1190, ||μ||=1.3877, cov_diag=[0.0000, 1.3331]
[OTRepair] Group 1: n=1810, ||μ||=1.3759, cov_diag=[0.0000, 1.3076]
[OTRepair] Barycenter computed. μ* norm=1.1628
[OTRepair] Group 0: A_g computed, ||A_g - I||=315.2485
[OTRepair] Group 1: A_g computed, ||A_g - I||=315.2633
[OTRepair] Test features repaired.
FFNN Using device: cpu
[OTRepair] ERM trained on repaired features.
FFNN Using device: cpu
[OTRepair] Alpha (ERM on original features) trained.
FFNN Using device: cpu
[TestSuite] Loaded best β weights from: /lustre09/project/6000743/epigou/cs_9170_project/training_runs/BASELINE_gaussian_ot_repair_baseline_otrep_credit_6882b6a2__G202603111900/seed_999/otrep_model.pt

[TEST] Alpha -> F1(min)=0.4069 | F1(maj)=0.8667 | F1(weighted)=0.7650 | F1(macro)=0.6368 | Brier=0.1642
[TEST] Beta  -> F1(min)=0.4269 | F1(maj)=0.8712 | F1(weighted)=0.7729 | F1(macro)=0.6490 | Brier=0.1587
[TestSuite] Final test metrics appended to (seed): /lustre09/project/6000743/epigou/cs_9170_project/training_runs/BASELINE_gaussian_ot_repair_baseline_otrep_credit_6882b6a2__G202603111900/seed_999/final_test_metrics.csv
[TestSuite] Final test metrics appended to (experiment): /lustre09/project/6000743/epigou/cs_9170_project/training_runs/BASELINE_gaussian_ot_repair_baseline_otrep_credit_6882b6a2__G202603111900/final_test_metrics.csv
[OTRepair] Done. seed=999 | time=11.0s
[OTRepair] Results in /lustre09/project/6000743/epigou/cs_9170_project/training_runs/BASELINE_gaussian_ot_repair_baseline_otrep_credit_6882b6a2__G202603111900/seed_999
