The following modules were not unloaded:
  (Use "module --force purge" to unload all):

  1) CCconfig        6)  ucx/1.14.1         11) flexiblas/3.3.1
  2) gentoo/2023     7)  libfabric/1.18.0   12) aocl-blas/5.1
  3) gcccore/.12.3   8)  pmix/4.2.4         13) aocl-lapack/5.1
  4) gcc/12.3        9)  ucc/1.2.0          14) StdEnv/2023
  5) hwloc/2.9.1     10) openmpi/4.1.5
Traceback (most recent call last):
  File "/lustre09/project/6000743/epigou/cs_9170_project/main.py", line 156, in <module>
    main()
  File "/lustre09/project/6000743/epigou/cs_9170_project/main.py", line 153, in main
    run_spec_all_seeds(args.spec, device)
  File "/lustre09/project/6000743/epigou/cs_9170_project/main.py", line 136, in run_spec_all_seeds
    trainer()
  File "/lustre09/project/6000743/epigou/cs_9170_project/training.py", line 955, in __call__
    self.dataset.get_data_splits(
  File "/lustre09/project/6000743/epigou/cs_9170_project/dataset.py", line 1421, in get_data_splits
    return self.split_census_income(**kwargs)
           ^^^^^^^^^^^^^^^^^^^^^^^^^^^^^^^^^^
TypeError: Dataset.split_census_income() got an unexpected keyword argument 'win_seconds'
