[run_baseline] baseline=gaussian_ot_repair
[run_baseline] spec=experiment_specs/p1_har_nobias_otrep_5s.json
[run_baseline] device=cpu
[run_baseline] exp_group=BASELINE_gaussian_ot_repair_p1_har_nobias_otrep_5s_ff9e2a79__G202603241145
[run_baseline] seeds=[42, 0, 1, 2, 3]

[run_baseline] ---- seed=42 ----
[TRAIN] size=1686, rope=1174 (69.63%), class0=512, class1=1174
[VAL] size=560, rope=390 (69.64%), class0=170, class1=390
[TEST] size=568, rope=395 (69.54%), class0=173, class1=395
use_pca=False | theta_dim=14 | features_in=14 | classes=[np.int64(0), np.int64(1)]
[OTRepair] exp_group=BASELINE_gaussian_ot_repair_p1_har_nobias_otrep_5s_ff9e2a79__G202603241145  seed=42
[OTRepair] dataset=pamap2  feature_dim=14
[OTRepair] ot_config={'lam': 1.0, 'n_groups': 2, 'cov_reg': 1e-05, 'barycenter_iters': 100, 'repair_test': True}
[OTRepair] seed_dir=/lustre09/project/6000743/epigou/cs_9170_project/training_runs/BASELINE_gaussian_ot_repair_p1_har_nobias_otrep_5s_ff9e2a79__G202603241145/seed_42
[OTRepair] Group 0: n=269, ||μ||=1.8959, cov_diag=[0.0945, 1.3551]
[OTRepair] Group 1: n=1417, ||μ||=0.3599, cov_diag=[0.7990, 1.0962]
[OTRepair] Barycenter computed. μ* norm=0.7680
[OTRepair] Group 0: A_g computed, ||A_g - I||=2.3802
[OTRepair] Group 1: A_g computed, ||A_g - I||=0.8820
[OTRepair] Test features repaired.
FFNN Using device: cpu
[OTRepair] ERM trained on repaired features.
FFNN Using device: cpu
[OTRepair] Alpha (ERM on original features) trained.
FFNN Using device: cpu
[TestSuite] Loaded best β weights from: /lustre09/project/6000743/epigou/cs_9170_project/training_runs/BASELINE_gaussian_ot_repair_p1_har_nobias_otrep_5s_ff9e2a79__G202603241145/seed_42/otrep_model.pt

[TEST] Alpha -> F1(min)=0.8506 | F1(maj)=0.7636 | F1(weighted)=0.8241 | F1(macro)=0.8071 | Brier=0.1720
[TEST] Beta  -> F1(min)=0.8864 | F1(maj)=0.8019 | F1(weighted)=0.8607 | F1(macro)=0.8442 | Brier=0.1396
[TestSuite] Final test metrics appended to (seed): /lustre09/project/6000743/epigou/cs_9170_project/training_runs/BASELINE_gaussian_ot_repair_p1_har_nobias_otrep_5s_ff9e2a79__G202603241145/seed_42/final_test_metrics.csv
[TestSuite] Final test metrics appended to (experiment): /lustre09/project/6000743/epigou/cs_9170_project/training_runs/BASELINE_gaussian_ot_repair_p1_har_nobias_otrep_5s_ff9e2a79__G202603241145/final_test_metrics.csv
[OTRepair] Done. seed=42 | time=142.4s
[OTRepair] Results in /lustre09/project/6000743/epigou/cs_9170_project/training_runs/BASELINE_gaussian_ot_repair_p1_har_nobias_otrep_5s_ff9e2a79__G202603241145/seed_42

[run_baseline] ---- seed=0 ----
[TRAIN] size=1686, rope=1174 (69.63%), class0=512, class1=1174
[VAL] size=560, rope=390 (69.64%), class0=170, class1=390
[TEST] size=568, rope=395 (69.54%), class0=173, class1=395
use_pca=False | theta_dim=14 | features_in=14 | classes=[np.int64(0), np.int64(1)]
[OTRepair] exp_group=BASELINE_gaussian_ot_repair_p1_har_nobias_otrep_5s_ff9e2a79__G202603241145  seed=0
[OTRepair] dataset=pamap2  feature_dim=14
[OTRepair] ot_config={'lam': 1.0, 'n_groups': 2, 'cov_reg': 1e-05, 'barycenter_iters': 100, 'repair_test': True}
[OTRepair] seed_dir=/lustre09/project/6000743/epigou/cs_9170_project/training_runs/BASELINE_gaussian_ot_repair_p1_har_nobias_otrep_5s_ff9e2a79__G202603241145/seed_0
[OTRepair] Group 0: n=269, ||μ||=1.8959, cov_diag=[0.0945, 1.3551]
[OTRepair] Group 1: n=1417, ||μ||=0.3599, cov_diag=[0.7990, 1.0962]
[OTRepair] Barycenter computed. μ* norm=0.7680
[OTRepair] Group 0: A_g computed, ||A_g - I||=2.3802
[OTRepair] Group 1: A_g computed, ||A_g - I||=0.8820
[OTRepair] Test features repaired.
FFNN Using device: cpu
[OTRepair] ERM trained on repaired features.
FFNN Using device: cpu
[OTRepair] Alpha (ERM on original features) trained.
FFNN Using device: cpu
[TestSuite] Loaded best β weights from: /lustre09/project/6000743/epigou/cs_9170_project/training_runs/BASELINE_gaussian_ot_repair_p1_har_nobias_otrep_5s_ff9e2a79__G202603241145/seed_0/otrep_model.pt

[TEST] Alpha -> F1(min)=0.8084 | F1(maj)=0.7315 | F1(weighted)=0.7850 | F1(macro)=0.7700 | Brier=0.2027
[TEST] Beta  -> F1(min)=0.8861 | F1(maj)=0.8094 | F1(weighted)=0.8627 | F1(macro)=0.8477 | Brier=0.1378
[TestSuite] Final test metrics appended to (seed): /lustre09/project/6000743/epigou/cs_9170_project/training_runs/BASELINE_gaussian_ot_repair_p1_har_nobias_otrep_5s_ff9e2a79__G202603241145/seed_0/final_test_metrics.csv
[TestSuite] Final test metrics appended to (experiment): /lustre09/project/6000743/epigou/cs_9170_project/training_runs/BASELINE_gaussian_ot_repair_p1_har_nobias_otrep_5s_ff9e2a79__G202603241145/final_test_metrics.csv
[OTRepair] Done. seed=0 | time=139.2s
[OTRepair] Results in /lustre09/project/6000743/epigou/cs_9170_project/training_runs/BASELINE_gaussian_ot_repair_p1_har_nobias_otrep_5s_ff9e2a79__G202603241145/seed_0

[run_baseline] ---- seed=1 ----
[TRAIN] size=1686, rope=1174 (69.63%), class0=512, class1=1174
[VAL] size=560, rope=390 (69.64%), class0=170, class1=390
[TEST] size=568, rope=395 (69.54%), class0=173, class1=395
use_pca=False | theta_dim=14 | features_in=14 | classes=[np.int64(0), np.int64(1)]
[OTRepair] exp_group=BASELINE_gaussian_ot_repair_p1_har_nobias_otrep_5s_ff9e2a79__G202603241145  seed=1
[OTRepair] dataset=pamap2  feature_dim=14
[OTRepair] ot_config={'lam': 1.0, 'n_groups': 2, 'cov_reg': 1e-05, 'barycenter_iters': 100, 'repair_test': True}
[OTRepair] seed_dir=/lustre09/project/6000743/epigou/cs_9170_project/training_runs/BASELINE_gaussian_ot_repair_p1_har_nobias_otrep_5s_ff9e2a79__G202603241145/seed_1
[OTRepair] Group 0: n=269, ||μ||=1.8959, cov_diag=[0.0945, 1.3551]
[OTRepair] Group 1: n=1417, ||μ||=0.3599, cov_diag=[0.7990, 1.0962]
[OTRepair] Barycenter computed. μ* norm=0.7680
[OTRepair] Group 0: A_g computed, ||A_g - I||=2.3802
[OTRepair] Group 1: A_g computed, ||A_g - I||=0.8820
[OTRepair] Test features repaired.
FFNN Using device: cpu
[OTRepair] ERM trained on repaired features.
FFNN Using device: cpu
[OTRepair] Alpha (ERM on original features) trained.
FFNN Using device: cpu
[TestSuite] Loaded best β weights from: /lustre09/project/6000743/epigou/cs_9170_project/training_runs/BASELINE_gaussian_ot_repair_p1_har_nobias_otrep_5s_ff9e2a79__G202603241145/seed_1/otrep_model.pt

[TEST] Alpha -> F1(min)=0.8632 | F1(maj)=0.7788 | F1(weighted)=0.8375 | F1(macro)=0.8210 | Brier=0.1570
[TEST] Beta  -> F1(min)=0.8833 | F1(maj)=0.8047 | F1(weighted)=0.8593 | F1(macro)=0.8440 | Brier=0.1416
[TestSuite] Final test metrics appended to (seed): /lustre09/project/6000743/epigou/cs_9170_project/training_runs/BASELINE_gaussian_ot_repair_p1_har_nobias_otrep_5s_ff9e2a79__G202603241145/seed_1/final_test_metrics.csv
[TestSuite] Final test metrics appended to (experiment): /lustre09/project/6000743/epigou/cs_9170_project/training_runs/BASELINE_gaussian_ot_repair_p1_har_nobias_otrep_5s_ff9e2a79__G202603241145/final_test_metrics.csv
[OTRepair] Done. seed=1 | time=138.3s
[OTRepair] Results in /lustre09/project/6000743/epigou/cs_9170_project/training_runs/BASELINE_gaussian_ot_repair_p1_har_nobias_otrep_5s_ff9e2a79__G202603241145/seed_1

[run_baseline] ---- seed=2 ----
[TRAIN] size=1686, rope=1174 (69.63%), class0=512, class1=1174
[VAL] size=560, rope=390 (69.64%), class0=170, class1=390
[TEST] size=568, rope=395 (69.54%), class0=173, class1=395
use_pca=False | theta_dim=14 | features_in=14 | classes=[np.int64(0), np.int64(1)]
[OTRepair] exp_group=BASELINE_gaussian_ot_repair_p1_har_nobias_otrep_5s_ff9e2a79__G202603241145  seed=2
[OTRepair] dataset=pamap2  feature_dim=14
[OTRepair] ot_config={'lam': 1.0, 'n_groups': 2, 'cov_reg': 1e-05, 'barycenter_iters': 100, 'repair_test': True}
[OTRepair] seed_dir=/lustre09/project/6000743/epigou/cs_9170_project/training_runs/BASELINE_gaussian_ot_repair_p1_har_nobias_otrep_5s_ff9e2a79__G202603241145/seed_2
[OTRepair] Group 0: n=269, ||μ||=1.8959, cov_diag=[0.0945, 1.3551]
[OTRepair] Group 1: n=1417, ||μ||=0.3599, cov_diag=[0.7990, 1.0962]
[OTRepair] Barycenter computed. μ* norm=0.7680
[OTRepair] Group 0: A_g computed, ||A_g - I||=2.3802
[OTRepair] Group 1: A_g computed, ||A_g - I||=0.8820
[OTRepair] Test features repaired.
FFNN Using device: cpu
[OTRepair] ERM trained on repaired features.
FFNN Using device: cpu
[OTRepair] Alpha (ERM on original features) trained.
FFNN Using device: cpu
[TestSuite] Loaded best β weights from: /lustre09/project/6000743/epigou/cs_9170_project/training_runs/BASELINE_gaussian_ot_repair_p1_har_nobias_otrep_5s_ff9e2a79__G202603241145/seed_2/otrep_model.pt

[TEST] Alpha -> F1(min)=0.8452 | F1(maj)=0.7596 | F1(weighted)=0.8191 | F1(macro)=0.8024 | Brier=0.1797
[TEST] Beta  -> F1(min)=0.8892 | F1(maj)=0.8132 | F1(weighted)=0.8661 | F1(macro)=0.8512 | Brier=0.1362
[TestSuite] Final test metrics appended to (seed): /lustre09/project/6000743/epigou/cs_9170_project/training_runs/BASELINE_gaussian_ot_repair_p1_har_nobias_otrep_5s_ff9e2a79__G202603241145/seed_2/final_test_metrics.csv
[TestSuite] Final test metrics appended to (experiment): /lustre09/project/6000743/epigou/cs_9170_project/training_runs/BASELINE_gaussian_ot_repair_p1_har_nobias_otrep_5s_ff9e2a79__G202603241145/final_test_metrics.csv
[OTRepair] Done. seed=2 | time=139.8s
[OTRepair] Results in /lustre09/project/6000743/epigou/cs_9170_project/training_runs/BASELINE_gaussian_ot_repair_p1_har_nobias_otrep_5s_ff9e2a79__G202603241145/seed_2

[run_baseline] ---- seed=3 ----
[TRAIN] size=1686, rope=1174 (69.63%), class0=512, class1=1174
[VAL] size=560, rope=390 (69.64%), class0=170, class1=390
[TEST] size=568, rope=395 (69.54%), class0=173, class1=395
use_pca=False | theta_dim=14 | features_in=14 | classes=[np.int64(0), np.int64(1)]
[OTRepair] exp_group=BASELINE_gaussian_ot_repair_p1_har_nobias_otrep_5s_ff9e2a79__G202603241145  seed=3
[OTRepair] dataset=pamap2  feature_dim=14
[OTRepair] ot_config={'lam': 1.0, 'n_groups': 2, 'cov_reg': 1e-05, 'barycenter_iters': 100, 'repair_test': True}
[OTRepair] seed_dir=/lustre09/project/6000743/epigou/cs_9170_project/training_runs/BASELINE_gaussian_ot_repair_p1_har_nobias_otrep_5s_ff9e2a79__G202603241145/seed_3
[OTRepair] Group 0: n=269, ||μ||=1.8959, cov_diag=[0.0945, 1.3551]
[OTRepair] Group 1: n=1417, ||μ||=0.3599, cov_diag=[0.7990, 1.0962]
[OTRepair] Barycenter computed. μ* norm=0.7680
[OTRepair] Group 0: A_g computed, ||A_g - I||=2.3802
[OTRepair] Group 1: A_g computed, ||A_g - I||=0.8820
[OTRepair] Test features repaired.
FFNN Using device: cpu
[OTRepair] ERM trained on repaired features.
FFNN Using device: cpu
[OTRepair] Alpha (ERM on original features) trained.
FFNN Using device: cpu
[TestSuite] Loaded best β weights from: /lustre09/project/6000743/epigou/cs_9170_project/training_runs/BASELINE_gaussian_ot_repair_p1_har_nobias_otrep_5s_ff9e2a79__G202603241145/seed_3/otrep_model.pt

[TEST] Alpha -> F1(min)=0.8518 | F1(maj)=0.7664 | F1(weighted)=0.8258 | F1(macro)=0.8091 | Brier=0.1677
[TEST] Beta  -> F1(min)=0.8939 | F1(maj)=0.8190 | F1(weighted)=0.8711 | F1(macro)=0.8565 | Brier=0.1351
[TestSuite] Final test metrics appended to (seed): /lustre09/project/6000743/epigou/cs_9170_project/training_runs/BASELINE_gaussian_ot_repair_p1_har_nobias_otrep_5s_ff9e2a79__G202603241145/seed_3/final_test_metrics.csv
[TestSuite] Final test metrics appended to (experiment): /lustre09/project/6000743/epigou/cs_9170_project/training_runs/BASELINE_gaussian_ot_repair_p1_har_nobias_otrep_5s_ff9e2a79__G202603241145/final_test_metrics.csv
[OTRepair] Done. seed=3 | time=140.2s
[OTRepair] Results in /lustre09/project/6000743/epigou/cs_9170_project/training_runs/BASELINE_gaussian_ot_repair_p1_har_nobias_otrep_5s_ff9e2a79__G202603241145/seed_3
