The following modules were not unloaded:
  (Use "module --force purge" to unload all):

  1) CCconfig        6)  ucx/1.14.1         11) flexiblas/3.3.1
  2) gentoo/2023     7)  libfabric/1.18.0   12) aocl-blas/5.1
  3) gcccore/.12.3   8)  pmix/4.2.4         13) aocl-lapack/5.1
  4) gcc/12.3        9)  ucc/1.2.0          14) StdEnv/2023
  5) hwloc/2.9.1     10) openmpi/4.1.5
/lustre09/project/6000743/epigou/cs_9170_project/dataset.py:392: FutureWarning: DataFrameGroupBy.apply operated on the grouping columns. This behavior is deprecated, and in a future version of pandas the grouping columns will be excluded from the operation. Either pass `include_groups=False` to exclude the groupings or explicitly select the grouping columns after groupby to silence this warning.
  df = df.sort_values(["subject_id", "timestamp"]).groupby("subject_id", group_keys=False).apply(
Traceback (most recent call last):
  File "/lustre09/project/6000743/epigou/cs_9170_project/run_baseline.py", line 157, in <module>
    main()
  File "/lustre09/project/6000743/epigou/cs_9170_project/run_baseline.py", line 153, in main
    run_baseline_all_seeds(args.spec, device)
  File "/lustre09/project/6000743/epigou/cs_9170_project/run_baseline.py", line 134, in run_baseline_all_seeds
    trainer()
  File "/lustre09/project/6000743/epigou/cs_9170_project/benchmarks/ctgan_baseline.py", line 239, in __call__
    synth, feat_cols = _fit_ctgan(
                       ^^^^^^^^^^^
  File "/lustre09/project/6000743/epigou/cs_9170_project/benchmarks/ctgan_baseline.py", line 47, in _fit_ctgan
    from sdv.single_table import CTGANSynthesizer
ModuleNotFoundError: No module named 'sdv'
