[run_baseline] baseline=group_dro
[run_baseline] spec=experiment_specs/p1_har_bias010_gdro_5s.json
[run_baseline] device=cpu
[run_baseline] exp_group=BASELINE_group_dro_p1_har_bias010_gdro_5s_6aa281d4__G202603241145
[run_baseline] seeds=[42, 0, 1, 2, 3]

[run_baseline] ---- seed=42 ----
[TRAIN] size=568, rope=56 (9.86%), class0=512, class1=56
[VAL] size=188, rope=18 (9.57%), class0=170, class1=18
[TEST] size=568, rope=395 (69.54%), class0=173, class1=395
use_pca=False | theta_dim=14 | features_in=14 | classes=[np.int64(0), np.int64(1)]
[GroupDRO] exp_group=BASELINE_group_dro_p1_har_bias010_gdro_5s_6aa281d4__G202603241145  seed=42
[GroupDRO] dataset=pamap2  feature_dim=14
[GroupDRO] gdro_config={'lr': 0.001, 'epochs': 200, 'batch_size': 64, 'eta': 0.01, 'n_groups': 4}
[GroupDRO] seed_dir=/lustre09/project/6000743/epigou/cs_9170_project/training_runs/BASELINE_group_dro_p1_har_bias010_gdro_5s_6aa281d4__G202603241145/seed_42
[GroupDRO] epoch=   1 | dro=0.5573 | val_worst=0.8992 | q=[0.251,0.244,0.258,0.247]
[GroupDRO] epoch=  20 | dro=0.0427 | val_worst=0.1468 | q=[0.249,0.210,0.287,0.254]
[GroupDRO] epoch=  40 | dro=0.0263 | val_worst=0.0464 | q=[0.242,0.199,0.288,0.271]
[GroupDRO] epoch=  60 | dro=0.0169 | val_worst=0.0337 | q=[0.239,0.191,0.287,0.283]
[GroupDRO] epoch=  80 | dro=0.0174 | val_worst=0.0330 | q=[0.238,0.186,0.285,0.290]
[GroupDRO] epoch= 100 | dro=0.0086 | val_worst=0.0355 | q=[0.240,0.183,0.283,0.294]
[GroupDRO] epoch= 120 | dro=0.0057 | val_worst=0.0420 | q=[0.241,0.181,0.281,0.296]
[GroupDRO] epoch= 140 | dro=0.0034 | val_worst=0.0452 | q=[0.242,0.180,0.280,0.298]
[GroupDRO] epoch= 160 | dro=0.0031 | val_worst=0.0519 | q=[0.244,0.179,0.278,0.299]
[GroupDRO] epoch= 180 | dro=0.0019 | val_worst=0.0530 | q=[0.245,0.178,0.277,0.300]
[GroupDRO] epoch= 200 | dro=0.0016 | val_worst=0.0566 | q=[0.245,0.177,0.276,0.301]
[GroupDRO] Training done. Best val_worst=0.0295
[GroupDRO] Training metrics -> /lustre09/project/6000743/epigou/cs_9170_project/training_runs/BASELINE_group_dro_p1_har_bias010_gdro_5s_6aa281d4__G202603241145/seed_42/metrics.csv
[GroupDRO] Best model saved -> /lustre09/project/6000743/epigou/cs_9170_project/training_runs/BASELINE_group_dro_p1_har_bias010_gdro_5s_6aa281d4__G202603241145/seed_42/gdro_model.pt
FFNN Using device: cpu
FFNN Using device: cpu
FFNN Using device: cpu
[TestSuite] Loaded best β weights from: /lustre09/project/6000743/epigou/cs_9170_project/training_runs/BASELINE_group_dro_p1_har_bias010_gdro_5s_6aa281d4__G202603241145/seed_42/gdro_model.pt

[TEST] Alpha -> F1(min)=0.7883 | F1(maj)=0.7149 | F1(weighted)=0.7660 | F1(macro)=0.7516 | Brier=0.2083
[TEST] Beta  -> F1(min)=0.8904 | F1(maj)=0.8160 | F1(weighted)=0.8678 | F1(macro)=0.8532 | Brier=0.1365
[TestSuite] Final test metrics appended to (seed): /lustre09/project/6000743/epigou/cs_9170_project/training_runs/BASELINE_group_dro_p1_har_bias010_gdro_5s_6aa281d4__G202603241145/seed_42/final_test_metrics.csv
[TestSuite] Final test metrics appended to (experiment): /lustre09/project/6000743/epigou/cs_9170_project/training_runs/BASELINE_group_dro_p1_har_bias010_gdro_5s_6aa281d4__G202603241145/final_test_metrics.csv
[GroupDRO] Done. seed=42 | time=139.9s
[GroupDRO] Results in /lustre09/project/6000743/epigou/cs_9170_project/training_runs/BASELINE_group_dro_p1_har_bias010_gdro_5s_6aa281d4__G202603241145/seed_42

[run_baseline] ---- seed=0 ----
[TRAIN] size=568, rope=56 (9.86%), class0=512, class1=56
[VAL] size=188, rope=18 (9.57%), class0=170, class1=18
[TEST] size=568, rope=395 (69.54%), class0=173, class1=395
use_pca=False | theta_dim=14 | features_in=14 | classes=[np.int64(0), np.int64(1)]
[GroupDRO] exp_group=BASELINE_group_dro_p1_har_bias010_gdro_5s_6aa281d4__G202603241145  seed=0
[GroupDRO] dataset=pamap2  feature_dim=14
[GroupDRO] gdro_config={'lr': 0.001, 'epochs': 200, 'batch_size': 64, 'eta': 0.01, 'n_groups': 4}
[GroupDRO] seed_dir=/lustre09/project/6000743/epigou/cs_9170_project/training_runs/BASELINE_group_dro_p1_har_bias010_gdro_5s_6aa281d4__G202603241145/seed_0
[GroupDRO] epoch=   1 | dro=0.7495 | val_worst=1.6260 | q=[0.243,0.240,0.247,0.270]
[GroupDRO] epoch=  20 | dro=0.1192 | val_worst=1.1419 | q=[0.191,0.200,0.238,0.371]
[GroupDRO] epoch=  40 | dro=0.0586 | val_worst=0.7122 | q=[0.186,0.184,0.254,0.377]
[GroupDRO] epoch=  60 | dro=0.0530 | val_worst=0.5874 | q=[0.186,0.173,0.258,0.383]
[GroupDRO] epoch=  80 | dro=0.0471 | val_worst=0.4697 | q=[0.190,0.162,0.257,0.391]
[GroupDRO] epoch= 100 | dro=0.0369 | val_worst=0.3050 | q=[0.197,0.153,0.253,0.397]
[GroupDRO] epoch= 120 | dro=0.0279 | val_worst=0.2460 | q=[0.204,0.145,0.249,0.402]
[GroupDRO] epoch= 140 | dro=0.0263 | val_worst=0.1960 | q=[0.211,0.138,0.245,0.406]
[GroupDRO] epoch= 160 | dro=0.0263 | val_worst=0.1862 | q=[0.218,0.130,0.241,0.411]
[GroupDRO] epoch= 180 | dro=0.0275 | val_worst=0.1780 | q=[0.224,0.124,0.237,0.415]
[GroupDRO] epoch= 200 | dro=0.0339 | val_worst=0.1514 | q=[0.231,0.119,0.232,0.419]
[GroupDRO] Training done. Best val_worst=0.1443
[GroupDRO] Training metrics -> /lustre09/project/6000743/epigou/cs_9170_project/training_runs/BASELINE_group_dro_p1_har_bias010_gdro_5s_6aa281d4__G202603241145/seed_0/metrics.csv
[GroupDRO] Best model saved -> /lustre09/project/6000743/epigou/cs_9170_project/training_runs/BASELINE_group_dro_p1_har_bias010_gdro_5s_6aa281d4__G202603241145/seed_0/gdro_model.pt
FFNN Using device: cpu
FFNN Using device: cpu
FFNN Using device: cpu
[TestSuite] Loaded best β weights from: /lustre09/project/6000743/epigou/cs_9170_project/training_runs/BASELINE_group_dro_p1_har_bias010_gdro_5s_6aa281d4__G202603241145/seed_0/gdro_model.pt

[TEST] Alpha -> F1(min)=0.2366 | F1(maj)=0.5029 | F1(weighted)=0.3177 | F1(macro)=0.3698 | Brier=0.3386
[TEST] Beta  -> F1(min)=0.8794 | F1(maj)=0.8028 | F1(weighted)=0.8561 | F1(macro)=0.8411 | Brier=0.1471
[TestSuite] Final test metrics appended to (seed): /lustre09/project/6000743/epigou/cs_9170_project/training_runs/BASELINE_group_dro_p1_har_bias010_gdro_5s_6aa281d4__G202603241145/seed_0/final_test_metrics.csv
[TestSuite] Final test metrics appended to (experiment): /lustre09/project/6000743/epigou/cs_9170_project/training_runs/BASELINE_group_dro_p1_har_bias010_gdro_5s_6aa281d4__G202603241145/final_test_metrics.csv
[GroupDRO] Done. seed=0 | time=137.0s
[GroupDRO] Results in /lustre09/project/6000743/epigou/cs_9170_project/training_runs/BASELINE_group_dro_p1_har_bias010_gdro_5s_6aa281d4__G202603241145/seed_0

[run_baseline] ---- seed=1 ----
[TRAIN] size=568, rope=56 (9.86%), class0=512, class1=56
[VAL] size=188, rope=18 (9.57%), class0=170, class1=18
[TEST] size=568, rope=395 (69.54%), class0=173, class1=395
use_pca=False | theta_dim=14 | features_in=14 | classes=[np.int64(0), np.int64(1)]
[GroupDRO] exp_group=BASELINE_group_dro_p1_har_bias010_gdro_5s_6aa281d4__G202603241145  seed=1
[GroupDRO] dataset=pamap2  feature_dim=14
[GroupDRO] gdro_config={'lr': 0.001, 'epochs': 200, 'batch_size': 64, 'eta': 0.01, 'n_groups': 4}
[GroupDRO] seed_dir=/lustre09/project/6000743/epigou/cs_9170_project/training_runs/BASELINE_group_dro_p1_har_bias010_gdro_5s_6aa281d4__G202603241145/seed_1
[GroupDRO] epoch=   1 | dro=1.1399 | val_worst=2.5749 | q=[0.234,0.249,0.233,0.284]
[GroupDRO] epoch=  20 | dro=0.0704 | val_worst=0.4170 | q=[0.181,0.247,0.198,0.374]
[GroupDRO] epoch=  40 | dro=0.0290 | val_worst=0.1055 | q=[0.176,0.241,0.210,0.372]
[GroupDRO] epoch=  60 | dro=0.0168 | val_worst=0.0471 | q=[0.174,0.233,0.218,0.375]
[GroupDRO] epoch=  80 | dro=0.0104 | val_worst=0.0269 | q=[0.174,0.227,0.222,0.377]
[GroupDRO] epoch= 100 | dro=0.0097 | val_worst=0.0169 | q=[0.174,0.224,0.223,0.379]
[GroupDRO] epoch= 120 | dro=0.0051 | val_worst=0.0114 | q=[0.174,0.222,0.224,0.380]
[GroupDRO] epoch= 140 | dro=0.0036 | val_worst=0.0087 | q=[0.175,0.220,0.224,0.381]
[GroupDRO] epoch= 160 | dro=0.0026 | val_worst=0.0068 | q=[0.176,0.219,0.224,0.381]
[GroupDRO] epoch= 180 | dro=0.0026 | val_worst=0.0053 | q=[0.176,0.218,0.224,0.382]
[GroupDRO] epoch= 200 | dro=0.0021 | val_worst=0.0042 | q=[0.177,0.217,0.224,0.382]
[GroupDRO] Training done. Best val_worst=0.0042
[GroupDRO] Training metrics -> /lustre09/project/6000743/epigou/cs_9170_project/training_runs/BASELINE_group_dro_p1_har_bias010_gdro_5s_6aa281d4__G202603241145/seed_1/metrics.csv
[GroupDRO] Best model saved -> /lustre09/project/6000743/epigou/cs_9170_project/training_runs/BASELINE_group_dro_p1_har_bias010_gdro_5s_6aa281d4__G202603241145/seed_1/gdro_model.pt
FFNN Using device: cpu
FFNN Using device: cpu
FFNN Using device: cpu
[TestSuite] Loaded best β weights from: /lustre09/project/6000743/epigou/cs_9170_project/training_runs/BASELINE_group_dro_p1_har_bias010_gdro_5s_6aa281d4__G202603241145/seed_1/gdro_model.pt

[TEST] Alpha -> F1(min)=0.7846 | F1(maj)=0.7119 | F1(weighted)=0.7625 | F1(macro)=0.7483 | Brier=0.2054
[TEST] Beta  -> F1(min)=0.8810 | F1(maj)=0.8047 | F1(weighted)=0.8578 | F1(macro)=0.8428 | Brier=0.1422
[TestSuite] Final test metrics appended to (seed): /lustre09/project/6000743/epigou/cs_9170_project/training_runs/BASELINE_group_dro_p1_har_bias010_gdro_5s_6aa281d4__G202603241145/seed_1/final_test_metrics.csv
[TestSuite] Final test metrics appended to (experiment): /lustre09/project/6000743/epigou/cs_9170_project/training_runs/BASELINE_group_dro_p1_har_bias010_gdro_5s_6aa281d4__G202603241145/final_test_metrics.csv
[GroupDRO] Done. seed=1 | time=136.6s
[GroupDRO] Results in /lustre09/project/6000743/epigou/cs_9170_project/training_runs/BASELINE_group_dro_p1_har_bias010_gdro_5s_6aa281d4__G202603241145/seed_1

[run_baseline] ---- seed=2 ----
[TRAIN] size=568, rope=56 (9.86%), class0=512, class1=56
[VAL] size=188, rope=18 (9.57%), class0=170, class1=18
[TEST] size=568, rope=395 (69.54%), class0=173, class1=395
use_pca=False | theta_dim=14 | features_in=14 | classes=[np.int64(0), np.int64(1)]
[GroupDRO] exp_group=BASELINE_group_dro_p1_har_bias010_gdro_5s_6aa281d4__G202603241145  seed=2
[GroupDRO] dataset=pamap2  feature_dim=14
[GroupDRO] gdro_config={'lr': 0.001, 'epochs': 200, 'batch_size': 64, 'eta': 0.01, 'n_groups': 4}
[GroupDRO] seed_dir=/lustre09/project/6000743/epigou/cs_9170_project/training_runs/BASELINE_group_dro_p1_har_bias010_gdro_5s_6aa281d4__G202603241145/seed_2
[GroupDRO] epoch=   1 | dro=0.5064 | val_worst=0.5411 | q=[0.256,0.243,0.253,0.248]
[GroupDRO] epoch=  20 | dro=0.0289 | val_worst=0.3439 | q=[0.265,0.215,0.274,0.246]
[GroupDRO] epoch=  40 | dro=0.0105 | val_worst=0.3701 | q=[0.262,0.210,0.278,0.250]
[GroupDRO] epoch=  60 | dro=0.0056 | val_worst=0.3632 | q=[0.260,0.207,0.280,0.253]
[GroupDRO] epoch=  80 | dro=0.0038 | val_worst=0.3299 | q=[0.259,0.205,0.281,0.254]
[GroupDRO] epoch= 100 | dro=0.0028 | val_worst=0.3251 | q=[0.258,0.204,0.282,0.255]
[GroupDRO] epoch= 120 | dro=0.0018 | val_worst=0.3328 | q=[0.258,0.204,0.282,0.256]
[GroupDRO] epoch= 140 | dro=0.0010 | val_worst=0.3105 | q=[0.257,0.203,0.283,0.257]
[GroupDRO] epoch= 160 | dro=0.0007 | val_worst=0.2994 | q=[0.257,0.203,0.283,0.257]
[GroupDRO] epoch= 180 | dro=0.0006 | val_worst=0.2640 | q=[0.257,0.203,0.283,0.258]
[GroupDRO] epoch= 200 | dro=0.0004 | val_worst=0.2545 | q=[0.257,0.203,0.283,0.258]
[GroupDRO] Training done. Best val_worst=0.2409
[GroupDRO] Training metrics -> /lustre09/project/6000743/epigou/cs_9170_project/training_runs/BASELINE_group_dro_p1_har_bias010_gdro_5s_6aa281d4__G202603241145/seed_2/metrics.csv
[GroupDRO] Best model saved -> /lustre09/project/6000743/epigou/cs_9170_project/training_runs/BASELINE_group_dro_p1_har_bias010_gdro_5s_6aa281d4__G202603241145/seed_2/gdro_model.pt
FFNN Using device: cpu
FFNN Using device: cpu
FFNN Using device: cpu
[TestSuite] Loaded best β weights from: /lustre09/project/6000743/epigou/cs_9170_project/training_runs/BASELINE_group_dro_p1_har_bias010_gdro_5s_6aa281d4__G202603241145/seed_2/gdro_model.pt

[TEST] Alpha -> F1(min)=0.8450 | F1(maj)=0.7655 | F1(weighted)=0.8208 | F1(macro)=0.8053 | Brier=0.1828
[TEST] Beta  -> F1(min)=0.8886 | F1(maj)=0.8086 | F1(weighted)=0.8642 | F1(macro)=0.8486 | Brier=0.1394
[TestSuite] Final test metrics appended to (seed): /lustre09/project/6000743/epigou/cs_9170_project/training_runs/BASELINE_group_dro_p1_har_bias010_gdro_5s_6aa281d4__G202603241145/seed_2/final_test_metrics.csv
[TestSuite] Final test metrics appended to (experiment): /lustre09/project/6000743/epigou/cs_9170_project/training_runs/BASELINE_group_dro_p1_har_bias010_gdro_5s_6aa281d4__G202603241145/final_test_metrics.csv
[GroupDRO] Done. seed=2 | time=139.3s
[GroupDRO] Results in /lustre09/project/6000743/epigou/cs_9170_project/training_runs/BASELINE_group_dro_p1_har_bias010_gdro_5s_6aa281d4__G202603241145/seed_2

[run_baseline] ---- seed=3 ----
[TRAIN] size=568, rope=56 (9.86%), class0=512, class1=56
[VAL] size=188, rope=18 (9.57%), class0=170, class1=18
[TEST] size=568, rope=395 (69.54%), class0=173, class1=395
use_pca=False | theta_dim=14 | features_in=14 | classes=[np.int64(0), np.int64(1)]
[GroupDRO] exp_group=BASELINE_group_dro_p1_har_bias010_gdro_5s_6aa281d4__G202603241145  seed=3
[GroupDRO] dataset=pamap2  feature_dim=14
[GroupDRO] gdro_config={'lr': 0.001, 'epochs': 200, 'batch_size': 64, 'eta': 0.01, 'n_groups': 4}
[GroupDRO] seed_dir=/lustre09/project/6000743/epigou/cs_9170_project/training_runs/BASELINE_group_dro_p1_har_bias010_gdro_5s_6aa281d4__G202603241145/seed_3
[GroupDRO] epoch=   1 | dro=0.8149 | val_worst=0.8763 | q=[0.246,0.246,0.248,0.260]
[GroupDRO] epoch=  20 | dro=0.0206 | val_worst=0.0256 | q=[0.234,0.217,0.258,0.291]
[GroupDRO] epoch=  40 | dro=0.0038 | val_worst=0.0053 | q=[0.232,0.216,0.260,0.293]
[GroupDRO] epoch=  60 | dro=0.0017 | val_worst=0.0020 | q=[0.231,0.215,0.260,0.294]
[GroupDRO] epoch=  80 | dro=0.0009 | val_worst=0.0014 | q=[0.230,0.215,0.261,0.294]
[GroupDRO] epoch= 100 | dro=0.0005 | val_worst=0.0011 | q=[0.230,0.215,0.261,0.294]
[GroupDRO] epoch= 120 | dro=0.0003 | val_worst=0.0009 | q=[0.230,0.215,0.261,0.295]
[GroupDRO] epoch= 140 | dro=0.0002 | val_worst=0.0007 | q=[0.230,0.215,0.261,0.295]
[GroupDRO] epoch= 160 | dro=0.0002 | val_worst=0.0006 | q=[0.230,0.215,0.261,0.295]
[GroupDRO] epoch= 180 | dro=0.0001 | val_worst=0.0005 | q=[0.230,0.215,0.261,0.295]
[GroupDRO] epoch= 200 | dro=0.0001 | val_worst=0.0004 | q=[0.230,0.215,0.261,0.295]
[GroupDRO] Training done. Best val_worst=0.0004
[GroupDRO] Training metrics -> /lustre09/project/6000743/epigou/cs_9170_project/training_runs/BASELINE_group_dro_p1_har_bias010_gdro_5s_6aa281d4__G202603241145/seed_3/metrics.csv
[GroupDRO] Best model saved -> /lustre09/project/6000743/epigou/cs_9170_project/training_runs/BASELINE_group_dro_p1_har_bias010_gdro_5s_6aa281d4__G202603241145/seed_3/gdro_model.pt
FFNN Using device: cpu
FFNN Using device: cpu
FFNN Using device: cpu
[TestSuite] Loaded best β weights from: /lustre09/project/6000743/epigou/cs_9170_project/training_runs/BASELINE_group_dro_p1_har_bias010_gdro_5s_6aa281d4__G202603241145/seed_3/gdro_model.pt

[TEST] Alpha -> F1(min)=0.6633 | F1(maj)=0.6349 | F1(weighted)=0.6546 | F1(macro)=0.6491 | Brier=0.2609
[TEST] Beta  -> F1(min)=0.8951 | F1(maj)=0.8219 | F1(weighted)=0.8728 | F1(macro)=0.8585 | Brier=0.1305
[TestSuite] Final test metrics appended to (seed): /lustre09/project/6000743/epigou/cs_9170_project/training_runs/BASELINE_group_dro_p1_har_bias010_gdro_5s_6aa281d4__G202603241145/seed_3/final_test_metrics.csv
[TestSuite] Final test metrics appended to (experiment): /lustre09/project/6000743/epigou/cs_9170_project/training_runs/BASELINE_group_dro_p1_har_bias010_gdro_5s_6aa281d4__G202603241145/final_test_metrics.csv
[GroupDRO] Done. seed=3 | time=136.7s
[GroupDRO] Results in /lustre09/project/6000743/epigou/cs_9170_project/training_runs/BASELINE_group_dro_p1_har_bias010_gdro_5s_6aa281d4__G202603241145/seed_3
