[run_baseline] baseline=gaussian_ot_repair
[run_baseline] spec=experiment_specs/p1_har_bias010_otrep_5s.json
[run_baseline] device=cpu
[run_baseline] exp_group=BASELINE_gaussian_ot_repair_p1_har_bias010_otrep_5s_c681aafa__G202603241145
[run_baseline] seeds=[42, 0, 1, 2, 3]

[run_baseline] ---- seed=42 ----
[TRAIN] size=568, rope=56 (9.86%), class0=512, class1=56
[VAL] size=188, rope=18 (9.57%), class0=170, class1=18
[TEST] size=568, rope=395 (69.54%), class0=173, class1=395
use_pca=False | theta_dim=14 | features_in=14 | classes=[np.int64(0), np.int64(1)]
[OTRepair] exp_group=BASELINE_gaussian_ot_repair_p1_har_bias010_otrep_5s_c681aafa__G202603241145  seed=42
[OTRepair] dataset=pamap2  feature_dim=14
[OTRepair] ot_config={'lam': 1.0, 'n_groups': 2, 'cov_reg': 1e-05, 'barycenter_iters': 100, 'repair_test': True}
[OTRepair] seed_dir=/lustre09/project/6000743/epigou/cs_9170_project/training_runs/BASELINE_gaussian_ot_repair_p1_har_bias010_otrep_5s_c681aafa__G202603241145/seed_42
[OTRepair] Group 0: n=167, ||μ||=1.3045, cov_diag=[0.2081, 0.9613]
[OTRepair] Group 1: n=401, ||μ||=0.5433, cov_diag=[0.9178, 1.2704]
[OTRepair] Barycenter computed. μ* norm=0.3806
[OTRepair] Group 0: A_g computed, ||A_g - I||=2.0285
[OTRepair] Group 1: A_g computed, ||A_g - I||=0.8113
[OTRepair] Test features repaired.
FFNN Using device: cpu
[OTRepair] ERM trained on repaired features.
FFNN Using device: cpu
[OTRepair] Alpha (ERM on original features) trained.
FFNN Using device: cpu
[TestSuite] Loaded best β weights from: /lustre09/project/6000743/epigou/cs_9170_project/training_runs/BASELINE_gaussian_ot_repair_p1_har_bias010_otrep_5s_c681aafa__G202603241145/seed_42/otrep_model.pt

[TEST] Alpha -> F1(min)=0.8382 | F1(maj)=0.7588 | F1(weighted)=0.8140 | F1(macro)=0.7985 | Brier=0.1823
[TEST] Beta  -> F1(min)=0.8873 | F1(maj)=0.8122 | F1(weighted)=0.8644 | F1(macro)=0.8498 | Brier=0.1405
[TestSuite] Final test metrics appended to (seed): /lustre09/project/6000743/epigou/cs_9170_project/training_runs/BASELINE_gaussian_ot_repair_p1_har_bias010_otrep_5s_c681aafa__G202603241145/seed_42/final_test_metrics.csv
[TestSuite] Final test metrics appended to (experiment): /lustre09/project/6000743/epigou/cs_9170_project/training_runs/BASELINE_gaussian_ot_repair_p1_har_bias010_otrep_5s_c681aafa__G202603241145/final_test_metrics.csv
[OTRepair] Done. seed=42 | time=125.7s
[OTRepair] Results in /lustre09/project/6000743/epigou/cs_9170_project/training_runs/BASELINE_gaussian_ot_repair_p1_har_bias010_otrep_5s_c681aafa__G202603241145/seed_42

[run_baseline] ---- seed=0 ----
[TRAIN] size=568, rope=56 (9.86%), class0=512, class1=56
[VAL] size=188, rope=18 (9.57%), class0=170, class1=18
[TEST] size=568, rope=395 (69.54%), class0=173, class1=395
use_pca=False | theta_dim=14 | features_in=14 | classes=[np.int64(0), np.int64(1)]
[OTRepair] exp_group=BASELINE_gaussian_ot_repair_p1_har_bias010_otrep_5s_c681aafa__G202603241145  seed=0
[OTRepair] dataset=pamap2  feature_dim=14
[OTRepair] ot_config={'lam': 1.0, 'n_groups': 2, 'cov_reg': 1e-05, 'barycenter_iters': 100, 'repair_test': True}
[OTRepair] seed_dir=/lustre09/project/6000743/epigou/cs_9170_project/training_runs/BASELINE_gaussian_ot_repair_p1_har_bias010_otrep_5s_c681aafa__G202603241145/seed_0
[OTRepair] Group 0: n=166, ||μ||=1.2706, cov_diag=[0.1741, 0.9504]
[OTRepair] Group 1: n=402, ||μ||=0.5247, cov_diag=[0.9247, 1.2870]
[OTRepair] Barycenter computed. μ* norm=0.3730
[OTRepair] Group 0: A_g computed, ||A_g - I||=2.3074
[OTRepair] Group 1: A_g computed, ||A_g - I||=0.8306
[OTRepair] Test features repaired.
FFNN Using device: cpu
[OTRepair] ERM trained on repaired features.
FFNN Using device: cpu
[OTRepair] Alpha (ERM on original features) trained.
FFNN Using device: cpu
[TestSuite] Loaded best β weights from: /lustre09/project/6000743/epigou/cs_9170_project/training_runs/BASELINE_gaussian_ot_repair_p1_har_bias010_otrep_5s_c681aafa__G202603241145/seed_0/otrep_model.pt

[TEST] Alpha -> F1(min)=0.8584 | F1(maj)=0.7793 | F1(weighted)=0.8343 | F1(macro)=0.8188 | Brier=0.1669
[TEST] Beta  -> F1(min)=0.8778 | F1(maj)=0.8009 | F1(weighted)=0.8544 | F1(macro)=0.8394 | Brier=0.1467
[TestSuite] Final test metrics appended to (seed): /lustre09/project/6000743/epigou/cs_9170_project/training_runs/BASELINE_gaussian_ot_repair_p1_har_bias010_otrep_5s_c681aafa__G202603241145/seed_0/final_test_metrics.csv
[TestSuite] Final test metrics appended to (experiment): /lustre09/project/6000743/epigou/cs_9170_project/training_runs/BASELINE_gaussian_ot_repair_p1_har_bias010_otrep_5s_c681aafa__G202603241145/final_test_metrics.csv
[OTRepair] Done. seed=0 | time=122.9s
[OTRepair] Results in /lustre09/project/6000743/epigou/cs_9170_project/training_runs/BASELINE_gaussian_ot_repair_p1_har_bias010_otrep_5s_c681aafa__G202603241145/seed_0

[run_baseline] ---- seed=1 ----
[TRAIN] size=568, rope=56 (9.86%), class0=512, class1=56
[VAL] size=188, rope=18 (9.57%), class0=170, class1=18
[TEST] size=568, rope=395 (69.54%), class0=173, class1=395
use_pca=False | theta_dim=14 | features_in=14 | classes=[np.int64(0), np.int64(1)]
[OTRepair] exp_group=BASELINE_gaussian_ot_repair_p1_har_bias010_otrep_5s_c681aafa__G202603241145  seed=1
[OTRepair] dataset=pamap2  feature_dim=14
[OTRepair] ot_config={'lam': 1.0, 'n_groups': 2, 'cov_reg': 1e-05, 'barycenter_iters': 100, 'repair_test': True}
[OTRepair] seed_dir=/lustre09/project/6000743/epigou/cs_9170_project/training_runs/BASELINE_gaussian_ot_repair_p1_har_bias010_otrep_5s_c681aafa__G202603241145/seed_1
[OTRepair] Group 0: n=165, ||μ||=1.3152, cov_diag=[0.2021, 0.9750]
[OTRepair] Group 1: n=403, ||μ||=0.5385, cov_diag=[0.9138, 1.2669]
[OTRepair] Barycenter computed. μ* norm=0.3884
[OTRepair] Group 0: A_g computed, ||A_g - I||=2.1809
[OTRepair] Group 1: A_g computed, ||A_g - I||=0.8226
[OTRepair] Test features repaired.
FFNN Using device: cpu
[OTRepair] ERM trained on repaired features.
FFNN Using device: cpu
[OTRepair] Alpha (ERM on original features) trained.
FFNN Using device: cpu
[TestSuite] Loaded best β weights from: /lustre09/project/6000743/epigou/cs_9170_project/training_runs/BASELINE_gaussian_ot_repair_p1_har_bias010_otrep_5s_c681aafa__G202603241145/seed_1/otrep_model.pt

[TEST] Alpha -> F1(min)=0.8012 | F1(maj)=0.7254 | F1(weighted)=0.7781 | F1(macro)=0.7633 | Brier=0.2065
[TEST] Beta  -> F1(min)=0.8600 | F1(maj)=0.7810 | F1(weighted)=0.8360 | F1(macro)=0.8205 | Brier=0.1583
[TestSuite] Final test metrics appended to (seed): /lustre09/project/6000743/epigou/cs_9170_project/training_runs/BASELINE_gaussian_ot_repair_p1_har_bias010_otrep_5s_c681aafa__G202603241145/seed_1/final_test_metrics.csv
[TestSuite] Final test metrics appended to (experiment): /lustre09/project/6000743/epigou/cs_9170_project/training_runs/BASELINE_gaussian_ot_repair_p1_har_bias010_otrep_5s_c681aafa__G202603241145/final_test_metrics.csv
[OTRepair] Done. seed=1 | time=122.1s
[OTRepair] Results in /lustre09/project/6000743/epigou/cs_9170_project/training_runs/BASELINE_gaussian_ot_repair_p1_har_bias010_otrep_5s_c681aafa__G202603241145/seed_1

[run_baseline] ---- seed=2 ----
[TRAIN] size=568, rope=56 (9.86%), class0=512, class1=56
[VAL] size=188, rope=18 (9.57%), class0=170, class1=18
[TEST] size=568, rope=395 (69.54%), class0=173, class1=395
use_pca=False | theta_dim=14 | features_in=14 | classes=[np.int64(0), np.int64(1)]
[OTRepair] exp_group=BASELINE_gaussian_ot_repair_p1_har_bias010_otrep_5s_c681aafa__G202603241145  seed=2
[OTRepair] dataset=pamap2  feature_dim=14
[OTRepair] ot_config={'lam': 1.0, 'n_groups': 2, 'cov_reg': 1e-05, 'barycenter_iters': 100, 'repair_test': True}
[OTRepair] seed_dir=/lustre09/project/6000743/epigou/cs_9170_project/training_runs/BASELINE_gaussian_ot_repair_p1_har_bias010_otrep_5s_c681aafa__G202603241145/seed_2
[OTRepair] Group 0: n=164, ||μ||=1.3245, cov_diag=[0.1969, 0.9784]
[OTRepair] Group 1: n=404, ||μ||=0.5376, cov_diag=[0.9135, 1.2680]
[OTRepair] Barycenter computed. μ* norm=0.3934
[OTRepair] Group 0: A_g computed, ||A_g - I||=2.1313
[OTRepair] Group 1: A_g computed, ||A_g - I||=0.7993
[OTRepair] Test features repaired.
FFNN Using device: cpu
[OTRepair] ERM trained on repaired features.
FFNN Using device: cpu
[OTRepair] Alpha (ERM on original features) trained.
FFNN Using device: cpu
[TestSuite] Loaded best β weights from: /lustre09/project/6000743/epigou/cs_9170_project/training_runs/BASELINE_gaussian_ot_repair_p1_har_bias010_otrep_5s_c681aafa__G202603241145/seed_2/otrep_model.pt

[TEST] Alpha -> F1(min)=0.8244 | F1(maj)=0.7457 | F1(weighted)=0.8004 | F1(macro)=0.7850 | Brier=0.1972
[TEST] Beta  -> F1(min)=0.8467 | F1(maj)=0.7672 | F1(weighted)=0.8225 | F1(macro)=0.8069 | Brier=0.1744
[TestSuite] Final test metrics appended to (seed): /lustre09/project/6000743/epigou/cs_9170_project/training_runs/BASELINE_gaussian_ot_repair_p1_har_bias010_otrep_5s_c681aafa__G202603241145/seed_2/final_test_metrics.csv
[TestSuite] Final test metrics appended to (experiment): /lustre09/project/6000743/epigou/cs_9170_project/training_runs/BASELINE_gaussian_ot_repair_p1_har_bias010_otrep_5s_c681aafa__G202603241145/final_test_metrics.csv
[OTRepair] Done. seed=2 | time=121.4s
[OTRepair] Results in /lustre09/project/6000743/epigou/cs_9170_project/training_runs/BASELINE_gaussian_ot_repair_p1_har_bias010_otrep_5s_c681aafa__G202603241145/seed_2

[run_baseline] ---- seed=3 ----
[TRAIN] size=568, rope=56 (9.86%), class0=512, class1=56
[VAL] size=188, rope=18 (9.57%), class0=170, class1=18
[TEST] size=568, rope=395 (69.54%), class0=173, class1=395
use_pca=False | theta_dim=14 | features_in=14 | classes=[np.int64(0), np.int64(1)]
[OTRepair] exp_group=BASELINE_gaussian_ot_repair_p1_har_bias010_otrep_5s_c681aafa__G202603241145  seed=3
[OTRepair] dataset=pamap2  feature_dim=14
[OTRepair] ot_config={'lam': 1.0, 'n_groups': 2, 'cov_reg': 1e-05, 'barycenter_iters': 100, 'repair_test': True}
[OTRepair] seed_dir=/lustre09/project/6000743/epigou/cs_9170_project/training_runs/BASELINE_gaussian_ot_repair_p1_har_bias010_otrep_5s_c681aafa__G202603241145/seed_3
[OTRepair] Group 0: n=166, ||μ||=1.3038, cov_diag=[0.1590, 0.9841]
[OTRepair] Group 1: n=402, ||μ||=0.5384, cov_diag=[0.9144, 1.2901]
[OTRepair] Barycenter computed. μ* norm=0.3827
[OTRepair] Group 0: A_g computed, ||A_g - I||=2.3350
[OTRepair] Group 1: A_g computed, ||A_g - I||=0.8331
[OTRepair] Test features repaired.
FFNN Using device: cpu
[OTRepair] ERM trained on repaired features.
FFNN Using device: cpu
[OTRepair] Alpha (ERM on original features) trained.
FFNN Using device: cpu
[TestSuite] Loaded best β weights from: /lustre09/project/6000743/epigou/cs_9170_project/training_runs/BASELINE_gaussian_ot_repair_p1_har_bias010_otrep_5s_c681aafa__G202603241145/seed_3/otrep_model.pt

[TEST] Alpha -> F1(min)=0.8666 | F1(maj)=0.7882 | F1(weighted)=0.8427 | F1(macro)=0.8274 | Brier=0.1543
[TEST] Beta  -> F1(min)=0.8842 | F1(maj)=0.8084 | F1(weighted)=0.8611 | F1(macro)=0.8463 | Brier=0.1403
[TestSuite] Final test metrics appended to (seed): /lustre09/project/6000743/epigou/cs_9170_project/training_runs/BASELINE_gaussian_ot_repair_p1_har_bias010_otrep_5s_c681aafa__G202603241145/seed_3/final_test_metrics.csv
[TestSuite] Final test metrics appended to (experiment): /lustre09/project/6000743/epigou/cs_9170_project/training_runs/BASELINE_gaussian_ot_repair_p1_har_bias010_otrep_5s_c681aafa__G202603241145/final_test_metrics.csv
[OTRepair] Done. seed=3 | time=122.3s
[OTRepair] Results in /lustre09/project/6000743/epigou/cs_9170_project/training_runs/BASELINE_gaussian_ot_repair_p1_har_bias010_otrep_5s_c681aafa__G202603241145/seed_3
