[run_baseline] baseline=fairness_loss_balancing
[run_baseline] spec=experiment_specs/sc_census_flb_bias020_5s.json
[run_baseline] device=cuda:0
[run_baseline] exp_group=BASELINE_fairness_loss_balancing_sc_census_flb_bias020_5s_fe512446__G202604041126
[run_baseline] seeds=[42, 0, 1, 2, 3]

[run_baseline] ---- seed=42 ----
[TRAIN] size=3000, minority=600 (20.00%)
[VAL] size=6180, minority=1236 (20.00%)
[TEST] size=6513, minority=1569 (24.09%)
[FLB] exp_group=BASELINE_fairness_loss_balancing_sc_census_flb_bias020_5s_fe512446__G202604041126  seed=42
[FLB] dataset=census_income  feature_dim=102
[FLB] flb_config={'lr': 0.001, 'epochs': 200, 'batch_size': 64, 'eta': 0.01, 'n_groups': 4}
[FLB] seed_dir=/home/epigou/cs_9170_project/training_runs/BASELINE_fairness_loss_balancing_sc_census_flb_bias020_5s_fe512446__G202604041126/seed_42
[FLB] Group sizes (a=0/y=0, a=0/y=1, a=1/y=0, a=1/y=1): [961, 96, 1439, 504]
[FLB] epoch=  20 | loss=0.5553 | val_worst=0.5711 | p=[0.249,0.249,0.253,0.249]
[FLB] epoch=  40 | loss=0.5118 | val_worst=0.5460 | p=[0.246,0.250,0.254,0.250]
[FLB] epoch=  60 | loss=0.4888 | val_worst=0.4830 | p=[0.243,0.248,0.260,0.250]
[FLB] epoch=  80 | loss=0.3729 | val_worst=0.5003 | p=[0.239,0.248,0.260,0.253]
[FLB] epoch= 100 | loss=0.3589 | val_worst=0.4811 | p=[0.237,0.243,0.264,0.256]
[FLB] epoch= 120 | loss=0.3724 | val_worst=0.4826 | p=[0.231,0.241,0.268,0.260]
[FLB] epoch= 140 | loss=0.3628 | val_worst=0.4627 | p=[0.229,0.235,0.272,0.265]
[FLB] epoch= 160 | loss=0.3257 | val_worst=0.4482 | p=[0.225,0.231,0.275,0.270]
[FLB] epoch= 180 | loss=0.3423 | val_worst=0.5200 | p=[0.222,0.227,0.277,0.273]
[FLB] epoch= 200 | loss=0.3816 | val_worst=0.4537 | p=[0.218,0.222,0.282,0.278]
[FLB] Training done. Best val_worst=0.4433
[FLB] Training metrics -> /home/epigou/cs_9170_project/training_runs/BASELINE_fairness_loss_balancing_sc_census_flb_bias020_5s_fe512446__G202604041126/seed_42/metrics.csv
[FLB] Best model saved -> /home/epigou/cs_9170_project/training_runs/BASELINE_fairness_loss_balancing_sc_census_flb_bias020_5s_fe512446__G202604041126/seed_42/flb_model.pt
FFNN Using device: cuda:0
FFNN Using device: cuda:0
FFNN Using device: cuda:0
[TestSuite] Loaded best β weights from: /home/epigou/cs_9170_project/training_runs/BASELINE_fairness_loss_balancing_sc_census_flb_bias020_5s_fe512446__G202604041126/seed_42/flb_model.pt

[TEST] Alpha -> F1(min)=0.6068 | F1(maj)=0.8864 | F1(weighted)=0.8191 | F1(macro)=0.7466 | Brier=0.1386
[TEST] Beta  -> F1(min)=0.6601 | F1(maj)=0.8627 | F1(weighted)=0.8139 | F1(macro)=0.7614 | Brier=0.1338
[TestSuite] Final test metrics appended to (seed): /home/epigou/cs_9170_project/training_runs/BASELINE_fairness_loss_balancing_sc_census_flb_bias020_5s_fe512446__G202604041126/seed_42/final_test_metrics.csv
[TestSuite] Final test metrics appended to (experiment): /home/epigou/cs_9170_project/training_runs/BASELINE_fairness_loss_balancing_sc_census_flb_bias020_5s_fe512446__G202604041126/final_test_metrics.csv
[FLB] Done. seed=42 | time=10.9s
[FLB] Results in /home/epigou/cs_9170_project/training_runs/BASELINE_fairness_loss_balancing_sc_census_flb_bias020_5s_fe512446__G202604041126/seed_42

[run_baseline] ---- seed=0 ----
[TRAIN] size=3000, minority=600 (20.00%)
[VAL] size=6180, minority=1236 (20.00%)
[TEST] size=6513, minority=1569 (24.09%)
[FLB] exp_group=BASELINE_fairness_loss_balancing_sc_census_flb_bias020_5s_fe512446__G202604041126  seed=0
[FLB] dataset=census_income  feature_dim=100
[FLB] flb_config={'lr': 0.001, 'epochs': 200, 'batch_size': 64, 'eta': 0.01, 'n_groups': 4}
[FLB] seed_dir=/home/epigou/cs_9170_project/training_runs/BASELINE_fairness_loss_balancing_sc_census_flb_bias020_5s_fe512446__G202604041126/seed_0
[FLB] Group sizes (a=0/y=0, a=0/y=1, a=1/y=0, a=1/y=1): [884, 94, 1516, 506]
[FLB] epoch=  20 | loss=0.6204 | val_worst=0.6228 | p=[0.250,0.252,0.253,0.245]
[FLB] epoch=  40 | loss=0.5679 | val_worst=0.6170 | p=[0.248,0.254,0.257,0.241]
[FLB] epoch=  60 | loss=0.4147 | val_worst=0.5458 | p=[0.246,0.254,0.265,0.235]
[FLB] epoch=  80 | loss=0.4313 | val_worst=0.4746 | p=[0.244,0.253,0.269,0.234]
[FLB] epoch= 100 | loss=0.4195 | val_worst=0.4812 | p=[0.240,0.253,0.271,0.236]
[FLB] epoch= 120 | loss=0.3731 | val_worst=0.5426 | p=[0.239,0.251,0.275,0.234]
[FLB] epoch= 140 | loss=0.3281 | val_worst=0.4618 | p=[0.237,0.251,0.276,0.237]
[FLB] epoch= 160 | loss=0.4583 | val_worst=0.5593 | p=[0.235,0.247,0.277,0.240]
[FLB] epoch= 180 | loss=0.2165 | val_worst=0.5276 | p=[0.234,0.243,0.279,0.243]
[FLB] epoch= 200 | loss=0.3011 | val_worst=0.5687 | p=[0.233,0.240,0.281,0.246]
[FLB] Training done. Best val_worst=0.4618
[FLB] Training metrics -> /home/epigou/cs_9170_project/training_runs/BASELINE_fairness_loss_balancing_sc_census_flb_bias020_5s_fe512446__G202604041126/seed_0/metrics.csv
[FLB] Best model saved -> /home/epigou/cs_9170_project/training_runs/BASELINE_fairness_loss_balancing_sc_census_flb_bias020_5s_fe512446__G202604041126/seed_0/flb_model.pt
FFNN Using device: cuda:0
FFNN Using device: cuda:0
FFNN Using device: cuda:0
[TestSuite] Loaded best β weights from: /home/epigou/cs_9170_project/training_runs/BASELINE_fairness_loss_balancing_sc_census_flb_bias020_5s_fe512446__G202604041126/seed_0/flb_model.pt

[TEST] Alpha -> F1(min)=0.6104 | F1(maj)=0.8895 | F1(weighted)=0.8223 | F1(macro)=0.7500 | Brier=0.1363
[TEST] Beta  -> F1(min)=0.6579 | F1(maj)=0.8585 | F1(weighted)=0.8102 | F1(macro)=0.7582 | Brier=0.1375
[TestSuite] Final test metrics appended to (seed): /home/epigou/cs_9170_project/training_runs/BASELINE_fairness_loss_balancing_sc_census_flb_bias020_5s_fe512446__G202604041126/seed_0/final_test_metrics.csv
[TestSuite] Final test metrics appended to (experiment): /home/epigou/cs_9170_project/training_runs/BASELINE_fairness_loss_balancing_sc_census_flb_bias020_5s_fe512446__G202604041126/final_test_metrics.csv
[FLB] Done. seed=0 | time=9.4s
[FLB] Results in /home/epigou/cs_9170_project/training_runs/BASELINE_fairness_loss_balancing_sc_census_flb_bias020_5s_fe512446__G202604041126/seed_0

[run_baseline] ---- seed=1 ----
[TRAIN] size=3000, minority=600 (20.00%)
[VAL] size=6180, minority=1236 (20.00%)
[TEST] size=6513, minority=1569 (24.09%)
[FLB] exp_group=BASELINE_fairness_loss_balancing_sc_census_flb_bias020_5s_fe512446__G202604041126  seed=1
[FLB] dataset=census_income  feature_dim=105
[FLB] flb_config={'lr': 0.001, 'epochs': 200, 'batch_size': 64, 'eta': 0.01, 'n_groups': 4}
[FLB] seed_dir=/home/epigou/cs_9170_project/training_runs/BASELINE_fairness_loss_balancing_sc_census_flb_bias020_5s_fe512446__G202604041126/seed_1
[FLB] Group sizes (a=0/y=0, a=0/y=1, a=1/y=0, a=1/y=1): [907, 88, 1493, 512]
[FLB] epoch=  20 | loss=0.6339 | val_worst=0.8526 | p=[0.245,0.254,0.254,0.247]
[FLB] epoch=  40 | loss=0.5472 | val_worst=0.7326 | p=[0.242,0.253,0.265,0.240]
[FLB] epoch=  60 | loss=0.4535 | val_worst=0.5924 | p=[0.236,0.254,0.273,0.236]
[FLB] epoch=  80 | loss=0.4629 | val_worst=0.5178 | p=[0.230,0.256,0.278,0.236]
[FLB] epoch= 100 | loss=0.4279 | val_worst=0.4832 | p=[0.226,0.254,0.283,0.237]
[FLB] epoch= 120 | loss=0.3616 | val_worst=0.5241 | p=[0.224,0.249,0.286,0.240]
[FLB] epoch= 140 | loss=0.4123 | val_worst=0.5615 | p=[0.220,0.244,0.287,0.249]
[FLB] epoch= 160 | loss=0.3022 | val_worst=0.5065 | p=[0.218,0.238,0.289,0.255]
[FLB] epoch= 180 | loss=0.3081 | val_worst=0.5159 | p=[0.215,0.232,0.292,0.262]
[FLB] epoch= 200 | loss=0.2805 | val_worst=0.5263 | p=[0.212,0.225,0.295,0.268]
[FLB] Training done. Best val_worst=0.4723
[FLB] Training metrics -> /home/epigou/cs_9170_project/training_runs/BASELINE_fairness_loss_balancing_sc_census_flb_bias020_5s_fe512446__G202604041126/seed_1/metrics.csv
[FLB] Best model saved -> /home/epigou/cs_9170_project/training_runs/BASELINE_fairness_loss_balancing_sc_census_flb_bias020_5s_fe512446__G202604041126/seed_1/flb_model.pt
FFNN Using device: cuda:0
FFNN Using device: cuda:0
FFNN Using device: cuda:0
[TestSuite] Loaded best β weights from: /home/epigou/cs_9170_project/training_runs/BASELINE_fairness_loss_balancing_sc_census_flb_bias020_5s_fe512446__G202604041126/seed_1/flb_model.pt

[TEST] Alpha -> F1(min)=0.6112 | F1(maj)=0.8859 | F1(weighted)=0.8197 | F1(macro)=0.7485 | Brier=0.1438
[TEST] Beta  -> F1(min)=0.6517 | F1(maj)=0.8531 | F1(weighted)=0.8046 | F1(macro)=0.7524 | Brier=0.1386
[TestSuite] Final test metrics appended to (seed): /home/epigou/cs_9170_project/training_runs/BASELINE_fairness_loss_balancing_sc_census_flb_bias020_5s_fe512446__G202604041126/seed_1/final_test_metrics.csv
[TestSuite] Final test metrics appended to (experiment): /home/epigou/cs_9170_project/training_runs/BASELINE_fairness_loss_balancing_sc_census_flb_bias020_5s_fe512446__G202604041126/final_test_metrics.csv
[FLB] Done. seed=1 | time=9.3s
[FLB] Results in /home/epigou/cs_9170_project/training_runs/BASELINE_fairness_loss_balancing_sc_census_flb_bias020_5s_fe512446__G202604041126/seed_1

[run_baseline] ---- seed=2 ----
[TRAIN] size=3000, minority=600 (20.00%)
[VAL] size=6180, minority=1236 (20.00%)
[TEST] size=6513, minority=1569 (24.09%)
[FLB] exp_group=BASELINE_fairness_loss_balancing_sc_census_flb_bias020_5s_fe512446__G202604041126  seed=2
[FLB] dataset=census_income  feature_dim=103
[FLB] flb_config={'lr': 0.001, 'epochs': 200, 'batch_size': 64, 'eta': 0.01, 'n_groups': 4}
[FLB] seed_dir=/home/epigou/cs_9170_project/training_runs/BASELINE_fairness_loss_balancing_sc_census_flb_bias020_5s_fe512446__G202604041126/seed_2
[FLB] Group sizes (a=0/y=0, a=0/y=1, a=1/y=0, a=1/y=1): [968, 84, 1432, 516]
[FLB] epoch=  20 | loss=0.6289 | val_worst=0.7817 | p=[0.257,0.242,0.260,0.240]
[FLB] epoch=  40 | loss=0.5486 | val_worst=0.6928 | p=[0.261,0.237,0.269,0.234]
[FLB] epoch=  60 | loss=0.4412 | val_worst=0.5506 | p=[0.261,0.233,0.274,0.232]
[FLB] epoch=  80 | loss=0.5136 | val_worst=0.5423 | p=[0.256,0.232,0.277,0.235]
[FLB] epoch= 100 | loss=0.4257 | val_worst=0.5108 | p=[0.253,0.230,0.280,0.237]
[FLB] epoch= 120 | loss=0.3543 | val_worst=0.4962 | p=[0.248,0.230,0.282,0.241]
[FLB] epoch= 140 | loss=0.3580 | val_worst=0.4952 | p=[0.245,0.227,0.283,0.244]
[FLB] epoch= 160 | loss=0.4168 | val_worst=0.5218 | p=[0.242,0.225,0.283,0.249]
[FLB] epoch= 180 | loss=0.4831 | val_worst=0.5088 | p=[0.238,0.220,0.286,0.256]
[FLB] epoch= 200 | loss=0.3158 | val_worst=0.5497 | p=[0.236,0.216,0.287,0.261]
[FLB] Training done. Best val_worst=0.4748
[FLB] Training metrics -> /home/epigou/cs_9170_project/training_runs/BASELINE_fairness_loss_balancing_sc_census_flb_bias020_5s_fe512446__G202604041126/seed_2/metrics.csv
[FLB] Best model saved -> /home/epigou/cs_9170_project/training_runs/BASELINE_fairness_loss_balancing_sc_census_flb_bias020_5s_fe512446__G202604041126/seed_2/flb_model.pt
FFNN Using device: cuda:0
FFNN Using device: cuda:0
FFNN Using device: cuda:0
[TestSuite] Loaded best β weights from: /home/epigou/cs_9170_project/training_runs/BASELINE_fairness_loss_balancing_sc_census_flb_bias020_5s_fe512446__G202604041126/seed_2/flb_model.pt

[TEST] Alpha -> F1(min)=0.6167 | F1(maj)=0.8950 | F1(weighted)=0.8279 | F1(macro)=0.7558 | Brier=0.1337
[TEST] Beta  -> F1(min)=0.6828 | F1(maj)=0.8832 | F1(weighted)=0.8349 | F1(macro)=0.7830 | Brier=0.1245
[TestSuite] Final test metrics appended to (seed): /home/epigou/cs_9170_project/training_runs/BASELINE_fairness_loss_balancing_sc_census_flb_bias020_5s_fe512446__G202604041126/seed_2/final_test_metrics.csv
[TestSuite] Final test metrics appended to (experiment): /home/epigou/cs_9170_project/training_runs/BASELINE_fairness_loss_balancing_sc_census_flb_bias020_5s_fe512446__G202604041126/final_test_metrics.csv
[FLB] Done. seed=2 | time=9.4s
[FLB] Results in /home/epigou/cs_9170_project/training_runs/BASELINE_fairness_loss_balancing_sc_census_flb_bias020_5s_fe512446__G202604041126/seed_2

[run_baseline] ---- seed=3 ----
[TRAIN] size=3000, minority=600 (20.00%)
[VAL] size=6180, minority=1236 (20.00%)
[TEST] size=6513, minority=1569 (24.09%)
[FLB] exp_group=BASELINE_fairness_loss_balancing_sc_census_flb_bias020_5s_fe512446__G202604041126  seed=3
[FLB] dataset=census_income  feature_dim=107
[FLB] flb_config={'lr': 0.001, 'epochs': 200, 'batch_size': 64, 'eta': 0.01, 'n_groups': 4}
[FLB] seed_dir=/home/epigou/cs_9170_project/training_runs/BASELINE_fairness_loss_balancing_sc_census_flb_bias020_5s_fe512446__G202604041126/seed_3
[FLB] Group sizes (a=0/y=0, a=0/y=1, a=1/y=0, a=1/y=1): [917, 94, 1483, 506]
[FLB] epoch=  20 | loss=0.6410 | val_worst=0.7431 | p=[0.250,0.252,0.250,0.249]
[FLB] epoch=  40 | loss=0.6264 | val_worst=0.6564 | p=[0.254,0.249,0.254,0.244]
[FLB] epoch=  60 | loss=0.5049 | val_worst=0.5658 | p=[0.254,0.247,0.256,0.243]
[FLB] epoch=  80 | loss=0.5292 | val_worst=0.5323 | p=[0.253,0.247,0.256,0.244]
[FLB] epoch= 100 | loss=0.4060 | val_worst=0.5326 | p=[0.249,0.248,0.259,0.244]
[FLB] epoch= 120 | loss=0.4674 | val_worst=0.5076 | p=[0.247,0.244,0.262,0.247]
[FLB] epoch= 140 | loss=0.3774 | val_worst=0.4943 | p=[0.243,0.241,0.264,0.252]
[FLB] epoch= 160 | loss=0.2707 | val_worst=0.4679 | p=[0.240,0.236,0.266,0.258]
[FLB] epoch= 180 | loss=0.4108 | val_worst=0.5087 | p=[0.237,0.231,0.269,0.263]
[FLB] epoch= 200 | loss=0.3870 | val_worst=0.4618 | p=[0.232,0.226,0.272,0.270]
[FLB] Training done. Best val_worst=0.4569
[FLB] Training metrics -> /home/epigou/cs_9170_project/training_runs/BASELINE_fairness_loss_balancing_sc_census_flb_bias020_5s_fe512446__G202604041126/seed_3/metrics.csv
[FLB] Best model saved -> /home/epigou/cs_9170_project/training_runs/BASELINE_fairness_loss_balancing_sc_census_flb_bias020_5s_fe512446__G202604041126/seed_3/flb_model.pt
FFNN Using device: cuda:0
FFNN Using device: cuda:0
FFNN Using device: cuda:0
[TestSuite] Loaded best β weights from: /home/epigou/cs_9170_project/training_runs/BASELINE_fairness_loss_balancing_sc_census_flb_bias020_5s_fe512446__G202604041126/seed_3/flb_model.pt

[TEST] Alpha -> F1(min)=0.5983 | F1(maj)=0.8811 | F1(weighted)=0.8130 | F1(macro)=0.7397 | Brier=0.1483
[TEST] Beta  -> F1(min)=0.6717 | F1(maj)=0.8682 | F1(weighted)=0.8209 | F1(macro)=0.7699 | Brier=0.1288
[TestSuite] Final test metrics appended to (seed): /home/epigou/cs_9170_project/training_runs/BASELINE_fairness_loss_balancing_sc_census_flb_bias020_5s_fe512446__G202604041126/seed_3/final_test_metrics.csv
[TestSuite] Final test metrics appended to (experiment): /home/epigou/cs_9170_project/training_runs/BASELINE_fairness_loss_balancing_sc_census_flb_bias020_5s_fe512446__G202604041126/final_test_metrics.csv
[FLB] Done. seed=3 | time=9.4s
[FLB] Results in /home/epigou/cs_9170_project/training_runs/BASELINE_fairness_loss_balancing_sc_census_flb_bias020_5s_fe512446__G202604041126/seed_3
