[run_baseline] baseline=gaussian_augment
[run_baseline] spec=experiment_specs/sc_census_gauss_augment_bias010_5s.json
[run_baseline] device=cuda:0
[run_baseline] exp_group=BASELINE_gaussian_augment_sc_census_gauss_augment_bias010_5s_034568df__G202604041127
[run_baseline] seeds=[42, 0, 1, 2, 3]

[run_baseline] ---- seed=42 ----
[TRAIN] size=3000, minority=300 (10.00%)
[VAL] size=6512, minority=1568 (24.08%)
[TEST] size=6513, minority=1569 (24.09%)
[GaussAugment] exp_group=BASELINE_gaussian_augment_sc_census_gauss_augment_bias010_5s_034568df__G202604041127  seed=42
[GaussAugment] dataset=census_income  feature_dim=10
[GaussAugment] n_synthetic=2000  pca_components=10
[GaussAugment] Phase-1: 257 real minority positives -> 2000 synthetic samples
[GaussAugment] Phase-2: 2000 synthetic majority negatives
[GaussAugment] Combined: 7000 total (real=3000, syn1=2000, syn0=2000)
FFNN Using device: cuda:0
FFNN Using device: cuda:0
FFNN Using device: cuda:0
[TestSuite] Loaded best β weights from: /home/epigou/cs_9170_project/paper_results_v4/BASELINE_gaussian_augment_sc_census_gauss_augment_bias010_5s_034568df__G202604041127/seed_42/beta_model.pt

[TEST] Alpha -> F1(min)=0.4607 | F1(maj)=0.8919 | F1(weighted)=0.7880 | F1(macro)=0.6763 | Brier=0.1248
[TEST] Beta  -> F1(min)=0.5189 | F1(maj)=0.8938 | F1(weighted)=0.8035 | F1(macro)=0.7064 | Brier=0.1254
[TestSuite] Final test metrics appended to (seed): /home/epigou/cs_9170_project/paper_results_v4/BASELINE_gaussian_augment_sc_census_gauss_augment_bias010_5s_034568df__G202604041127/seed_42/final_test_metrics.csv
[TestSuite] Final test metrics appended to (experiment): /home/epigou/cs_9170_project/paper_results_v4/BASELINE_gaussian_augment_sc_census_gauss_augment_bias010_5s_034568df__G202604041127/final_test_metrics.csv
[GaussAugment] Done. seed=42 | time=7.7s

[run_baseline] ---- seed=0 ----
[TRAIN] size=3000, minority=300 (10.00%)
[VAL] size=6512, minority=1568 (24.08%)
[TEST] size=6513, minority=1569 (24.09%)
[GaussAugment] exp_group=BASELINE_gaussian_augment_sc_census_gauss_augment_bias010_5s_034568df__G202604041127  seed=0
[GaussAugment] dataset=census_income  feature_dim=10
[GaussAugment] n_synthetic=2000  pca_components=10
[GaussAugment] Phase-1: 263 real minority positives -> 2000 synthetic samples
[GaussAugment] Phase-2: 2000 synthetic majority negatives
[GaussAugment] Combined: 7000 total (real=3000, syn1=2000, syn0=2000)
FFNN Using device: cuda:0
FFNN Using device: cuda:0
FFNN Using device: cuda:0
[TestSuite] Loaded best β weights from: /home/epigou/cs_9170_project/paper_results_v4/BASELINE_gaussian_augment_sc_census_gauss_augment_bias010_5s_034568df__G202604041127/seed_0/beta_model.pt

[TEST] Alpha -> F1(min)=0.4418 | F1(maj)=0.8924 | F1(weighted)=0.7839 | F1(macro)=0.6671 | Brier=0.1276
[TEST] Beta  -> F1(min)=0.5069 | F1(maj)=0.8934 | F1(weighted)=0.8003 | F1(macro)=0.7001 | Brier=0.1288
[TestSuite] Final test metrics appended to (seed): /home/epigou/cs_9170_project/paper_results_v4/BASELINE_gaussian_augment_sc_census_gauss_augment_bias010_5s_034568df__G202604041127/seed_0/final_test_metrics.csv
[TestSuite] Final test metrics appended to (experiment): /home/epigou/cs_9170_project/paper_results_v4/BASELINE_gaussian_augment_sc_census_gauss_augment_bias010_5s_034568df__G202604041127/final_test_metrics.csv
[GaussAugment] Done. seed=0 | time=6.1s

[run_baseline] ---- seed=1 ----
[TRAIN] size=3000, minority=300 (10.00%)
[VAL] size=6512, minority=1568 (24.08%)
[TEST] size=6513, minority=1569 (24.09%)
[GaussAugment] exp_group=BASELINE_gaussian_augment_sc_census_gauss_augment_bias010_5s_034568df__G202604041127  seed=1
[GaussAugment] dataset=census_income  feature_dim=10
[GaussAugment] n_synthetic=2000  pca_components=10
[GaussAugment] Phase-1: 258 real minority positives -> 2000 synthetic samples
[GaussAugment] Phase-2: 2000 synthetic majority negatives
[GaussAugment] Combined: 7000 total (real=3000, syn1=2000, syn0=2000)
FFNN Using device: cuda:0
FFNN Using device: cuda:0
FFNN Using device: cuda:0
[TestSuite] Loaded best β weights from: /home/epigou/cs_9170_project/paper_results_v4/BASELINE_gaussian_augment_sc_census_gauss_augment_bias010_5s_034568df__G202604041127/seed_1/beta_model.pt

[TEST] Alpha -> F1(min)=0.4669 | F1(maj)=0.8939 | F1(weighted)=0.7910 | F1(macro)=0.6804 | Brier=0.1222
[TEST] Beta  -> F1(min)=0.5229 | F1(maj)=0.8898 | F1(weighted)=0.8014 | F1(macro)=0.7064 | Brier=0.1253
[TestSuite] Final test metrics appended to (seed): /home/epigou/cs_9170_project/paper_results_v4/BASELINE_gaussian_augment_sc_census_gauss_augment_bias010_5s_034568df__G202604041127/seed_1/final_test_metrics.csv
[TestSuite] Final test metrics appended to (experiment): /home/epigou/cs_9170_project/paper_results_v4/BASELINE_gaussian_augment_sc_census_gauss_augment_bias010_5s_034568df__G202604041127/final_test_metrics.csv
[GaussAugment] Done. seed=1 | time=6.0s

[run_baseline] ---- seed=2 ----
[TRAIN] size=3000, minority=300 (10.00%)
[VAL] size=6512, minority=1568 (24.08%)
[TEST] size=6513, minority=1569 (24.09%)
[GaussAugment] exp_group=BASELINE_gaussian_augment_sc_census_gauss_augment_bias010_5s_034568df__G202604041127  seed=2
[GaussAugment] dataset=census_income  feature_dim=10
[GaussAugment] n_synthetic=2000  pca_components=10
[GaussAugment] Phase-1: 267 real minority positives -> 2000 synthetic samples
[GaussAugment] Phase-2: 2000 synthetic majority negatives
[GaussAugment] Combined: 7000 total (real=3000, syn1=2000, syn0=2000)
FFNN Using device: cuda:0
FFNN Using device: cuda:0
FFNN Using device: cuda:0
[TestSuite] Loaded best β weights from: /home/epigou/cs_9170_project/paper_results_v4/BASELINE_gaussian_augment_sc_census_gauss_augment_bias010_5s_034568df__G202604041127/seed_2/beta_model.pt

[TEST] Alpha -> F1(min)=0.5180 | F1(maj)=0.8964 | F1(weighted)=0.8052 | F1(macro)=0.7072 | Brier=0.1224
[TEST] Beta  -> F1(min)=0.5183 | F1(maj)=0.8942 | F1(weighted)=0.8036 | F1(macro)=0.7063 | Brier=0.1273
[TestSuite] Final test metrics appended to (seed): /home/epigou/cs_9170_project/paper_results_v4/BASELINE_gaussian_augment_sc_census_gauss_augment_bias010_5s_034568df__G202604041127/seed_2/final_test_metrics.csv
[TestSuite] Final test metrics appended to (experiment): /home/epigou/cs_9170_project/paper_results_v4/BASELINE_gaussian_augment_sc_census_gauss_augment_bias010_5s_034568df__G202604041127/final_test_metrics.csv
[GaussAugment] Done. seed=2 | time=6.4s

[run_baseline] ---- seed=3 ----
[TRAIN] size=3000, minority=300 (10.00%)
[VAL] size=6512, minority=1568 (24.08%)
[TEST] size=6513, minority=1569 (24.09%)
[GaussAugment] exp_group=BASELINE_gaussian_augment_sc_census_gauss_augment_bias010_5s_034568df__G202604041127  seed=3
[GaussAugment] dataset=census_income  feature_dim=10
[GaussAugment] n_synthetic=2000  pca_components=10
[GaussAugment] Phase-1: 252 real minority positives -> 2000 synthetic samples
[GaussAugment] Phase-2: 2000 synthetic majority negatives
[GaussAugment] Combined: 7000 total (real=3000, syn1=2000, syn0=2000)
FFNN Using device: cuda:0
FFNN Using device: cuda:0
FFNN Using device: cuda:0
[TestSuite] Loaded best β weights from: /home/epigou/cs_9170_project/paper_results_v4/BASELINE_gaussian_augment_sc_census_gauss_augment_bias010_5s_034568df__G202604041127/seed_3/beta_model.pt

[TEST] Alpha -> F1(min)=0.5270 | F1(maj)=0.8986 | F1(weighted)=0.8090 | F1(macro)=0.7128 | Brier=0.1212
[TEST] Beta  -> F1(min)=0.5525 | F1(maj)=0.8925 | F1(weighted)=0.8106 | F1(macro)=0.7225 | Brier=0.1273
[TestSuite] Final test metrics appended to (seed): /home/epigou/cs_9170_project/paper_results_v4/BASELINE_gaussian_augment_sc_census_gauss_augment_bias010_5s_034568df__G202604041127/seed_3/final_test_metrics.csv
[TestSuite] Final test metrics appended to (experiment): /home/epigou/cs_9170_project/paper_results_v4/BASELINE_gaussian_augment_sc_census_gauss_augment_bias010_5s_034568df__G202604041127/final_test_metrics.csv
[GaussAugment] Done. seed=3 | time=6.1s
