[run_baseline] baseline=gaussian_ot_repair
[run_baseline] spec=experiment_specs/v16_bias010_otrep_credit_3seeds.json
[run_baseline] device=cpu
[run_baseline] exp_group=BASELINE_gaussian_ot_repair_v16_bias010_otrep_credit_3seeds_915957db__G202603171827
[run_baseline] seeds=[42, 0, 1]

[run_baseline] ---- seed=42 ----
Label distribution: {0: 23364, 1: 6636}
[TRAIN] size=3000, minority=300 (10.00%)
[VAL] size=5192, minority=519 (10.00%)
[TEST] size=6000, minority=1327 (22.12%)
[OTRepair] exp_group=BASELINE_gaussian_ot_repair_v16_bias010_otrep_credit_3seeds_915957db__G202603171827  seed=42
[OTRepair] dataset=credit_card  feature_dim=33
[OTRepair] ot_config={'lam': 1.0, 'n_groups': 2, 'cov_reg': 1e-05, 'barycenter_iters': 100, 'repair_test': True}
[OTRepair] seed_dir=/lustre09/project/6000743/epigou/cs_9170_project/training_runs/BASELINE_gaussian_ot_repair_v16_bias010_otrep_credit_3seeds_915957db__G202603171827/seed_42
[OTRepair] Group 0: n=1147, ||μ||=1.3896, cov_diag=[0.0000, 1.2499]
[OTRepair] Group 1: n=1853, ||μ||=1.3759, cov_diag=[0.0000, 1.4236]
[OTRepair] Barycenter computed. μ* norm=1.1708
[OTRepair] Group 0: A_g computed, ||A_g - I||=352.4817
[OTRepair] Group 1: A_g computed, ||A_g - I||=315.2313
[OTRepair] Test features repaired.
FFNN Using device: cpu
[OTRepair] ERM trained on repaired features.
FFNN Using device: cpu
[OTRepair] Alpha (ERM on original features) trained.
FFNN Using device: cpu
[TestSuite] Loaded best β weights from: /lustre09/project/6000743/epigou/cs_9170_project/training_runs/BASELINE_gaussian_ot_repair_v16_bias010_otrep_credit_3seeds_915957db__G202603171827/seed_42/otrep_model.pt

[TEST] Alpha -> F1(min)=0.2591 | F1(maj)=0.8805 | F1(weighted)=0.7431 | F1(macro)=0.5698 | Brier=0.1688
[TEST] Beta  -> F1(min)=0.2232 | F1(maj)=0.8786 | F1(weighted)=0.7336 | F1(macro)=0.5509 | Brier=0.1736
[TestSuite] Final test metrics appended to (seed): /lustre09/project/6000743/epigou/cs_9170_project/training_runs/BASELINE_gaussian_ot_repair_v16_bias010_otrep_credit_3seeds_915957db__G202603171827/seed_42/final_test_metrics.csv
[TestSuite] Final test metrics appended to (experiment): /lustre09/project/6000743/epigou/cs_9170_project/training_runs/BASELINE_gaussian_ot_repair_v16_bias010_otrep_credit_3seeds_915957db__G202603171827/final_test_metrics.csv
[OTRepair] Done. seed=42 | time=12.6s
[OTRepair] Results in /lustre09/project/6000743/epigou/cs_9170_project/training_runs/BASELINE_gaussian_ot_repair_v16_bias010_otrep_credit_3seeds_915957db__G202603171827/seed_42

[run_baseline] ---- seed=0 ----
Label distribution: {0: 23364, 1: 6636}
[TRAIN] size=3000, minority=300 (10.00%)
[VAL] size=5192, minority=519 (10.00%)
[TEST] size=6000, minority=1327 (22.12%)
[OTRepair] exp_group=BASELINE_gaussian_ot_repair_v16_bias010_otrep_credit_3seeds_915957db__G202603171827  seed=0
[OTRepair] dataset=credit_card  feature_dim=33
[OTRepair] ot_config={'lam': 1.0, 'n_groups': 2, 'cov_reg': 1e-05, 'barycenter_iters': 100, 'repair_test': True}
[OTRepair] seed_dir=/lustre09/project/6000743/epigou/cs_9170_project/training_runs/BASELINE_gaussian_ot_repair_v16_bias010_otrep_credit_3seeds_915957db__G202603171827/seed_0
[OTRepair] Group 0: n=1140, ||μ||=1.3724, cov_diag=[0.0000, 1.4185]
[OTRepair] Group 1: n=1860, ||μ||=1.3683, cov_diag=[0.0000, 1.5000]
[OTRepair] Barycenter computed. μ* norm=1.1638
[OTRepair] Group 0: A_g computed, ||A_g - I||=315.2341
[OTRepair] Group 1: A_g computed, ||A_g - I||=352.4794
[OTRepair] Test features repaired.
FFNN Using device: cpu
[OTRepair] ERM trained on repaired features.
FFNN Using device: cpu
[OTRepair] Alpha (ERM on original features) trained.
FFNN Using device: cpu
[TestSuite] Loaded best β weights from: /lustre09/project/6000743/epigou/cs_9170_project/training_runs/BASELINE_gaussian_ot_repair_v16_bias010_otrep_credit_3seeds_915957db__G202603171827/seed_0/otrep_model.pt

[TEST] Alpha -> F1(min)=0.2232 | F1(maj)=0.8778 | F1(weighted)=0.7330 | F1(macro)=0.5505 | Brier=0.1747
[TEST] Beta  -> F1(min)=0.1931 | F1(maj)=0.8791 | F1(weighted)=0.7274 | F1(macro)=0.5361 | Brier=0.1741
[TestSuite] Final test metrics appended to (seed): /lustre09/project/6000743/epigou/cs_9170_project/training_runs/BASELINE_gaussian_ot_repair_v16_bias010_otrep_credit_3seeds_915957db__G202603171827/seed_0/final_test_metrics.csv
[TestSuite] Final test metrics appended to (experiment): /lustre09/project/6000743/epigou/cs_9170_project/training_runs/BASELINE_gaussian_ot_repair_v16_bias010_otrep_credit_3seeds_915957db__G202603171827/final_test_metrics.csv
[OTRepair] Done. seed=0 | time=10.4s
[OTRepair] Results in /lustre09/project/6000743/epigou/cs_9170_project/training_runs/BASELINE_gaussian_ot_repair_v16_bias010_otrep_credit_3seeds_915957db__G202603171827/seed_0

[run_baseline] ---- seed=1 ----
Label distribution: {0: 23364, 1: 6636}
[TRAIN] size=3000, minority=300 (10.00%)
[VAL] size=5192, minority=519 (10.00%)
[TEST] size=6000, minority=1327 (22.12%)
[OTRepair] exp_group=BASELINE_gaussian_ot_repair_v16_bias010_otrep_credit_3seeds_915957db__G202603171827  seed=1
[OTRepair] dataset=credit_card  feature_dim=32
[OTRepair] ot_config={'lam': 1.0, 'n_groups': 2, 'cov_reg': 1e-05, 'barycenter_iters': 100, 'repair_test': True}
[OTRepair] seed_dir=/lustre09/project/6000743/epigou/cs_9170_project/training_runs/BASELINE_gaussian_ot_repair_v16_bias010_otrep_credit_3seeds_915957db__G202603171827/seed_1
[OTRepair] Group 0: n=1128, ||μ||=1.3899, cov_diag=[0.0000, 1.1825]
[OTRepair] Group 1: n=1872, ||μ||=1.3730, cov_diag=[0.0000, 1.4483]
[OTRepair] Barycenter computed. μ* norm=1.1693
[OTRepair] Group 0: A_g computed, ||A_g - I||=315.2335
[OTRepair] Group 1: A_g computed, ||A_g - I||=315.2332
[OTRepair] Test features repaired.
FFNN Using device: cpu
[OTRepair] ERM trained on repaired features.
FFNN Using device: cpu
[OTRepair] Alpha (ERM on original features) trained.
FFNN Using device: cpu
[TestSuite] Loaded best β weights from: /lustre09/project/6000743/epigou/cs_9170_project/training_runs/BASELINE_gaussian_ot_repair_v16_bias010_otrep_credit_3seeds_915957db__G202603171827/seed_1/otrep_model.pt

[TEST] Alpha -> F1(min)=0.3634 | F1(maj)=0.8800 | F1(weighted)=0.7657 | F1(macro)=0.6217 | Brier=0.1599
[TEST] Beta  -> F1(min)=0.2792 | F1(maj)=0.8765 | F1(weighted)=0.7444 | F1(macro)=0.5779 | Brier=0.1643
[TestSuite] Final test metrics appended to (seed): /lustre09/project/6000743/epigou/cs_9170_project/training_runs/BASELINE_gaussian_ot_repair_v16_bias010_otrep_credit_3seeds_915957db__G202603171827/seed_1/final_test_metrics.csv
[TestSuite] Final test metrics appended to (experiment): /lustre09/project/6000743/epigou/cs_9170_project/training_runs/BASELINE_gaussian_ot_repair_v16_bias010_otrep_credit_3seeds_915957db__G202603171827/final_test_metrics.csv
[OTRepair] Done. seed=1 | time=10.5s
[OTRepair] Results in /lustre09/project/6000743/epigou/cs_9170_project/training_runs/BASELINE_gaussian_ot_repair_v16_bias010_otrep_credit_3seeds_915957db__G202603171827/seed_1
