[run_baseline] baseline=group_dro
[run_baseline] spec=experiment_specs/v16_bias010_gdro_credit_3seeds.json
[run_baseline] device=cpu
[run_baseline] exp_group=BASELINE_group_dro_v16_bias010_gdro_credit_3seeds_70d5567c__G202603171827
[run_baseline] seeds=[42, 0, 1]

[run_baseline] ---- seed=42 ----
Label distribution: {0: 23364, 1: 6636}
[TRAIN] size=3000, minority=300 (10.00%)
[VAL] size=5192, minority=519 (10.00%)
[TEST] size=6000, minority=1327 (22.12%)
[GroupDRO] exp_group=BASELINE_group_dro_v16_bias010_gdro_credit_3seeds_70d5567c__G202603171827  seed=42
[GroupDRO] dataset=credit_card  feature_dim=33
[GroupDRO] gdro_config={'lr': 0.001, 'epochs': 200, 'batch_size': 64, 'eta': 0.01, 'n_groups': 4}
[GroupDRO] seed_dir=/lustre09/project/6000743/epigou/cs_9170_project/training_runs/BASELINE_group_dro_v16_bias010_gdro_credit_3seeds_70d5567c__G202603171827/seed_42
[GroupDRO] epoch=   1 | dro=0.6844 | val_worst=0.7565 | q=[0.262,0.237,0.255,0.246]
[GroupDRO] epoch=  20 | dro=0.4967 | val_worst=0.9339 | q=[0.242,0.238,0.261,0.259]
[GroupDRO] epoch=  40 | dro=0.4110 | val_worst=1.0551 | q=[0.252,0.250,0.257,0.241]
[GroupDRO] epoch=  60 | dro=0.3500 | val_worst=1.5152 | q=[0.280,0.261,0.241,0.218]
[GroupDRO] epoch=  80 | dro=0.3133 | val_worst=1.9919 | q=[0.296,0.268,0.235,0.201]
[GroupDRO] epoch= 100 | dro=0.2869 | val_worst=2.3368 | q=[0.302,0.268,0.232,0.197]
[GroupDRO] epoch= 120 | dro=0.2611 | val_worst=2.3631 | q=[0.304,0.266,0.231,0.198]
[GroupDRO] epoch= 140 | dro=0.2411 | val_worst=2.8584 | q=[0.291,0.253,0.252,0.204]
[GroupDRO] epoch= 160 | dro=0.2287 | val_worst=3.0057 | q=[0.278,0.242,0.270,0.209]
[GroupDRO] epoch= 180 | dro=0.2007 | val_worst=3.0174 | q=[0.269,0.231,0.283,0.217]
[GroupDRO] epoch= 200 | dro=0.1839 | val_worst=3.5636 | q=[0.259,0.223,0.297,0.221]
[GroupDRO] Training done. Best val_worst=0.6573
[GroupDRO] Training metrics -> /lustre09/project/6000743/epigou/cs_9170_project/training_runs/BASELINE_group_dro_v16_bias010_gdro_credit_3seeds_70d5567c__G202603171827/seed_42/metrics.csv
[GroupDRO] Best model saved -> /lustre09/project/6000743/epigou/cs_9170_project/training_runs/BASELINE_group_dro_v16_bias010_gdro_credit_3seeds_70d5567c__G202603171827/seed_42/gdro_model.pt
FFNN Using device: cpu
FFNN Using device: cpu
FFNN Using device: cpu
[TestSuite] Loaded best β weights from: /lustre09/project/6000743/epigou/cs_9170_project/training_runs/BASELINE_group_dro_v16_bias010_gdro_credit_3seeds_70d5567c__G202603171827/seed_42/gdro_model.pt

[TEST] Alpha -> F1(min)=0.1660 | F1(maj)=0.8825 | F1(weighted)=0.7240 | F1(macro)=0.5242 | Brier=0.1584
[TEST] Beta  -> F1(min)=0.4945 | F1(maj)=0.7950 | F1(weighted)=0.7286 | F1(macro)=0.6448 | Brier=0.1997
[TestSuite] Final test metrics appended to (seed): /lustre09/project/6000743/epigou/cs_9170_project/training_runs/BASELINE_group_dro_v16_bias010_gdro_credit_3seeds_70d5567c__G202603171827/seed_42/final_test_metrics.csv
[TestSuite] Final test metrics appended to (experiment): /lustre09/project/6000743/epigou/cs_9170_project/training_runs/BASELINE_group_dro_v16_bias010_gdro_credit_3seeds_70d5567c__G202603171827/final_test_metrics.csv
[GroupDRO] Done. seed=42 | time=17.3s
[GroupDRO] Results in /lustre09/project/6000743/epigou/cs_9170_project/training_runs/BASELINE_group_dro_v16_bias010_gdro_credit_3seeds_70d5567c__G202603171827/seed_42

[run_baseline] ---- seed=0 ----
Label distribution: {0: 23364, 1: 6636}
[TRAIN] size=3000, minority=300 (10.00%)
[VAL] size=5192, minority=519 (10.00%)
[TEST] size=6000, minority=1327 (22.12%)
[GroupDRO] exp_group=BASELINE_group_dro_v16_bias010_gdro_credit_3seeds_70d5567c__G202603171827  seed=0
[GroupDRO] dataset=credit_card  feature_dim=33
[GroupDRO] gdro_config={'lr': 0.001, 'epochs': 200, 'batch_size': 64, 'eta': 0.01, 'n_groups': 4}
[GroupDRO] seed_dir=/lustre09/project/6000743/epigou/cs_9170_project/training_runs/BASELINE_group_dro_v16_bias010_gdro_credit_3seeds_70d5567c__G202603171827/seed_0
[GroupDRO] epoch=   1 | dro=0.6504 | val_worst=0.7073 | q=[0.243,0.253,0.245,0.258]
[GroupDRO] epoch=  20 | dro=0.4650 | val_worst=0.9437 | q=[0.234,0.226,0.268,0.273]
[GroupDRO] epoch=  40 | dro=0.4070 | val_worst=1.2596 | q=[0.215,0.204,0.294,0.286]
[GroupDRO] epoch=  60 | dro=0.3512 | val_worst=1.3873 | q=[0.209,0.194,0.309,0.288]
[GroupDRO] epoch=  80 | dro=0.3076 | val_worst=1.5526 | q=[0.219,0.194,0.307,0.280]
[GroupDRO] epoch= 100 | dro=0.2962 | val_worst=2.0983 | q=[0.229,0.198,0.308,0.265]
[GroupDRO] epoch= 120 | dro=0.2558 | val_worst=2.1996 | q=[0.228,0.196,0.313,0.263]
[GroupDRO] epoch= 140 | dro=0.2334 | val_worst=2.5186 | q=[0.237,0.195,0.310,0.258]
[GroupDRO] epoch= 160 | dro=0.2190 | val_worst=2.5081 | q=[0.242,0.196,0.308,0.254]
[GroupDRO] epoch= 180 | dro=0.2197 | val_worst=2.9479 | q=[0.248,0.201,0.308,0.243]
[GroupDRO] epoch= 200 | dro=0.1847 | val_worst=3.2663 | q=[0.258,0.205,0.301,0.236]
[GroupDRO] Training done. Best val_worst=0.7073
[GroupDRO] Training metrics -> /lustre09/project/6000743/epigou/cs_9170_project/training_runs/BASELINE_group_dro_v16_bias010_gdro_credit_3seeds_70d5567c__G202603171827/seed_0/metrics.csv
[GroupDRO] Best model saved -> /lustre09/project/6000743/epigou/cs_9170_project/training_runs/BASELINE_group_dro_v16_bias010_gdro_credit_3seeds_70d5567c__G202603171827/seed_0/gdro_model.pt
FFNN Using device: cpu
FFNN Using device: cpu
FFNN Using device: cpu
[TestSuite] Loaded best β weights from: /lustre09/project/6000743/epigou/cs_9170_project/training_runs/BASELINE_group_dro_v16_bias010_gdro_credit_3seeds_70d5567c__G202603171827/seed_0/gdro_model.pt

[TEST] Alpha -> F1(min)=0.2085 | F1(maj)=0.8831 | F1(weighted)=0.7339 | F1(macro)=0.5458 | Brier=0.1606
[TEST] Beta  -> F1(min)=0.4049 | F1(maj)=0.7127 | F1(weighted)=0.6446 | F1(macro)=0.5588 | Brier=0.2307
[TestSuite] Final test metrics appended to (seed): /lustre09/project/6000743/epigou/cs_9170_project/training_runs/BASELINE_group_dro_v16_bias010_gdro_credit_3seeds_70d5567c__G202603171827/seed_0/final_test_metrics.csv
[TestSuite] Final test metrics appended to (experiment): /lustre09/project/6000743/epigou/cs_9170_project/training_runs/BASELINE_group_dro_v16_bias010_gdro_credit_3seeds_70d5567c__G202603171827/final_test_metrics.csv
[GroupDRO] Done. seed=0 | time=15.2s
[GroupDRO] Results in /lustre09/project/6000743/epigou/cs_9170_project/training_runs/BASELINE_group_dro_v16_bias010_gdro_credit_3seeds_70d5567c__G202603171827/seed_0

[run_baseline] ---- seed=1 ----
Label distribution: {0: 23364, 1: 6636}
[TRAIN] size=3000, minority=300 (10.00%)
[VAL] size=5192, minority=519 (10.00%)
[TEST] size=6000, minority=1327 (22.12%)
[GroupDRO] exp_group=BASELINE_group_dro_v16_bias010_gdro_credit_3seeds_70d5567c__G202603171827  seed=1
[GroupDRO] dataset=credit_card  feature_dim=32
[GroupDRO] gdro_config={'lr': 0.001, 'epochs': 200, 'batch_size': 64, 'eta': 0.01, 'n_groups': 4}
[GroupDRO] seed_dir=/lustre09/project/6000743/epigou/cs_9170_project/training_runs/BASELINE_group_dro_v16_bias010_gdro_credit_3seeds_70d5567c__G202603171827/seed_1
[GroupDRO] epoch=   1 | dro=0.7463 | val_worst=0.7446 | q=[0.250,0.252,0.235,0.263]
[GroupDRO] epoch=  20 | dro=0.5149 | val_worst=0.6678 | q=[0.221,0.215,0.284,0.280]
[GroupDRO] epoch=  40 | dro=0.4342 | val_worst=0.8747 | q=[0.202,0.197,0.303,0.298]
[GroupDRO] epoch=  60 | dro=0.4005 | val_worst=1.0743 | q=[0.189,0.183,0.317,0.311]
[GroupDRO] epoch=  80 | dro=0.3585 | val_worst=1.1820 | q=[0.181,0.165,0.330,0.324]
[GroupDRO] epoch= 100 | dro=0.3096 | val_worst=1.4868 | q=[0.167,0.150,0.353,0.329]
[GroupDRO] epoch= 120 | dro=0.2811 | val_worst=1.6193 | q=[0.160,0.140,0.366,0.335]
[GroupDRO] epoch= 140 | dro=0.2542 | val_worst=2.0506 | q=[0.156,0.134,0.375,0.335]
[GroupDRO] epoch= 160 | dro=0.2419 | val_worst=2.3468 | q=[0.160,0.130,0.376,0.335]
[GroupDRO] epoch= 180 | dro=0.2166 | val_worst=2.4808 | q=[0.158,0.125,0.380,0.337]
[GroupDRO] epoch= 200 | dro=0.2003 | val_worst=2.7722 | q=[0.159,0.123,0.386,0.332]
[GroupDRO] Training done. Best val_worst=0.6349
[GroupDRO] Training metrics -> /lustre09/project/6000743/epigou/cs_9170_project/training_runs/BASELINE_group_dro_v16_bias010_gdro_credit_3seeds_70d5567c__G202603171827/seed_1/metrics.csv
[GroupDRO] Best model saved -> /lustre09/project/6000743/epigou/cs_9170_project/training_runs/BASELINE_group_dro_v16_bias010_gdro_credit_3seeds_70d5567c__G202603171827/seed_1/gdro_model.pt
FFNN Using device: cpu
FFNN Using device: cpu
FFNN Using device: cpu
[TestSuite] Loaded best β weights from: /lustre09/project/6000743/epigou/cs_9170_project/training_runs/BASELINE_group_dro_v16_bias010_gdro_credit_3seeds_70d5567c__G202603171827/seed_1/gdro_model.pt

[TEST] Alpha -> F1(min)=0.1076 | F1(maj)=0.8792 | F1(weighted)=0.7085 | F1(macro)=0.4934 | Brier=0.1641
[TEST] Beta  -> F1(min)=0.4725 | F1(maj)=0.8238 | F1(weighted)=0.7461 | F1(macro)=0.6482 | Brier=0.1999
[TestSuite] Final test metrics appended to (seed): /lustre09/project/6000743/epigou/cs_9170_project/training_runs/BASELINE_group_dro_v16_bias010_gdro_credit_3seeds_70d5567c__G202603171827/seed_1/final_test_metrics.csv
[TestSuite] Final test metrics appended to (experiment): /lustre09/project/6000743/epigou/cs_9170_project/training_runs/BASELINE_group_dro_v16_bias010_gdro_credit_3seeds_70d5567c__G202603171827/final_test_metrics.csv
[GroupDRO] Done. seed=1 | time=15.2s
[GroupDRO] Results in /lustre09/project/6000743/epigou/cs_9170_project/training_runs/BASELINE_group_dro_v16_bias010_gdro_credit_3seeds_70d5567c__G202603171827/seed_1
