[run_baseline] baseline=group_dro
[run_baseline] spec=experiment_specs/v16_bias05_gdro_credit_3seeds.json
[run_baseline] device=cpu
[run_baseline] exp_group=BASELINE_group_dro_v16_bias05_gdro_credit_3seeds_c161369f__G202603171827
[run_baseline] seeds=[42, 0, 1]

[run_baseline] ---- seed=42 ----
Label distribution: {0: 23364, 1: 6636}
[TRAIN] size=3000, minority=150 (5.00%)
[VAL] size=4918, minority=245 (4.98%)
[TEST] size=6000, minority=1327 (22.12%)
[GroupDRO] exp_group=BASELINE_group_dro_v16_bias05_gdro_credit_3seeds_c161369f__G202603171827  seed=42
[GroupDRO] dataset=credit_card  feature_dim=33
[GroupDRO] gdro_config={'lr': 0.001, 'epochs': 200, 'batch_size': 64, 'eta': 0.01, 'n_groups': 4}
[GroupDRO] seed_dir=/lustre09/project/6000743/epigou/cs_9170_project/training_runs/BASELINE_group_dro_v16_bias05_gdro_credit_3seeds_c161369f__G202603171827/seed_42
[GroupDRO] epoch=   1 | dro=0.7181 | val_worst=0.7034 | q=[0.257,0.233,0.251,0.259]
[GroupDRO] epoch=  20 | dro=0.4570 | val_worst=1.0721 | q=[0.224,0.254,0.264,0.258]
[GroupDRO] epoch=  40 | dro=0.3590 | val_worst=1.3951 | q=[0.234,0.249,0.270,0.247]
[GroupDRO] epoch=  60 | dro=0.2905 | val_worst=1.8667 | q=[0.231,0.224,0.289,0.255]
[GroupDRO] epoch=  80 | dro=0.2359 | val_worst=2.1088 | q=[0.217,0.205,0.317,0.261]
[GroupDRO] epoch= 100 | dro=0.2107 | val_worst=2.6295 | q=[0.214,0.190,0.327,0.268]
[GroupDRO] epoch= 120 | dro=0.1708 | val_worst=3.0541 | q=[0.226,0.191,0.324,0.259]
[GroupDRO] epoch= 140 | dro=0.1474 | val_worst=3.4651 | q=[0.237,0.194,0.318,0.251]
[GroupDRO] epoch= 160 | dro=0.1328 | val_worst=4.0129 | q=[0.249,0.192,0.315,0.245]
[GroupDRO] epoch= 180 | dro=0.1073 | val_worst=4.2771 | q=[0.252,0.195,0.312,0.241]
[GroupDRO] epoch= 200 | dro=0.0955 | val_worst=5.1614 | q=[0.257,0.198,0.311,0.233]
[GroupDRO] Training done. Best val_worst=0.6823
[GroupDRO] Training metrics -> /lustre09/project/6000743/epigou/cs_9170_project/training_runs/BASELINE_group_dro_v16_bias05_gdro_credit_3seeds_c161369f__G202603171827/seed_42/metrics.csv
[GroupDRO] Best model saved -> /lustre09/project/6000743/epigou/cs_9170_project/training_runs/BASELINE_group_dro_v16_bias05_gdro_credit_3seeds_c161369f__G202603171827/seed_42/gdro_model.pt
FFNN Using device: cpu
FFNN Using device: cpu
FFNN Using device: cpu
[TestSuite] Loaded best β weights from: /lustre09/project/6000743/epigou/cs_9170_project/training_runs/BASELINE_group_dro_v16_bias05_gdro_credit_3seeds_c161369f__G202603171827/seed_42/gdro_model.pt

[TEST] Alpha -> F1(min)=0.0452 | F1(maj)=0.8768 | F1(weighted)=0.6929 | F1(macro)=0.4610 | Brier=0.1778
[TEST] Beta  -> F1(min)=0.4321 | F1(maj)=0.7479 | F1(weighted)=0.6781 | F1(macro)=0.5900 | Brier=0.2158
[TestSuite] Final test metrics appended to (seed): /lustre09/project/6000743/epigou/cs_9170_project/training_runs/BASELINE_group_dro_v16_bias05_gdro_credit_3seeds_c161369f__G202603171827/seed_42/final_test_metrics.csv
[TestSuite] Final test metrics appended to (experiment): /lustre09/project/6000743/epigou/cs_9170_project/training_runs/BASELINE_group_dro_v16_bias05_gdro_credit_3seeds_c161369f__G202603171827/final_test_metrics.csv
[GroupDRO] Done. seed=42 | time=17.1s
[GroupDRO] Results in /lustre09/project/6000743/epigou/cs_9170_project/training_runs/BASELINE_group_dro_v16_bias05_gdro_credit_3seeds_c161369f__G202603171827/seed_42

[run_baseline] ---- seed=0 ----
Label distribution: {0: 23364, 1: 6636}
[TRAIN] size=3000, minority=150 (5.00%)
[VAL] size=4918, minority=245 (4.98%)
[TEST] size=6000, minority=1327 (22.12%)
[GroupDRO] exp_group=BASELINE_group_dro_v16_bias05_gdro_credit_3seeds_c161369f__G202603171827  seed=0
[GroupDRO] dataset=credit_card  feature_dim=33
[GroupDRO] gdro_config={'lr': 0.001, 'epochs': 200, 'batch_size': 64, 'eta': 0.01, 'n_groups': 4}
[GroupDRO] seed_dir=/lustre09/project/6000743/epigou/cs_9170_project/training_runs/BASELINE_group_dro_v16_bias05_gdro_credit_3seeds_c161369f__G202603171827/seed_0
[GroupDRO] epoch=   1 | dro=0.5772 | val_worst=0.7950 | q=[0.241,0.255,0.242,0.262]
[GroupDRO] epoch=  20 | dro=0.3890 | val_worst=1.4006 | q=[0.185,0.193,0.312,0.309]
[GroupDRO] epoch=  40 | dro=0.2956 | val_worst=1.7947 | q=[0.172,0.179,0.328,0.321]
[GroupDRO] epoch=  60 | dro=0.2487 | val_worst=2.0982 | q=[0.190,0.203,0.317,0.290]
[GroupDRO] epoch=  80 | dro=0.1867 | val_worst=2.7909 | q=[0.213,0.210,0.303,0.273]
[GroupDRO] epoch= 100 | dro=0.1618 | val_worst=3.2880 | q=[0.226,0.211,0.304,0.259]
[GroupDRO] epoch= 120 | dro=0.1312 | val_worst=3.8944 | q=[0.223,0.204,0.316,0.257]
[GroupDRO] epoch= 140 | dro=0.1073 | val_worst=4.1867 | q=[0.218,0.184,0.337,0.262]
[GroupDRO] epoch= 160 | dro=0.0825 | val_worst=4.7021 | q=[0.201,0.172,0.354,0.273]
[GroupDRO] epoch= 180 | dro=0.0793 | val_worst=4.9451 | q=[0.188,0.157,0.374,0.280]
[GroupDRO] epoch= 200 | dro=0.0615 | val_worst=5.5280 | q=[0.174,0.147,0.391,0.288]
[GroupDRO] Training done. Best val_worst=0.7484
[GroupDRO] Training metrics -> /lustre09/project/6000743/epigou/cs_9170_project/training_runs/BASELINE_group_dro_v16_bias05_gdro_credit_3seeds_c161369f__G202603171827/seed_0/metrics.csv
[GroupDRO] Best model saved -> /lustre09/project/6000743/epigou/cs_9170_project/training_runs/BASELINE_group_dro_v16_bias05_gdro_credit_3seeds_c161369f__G202603171827/seed_0/gdro_model.pt
FFNN Using device: cpu
FFNN Using device: cpu
FFNN Using device: cpu
[TestSuite] Loaded best β weights from: /lustre09/project/6000743/epigou/cs_9170_project/training_runs/BASELINE_group_dro_v16_bias05_gdro_credit_3seeds_c161369f__G202603171827/seed_0/gdro_model.pt

[TEST] Alpha -> F1(min)=0.0496 | F1(maj)=0.8773 | F1(weighted)=0.6942 | F1(macro)=0.4634 | Brier=0.1809
[TEST] Beta  -> F1(min)=0.4341 | F1(maj)=0.7699 | F1(weighted)=0.6956 | F1(macro)=0.6020 | Brier=0.2168
[TestSuite] Final test metrics appended to (seed): /lustre09/project/6000743/epigou/cs_9170_project/training_runs/BASELINE_group_dro_v16_bias05_gdro_credit_3seeds_c161369f__G202603171827/seed_0/final_test_metrics.csv
[TestSuite] Final test metrics appended to (experiment): /lustre09/project/6000743/epigou/cs_9170_project/training_runs/BASELINE_group_dro_v16_bias05_gdro_credit_3seeds_c161369f__G202603171827/final_test_metrics.csv
[GroupDRO] Done. seed=0 | time=15.1s
[GroupDRO] Results in /lustre09/project/6000743/epigou/cs_9170_project/training_runs/BASELINE_group_dro_v16_bias05_gdro_credit_3seeds_c161369f__G202603171827/seed_0

[run_baseline] ---- seed=1 ----
Label distribution: {0: 23364, 1: 6636}
[TRAIN] size=3000, minority=150 (5.00%)
[VAL] size=4918, minority=245 (4.98%)
[TEST] size=6000, minority=1327 (22.12%)
[GroupDRO] exp_group=BASELINE_group_dro_v16_bias05_gdro_credit_3seeds_c161369f__G202603171827  seed=1
[GroupDRO] dataset=credit_card  feature_dim=33
[GroupDRO] gdro_config={'lr': 0.001, 'epochs': 200, 'batch_size': 64, 'eta': 0.01, 'n_groups': 4}
[GroupDRO] seed_dir=/lustre09/project/6000743/epigou/cs_9170_project/training_runs/BASELINE_group_dro_v16_bias05_gdro_credit_3seeds_c161369f__G202603171827/seed_1
[GroupDRO] epoch=   1 | dro=0.7019 | val_worst=0.7260 | q=[0.221,0.267,0.228,0.283]
[GroupDRO] epoch=  20 | dro=0.4403 | val_worst=0.8981 | q=[0.166,0.170,0.330,0.334]
[GroupDRO] epoch=  40 | dro=0.3685 | val_worst=1.0528 | q=[0.112,0.131,0.386,0.371]
[GroupDRO] epoch=  60 | dro=0.3080 | val_worst=1.3548 | q=[0.100,0.114,0.405,0.382]
[GroupDRO] epoch=  80 | dro=0.2493 | val_worst=1.5595 | q=[0.108,0.116,0.407,0.368]
[GroupDRO] epoch= 100 | dro=0.2098 | val_worst=2.3474 | q=[0.126,0.132,0.398,0.344]
[GroupDRO] epoch= 120 | dro=0.1899 | val_worst=2.4974 | q=[0.147,0.148,0.380,0.326]
[GroupDRO] epoch= 140 | dro=0.1624 | val_worst=2.8302 | q=[0.162,0.149,0.376,0.312]
[GroupDRO] epoch= 160 | dro=0.1465 | val_worst=2.9185 | q=[0.172,0.154,0.370,0.303]
[GroupDRO] epoch= 180 | dro=0.1189 | val_worst=4.0838 | q=[0.178,0.149,0.374,0.298]
[GroupDRO] epoch= 200 | dro=0.1157 | val_worst=4.0498 | q=[0.183,0.149,0.374,0.295]
[GroupDRO] Training done. Best val_worst=0.6892
[GroupDRO] Training metrics -> /lustre09/project/6000743/epigou/cs_9170_project/training_runs/BASELINE_group_dro_v16_bias05_gdro_credit_3seeds_c161369f__G202603171827/seed_1/metrics.csv
[GroupDRO] Best model saved -> /lustre09/project/6000743/epigou/cs_9170_project/training_runs/BASELINE_group_dro_v16_bias05_gdro_credit_3seeds_c161369f__G202603171827/seed_1/gdro_model.pt
FFNN Using device: cpu
FFNN Using device: cpu
FFNN Using device: cpu
[TestSuite] Loaded best β weights from: /lustre09/project/6000743/epigou/cs_9170_project/training_runs/BASELINE_group_dro_v16_bias05_gdro_credit_3seeds_c161369f__G202603171827/seed_1/gdro_model.pt

[TEST] Alpha -> F1(min)=0.0149 | F1(maj)=0.8764 | F1(weighted)=0.6859 | F1(macro)=0.4457 | Brier=0.1777
[TEST] Beta  -> F1(min)=0.3726 | F1(maj)=0.6781 | F1(weighted)=0.6105 | F1(macro)=0.5253 | Brier=0.2401
[TestSuite] Final test metrics appended to (seed): /lustre09/project/6000743/epigou/cs_9170_project/training_runs/BASELINE_group_dro_v16_bias05_gdro_credit_3seeds_c161369f__G202603171827/seed_1/final_test_metrics.csv
[TestSuite] Final test metrics appended to (experiment): /lustre09/project/6000743/epigou/cs_9170_project/training_runs/BASELINE_group_dro_v16_bias05_gdro_credit_3seeds_c161369f__G202603171827/final_test_metrics.csv
[GroupDRO] Done. seed=1 | time=15.1s
[GroupDRO] Results in /lustre09/project/6000743/epigou/cs_9170_project/training_runs/BASELINE_group_dro_v16_bias05_gdro_credit_3seeds_c161369f__G202603171827/seed_1
