[validate_spec] experiment_specs/v26_meps_cmaes_2s.json: OK
[main] spec=v26_meps_cmaes_2s.json device=cuda:0
[main] exp_group=SPEC_v26_meps_cmaes_2s_93135330__G202604041340
[main] seeds=[42, 0]
[main] ---- running seed=42 ----
FFNN Using device: cuda:0
FFNN Using device: cuda:0
[Tracker] Experiment: SPECv26_meps_cmaes_2s_EP130_PCA10_REWfairness_minID0_majID1_TRJ2000_REAL3000_BIAS0.1_GG202604041340_9099388c
[Tracker] Seed folder: training_runs/SPECv26_meps_cmaes_2s_EP130_PCA10_REWfairness_minID0_majID1_TRJ2000_REAL3000_BIAS0.1_GG202604041340_9099388c/seed_42
[Tracker] Run: 2026-04-04_13-40-31_seed42_125457_d964505d
[Tracker] Metrics CSV: training_runs/SPECv26_meps_cmaes_2s_EP130_PCA10_REWfairness_minID0_majID1_TRJ2000_REAL3000_BIAS0.1_GG202604041340_9099388c/seed_42/metrics.csv
[Tracker] Mirroring console to: training_runs/SPECv26_meps_cmaes_2s_EP130_PCA10_REWfairness_minID0_majID1_TRJ2000_REAL3000_BIAS0.1_GG202604041340_9099388c/seed_42/console.log
[meps/race] Label distribution (pre-bias): {0: 8057, 1: 7398}
  [Black non-Hisp] n=3244, dental+= 971 (29.9%)
  [White non-Hisp] n=12211, dental+= 6427 (52.6%)
[meps/TRAIN] DA+ (Black, dental=1): 45 of 508 Black train examples
[meps/TRAIN] size=3000, dental+ 1364 (45.47%)
[meps/VAL] size=3091, dental+ 1479 (47.85%)
[meps/TEST] size=3091, dental+ 1480 (47.88%)
FFNN Using device: cuda:0
FFNN Using device: cuda:0
Beta will train with: 60.00% real data, 40.00% synthetic data: 
[disadv] group=0 per_g={0: 0.7632853984832764, 1: 0.6569007039070129} worst_4g=2.2131 soft_eo_alpha=0.4411
Anchors: 45 (disadv=0) sigma_anchor=0.8500
[Tracker] Alpha model state_dict saved to training_runs/SPECv26_meps_cmaes_2s_EP130_PCA10_REWfairness_minID0_majID1_TRJ2000_REAL3000_BIAS0.1_GG202604041340_9099388c/seed_42/alpha_state_dict.pt
[Tracker] Alpha model config saved to training_runs/SPECv26_meps_cmaes_2s_EP130_PCA10_REWfairness_minID0_majID1_TRJ2000_REAL3000_BIAS0.1_GG202604041340_9099388c/seed_42/ffnn_meta.json
[CMAESAgent] reset phase='phase1_class1' | D=10 param_dim=20 popsize=12 sigma0=1.000

============================================================
[CMA-ES Phase] phase1_class1 | target_class=1 | episodes=130 | popsize=12
============================================================
[Tracker] CSV header written with 47 columns.
[Tracker] Ep    1 | AvgR 0.0000 | Global 0.0729 | Local 0.1192 | F1_macro 0.6279 | WorstLoss 2.0504
[Tracker] New BEST synthetic [phase1_class1] (by global.global_obj: 0.072887) saved.
[Tracker] BEST β weights [phase1_class1] saved -> training_runs/SPECv26_meps_cmaes_2s_EP130_PCA10_REWfairness_minID0_majID1_TRJ2000_REAL3000_BIAS0.1_GG202604041340_9099388c/seed_42/best_beta_state_dict_phase1_class1.pt
[Tracker] Ep    2 | AvgR 0.0001 | Global 0.1108 | Local 0.1192 | F1_macro 0.6283 | WorstLoss 1.9656
[Tracker] New BEST synthetic [phase1_class1] (by global.global_obj: 0.110810) saved.
[Tracker] BEST β weights [phase1_class1] saved -> training_runs/SPECv26_meps_cmaes_2s_EP130_PCA10_REWfairness_minID0_majID1_TRJ2000_REAL3000_BIAS0.1_GG202604041340_9099388c/seed_42/best_beta_state_dict_phase1_class1.pt
[Tracker] Ep    3 | AvgR 0.0001 | Global 0.2162 | Local 0.1192 | F1_macro 0.6231 | WorstLoss 1.7314
[Tracker] New BEST synthetic [phase1_class1] (by global.global_obj: 0.216185) saved.
[Tracker] BEST β weights [phase1_class1] saved -> training_runs/SPECv26_meps_cmaes_2s_EP130_PCA10_REWfairness_minID0_majID1_TRJ2000_REAL3000_BIAS0.1_GG202604041340_9099388c/seed_42/best_beta_state_dict_phase1_class1.pt
[Tracker] Ep    4 | AvgR 0.0001 | Global 0.2253 | Local 0.1192 | F1_macro 0.6235 | WorstLoss 1.7144
[Tracker] New BEST synthetic [phase1_class1] (by global.global_obj: 0.225306) saved.
[Tracker] BEST β weights [phase1_class1] saved -> training_runs/SPECv26_meps_cmaes_2s_EP130_PCA10_REWfairness_minID0_majID1_TRJ2000_REAL3000_BIAS0.1_GG202604041340_9099388c/seed_42/best_beta_state_dict_phase1_class1.pt
[Tracker] Ep    5 | AvgR 0.0000 | Global 0.0657 | Local 0.1192 | F1_macro 0.6088 | WorstLoss 2.0625
[Tracker] Saved snapshot: ep0005_phase1_class1
[Tracker] Ep    6 | AvgR 0.0001 | Global 0.1103 | Local 0.1192 | F1_macro 0.6300 | WorstLoss 1.9672
[Tracker] Ep    7 | AvgR 0.0000 | Global 0.0663 | Local 0.1192 | F1_macro 0.6284 | WorstLoss 2.0657
[Tracker] Ep    8 | AvgR -0.0000 | Global -0.0142 | Local 0.1192 | F1_macro 0.6266 | WorstLoss 2.2449
[Tracker] Ep    9 | AvgR 0.0001 | Global 0.1494 | Local 0.1192 | F1_macro 0.6285 | WorstLoss 1.8816
[Tracker] Ep   10 | AvgR 0.0000 | Global 0.0822 | Local 0.1192 | F1_macro 0.6255 | WorstLoss 2.0309
[Tracker] Saved snapshot: ep0010_phase1_class1
[Tracker] Ep   11 | AvgR 0.0000 | Global 0.0096 | Local 0.1192 | F1_macro 0.6231 | WorstLoss 2.1915
[Tracker] Ep   12 | AvgR 0.0000 | Global 0.0603 | Local 0.1192 | F1_macro 0.6302 | WorstLoss 2.0796
[Tracker] Ep   13 | AvgR 0.0000 | Global 0.0152 | Local 0.1192 | F1_macro 0.6302 | WorstLoss 2.1793
[Tracker] Ep   14 | AvgR -0.0000 | Global -0.0160 | Local 0.1192 | F1_macro 0.6329 | WorstLoss 2.2487
[Tracker] Ep   15 | AvgR 0.0000 | Global 0.0656 | Local 0.1192 | F1_macro 0.6332 | WorstLoss 2.0679
[Tracker] Saved snapshot: ep0015_phase1_class1
[Tracker] Ep   16 | AvgR 0.0000 | Global 0.0799 | Local 0.1192 | F1_macro 0.6299 | WorstLoss 2.0355
[Tracker] Ep   17 | AvgR -0.0000 | Global -0.0685 | Local 0.1192 | F1_macro 0.6325 | WorstLoss 2.3652
[Tracker] Ep   18 | AvgR 0.0001 | Global 0.2077 | Local 0.1192 | F1_macro 0.6323 | WorstLoss 1.7509
[Tracker] Ep   19 | AvgR -0.0000 | Global -0.0126 | Local 0.1192 | F1_macro 0.6260 | WorstLoss 2.2410
[Tracker] Ep   20 | AvgR 0.0001 | Global 0.2377 | Local 0.1192 | F1_macro 0.6281 | WorstLoss 1.6869
[Tracker] Saved snapshot: ep0020_phase1_class1
[Tracker] New BEST synthetic [phase1_class1] (by global.global_obj: 0.237738) saved.
[Tracker] BEST β weights [phase1_class1] saved -> training_runs/SPECv26_meps_cmaes_2s_EP130_PCA10_REWfairness_minID0_majID1_TRJ2000_REAL3000_BIAS0.1_GG202604041340_9099388c/seed_42/best_beta_state_dict_phase1_class1.pt
[Tracker] Ep   21 | AvgR 0.0001 | Global 0.2443 | Local 0.1192 | F1_macro 0.6305 | WorstLoss 1.6704
[Tracker] New BEST synthetic [phase1_class1] (by global.global_obj: 0.244279) saved.
[Tracker] BEST β weights [phase1_class1] saved -> training_runs/SPECv26_meps_cmaes_2s_EP130_PCA10_REWfairness_minID0_majID1_TRJ2000_REAL3000_BIAS0.1_GG202604041340_9099388c/seed_42/best_beta_state_dict_phase1_class1.pt
[Tracker] Ep   22 | AvgR 0.0001 | Global 0.1064 | Local 0.1192 | F1_macro 0.6321 | WorstLoss 1.9776
[Tracker] Ep   23 | AvgR 0.0000 | Global 0.0342 | Local 0.1192 | F1_macro 0.6242 | WorstLoss 2.1361
[Tracker] Ep   24 | AvgR 0.0001 | Global 0.1385 | Local 0.1192 | F1_macro 0.6267 | WorstLoss 1.9065
[Tracker] Ep   25 | AvgR 0.0000 | Global 0.0279 | Local 0.1192 | F1_macro 0.6216 | WorstLoss 2.1510
[Tracker] Saved snapshot: ep0025_phase1_class1
[Tracker] Ep   26 | AvgR 0.0001 | Global 0.1232 | Local 0.1192 | F1_macro 0.6246 | WorstLoss 1.9394
[Tracker] Ep   27 | AvgR 0.0000 | Global 0.0942 | Local 0.1192 | F1_macro 0.6229 | WorstLoss 2.0043
[Tracker] Ep   28 | AvgR 0.0000 | Global 0.0996 | Local 0.1192 | F1_macro 0.6212 | WorstLoss 1.9907
[Tracker] Ep   29 | AvgR 0.0000 | Global 0.0062 | Local 0.1192 | F1_macro 0.6124 | WorstLoss 2.1993
[Tracker] Ep   30 | AvgR 0.0001 | Global 0.1182 | Local 0.1192 | F1_macro 0.6170 | WorstLoss 1.9506
[Tracker] Saved snapshot: ep0030_phase1_class1
[Tracker] Ep   31 | AvgR 0.0001 | Global 0.1607 | Local 0.1192 | F1_macro 0.6241 | WorstLoss 1.8560
[Tracker] Ep   32 | AvgR 0.0001 | Global 0.1768 | Local 0.1192 | F1_macro 0.6342 | WorstLoss 1.8205
[Tracker] Ep   33 | AvgR -0.0000 | Global -0.0066 | Local 0.1192 | F1_macro 0.6220 | WorstLoss 2.2277
[Tracker] Ep   34 | AvgR 0.0001 | Global 0.1170 | Local 0.1192 | F1_macro 0.6273 | WorstLoss 1.9532
[Tracker] Ep   35 | AvgR 0.0001 | Global 0.1425 | Local 0.1192 | F1_macro 0.6286 | WorstLoss 1.8977
[Tracker] Saved snapshot: ep0035_phase1_class1
[Tracker] Ep   36 | AvgR 0.0001 | Global 0.1586 | Local 0.1192 | F1_macro 0.6312 | WorstLoss 1.8610
[Tracker] Ep   37 | AvgR 0.0001 | Global 0.1435 | Local 0.1192 | F1_macro 0.6276 | WorstLoss 1.8947
[Tracker] Ep   38 | AvgR 0.0001 | Global 0.2613 | Local 0.1192 | F1_macro 0.6332 | WorstLoss 1.6343
[Tracker] New BEST synthetic [phase1_class1] (by global.global_obj: 0.261309) saved.
[Tracker] BEST β weights [phase1_class1] saved -> training_runs/SPECv26_meps_cmaes_2s_EP130_PCA10_REWfairness_minID0_majID1_TRJ2000_REAL3000_BIAS0.1_GG202604041340_9099388c/seed_42/best_beta_state_dict_phase1_class1.pt
[Tracker] Ep   39 | AvgR 0.0000 | Global 0.0554 | Local 0.1192 | F1_macro 0.6166 | WorstLoss 2.0899
[Tracker] Ep   40 | AvgR 0.0000 | Global 0.0304 | Local 0.1192 | F1_macro 0.6268 | WorstLoss 2.1456
[Tracker] Saved snapshot: ep0040_phase1_class1
[Tracker] Ep   41 | AvgR 0.0001 | Global 0.1967 | Local 0.1192 | F1_macro 0.6230 | WorstLoss 1.7755
[Tracker] Ep   42 | AvgR 0.0000 | Global 0.0810 | Local 0.1192 | F1_macro 0.6294 | WorstLoss 2.0305
[Tracker] Ep   43 | AvgR 0.0001 | Global 0.1405 | Local 0.1192 | F1_macro 0.6230 | WorstLoss 1.9014
[Tracker] Ep   44 | AvgR 0.0000 | Global 0.0971 | Local 0.1192 | F1_macro 0.6367 | WorstLoss 1.9978
[Tracker] Ep   45 | AvgR 0.0001 | Global 0.1890 | Local 0.1192 | F1_macro 0.6192 | WorstLoss 1.7892
[Tracker] Saved snapshot: ep0045_phase1_class1
[Tracker] Ep   46 | AvgR 0.0001 | Global 0.1142 | Local 0.1192 | F1_macro 0.6257 | WorstLoss 1.9601
[Tracker] Ep   47 | AvgR 0.0000 | Global 0.0830 | Local 0.1192 | F1_macro 0.6250 | WorstLoss 2.0280
[Tracker] Ep   48 | AvgR 0.0001 | Global 0.1059 | Local 0.1192 | F1_macro 0.6220 | WorstLoss 1.9775
[Tracker] Ep   49 | AvgR 0.0000 | Global 0.0320 | Local 0.1192 | F1_macro 0.6284 | WorstLoss 2.1422
[Tracker] Ep   50 | AvgR 0.0000 | Global 0.0955 | Local 0.1192 | F1_macro 0.6224 | WorstLoss 2.0002
[Tracker] Saved snapshot: ep0050_phase1_class1
[Tracker] Ep   51 | AvgR 0.0001 | Global 0.1379 | Local 0.1192 | F1_macro 0.6308 | WorstLoss 1.9077
[Tracker] Ep   52 | AvgR 0.0001 | Global 0.1417 | Local 0.1192 | F1_macro 0.6302 | WorstLoss 1.8994
[Tracker] Ep   53 | AvgR 0.0001 | Global 0.1585 | Local 0.1192 | F1_macro 0.6280 | WorstLoss 1.8614
[Tracker] Ep   54 | AvgR 0.0001 | Global 0.1235 | Local 0.1192 | F1_macro 0.6238 | WorstLoss 1.9388
[Tracker] Ep   55 | AvgR 0.0001 | Global 0.2363 | Local 0.1192 | F1_macro 0.6276 | WorstLoss 1.6888
[Tracker] Saved snapshot: ep0055_phase1_class1
[Tracker] Ep   56 | AvgR 0.0000 | Global 0.0813 | Local 0.1192 | F1_macro 0.6240 | WorstLoss 2.0323
[Tracker] Ep   57 | AvgR 0.0000 | Global 0.0212 | Local 0.1192 | F1_macro 0.6138 | WorstLoss 2.1661
[Tracker] Ep   58 | AvgR 0.0000 | Global 0.0754 | Local 0.1192 | F1_macro 0.6266 | WorstLoss 2.0453
[Tracker] Ep   59 | AvgR 0.0000 | Global 0.0948 | Local 0.1192 | F1_macro 0.6196 | WorstLoss 2.0021
[Tracker] Ep   60 | AvgR 0.0001 | Global 0.1470 | Local 0.1192 | F1_macro 0.6312 | WorstLoss 1.8864
[Tracker] Saved snapshot: ep0060_phase1_class1
[Tracker] Ep   61 | AvgR 0.0001 | Global 0.2045 | Local 0.1192 | F1_macro 0.6320 | WorstLoss 1.7594
[Tracker] Ep   62 | AvgR 0.0001 | Global 0.1893 | Local 0.1192 | F1_macro 0.6231 | WorstLoss 1.7917
[Tracker] Ep   63 | AvgR 0.0001 | Global 0.1758 | Local 0.1192 | F1_macro 0.6310 | WorstLoss 1.8226
[Tracker] Ep   64 | AvgR 0.0001 | Global 0.1950 | Local 0.1192 | F1_macro 0.6256 | WorstLoss 1.7805
[Tracker] Ep   65 | AvgR 0.0001 | Global 0.1511 | Local 0.1192 | F1_macro 0.6280 | WorstLoss 1.8775
[Tracker] Saved snapshot: ep0065_phase1_class1
[Tracker] Ep   66 | AvgR 0.0001 | Global 0.2847 | Local 0.1192 | F1_macro 0.6281 | WorstLoss 1.5822
[Tracker] New BEST synthetic [phase1_class1] (by global.global_obj: 0.284710) saved.
[Tracker] BEST β weights [phase1_class1] saved -> training_runs/SPECv26_meps_cmaes_2s_EP130_PCA10_REWfairness_minID0_majID1_TRJ2000_REAL3000_BIAS0.1_GG202604041340_9099388c/seed_42/best_beta_state_dict_phase1_class1.pt
[Tracker] Ep   67 | AvgR 0.0001 | Global 0.1458 | Local 0.1192 | F1_macro 0.6273 | WorstLoss 1.8893
[Tracker] Ep   68 | AvgR 0.0001 | Global 0.1658 | Local 0.1192 | F1_macro 0.6299 | WorstLoss 1.8446
[Tracker] Ep   69 | AvgR 0.0001 | Global 0.1935 | Local 0.1192 | F1_macro 0.6312 | WorstLoss 1.7848
[Tracker] Ep   70 | AvgR 0.0001 | Global 0.1730 | Local 0.1192 | F1_macro 0.6316 | WorstLoss 1.8295
[Tracker] Saved snapshot: ep0070_phase1_class1
[Tracker] Ep   71 | AvgR 0.0001 | Global 0.2140 | Local 0.1192 | F1_macro 0.6283 | WorstLoss 1.7380
[Tracker] Ep   72 | AvgR 0.0001 | Global 0.1947 | Local 0.1192 | F1_macro 0.6267 | WorstLoss 1.7805
[Tracker] Ep   73 | AvgR 0.0001 | Global 0.2073 | Local 0.1192 | F1_macro 0.6369 | WorstLoss 1.7543
[Tracker] Ep   74 | AvgR 0.0001 | Global 0.2775 | Local 0.1192 | F1_macro 0.6347 | WorstLoss 1.5990
[Tracker] Ep   75 | AvgR 0.0001 | Global 0.1167 | Local 0.1192 | F1_macro 0.6269 | WorstLoss 1.9532
[Tracker] Saved snapshot: ep0075_phase1_class1
[Tracker] Ep   76 | AvgR 0.0001 | Global 0.2350 | Local 0.1192 | F1_macro 0.6249 | WorstLoss 1.6898
[Tracker] Ep   77 | AvgR 0.0001 | Global 0.2153 | Local 0.1192 | F1_macro 0.6303 | WorstLoss 1.7361
[Tracker] Ep   78 | AvgR 0.0001 | Global 0.1114 | Local 0.1192 | F1_macro 0.6289 | WorstLoss 1.9664
[Tracker] Ep   79 | AvgR 0.0001 | Global 0.2737 | Local 0.1192 | F1_macro 0.6290 | WorstLoss 1.6046
[Tracker] Ep   80 | AvgR 0.0001 | Global 0.2159 | Local 0.1192 | F1_macro 0.6263 | WorstLoss 1.7343
[Tracker] Saved snapshot: ep0080_phase1_class1
[Tracker] Ep   81 | AvgR 0.0001 | Global 0.1035 | Local 0.1192 | F1_macro 0.6271 | WorstLoss 1.9827
[Tracker] Ep   82 | AvgR 0.0001 | Global 0.2068 | Local 0.1192 | F1_macro 0.6296 | WorstLoss 1.7527
[Tracker] Ep   83 | AvgR 0.0001 | Global 0.1264 | Local 0.1192 | F1_macro 0.6235 | WorstLoss 1.9323
[Tracker] Ep   84 | AvgR 0.0001 | Global 0.1837 | Local 0.1192 | F1_macro 0.6258 | WorstLoss 1.8030
[Tracker] Ep   85 | AvgR 0.0001 | Global 0.2720 | Local 0.1192 | F1_macro 0.6293 | WorstLoss 1.6096
[Tracker] Saved snapshot: ep0085_phase1_class1
[Tracker] Ep   86 | AvgR 0.0001 | Global 0.1037 | Local 0.1192 | F1_macro 0.6323 | WorstLoss 1.9833
[Tracker] Ep   87 | AvgR 0.0001 | Global 0.2185 | Local 0.1192 | F1_macro 0.6255 | WorstLoss 1.7267
[Tracker] Ep   88 | AvgR 0.0001 | Global 0.2604 | Local 0.1192 | F1_macro 0.6298 | WorstLoss 1.6344
[Tracker] Ep   89 | AvgR 0.0001 | Global 0.2195 | Local 0.1192 | F1_macro 0.6295 | WorstLoss 1.7263
[Tracker] Ep   90 | AvgR 0.0001 | Global 0.2292 | Local 0.1192 | F1_macro 0.6161 | WorstLoss 1.7018
[Tracker] Saved snapshot: ep0090_phase1_class1
[Tracker] Ep   91 | AvgR 0.0001 | Global 0.2141 | Local 0.1192 | F1_macro 0.6256 | WorstLoss 1.7390
[Tracker] Ep   92 | AvgR 0.0002 | Global 0.3007 | Local 0.1192 | F1_macro 0.6357 | WorstLoss 1.5473
[Tracker] New BEST synthetic [phase1_class1] (by global.global_obj: 0.300711) saved.
[Tracker] BEST β weights [phase1_class1] saved -> training_runs/SPECv26_meps_cmaes_2s_EP130_PCA10_REWfairness_minID0_majID1_TRJ2000_REAL3000_BIAS0.1_GG202604041340_9099388c/seed_42/best_beta_state_dict_phase1_class1.pt
[Tracker] Ep   93 | AvgR 0.0001 | Global 0.2085 | Local 0.1192 | F1_macro 0.6217 | WorstLoss 1.7495
[Tracker] Ep   94 | AvgR 0.0001 | Global 0.2316 | Local 0.1192 | F1_macro 0.6278 | WorstLoss 1.6981
[Tracker] Ep   95 | AvgR 0.0001 | Global 0.2205 | Local 0.1192 | F1_macro 0.6285 | WorstLoss 1.7218
[Tracker] Saved snapshot: ep0095_phase1_class1
[Tracker] Ep   96 | AvgR 0.0001 | Global 0.1444 | Local 0.1192 | F1_macro 0.6284 | WorstLoss 1.8916
[Tracker] Ep   97 | AvgR 0.0001 | Global 0.1906 | Local 0.1192 | F1_macro 0.6269 | WorstLoss 1.7896
[Tracker] Ep   98 | AvgR 0.0001 | Global 0.1521 | Local 0.1192 | F1_macro 0.6190 | WorstLoss 1.8755
[Tracker] Ep   99 | AvgR 0.0001 | Global 0.2382 | Local 0.1192 | F1_macro 0.6250 | WorstLoss 1.6846
[Tracker] Ep  100 | AvgR 0.0001 | Global 0.2910 | Local 0.1192 | F1_macro 0.6290 | WorstLoss 1.5682
[Tracker] Saved snapshot: ep0100_phase1_class1
[Tracker] Ep  101 | AvgR 0.0001 | Global 0.1531 | Local 0.1192 | F1_macro 0.6297 | WorstLoss 1.8729
[Tracker] Ep  102 | AvgR 0.0000 | Global 0.0614 | Local 0.1192 | F1_macro 0.6195 | WorstLoss 2.0765
[Tracker] Ep  103 | AvgR 0.0001 | Global 0.2652 | Local 0.1192 | F1_macro 0.6317 | WorstLoss 1.6262
[Tracker] Ep  104 | AvgR 0.0001 | Global 0.2624 | Local 0.1192 | F1_macro 0.6316 | WorstLoss 1.6290
[Tracker] Ep  105 | AvgR 0.0001 | Global 0.1832 | Local 0.1192 | F1_macro 0.6262 | WorstLoss 1.8053
[Tracker] Saved snapshot: ep0105_phase1_class1
[Tracker] Ep  106 | AvgR 0.0001 | Global 0.2538 | Local 0.1192 | F1_macro 0.6336 | WorstLoss 1.6509
[Tracker] Ep  107 | AvgR 0.0001 | Global 0.2254 | Local 0.1192 | F1_macro 0.6235 | WorstLoss 1.7117
[Tracker] Ep  108 | AvgR 0.0001 | Global 0.2357 | Local 0.1192 | F1_macro 0.6250 | WorstLoss 1.6894
[Tracker] Ep  109 | AvgR 0.0001 | Global 0.1887 | Local 0.1192 | F1_macro 0.6295 | WorstLoss 1.7942
[Tracker] Ep  110 | AvgR 0.0001 | Global 0.2390 | Local 0.1192 | F1_macro 0.6179 | WorstLoss 1.6827
[Tracker] Saved snapshot: ep0110_phase1_class1
[Tracker] Ep  111 | AvgR 0.0001 | Global 0.2364 | Local 0.1192 | F1_macro 0.6317 | WorstLoss 1.6887
[Tracker] Ep  112 | AvgR 0.0001 | Global 0.1520 | Local 0.1192 | F1_macro 0.6193 | WorstLoss 1.8741
[Tracker] Ep  113 | AvgR 0.0001 | Global 0.1035 | Local 0.1192 | F1_macro 0.6281 | WorstLoss 1.9829
[Tracker] Ep  114 | AvgR 0.0001 | Global 0.2630 | Local 0.1192 | F1_macro 0.6279 | WorstLoss 1.6299
[Tracker] Ep  115 | AvgR 0.0001 | Global 0.1835 | Local 0.1192 | F1_macro 0.6332 | WorstLoss 1.8063
[Tracker] Saved snapshot: ep0115_phase1_class1
[Tracker] Ep  116 | AvgR 0.0001 | Global 0.1021 | Local 0.1192 | F1_macro 0.6264 | WorstLoss 1.9866
[Tracker] Ep  117 | AvgR 0.0001 | Global 0.1940 | Local 0.1192 | F1_macro 0.6179 | WorstLoss 1.7821
[Tracker] Ep  118 | AvgR 0.0002 | Global 0.3304 | Local 0.1192 | F1_macro 0.6289 | WorstLoss 1.4779
[Tracker] New BEST synthetic [phase1_class1] (by global.global_obj: 0.330373) saved.
[Tracker] BEST β weights [phase1_class1] saved -> training_runs/SPECv26_meps_cmaes_2s_EP130_PCA10_REWfairness_minID0_majID1_TRJ2000_REAL3000_BIAS0.1_GG202604041340_9099388c/seed_42/best_beta_state_dict_phase1_class1.pt
[Tracker] Ep  119 | AvgR 0.0001 | Global 0.2118 | Local 0.1192 | F1_macro 0.6339 | WorstLoss 1.7432
[Tracker] Ep  120 | AvgR 0.0001 | Global 0.2122 | Local 0.1192 | F1_macro 0.6275 | WorstLoss 1.7420
[Tracker] Saved snapshot: ep0120_phase1_class1
[Tracker] Ep  121 | AvgR 0.0001 | Global 0.2163 | Local 0.1192 | F1_macro 0.6180 | WorstLoss 1.7345
[Tracker] Ep  122 | AvgR 0.0001 | Global 0.2154 | Local 0.1192 | F1_macro 0.6295 | WorstLoss 1.7351
[Tracker] Ep  123 | AvgR 0.0001 | Global 0.2394 | Local 0.1192 | F1_macro 0.6316 | WorstLoss 1.6809
[Tracker] Ep  124 | AvgR 0.0001 | Global 0.2239 | Local 0.1192 | F1_macro 0.6208 | WorstLoss 1.7164
[Tracker] Ep  125 | AvgR 0.0001 | Global 0.1730 | Local 0.1192 | F1_macro 0.6322 | WorstLoss 1.8293
[Tracker] Saved snapshot: ep0125_phase1_class1
[Tracker] Ep  126 | AvgR 0.0001 | Global 0.1733 | Local 0.1192 | F1_macro 0.6296 | WorstLoss 1.8283
[Tracker] Ep  127 | AvgR 0.0001 | Global 0.1679 | Local 0.1192 | F1_macro 0.6234 | WorstLoss 1.8399
[Tracker] Ep  128 | AvgR 0.0001 | Global 0.2850 | Local 0.1192 | F1_macro 0.6263 | WorstLoss 1.5777
[Tracker] Ep  129 | AvgR 0.0001 | Global 0.2114 | Local 0.1192 | F1_macro 0.6328 | WorstLoss 1.7446
[Tracker] Ep  130 | AvgR 0.0001 | Global 0.2865 | Local 0.1192 | F1_macro 0.6310 | WorstLoss 1.5769
[Tracker] Saved snapshot: ep0130_phase1_class1
[CMA-ES Phase] Finished phase1_class1 | best global_obj=0.3304
Phase 2 anchors: 463 (y=0 & disadv=0)
[CMAESAgent] reset phase='phase2_class0' | D=10 param_dim=20 popsize=12 sigma0=1.000
FFNN Using device: cuda:0

============================================================
[CMA-ES Phase] phase2_class0 | target_class=0 | episodes=26 | popsize=12
============================================================
[Tracker] Ep    1 | AvgR 0.0001 | Global 0.1691 | Local 0.1192 | F1_macro 0.6208 | WorstLoss 1.8340
[Tracker] New BEST synthetic [phase2_class0] (by global.global_obj: 0.169108) saved.
[Tracker] BEST β weights [phase2_class0] saved -> training_runs/SPECv26_meps_cmaes_2s_EP130_PCA10_REWfairness_minID0_majID1_TRJ2000_REAL3000_BIAS0.1_GG202604041340_9099388c/seed_42/best_beta_state_dict_phase2_class0.pt
[Tracker] Ep    2 | AvgR 0.0001 | Global 0.1984 | Local 0.1192 | F1_macro 0.6368 | WorstLoss 1.7740
[Tracker] New BEST synthetic [phase2_class0] (by global.global_obj: 0.198398) saved.
[Tracker] BEST β weights [phase2_class0] saved -> training_runs/SPECv26_meps_cmaes_2s_EP130_PCA10_REWfairness_minID0_majID1_TRJ2000_REAL3000_BIAS0.1_GG202604041340_9099388c/seed_42/best_beta_state_dict_phase2_class0.pt
[Tracker] Ep    3 | AvgR 0.0001 | Global 0.1550 | Local 0.1192 | F1_macro 0.6253 | WorstLoss 1.8679
[Tracker] Ep    4 | AvgR 0.0001 | Global 0.2436 | Local 0.1192 | F1_macro 0.6251 | WorstLoss 1.6739
[Tracker] New BEST synthetic [phase2_class0] (by global.global_obj: 0.243636) saved.
[Tracker] BEST β weights [phase2_class0] saved -> training_runs/SPECv26_meps_cmaes_2s_EP130_PCA10_REWfairness_minID0_majID1_TRJ2000_REAL3000_BIAS0.1_GG202604041340_9099388c/seed_42/best_beta_state_dict_phase2_class0.pt
[Tracker] Ep    5 | AvgR 0.0001 | Global 0.1117 | Local 0.1192 | F1_macro 0.6200 | WorstLoss 1.9637
[Tracker] Saved snapshot: ep0005_phase2_class0
[Tracker] Ep    6 | AvgR 0.0001 | Global 0.1506 | Local 0.1192 | F1_macro 0.6335 | WorstLoss 1.8774
[Tracker] Ep    7 | AvgR 0.0002 | Global 0.3059 | Local 0.1192 | F1_macro 0.6238 | WorstLoss 1.5315
[Tracker] New BEST synthetic [phase2_class0] (by global.global_obj: 0.305863) saved.
[Tracker] BEST β weights [phase2_class0] saved -> training_runs/SPECv26_meps_cmaes_2s_EP130_PCA10_REWfairness_minID0_majID1_TRJ2000_REAL3000_BIAS0.1_GG202604041340_9099388c/seed_42/best_beta_state_dict_phase2_class0.pt
[Tracker] Ep    8 | AvgR 0.0001 | Global 0.1944 | Local 0.1192 | F1_macro 0.6151 | WorstLoss 1.7705
[Tracker] Ep    9 | AvgR 0.0001 | Global 0.2415 | Local 0.1192 | F1_macro 0.6225 | WorstLoss 1.6706
[Tracker] Ep   10 | AvgR 0.0001 | Global 0.2257 | Local 0.1192 | F1_macro 0.6283 | WorstLoss 1.7136
[Tracker] Saved snapshot: ep0010_phase2_class0
[Tracker] Ep   11 | AvgR 0.0001 | Global 0.2832 | Local 0.1192 | F1_macro 0.5918 | WorstLoss 1.5641
[Tracker] Ep   12 | AvgR 0.0002 | Global 0.3592 | Local 0.1192 | F1_macro 0.6250 | WorstLoss 1.4181
[Tracker] New BEST synthetic [phase2_class0] (by global.global_obj: 0.359236) saved.
[Tracker] BEST β weights [phase2_class0] saved -> training_runs/SPECv26_meps_cmaes_2s_EP130_PCA10_REWfairness_minID0_majID1_TRJ2000_REAL3000_BIAS0.1_GG202604041340_9099388c/seed_42/best_beta_state_dict_phase2_class0.pt
[Tracker] Ep   13 | AvgR 0.0001 | Global 0.2048 | Local 0.1192 | F1_macro 0.6271 | WorstLoss 1.7599
[Tracker] Ep   14 | AvgR 0.0001 | Global 0.1795 | Local 0.1192 | F1_macro 0.6117 | WorstLoss 1.8089
[Tracker] Ep   15 | AvgR 0.0001 | Global 0.2218 | Local 0.1192 | F1_macro 0.6229 | WorstLoss 1.7208
[Tracker] Saved snapshot: ep0015_phase2_class0
[Tracker] Ep   16 | AvgR 0.0001 | Global 0.1365 | Local 0.1192 | F1_macro 0.6179 | WorstLoss 1.9072
[Tracker] Ep   17 | AvgR 0.0001 | Global 0.2677 | Local 0.1192 | F1_macro 0.6277 | WorstLoss 1.6193
[Tracker] Ep   18 | AvgR 0.0001 | Global 0.2096 | Local 0.1192 | F1_macro 0.6214 | WorstLoss 1.7485
[Tracker] Ep   19 | AvgR 0.0002 | Global 0.3023 | Local 0.1192 | F1_macro 0.6140 | WorstLoss 1.5345
[Tracker] Ep   20 | AvgR 0.0001 | Global 0.1874 | Local 0.1192 | F1_macro 0.6193 | WorstLoss 1.7951
[Tracker] Saved snapshot: ep0020_phase2_class0
[Tracker] Ep   21 | AvgR 0.0001 | Global 0.2807 | Local 0.1192 | F1_macro 0.6121 | WorstLoss 1.5830
[Tracker] Ep   22 | AvgR 0.0002 | Global 0.3001 | Local 0.1192 | F1_macro 0.6151 | WorstLoss 1.5490
[Tracker] Ep   23 | AvgR 0.0001 | Global 0.2901 | Local 0.1192 | F1_macro 0.6186 | WorstLoss 1.5711
[Tracker] Ep   24 | AvgR 0.0001 | Global 0.2951 | Local 0.1192 | F1_macro 0.6277 | WorstLoss 1.5535
[Tracker] Ep   25 | AvgR 0.0001 | Global 0.2244 | Local 0.1192 | F1_macro 0.6288 | WorstLoss 1.7165
[Tracker] Saved snapshot: ep0025_phase2_class0
[Tracker] Ep   26 | AvgR 0.0001 | Global 0.2721 | Local 0.1192 | F1_macro 0.6138 | WorstLoss 1.5989
[CMA-ES Phase] Finished phase2_class0 | best global_obj=0.3592
FFNN Using device: cuda:0
[Combined] Saved combined beta -> training_runs/SPECv26_meps_cmaes_2s_EP130_PCA10_REWfairness_minID0_majID1_TRJ2000_REAL3000_BIAS0.1_GG202604041340_9099388c/seed_42/best_beta_state_dict.pt
[Combined] Saved combined synthetic -> training_runs/SPECv26_meps_cmaes_2s_EP130_PCA10_REWfairness_minID0_majID1_TRJ2000_REAL3000_BIAS0.1_GG202604041340_9099388c/seed_42/best_synthetic_combined.npz
FFNN Using device: cuda:0
[TestSuite] Loaded best β weights from: training_runs/SPECv26_meps_cmaes_2s_EP130_PCA10_REWfairness_minID0_majID1_TRJ2000_REAL3000_BIAS0.1_GG202604041340_9099388c/seed_42/best_beta_state_dict.pt

[TEST] Alpha -> F1(min)=0.6069 | F1(maj)=0.6572 | F1(weighted)=0.6331 | F1(macro)=0.6321 | Brier=0.2359
[TEST] Beta  -> F1(min)=0.5831 | F1(maj)=0.6755 | F1(weighted)=0.6313 | F1(macro)=0.6293 | Brier=0.2313
[TestSuite] Final test metrics appended to (seed): training_runs/SPECv26_meps_cmaes_2s_EP130_PCA10_REWfairness_minID0_majID1_TRJ2000_REAL3000_BIAS0.1_GG202604041340_9099388c/seed_42/final_test_metrics.csv
[TestSuite] Final test metrics appended to (experiment): training_runs/SPECv26_meps_cmaes_2s_EP130_PCA10_REWfairness_minID0_majID1_TRJ2000_REAL3000_BIAS0.1_GG202604041340_9099388c/final_test_metrics.csv
Total time 496.75s
[Tracker] Finished. Run folder: training_runs/SPECv26_meps_cmaes_2s_EP130_PCA10_REWfairness_minID0_majID1_TRJ2000_REAL3000_BIAS0.1_GG202604041340_9099388c/seed_42
[main] ---- running seed=0 ----
FFNN Using device: cuda:0
FFNN Using device: cuda:0
[Tracker] Experiment: SPECv26_meps_cmaes_2s_EP130_PCA10_REWfairness_minID0_majID1_TRJ2000_REAL3000_BIAS0.1_GG202604041340_9099388c
[Tracker] Seed folder: training_runs/SPECv26_meps_cmaes_2s_EP130_PCA10_REWfairness_minID0_majID1_TRJ2000_REAL3000_BIAS0.1_GG202604041340_9099388c/seed_0
[Tracker] Run: 2026-04-04_13-48-48_seed0_125457_dcfee27b
[Tracker] Metrics CSV: training_runs/SPECv26_meps_cmaes_2s_EP130_PCA10_REWfairness_minID0_majID1_TRJ2000_REAL3000_BIAS0.1_GG202604041340_9099388c/seed_0/metrics.csv
[Tracker] Mirroring console to: training_runs/SPECv26_meps_cmaes_2s_EP130_PCA10_REWfairness_minID0_majID1_TRJ2000_REAL3000_BIAS0.1_GG202604041340_9099388c/seed_0/console.log
[meps/race] Label distribution (pre-bias): {0: 8057, 1: 7398}
  [Black non-Hisp] n=3244, dental+= 971 (29.9%)
  [White non-Hisp] n=12211, dental+= 6427 (52.6%)
[meps/TRAIN] DA+ (Black, dental=1): 52 of 557 Black train examples
[meps/TRAIN] size=3000, dental+ 1360 (45.33%)
[meps/VAL] size=3091, dental+ 1479 (47.85%)
[meps/TEST] size=3091, dental+ 1480 (47.88%)
FFNN Using device: cuda:0
FFNN Using device: cuda:0
Beta will train with: 60.00% real data, 40.00% synthetic data: 
[disadv] group=0 per_g={0: 0.7398761510848999, 1: 0.6579511761665344} worst_4g=2.2797 soft_eo_alpha=0.4585
Anchors: 52 (disadv=0) sigma_anchor=0.8500
[Tracker] Alpha model state_dict saved to training_runs/SPECv26_meps_cmaes_2s_EP130_PCA10_REWfairness_minID0_majID1_TRJ2000_REAL3000_BIAS0.1_GG202604041340_9099388c/seed_0/alpha_state_dict.pt
[Tracker] Alpha model config saved to training_runs/SPECv26_meps_cmaes_2s_EP130_PCA10_REWfairness_minID0_majID1_TRJ2000_REAL3000_BIAS0.1_GG202604041340_9099388c/seed_0/ffnn_meta.json
[CMAESAgent] reset phase='phase1_class1' | D=10 param_dim=20 popsize=12 sigma0=1.000

============================================================
[CMA-ES Phase] phase1_class1 | target_class=1 | episodes=130 | popsize=12
============================================================
[Tracker] CSV header written with 47 columns.
[Tracker] Ep    1 | AvgR 0.0000 | Global 0.0140 | Local 0.1192 | F1_macro 0.6296 | WorstLoss 2.2477
[Tracker] New BEST synthetic [phase1_class1] (by global.global_obj: 0.013976) saved.
[Tracker] BEST β weights [phase1_class1] saved -> training_runs/SPECv26_meps_cmaes_2s_EP130_PCA10_REWfairness_minID0_majID1_TRJ2000_REAL3000_BIAS0.1_GG202604041340_9099388c/seed_0/best_beta_state_dict_phase1_class1.pt
[Tracker] Ep    2 | AvgR 0.0001 | Global 0.2416 | Local 0.1192 | F1_macro 0.6402 | WorstLoss 1.7289
[Tracker] New BEST synthetic [phase1_class1] (by global.global_obj: 0.241616) saved.
[Tracker] BEST β weights [phase1_class1] saved -> training_runs/SPECv26_meps_cmaes_2s_EP130_PCA10_REWfairness_minID0_majID1_TRJ2000_REAL3000_BIAS0.1_GG202604041340_9099388c/seed_0/best_beta_state_dict_phase1_class1.pt
[Tracker] Ep    3 | AvgR 0.0001 | Global 0.1131 | Local 0.1192 | F1_macro 0.6177 | WorstLoss 2.0212
[Tracker] Ep    4 | AvgR 0.0001 | Global 0.1970 | Local 0.1192 | F1_macro 0.6354 | WorstLoss 1.8288
[Tracker] Ep    5 | AvgR 0.0001 | Global 0.1090 | Local 0.1192 | F1_macro 0.6299 | WorstLoss 2.0312
[Tracker] Saved snapshot: ep0005_phase1_class1
[Tracker] Ep    6 | AvgR -0.0000 | Global -0.0059 | Local 0.1192 | F1_macro 0.6404 | WorstLoss 2.2931
[Tracker] Ep    7 | AvgR 0.0000 | Global 0.0609 | Local 0.1192 | F1_macro 0.6371 | WorstLoss 2.1409
[Tracker] Ep    8 | AvgR 0.0001 | Global 0.1618 | Local 0.1192 | F1_macro 0.6312 | WorstLoss 1.9091
[Tracker] Ep    9 | AvgR 0.0000 | Global 0.0373 | Local 0.1192 | F1_macro 0.6291 | WorstLoss 2.1947
[Tracker] Ep   10 | AvgR 0.0000 | Global 0.0420 | Local 0.1192 | F1_macro 0.6293 | WorstLoss 2.1840
[Tracker] Saved snapshot: ep0010_phase1_class1
[Tracker] Ep   11 | AvgR 0.0000 | Global 0.0598 | Local 0.1192 | F1_macro 0.6357 | WorstLoss 2.1434
[Tracker] Ep   12 | AvgR 0.0001 | Global 0.1809 | Local 0.1192 | F1_macro 0.6398 | WorstLoss 1.8673
[Tracker] Ep   13 | AvgR 0.0001 | Global 0.2168 | Local 0.1192 | F1_macro 0.6362 | WorstLoss 1.7855
[Tracker] Ep   14 | AvgR 0.0001 | Global 0.1529 | Local 0.1192 | F1_macro 0.6399 | WorstLoss 1.9312
[Tracker] Ep   15 | AvgR 0.0000 | Global 0.0668 | Local 0.1192 | F1_macro 0.6315 | WorstLoss 2.1274
[Tracker] Saved snapshot: ep0015_phase1_class1
[Tracker] Ep   16 | AvgR 0.0001 | Global 0.1091 | Local 0.1192 | F1_macro 0.6354 | WorstLoss 2.0309
[Tracker] Ep   17 | AvgR 0.0001 | Global 0.2946 | Local 0.1192 | F1_macro 0.6430 | WorstLoss 1.6081
[Tracker] New BEST synthetic [phase1_class1] (by global.global_obj: 0.294595) saved.
[Tracker] BEST β weights [phase1_class1] saved -> training_runs/SPECv26_meps_cmaes_2s_EP130_PCA10_REWfairness_minID0_majID1_TRJ2000_REAL3000_BIAS0.1_GG202604041340_9099388c/seed_0/best_beta_state_dict_phase1_class1.pt
[Tracker] Ep   18 | AvgR 0.0000 | Global 0.0842 | Local 0.1192 | F1_macro 0.6399 | WorstLoss 2.0878
[Tracker] Ep   19 | AvgR 0.0001 | Global 0.2069 | Local 0.1192 | F1_macro 0.6387 | WorstLoss 1.8081
[Tracker] Ep   20 | AvgR 0.0000 | Global 0.0237 | Local 0.1192 | F1_macro 0.6406 | WorstLoss 2.2257
[Tracker] Saved snapshot: ep0020_phase1_class1
[Tracker] Ep   21 | AvgR 0.0001 | Global 0.1289 | Local 0.1192 | F1_macro 0.6278 | WorstLoss 1.9843
[Tracker] Ep   22 | AvgR 0.0001 | Global 0.1144 | Local 0.1192 | F1_macro 0.6399 | WorstLoss 2.0189
[Tracker] Ep   23 | AvgR 0.0001 | Global 0.1393 | Local 0.1192 | F1_macro 0.6335 | WorstLoss 1.9609
[Tracker] Ep   24 | AvgR -0.0000 | Global -0.0045 | Local 0.1192 | F1_macro 0.6262 | WorstLoss 2.2900
[Tracker] Ep   25 | AvgR 0.0001 | Global 0.1907 | Local 0.1192 | F1_macro 0.6331 | WorstLoss 1.8449
[Tracker] Saved snapshot: ep0025_phase1_class1
[Tracker] Ep   26 | AvgR 0.0001 | Global 0.1025 | Local 0.1192 | F1_macro 0.6389 | WorstLoss 2.0460
[Tracker] Ep   27 | AvgR 0.0002 | Global 0.3172 | Local 0.1192 | F1_macro 0.6482 | WorstLoss 1.5567
[Tracker] New BEST synthetic [phase1_class1] (by global.global_obj: 0.317153) saved.
[Tracker] BEST β weights [phase1_class1] saved -> training_runs/SPECv26_meps_cmaes_2s_EP130_PCA10_REWfairness_minID0_majID1_TRJ2000_REAL3000_BIAS0.1_GG202604041340_9099388c/seed_0/best_beta_state_dict_phase1_class1.pt
[Tracker] Ep   28 | AvgR 0.0000 | Global 0.0745 | Local 0.1192 | F1_macro 0.6369 | WorstLoss 2.1098
[Tracker] Ep   29 | AvgR 0.0001 | Global 0.1348 | Local 0.1192 | F1_macro 0.6374 | WorstLoss 1.9723
[Tracker] Ep   30 | AvgR 0.0001 | Global 0.1270 | Local 0.1192 | F1_macro 0.6395 | WorstLoss 1.9901
[Tracker] Saved snapshot: ep0030_phase1_class1
[Tracker] Ep   31 | AvgR 0.0000 | Global 0.0852 | Local 0.1192 | F1_macro 0.6326 | WorstLoss 2.0854
[Tracker] Ep   32 | AvgR 0.0001 | Global 0.1881 | Local 0.1192 | F1_macro 0.6342 | WorstLoss 1.8509
[Tracker] Ep   33 | AvgR 0.0001 | Global 0.1437 | Local 0.1192 | F1_macro 0.6345 | WorstLoss 1.9502
[Tracker] Ep   34 | AvgR 0.0001 | Global 0.1404 | Local 0.1192 | F1_macro 0.6375 | WorstLoss 1.9594
[Tracker] Ep   35 | AvgR 0.0001 | Global 0.1990 | Local 0.1192 | F1_macro 0.6327 | WorstLoss 1.8250
[Tracker] Saved snapshot: ep0035_phase1_class1
[Tracker] Ep   36 | AvgR 0.0001 | Global 0.2074 | Local 0.1192 | F1_macro 0.6395 | WorstLoss 1.8069
[Tracker] Ep   37 | AvgR 0.0001 | Global 0.2318 | Local 0.1192 | F1_macro 0.6415 | WorstLoss 1.7513
[Tracker] Ep   38 | AvgR 0.0001 | Global 0.2024 | Local 0.1192 | F1_macro 0.6447 | WorstLoss 1.8183
[Tracker] Ep   39 | AvgR 0.0001 | Global 0.1950 | Local 0.1192 | F1_macro 0.6378 | WorstLoss 1.8351
[Tracker] Ep   40 | AvgR 0.0001 | Global 0.2710 | Local 0.1192 | F1_macro 0.6400 | WorstLoss 1.6619
[Tracker] Saved snapshot: ep0040_phase1_class1
[Tracker] Ep   41 | AvgR 0.0001 | Global 0.1516 | Local 0.1192 | F1_macro 0.6359 | WorstLoss 1.9342
[Tracker] Ep   42 | AvgR 0.0001 | Global 0.1481 | Local 0.1192 | F1_macro 0.6426 | WorstLoss 1.9420
[Tracker] Ep   43 | AvgR 0.0001 | Global 0.1726 | Local 0.1192 | F1_macro 0.6396 | WorstLoss 1.8855
[Tracker] Ep   44 | AvgR 0.0001 | Global 0.1498 | Local 0.1192 | F1_macro 0.6349 | WorstLoss 1.9382
[Tracker] Ep   45 | AvgR 0.0001 | Global 0.1593 | Local 0.1192 | F1_macro 0.6407 | WorstLoss 1.9165
[Tracker] Saved snapshot: ep0045_phase1_class1
[Tracker] Ep   46 | AvgR 0.0001 | Global 0.1786 | Local 0.1192 | F1_macro 0.6365 | WorstLoss 1.8724
[Tracker] Ep   47 | AvgR 0.0000 | Global 0.0543 | Local 0.1192 | F1_macro 0.6362 | WorstLoss 2.1558
[Tracker] Ep   48 | AvgR 0.0001 | Global 0.1933 | Local 0.1192 | F1_macro 0.6364 | WorstLoss 1.8389
[Tracker] Ep   49 | AvgR 0.0002 | Global 0.3652 | Local 0.1192 | F1_macro 0.6419 | WorstLoss 1.4470
[Tracker] New BEST synthetic [phase1_class1] (by global.global_obj: 0.365249) saved.
[Tracker] BEST β weights [phase1_class1] saved -> training_runs/SPECv26_meps_cmaes_2s_EP130_PCA10_REWfairness_minID0_majID1_TRJ2000_REAL3000_BIAS0.1_GG202604041340_9099388c/seed_0/best_beta_state_dict_phase1_class1.pt
[Tracker] Ep   50 | AvgR 0.0001 | Global 0.2710 | Local 0.1192 | F1_macro 0.6379 | WorstLoss 1.6618
[Tracker] Saved snapshot: ep0050_phase1_class1
[Tracker] Ep   51 | AvgR 0.0001 | Global 0.1499 | Local 0.1192 | F1_macro 0.6397 | WorstLoss 1.9381
[Tracker] Ep   52 | AvgR 0.0001 | Global 0.1781 | Local 0.1192 | F1_macro 0.6354 | WorstLoss 1.8736
[Tracker] Ep   53 | AvgR 0.0001 | Global 0.2428 | Local 0.1192 | F1_macro 0.6360 | WorstLoss 1.7261
[Tracker] Ep   54 | AvgR 0.0001 | Global 0.1865 | Local 0.1192 | F1_macro 0.6428 | WorstLoss 1.8545
[Tracker] Ep   55 | AvgR 0.0001 | Global 0.1395 | Local 0.1192 | F1_macro 0.6339 | WorstLoss 1.9617
[Tracker] Saved snapshot: ep0055_phase1_class1
[Tracker] Ep   56 | AvgR 0.0001 | Global 0.1755 | Local 0.1192 | F1_macro 0.6342 | WorstLoss 1.8796
[Tracker] Ep   57 | AvgR 0.0001 | Global 0.2164 | Local 0.1192 | F1_macro 0.6387 | WorstLoss 1.7865
[Tracker] Ep   58 | AvgR 0.0001 | Global 0.1790 | Local 0.1192 | F1_macro 0.6421 | WorstLoss 1.8716
[Tracker] Ep   59 | AvgR 0.0001 | Global 0.1574 | Local 0.1192 | F1_macro 0.6337 | WorstLoss 1.9209
[Tracker] Ep   60 | AvgR 0.0001 | Global 0.1274 | Local 0.1192 | F1_macro 0.6370 | WorstLoss 1.9893
[Tracker] Saved snapshot: ep0060_phase1_class1
[Tracker] Ep   61 | AvgR 0.0001 | Global 0.1901 | Local 0.1192 | F1_macro 0.6384 | WorstLoss 1.8463
[Tracker] Ep   62 | AvgR 0.0000 | Global 0.0728 | Local 0.1192 | F1_macro 0.6400 | WorstLoss 2.1138
[Tracker] Ep   63 | AvgR 0.0000 | Global 0.0980 | Local 0.1192 | F1_macro 0.6421 | WorstLoss 2.0563
[Tracker] Ep   64 | AvgR 0.0000 | Global 0.0825 | Local 0.1192 | F1_macro 0.6345 | WorstLoss 2.0915
[Tracker] Ep   65 | AvgR 0.0001 | Global 0.1108 | Local 0.1192 | F1_macro 0.6328 | WorstLoss 2.0270
[Tracker] Saved snapshot: ep0065_phase1_class1
[Tracker] Ep   66 | AvgR 0.0001 | Global 0.1557 | Local 0.1192 | F1_macro 0.6398 | WorstLoss 1.9248
[Tracker] Ep   67 | AvgR 0.0001 | Global 0.2061 | Local 0.1192 | F1_macro 0.6367 | WorstLoss 1.8099
[Tracker] Ep   68 | AvgR 0.0001 | Global 0.2335 | Local 0.1192 | F1_macro 0.6380 | WorstLoss 1.7473
[Tracker] Ep   69 | AvgR 0.0001 | Global 0.1997 | Local 0.1192 | F1_macro 0.6341 | WorstLoss 1.8245
[Tracker] Ep   70 | AvgR 0.0001 | Global 0.1603 | Local 0.1192 | F1_macro 0.6344 | WorstLoss 1.9142
[Tracker] Saved snapshot: ep0070_phase1_class1
[Tracker] Ep   71 | AvgR 0.0001 | Global 0.1910 | Local 0.1192 | F1_macro 0.6370 | WorstLoss 1.8443
[Tracker] Ep   72 | AvgR 0.0001 | Global 0.2388 | Local 0.1192 | F1_macro 0.6402 | WorstLoss 1.7352
[Tracker] Ep   73 | AvgR 0.0001 | Global 0.1894 | Local 0.1192 | F1_macro 0.6320 | WorstLoss 1.8480
[Tracker] Ep   74 | AvgR 0.0001 | Global 0.2339 | Local 0.1192 | F1_macro 0.6380 | WorstLoss 1.7465
[Tracker] Ep   75 | AvgR 0.0001 | Global 0.2169 | Local 0.1192 | F1_macro 0.6343 | WorstLoss 1.7824
[Tracker] Saved snapshot: ep0075_phase1_class1
[Tracker] Ep   76 | AvgR 0.0001 | Global 0.1716 | Local 0.1192 | F1_macro 0.6352 | WorstLoss 1.8884
[Tracker] Ep   77 | AvgR 0.0001 | Global 0.1964 | Local 0.1192 | F1_macro 0.6388 | WorstLoss 1.8319
[Tracker] Ep   78 | AvgR 0.0001 | Global 0.1889 | Local 0.1192 | F1_macro 0.6448 | WorstLoss 1.8491
[Tracker] Ep   79 | AvgR 0.0001 | Global 0.1274 | Local 0.1192 | F1_macro 0.6395 | WorstLoss 1.9893
[Tracker] Ep   80 | AvgR 0.0001 | Global 0.1635 | Local 0.1192 | F1_macro 0.6403 | WorstLoss 1.9069
[Tracker] Saved snapshot: ep0080_phase1_class1
[Tracker] Ep   81 | AvgR 0.0001 | Global 0.2134 | Local 0.1192 | F1_macro 0.6430 | WorstLoss 1.7931
[Tracker] Ep   82 | AvgR 0.0001 | Global 0.1782 | Local 0.1192 | F1_macro 0.6447 | WorstLoss 1.8735
[Tracker] Ep   83 | AvgR 0.0001 | Global 0.2318 | Local 0.1192 | F1_macro 0.6341 | WorstLoss 1.7511
[Tracker] Ep   84 | AvgR 0.0001 | Global 0.1572 | Local 0.1192 | F1_macro 0.6329 | WorstLoss 1.9212
[Tracker] Ep   85 | AvgR 0.0001 | Global 0.1379 | Local 0.1192 | F1_macro 0.6352 | WorstLoss 1.9653
[Tracker] Saved snapshot: ep0085_phase1_class1
[Tracker] Ep   86 | AvgR 0.0001 | Global 0.2122 | Local 0.1192 | F1_macro 0.6368 | WorstLoss 1.7960
[Tracker] Ep   87 | AvgR 0.0001 | Global 0.2555 | Local 0.1192 | F1_macro 0.6357 | WorstLoss 1.6972
[Tracker] Ep   88 | AvgR 0.0000 | Global 0.0998 | Local 0.1192 | F1_macro 0.6417 | WorstLoss 2.0522
[Tracker] Ep   89 | AvgR 0.0001 | Global 0.1417 | Local 0.1192 | F1_macro 0.6371 | WorstLoss 1.9566
[Tracker] Ep   90 | AvgR 0.0001 | Global 0.1371 | Local 0.1192 | F1_macro 0.6336 | WorstLoss 1.9672
[Tracker] Saved snapshot: ep0090_phase1_class1
[Tracker] Ep   91 | AvgR 0.0001 | Global 0.1462 | Local 0.1192 | F1_macro 0.6426 | WorstLoss 1.9464
[Tracker] Ep   92 | AvgR 0.0001 | Global 0.1484 | Local 0.1192 | F1_macro 0.6454 | WorstLoss 1.9413
[Tracker] Ep   93 | AvgR 0.0001 | Global 0.2576 | Local 0.1192 | F1_macro 0.6405 | WorstLoss 1.6925
[Tracker] Ep   94 | AvgR 0.0001 | Global 0.1959 | Local 0.1192 | F1_macro 0.6438 | WorstLoss 1.8331
[Tracker] Ep   95 | AvgR 0.0001 | Global 0.1574 | Local 0.1192 | F1_macro 0.6392 | WorstLoss 1.9209
[Tracker] Saved snapshot: ep0095_phase1_class1
[Tracker] Ep   96 | AvgR 0.0001 | Global 0.2289 | Local 0.1192 | F1_macro 0.6440 | WorstLoss 1.7579
[Tracker] Ep   97 | AvgR 0.0001 | Global 0.1780 | Local 0.1192 | F1_macro 0.6352 | WorstLoss 1.8738
[Tracker] Ep   98 | AvgR 0.0001 | Global 0.1927 | Local 0.1192 | F1_macro 0.6318 | WorstLoss 1.8404
[Tracker] Ep   99 | AvgR 0.0001 | Global 0.2799 | Local 0.1192 | F1_macro 0.6395 | WorstLoss 1.6415
[Tracker] Ep  100 | AvgR 0.0001 | Global 0.1578 | Local 0.1192 | F1_macro 0.6422 | WorstLoss 1.9201
[Tracker] Saved snapshot: ep0100_phase1_class1
[Tracker] Ep  101 | AvgR 0.0001 | Global 0.1625 | Local 0.1192 | F1_macro 0.6350 | WorstLoss 1.9093
[Tracker] Ep  102 | AvgR 0.0001 | Global 0.1916 | Local 0.1192 | F1_macro 0.6374 | WorstLoss 1.8429
[Tracker] Ep  103 | AvgR 0.0001 | Global 0.1851 | Local 0.1192 | F1_macro 0.6462 | WorstLoss 1.8577
[Tracker] Ep  104 | AvgR 0.0001 | Global 0.1112 | Local 0.1192 | F1_macro 0.6325 | WorstLoss 2.0262
[Tracker] Ep  105 | AvgR 0.0001 | Global 0.1201 | Local 0.1192 | F1_macro 0.6381 | WorstLoss 2.0058
[Tracker] Saved snapshot: ep0105_phase1_class1
[Tracker] Ep  106 | AvgR 0.0001 | Global 0.1446 | Local 0.1192 | F1_macro 0.6334 | WorstLoss 1.9501
[Tracker] Ep  107 | AvgR 0.0001 | Global 0.1813 | Local 0.1192 | F1_macro 0.6395 | WorstLoss 1.8663
[Tracker] Ep  108 | AvgR 0.0001 | Global 0.2510 | Local 0.1192 | F1_macro 0.6436 | WorstLoss 1.7074
[Tracker] Ep  109 | AvgR 0.0001 | Global 0.1649 | Local 0.1192 | F1_macro 0.6337 | WorstLoss 1.9039
[Tracker] Ep  110 | AvgR 0.0001 | Global 0.2090 | Local 0.1192 | F1_macro 0.6384 | WorstLoss 1.8033
[Tracker] Saved snapshot: ep0110_phase1_class1
[Tracker] Ep  111 | AvgR 0.0000 | Global 0.0889 | Local 0.1192 | F1_macro 0.6294 | WorstLoss 2.0770
[Tracker] Ep  112 | AvgR 0.0001 | Global 0.1445 | Local 0.1192 | F1_macro 0.6394 | WorstLoss 1.9504
[Tracker] Ep  113 | AvgR 0.0001 | Global 0.1476 | Local 0.1192 | F1_macro 0.6456 | WorstLoss 1.9433
[Tracker] Ep  114 | AvgR 0.0001 | Global 0.2430 | Local 0.1192 | F1_macro 0.6281 | WorstLoss 1.7258
[Tracker] Ep  115 | AvgR 0.0001 | Global 0.1298 | Local 0.1192 | F1_macro 0.6379 | WorstLoss 1.9838
[Tracker] Saved snapshot: ep0115_phase1_class1
[Tracker] Ep  116 | AvgR 0.0001 | Global 0.2788 | Local 0.1192 | F1_macro 0.6398 | WorstLoss 1.6441
[Tracker] Ep  117 | AvgR 0.0000 | Global 0.0846 | Local 0.1192 | F1_macro 0.6406 | WorstLoss 2.0867
[Tracker] Ep  118 | AvgR 0.0001 | Global 0.1401 | Local 0.1192 | F1_macro 0.6419 | WorstLoss 1.9604
[Tracker] Ep  119 | AvgR 0.0001 | Global 0.1821 | Local 0.1192 | F1_macro 0.6465 | WorstLoss 1.8646
[Tracker] Ep  120 | AvgR 0.0001 | Global 0.2401 | Local 0.1192 | F1_macro 0.6316 | WorstLoss 1.7324
[Tracker] Saved snapshot: ep0120_phase1_class1
[Tracker] Ep  121 | AvgR 0.0001 | Global 0.2118 | Local 0.1192 | F1_macro 0.6328 | WorstLoss 1.7967
[Tracker] Ep  122 | AvgR 0.0001 | Global 0.1183 | Local 0.1192 | F1_macro 0.6439 | WorstLoss 2.0100
[Tracker] Ep  123 | AvgR 0.0000 | Global 0.0871 | Local 0.1192 | F1_macro 0.6382 | WorstLoss 2.0811
[Tracker] Ep  124 | AvgR 0.0001 | Global 0.1805 | Local 0.1192 | F1_macro 0.6278 | WorstLoss 1.8682
[Tracker] Ep  125 | AvgR 0.0000 | Global 0.0899 | Local 0.1192 | F1_macro 0.6277 | WorstLoss 2.0744
[Tracker] Saved snapshot: ep0125_phase1_class1
[Tracker] Ep  126 | AvgR 0.0001 | Global 0.1827 | Local 0.1192 | F1_macro 0.6393 | WorstLoss 1.8631
[Tracker] Ep  127 | AvgR 0.0001 | Global 0.2326 | Local 0.1192 | F1_macro 0.6280 | WorstLoss 1.7493
[Tracker] Ep  128 | AvgR 0.0001 | Global 0.2112 | Local 0.1192 | F1_macro 0.6296 | WorstLoss 1.7983
[Tracker] Ep  129 | AvgR 0.0001 | Global 0.1758 | Local 0.1192 | F1_macro 0.6355 | WorstLoss 1.8788
[Tracker] Ep  130 | AvgR 0.0000 | Global 0.0913 | Local 0.1192 | F1_macro 0.6404 | WorstLoss 2.0715
[Tracker] Saved snapshot: ep0130_phase1_class1
[CMA-ES Phase] Finished phase1_class1 | best global_obj=0.3652
Phase 2 anchors: 505 (y=0 & disadv=0)
[CMAESAgent] reset phase='phase2_class0' | D=10 param_dim=20 popsize=12 sigma0=1.000
FFNN Using device: cuda:0

============================================================
[CMA-ES Phase] phase2_class0 | target_class=0 | episodes=26 | popsize=12
============================================================
[Tracker] Ep    1 | AvgR 0.0001 | Global 0.2682 | Local 0.1192 | F1_macro 0.6341 | WorstLoss 1.6655
[Tracker] New BEST synthetic [phase2_class0] (by global.global_obj: 0.268188) saved.
[Tracker] BEST β weights [phase2_class0] saved -> training_runs/SPECv26_meps_cmaes_2s_EP130_PCA10_REWfairness_minID0_majID1_TRJ2000_REAL3000_BIAS0.1_GG202604041340_9099388c/seed_0/best_beta_state_dict_phase2_class0.pt
[Tracker] Ep    2 | AvgR 0.0001 | Global 0.2948 | Local 0.1192 | F1_macro 0.6428 | WorstLoss 1.6076
[Tracker] New BEST synthetic [phase2_class0] (by global.global_obj: 0.294794) saved.
[Tracker] BEST β weights [phase2_class0] saved -> training_runs/SPECv26_meps_cmaes_2s_EP130_PCA10_REWfairness_minID0_majID1_TRJ2000_REAL3000_BIAS0.1_GG202604041340_9099388c/seed_0/best_beta_state_dict_phase2_class0.pt
[Tracker] Ep    3 | AvgR 0.0001 | Global 0.2973 | Local 0.1192 | F1_macro 0.6226 | WorstLoss 1.5992
[Tracker] New BEST synthetic [phase2_class0] (by global.global_obj: 0.297337) saved.
[Tracker] BEST β weights [phase2_class0] saved -> training_runs/SPECv26_meps_cmaes_2s_EP130_PCA10_REWfairness_minID0_majID1_TRJ2000_REAL3000_BIAS0.1_GG202604041340_9099388c/seed_0/best_beta_state_dict_phase2_class0.pt
[Tracker] Ep    4 | AvgR 0.0001 | Global 0.2401 | Local 0.1192 | F1_macro 0.6456 | WorstLoss 1.7323
[Tracker] Ep    5 | AvgR 0.0001 | Global 0.1378 | Local 0.1192 | F1_macro 0.6235 | WorstLoss 1.9603
[Tracker] Saved snapshot: ep0005_phase2_class0
[Tracker] Ep    6 | AvgR 0.0001 | Global 0.2244 | Local 0.1192 | F1_macro 0.6422 | WorstLoss 1.7681
[Tracker] Ep    7 | AvgR 0.0001 | Global 0.2438 | Local 0.1192 | F1_macro 0.6427 | WorstLoss 1.7239
[Tracker] Ep    8 | AvgR 0.0001 | Global 0.2938 | Local 0.1192 | F1_macro 0.6409 | WorstLoss 1.6098
[Tracker] Ep    9 | AvgR 0.0001 | Global 0.2863 | Local 0.1192 | F1_macro 0.6375 | WorstLoss 1.6271
[Tracker] Ep   10 | AvgR 0.0002 | Global 0.3599 | Local 0.1192 | F1_macro 0.6347 | WorstLoss 1.4527
[Tracker] Saved snapshot: ep0010_phase2_class0
[Tracker] New BEST synthetic [phase2_class0] (by global.global_obj: 0.359949) saved.
[Tracker] BEST β weights [phase2_class0] saved -> training_runs/SPECv26_meps_cmaes_2s_EP130_PCA10_REWfairness_minID0_majID1_TRJ2000_REAL3000_BIAS0.1_GG202604041340_9099388c/seed_0/best_beta_state_dict_phase2_class0.pt
[Tracker] Ep   11 | AvgR 0.0001 | Global 0.2963 | Local 0.1192 | F1_macro 0.6454 | WorstLoss 1.6043
[Tracker] Ep   12 | AvgR 0.0002 | Global 0.3060 | Local 0.1192 | F1_macro 0.6336 | WorstLoss 1.5812
[Tracker] Ep   13 | AvgR 0.0002 | Global 0.4109 | Local 0.1192 | F1_macro 0.6386 | WorstLoss 1.3384
[Tracker] New BEST synthetic [phase2_class0] (by global.global_obj: 0.410880) saved.
[Tracker] BEST β weights [phase2_class0] saved -> training_runs/SPECv26_meps_cmaes_2s_EP130_PCA10_REWfairness_minID0_majID1_TRJ2000_REAL3000_BIAS0.1_GG202604041340_9099388c/seed_0/best_beta_state_dict_phase2_class0.pt
[Tracker] Ep   14 | AvgR 0.0001 | Global 0.2734 | Local 0.1192 | F1_macro 0.6297 | WorstLoss 1.6512
[Tracker] Ep   15 | AvgR 0.0001 | Global 0.2716 | Local 0.1192 | F1_macro 0.6476 | WorstLoss 1.6606
[Tracker] Saved snapshot: ep0015_phase2_class0
[Tracker] Ep   16 | AvgR 0.0002 | Global 0.3764 | Local 0.1192 | F1_macro 0.6477 | WorstLoss 1.4215
[Tracker] Ep   17 | AvgR 0.0002 | Global 0.3935 | Local 0.1192 | F1_macro 0.6094 | WorstLoss 1.3553
[Tracker] Ep   18 | AvgR 0.0001 | Global 0.2307 | Local 0.1192 | F1_macro 0.6373 | WorstLoss 1.7538
[Tracker] Ep   19 | AvgR 0.0001 | Global 0.2330 | Local 0.1192 | F1_macro 0.6437 | WorstLoss 1.7484
[Tracker] Ep   20 | AvgR 0.0001 | Global 0.2183 | Local 0.1192 | F1_macro 0.6380 | WorstLoss 1.7821
[Tracker] Saved snapshot: ep0020_phase2_class0
[Tracker] Ep   21 | AvgR 0.0002 | Global 0.3385 | Local 0.1192 | F1_macro 0.6478 | WorstLoss 1.5079
[Tracker] Ep   22 | AvgR 0.0001 | Global 0.2042 | Local 0.1192 | F1_macro 0.6477 | WorstLoss 1.8143
[Tracker] Ep   23 | AvgR 0.0001 | Global 0.2958 | Local 0.1192 | F1_macro 0.6425 | WorstLoss 1.6054
[Tracker] Ep   24 | AvgR 0.0002 | Global 0.3254 | Local 0.1192 | F1_macro 0.6248 | WorstLoss 1.5246
[Tracker] Ep   25 | AvgR 0.0002 | Global 0.3735 | Local 0.1192 | F1_macro 0.6328 | WorstLoss 1.4244
[Tracker] Saved snapshot: ep0025_phase2_class0
[Tracker] Ep   26 | AvgR 0.0002 | Global 0.3716 | Local 0.1192 | F1_macro 0.6252 | WorstLoss 1.4147
[CMA-ES Phase] Finished phase2_class0 | best global_obj=0.4109
FFNN Using device: cuda:0
[Combined] Saved combined beta -> training_runs/SPECv26_meps_cmaes_2s_EP130_PCA10_REWfairness_minID0_majID1_TRJ2000_REAL3000_BIAS0.1_GG202604041340_9099388c/seed_0/best_beta_state_dict.pt
[Combined] Saved combined synthetic -> training_runs/SPECv26_meps_cmaes_2s_EP130_PCA10_REWfairness_minID0_majID1_TRJ2000_REAL3000_BIAS0.1_GG202604041340_9099388c/seed_0/best_synthetic_combined.npz
FFNN Using device: cuda:0
[TestSuite] Loaded best β weights from: training_runs/SPECv26_meps_cmaes_2s_EP130_PCA10_REWfairness_minID0_majID1_TRJ2000_REAL3000_BIAS0.1_GG202604041340_9099388c/seed_0/best_beta_state_dict.pt

[TEST] Alpha -> F1(min)=0.6314 | F1(maj)=0.6632 | F1(weighted)=0.6480 | F1(macro)=0.6473 | Brier=0.2316
[TEST] Beta  -> F1(min)=0.5866 | F1(maj)=0.6369 | F1(weighted)=0.6128 | F1(macro)=0.6118 | Brier=0.2353
[TestSuite] Final test metrics appended to (seed): training_runs/SPECv26_meps_cmaes_2s_EP130_PCA10_REWfairness_minID0_majID1_TRJ2000_REAL3000_BIAS0.1_GG202604041340_9099388c/seed_0/final_test_metrics.csv
[TestSuite] Final test metrics appended to (experiment): training_runs/SPECv26_meps_cmaes_2s_EP130_PCA10_REWfairness_minID0_majID1_TRJ2000_REAL3000_BIAS0.1_GG202604041340_9099388c/final_test_metrics.csv
Total time 484.73s
[Tracker] Finished. Run folder: training_runs/SPECv26_meps_cmaes_2s_EP130_PCA10_REWfairness_minID0_majID1_TRJ2000_REAL3000_BIAS0.1_GG202604041340_9099388c/seed_0
