[FairTabDDPM] exp_group=BASELINE_fairtabddpm_compas_race_bias005_fairtabddpm_5s_0546c142__G202603302034  seed=2
[FairTabDDPM] dataset=compas  feature_dim=16
[FairTabDDPM] cfg={'timesteps': 100, 'd_emb': 128, 'n_layers': 4, 'lr': 0.00039, 'weight_decay': 0.0, 'diff_epochs': 1000, 'batch_size': 256, 'n_synthetic': 2000}
[FairTabDDPM] Training diffusion model for 1000 epochs ...
[FairTabDDPM] epoch=    1 | loss=1.01011
[FairTabDDPM] epoch=  100 | loss=0.19060
[FairTabDDPM] epoch=  200 | loss=0.14863
[FairTabDDPM] epoch=  300 | loss=0.13089
[FairTabDDPM] epoch=  400 | loss=0.12399
[FairTabDDPM] epoch=  500 | loss=0.10943
[FairTabDDPM] epoch=  600 | loss=0.10584
[FairTabDDPM] epoch=  700 | loss=0.09322
[FairTabDDPM] epoch=  800 | loss=0.09127
[FairTabDDPM] epoch=  900 | loss=0.08364
[FairTabDDPM] epoch= 1000 | loss=0.08226
[FairTabDDPM] Diffusion done. Best loss=0.07887
[FairTabDDPM] Diffusion training done in 44.3s
[FairTabDDPM] Disadvantaged group: a=0 (pos_g0=40, pos_g1=984)
[FairTabDDPM] Sampling 2000 fair synthetic samples (y=1, a=0) ...
[FairTabDDPM] Got 2000 synthetic samples.
[FairTabDDPM] Augmented: 4701 total (3024 pos)
FFNN Using device: cpu
FFNN Using device: cpu
FFNN Using device: cpu
[TestSuite] Loaded best β weights from: /lustre09/project/6000743/epigou/cs_9170_project/training_runs/BASELINE_fairtabddpm_compas_race_bias005_fairtabddpm_5s_0546c142__G202603302034/seed_2/fairtabddpm_model.pt

[TEST] Alpha -> F1(min)=0.5533 | F1(maj)=0.7079 | F1(weighted)=0.6351 | F1(macro)=0.6306 | Brier=0.2534
[TEST] Beta  -> F1(min)=0.5761 | F1(maj)=0.7122 | F1(weighted)=0.6482 | F1(macro)=0.6442 | Brier=0.2444
[TestSuite] Final test metrics appended to (seed): /lustre09/project/6000743/epigou/cs_9170_project/training_runs/BASELINE_fairtabddpm_compas_race_bias005_fairtabddpm_5s_0546c142__G202603302034/seed_2/final_test_metrics.csv
[TestSuite] Final test metrics appended to (experiment): /lustre09/project/6000743/epigou/cs_9170_project/training_runs/BASELINE_fairtabddpm_compas_race_bias005_fairtabddpm_5s_0546c142__G202603302034/final_test_metrics.csv
[FairTabDDPM] Diffusion metrics -> /lustre09/project/6000743/epigou/cs_9170_project/training_runs/BASELINE_fairtabddpm_compas_race_bias005_fairtabddpm_5s_0546c142__G202603302034/seed_2/diff_metrics.csv
[FairTabDDPM] Done. seed=2 | time=55.8s
