[GroupDRO] exp_group=BASELINE_group_dro_v16_bias010_gdro_credit_3seeds_70d5567c__G202603171827  seed=1
[GroupDRO] dataset=credit_card  feature_dim=32
[GroupDRO] gdro_config={'lr': 0.001, 'epochs': 200, 'batch_size': 64, 'eta': 0.01, 'n_groups': 4}
[GroupDRO] seed_dir=/lustre09/project/6000743/epigou/cs_9170_project/training_runs/BASELINE_group_dro_v16_bias010_gdro_credit_3seeds_70d5567c__G202603171827/seed_1
[GroupDRO] epoch=   1 | dro=0.7463 | val_worst=0.7446 | q=[0.250,0.252,0.235,0.263]
[GroupDRO] epoch=  20 | dro=0.5149 | val_worst=0.6678 | q=[0.221,0.215,0.284,0.280]
[GroupDRO] epoch=  40 | dro=0.4342 | val_worst=0.8747 | q=[0.202,0.197,0.303,0.298]
[GroupDRO] epoch=  60 | dro=0.4005 | val_worst=1.0743 | q=[0.189,0.183,0.317,0.311]
[GroupDRO] epoch=  80 | dro=0.3585 | val_worst=1.1820 | q=[0.181,0.165,0.330,0.324]
[GroupDRO] epoch= 100 | dro=0.3096 | val_worst=1.4868 | q=[0.167,0.150,0.353,0.329]
[GroupDRO] epoch= 120 | dro=0.2811 | val_worst=1.6193 | q=[0.160,0.140,0.366,0.335]
[GroupDRO] epoch= 140 | dro=0.2542 | val_worst=2.0506 | q=[0.156,0.134,0.375,0.335]
[GroupDRO] epoch= 160 | dro=0.2419 | val_worst=2.3468 | q=[0.160,0.130,0.376,0.335]
[GroupDRO] epoch= 180 | dro=0.2166 | val_worst=2.4808 | q=[0.158,0.125,0.380,0.337]
[GroupDRO] epoch= 200 | dro=0.2003 | val_worst=2.7722 | q=[0.159,0.123,0.386,0.332]
[GroupDRO] Training done. Best val_worst=0.6349
[GroupDRO] Training metrics -> /lustre09/project/6000743/epigou/cs_9170_project/training_runs/BASELINE_group_dro_v16_bias010_gdro_credit_3seeds_70d5567c__G202603171827/seed_1/metrics.csv
[GroupDRO] Best model saved -> /lustre09/project/6000743/epigou/cs_9170_project/training_runs/BASELINE_group_dro_v16_bias010_gdro_credit_3seeds_70d5567c__G202603171827/seed_1/gdro_model.pt
FFNN Using device: cpu
FFNN Using device: cpu
FFNN Using device: cpu
[TestSuite] Loaded best β weights from: /lustre09/project/6000743/epigou/cs_9170_project/training_runs/BASELINE_group_dro_v16_bias010_gdro_credit_3seeds_70d5567c__G202603171827/seed_1/gdro_model.pt

[TEST] Alpha -> F1(min)=0.1076 | F1(maj)=0.8792 | F1(weighted)=0.7085 | F1(macro)=0.4934 | Brier=0.1641
[TEST] Beta  -> F1(min)=0.4725 | F1(maj)=0.8238 | F1(weighted)=0.7461 | F1(macro)=0.6482 | Brier=0.1999
[TestSuite] Final test metrics appended to (seed): /lustre09/project/6000743/epigou/cs_9170_project/training_runs/BASELINE_group_dro_v16_bias010_gdro_credit_3seeds_70d5567c__G202603171827/seed_1/final_test_metrics.csv
[TestSuite] Final test metrics appended to (experiment): /lustre09/project/6000743/epigou/cs_9170_project/training_runs/BASELINE_group_dro_v16_bias010_gdro_credit_3seeds_70d5567c__G202603171827/final_test_metrics.csv
[GroupDRO] Done. seed=1 | time=15.2s
[GroupDRO] Results in /lustre09/project/6000743/epigou/cs_9170_project/training_runs/BASELINE_group_dro_v16_bias010_gdro_credit_3seeds_70d5567c__G202603171827/seed_1
