[OTRepair] exp_group=BASELINE_gaussian_ot_repair_v16_bias010_otrep_credit_3seeds_915957db__G202603171827  seed=42
[OTRepair] dataset=credit_card  feature_dim=33
[OTRepair] ot_config={'lam': 1.0, 'n_groups': 2, 'cov_reg': 1e-05, 'barycenter_iters': 100, 'repair_test': True}
[OTRepair] seed_dir=/lustre09/project/6000743/epigou/cs_9170_project/training_runs/BASELINE_gaussian_ot_repair_v16_bias010_otrep_credit_3seeds_915957db__G202603171827/seed_42
[OTRepair] Group 0: n=1147, ||μ||=1.3896, cov_diag=[0.0000, 1.2499]
[OTRepair] Group 1: n=1853, ||μ||=1.3759, cov_diag=[0.0000, 1.4236]
[OTRepair] Barycenter computed. μ* norm=1.1708
[OTRepair] Group 0: A_g computed, ||A_g - I||=352.4817
[OTRepair] Group 1: A_g computed, ||A_g - I||=315.2313
[OTRepair] Test features repaired.
FFNN Using device: cpu
[OTRepair] ERM trained on repaired features.
FFNN Using device: cpu
[OTRepair] Alpha (ERM on original features) trained.
FFNN Using device: cpu
[TestSuite] Loaded best β weights from: /lustre09/project/6000743/epigou/cs_9170_project/training_runs/BASELINE_gaussian_ot_repair_v16_bias010_otrep_credit_3seeds_915957db__G202603171827/seed_42/otrep_model.pt

[TEST] Alpha -> F1(min)=0.2591 | F1(maj)=0.8805 | F1(weighted)=0.7431 | F1(macro)=0.5698 | Brier=0.1688
[TEST] Beta  -> F1(min)=0.2232 | F1(maj)=0.8786 | F1(weighted)=0.7336 | F1(macro)=0.5509 | Brier=0.1736
[TestSuite] Final test metrics appended to (seed): /lustre09/project/6000743/epigou/cs_9170_project/training_runs/BASELINE_gaussian_ot_repair_v16_bias010_otrep_credit_3seeds_915957db__G202603171827/seed_42/final_test_metrics.csv
[TestSuite] Final test metrics appended to (experiment): /lustre09/project/6000743/epigou/cs_9170_project/training_runs/BASELINE_gaussian_ot_repair_v16_bias010_otrep_credit_3seeds_915957db__G202603171827/final_test_metrics.csv
[OTRepair] Done. seed=42 | time=12.6s
[OTRepair] Results in /lustre09/project/6000743/epigou/cs_9170_project/training_runs/BASELINE_gaussian_ot_repair_v16_bias010_otrep_credit_3seeds_915957db__G202603171827/seed_42
