[GroupDRO] exp_group=BASELINE_group_dro_v16_bias05_gdro_credit_3seeds_c161369f__G202603171827  seed=1
[GroupDRO] dataset=credit_card  feature_dim=33
[GroupDRO] gdro_config={'lr': 0.001, 'epochs': 200, 'batch_size': 64, 'eta': 0.01, 'n_groups': 4}
[GroupDRO] seed_dir=/lustre09/project/6000743/epigou/cs_9170_project/training_runs/BASELINE_group_dro_v16_bias05_gdro_credit_3seeds_c161369f__G202603171827/seed_1
[GroupDRO] epoch=   1 | dro=0.7019 | val_worst=0.7260 | q=[0.221,0.267,0.228,0.283]
[GroupDRO] epoch=  20 | dro=0.4403 | val_worst=0.8981 | q=[0.166,0.170,0.330,0.334]
[GroupDRO] epoch=  40 | dro=0.3685 | val_worst=1.0528 | q=[0.112,0.131,0.386,0.371]
[GroupDRO] epoch=  60 | dro=0.3080 | val_worst=1.3548 | q=[0.100,0.114,0.405,0.382]
[GroupDRO] epoch=  80 | dro=0.2493 | val_worst=1.5595 | q=[0.108,0.116,0.407,0.368]
[GroupDRO] epoch= 100 | dro=0.2098 | val_worst=2.3474 | q=[0.126,0.132,0.398,0.344]
[GroupDRO] epoch= 120 | dro=0.1899 | val_worst=2.4974 | q=[0.147,0.148,0.380,0.326]
[GroupDRO] epoch= 140 | dro=0.1624 | val_worst=2.8302 | q=[0.162,0.149,0.376,0.312]
[GroupDRO] epoch= 160 | dro=0.1465 | val_worst=2.9185 | q=[0.172,0.154,0.370,0.303]
[GroupDRO] epoch= 180 | dro=0.1189 | val_worst=4.0838 | q=[0.178,0.149,0.374,0.298]
[GroupDRO] epoch= 200 | dro=0.1157 | val_worst=4.0498 | q=[0.183,0.149,0.374,0.295]
[GroupDRO] Training done. Best val_worst=0.6892
[GroupDRO] Training metrics -> /lustre09/project/6000743/epigou/cs_9170_project/training_runs/BASELINE_group_dro_v16_bias05_gdro_credit_3seeds_c161369f__G202603171827/seed_1/metrics.csv
[GroupDRO] Best model saved -> /lustre09/project/6000743/epigou/cs_9170_project/training_runs/BASELINE_group_dro_v16_bias05_gdro_credit_3seeds_c161369f__G202603171827/seed_1/gdro_model.pt
FFNN Using device: cpu
FFNN Using device: cpu
FFNN Using device: cpu
[TestSuite] Loaded best β weights from: /lustre09/project/6000743/epigou/cs_9170_project/training_runs/BASELINE_group_dro_v16_bias05_gdro_credit_3seeds_c161369f__G202603171827/seed_1/gdro_model.pt

[TEST] Alpha -> F1(min)=0.0149 | F1(maj)=0.8764 | F1(weighted)=0.6859 | F1(macro)=0.4457 | Brier=0.1777
[TEST] Beta  -> F1(min)=0.3726 | F1(maj)=0.6781 | F1(weighted)=0.6105 | F1(macro)=0.5253 | Brier=0.2401
[TestSuite] Final test metrics appended to (seed): /lustre09/project/6000743/epigou/cs_9170_project/training_runs/BASELINE_group_dro_v16_bias05_gdro_credit_3seeds_c161369f__G202603171827/seed_1/final_test_metrics.csv
[TestSuite] Final test metrics appended to (experiment): /lustre09/project/6000743/epigou/cs_9170_project/training_runs/BASELINE_group_dro_v16_bias05_gdro_credit_3seeds_c161369f__G202603171827/final_test_metrics.csv
[GroupDRO] Done. seed=1 | time=15.1s
[GroupDRO] Results in /lustre09/project/6000743/epigou/cs_9170_project/training_runs/BASELINE_group_dro_v16_bias05_gdro_credit_3seeds_c161369f__G202603171827/seed_1
