[GroupDRO] exp_group=BASELINE_group_dro_v16_bias010_gdro_credit_3seeds_70d5567c__G202603171827  seed=42
[GroupDRO] dataset=credit_card  feature_dim=33
[GroupDRO] gdro_config={'lr': 0.001, 'epochs': 200, 'batch_size': 64, 'eta': 0.01, 'n_groups': 4}
[GroupDRO] seed_dir=/lustre09/project/6000743/epigou/cs_9170_project/training_runs/BASELINE_group_dro_v16_bias010_gdro_credit_3seeds_70d5567c__G202603171827/seed_42
[GroupDRO] epoch=   1 | dro=0.6844 | val_worst=0.7565 | q=[0.262,0.237,0.255,0.246]
[GroupDRO] epoch=  20 | dro=0.4967 | val_worst=0.9339 | q=[0.242,0.238,0.261,0.259]
[GroupDRO] epoch=  40 | dro=0.4110 | val_worst=1.0551 | q=[0.252,0.250,0.257,0.241]
[GroupDRO] epoch=  60 | dro=0.3500 | val_worst=1.5152 | q=[0.280,0.261,0.241,0.218]
[GroupDRO] epoch=  80 | dro=0.3133 | val_worst=1.9919 | q=[0.296,0.268,0.235,0.201]
[GroupDRO] epoch= 100 | dro=0.2869 | val_worst=2.3368 | q=[0.302,0.268,0.232,0.197]
[GroupDRO] epoch= 120 | dro=0.2611 | val_worst=2.3631 | q=[0.304,0.266,0.231,0.198]
[GroupDRO] epoch= 140 | dro=0.2411 | val_worst=2.8584 | q=[0.291,0.253,0.252,0.204]
[GroupDRO] epoch= 160 | dro=0.2287 | val_worst=3.0057 | q=[0.278,0.242,0.270,0.209]
[GroupDRO] epoch= 180 | dro=0.2007 | val_worst=3.0174 | q=[0.269,0.231,0.283,0.217]
[GroupDRO] epoch= 200 | dro=0.1839 | val_worst=3.5636 | q=[0.259,0.223,0.297,0.221]
[GroupDRO] Training done. Best val_worst=0.6573
[GroupDRO] Training metrics -> /lustre09/project/6000743/epigou/cs_9170_project/training_runs/BASELINE_group_dro_v16_bias010_gdro_credit_3seeds_70d5567c__G202603171827/seed_42/metrics.csv
[GroupDRO] Best model saved -> /lustre09/project/6000743/epigou/cs_9170_project/training_runs/BASELINE_group_dro_v16_bias010_gdro_credit_3seeds_70d5567c__G202603171827/seed_42/gdro_model.pt
FFNN Using device: cpu
FFNN Using device: cpu
FFNN Using device: cpu
[TestSuite] Loaded best β weights from: /lustre09/project/6000743/epigou/cs_9170_project/training_runs/BASELINE_group_dro_v16_bias010_gdro_credit_3seeds_70d5567c__G202603171827/seed_42/gdro_model.pt

[TEST] Alpha -> F1(min)=0.1660 | F1(maj)=0.8825 | F1(weighted)=0.7240 | F1(macro)=0.5242 | Brier=0.1584
[TEST] Beta  -> F1(min)=0.4945 | F1(maj)=0.7950 | F1(weighted)=0.7286 | F1(macro)=0.6448 | Brier=0.1997
[TestSuite] Final test metrics appended to (seed): /lustre09/project/6000743/epigou/cs_9170_project/training_runs/BASELINE_group_dro_v16_bias010_gdro_credit_3seeds_70d5567c__G202603171827/seed_42/final_test_metrics.csv
[TestSuite] Final test metrics appended to (experiment): /lustre09/project/6000743/epigou/cs_9170_project/training_runs/BASELINE_group_dro_v16_bias010_gdro_credit_3seeds_70d5567c__G202603171827/final_test_metrics.csv
[GroupDRO] Done. seed=42 | time=17.3s
[GroupDRO] Results in /lustre09/project/6000743/epigou/cs_9170_project/training_runs/BASELINE_group_dro_v16_bias010_gdro_credit_3seeds_70d5567c__G202603171827/seed_42
