[validate_spec] experiment_specs/census_grid_v2/census_k0_gpu0_restart_pca15_e10.yaml: OK
[main] spec=census_k0_gpu0_restart_pca15_e10.yaml device=cuda:0
[main] exp_group=SPEC_census_k0_gpu0_restart_pca15_e10_dcc2d13d__G202604281727
[main] permutations=9 max_parallel=4
[Training Process 0] ---- running seed=0 ----
FFNN Using device: cuda:0
FFNN Using device: cuda:0
[Tracker Process 0] Experiment: SPECcensus_k0_gpu0_restart_pca15_e10_EP5000_PCA15_REWwgl_minID0_majID1_TRJ1000_REAL4000_GG202604281727_7a9a26ce
[Tracker Process 0] Seed folder: /storage_1/epigou_storage/FORGE/training_runs/SPECcensus_k0_gpu0_restart_pca15_e10_EP5000_PCA15_REWwgl_minID0_majID1_TRJ1000_REAL4000_GG202604281727_7a9a26ce/seed_0
[Tracker Process 0] Run: 2026-04-28_17-27-47_seed0_111108_458296a0
[Tracker Process 0] Metrics CSV: /storage_1/epigou_storage/FORGE/training_runs/SPECcensus_k0_gpu0_restart_pca15_e10_EP5000_PCA15_REWwgl_minID0_majID1_TRJ1000_REAL4000_GG202604281727_7a9a26ce/seed_0/metrics.csv
[Tracker Process 0] Mirroring console to: /storage_1/epigou_storage/FORGE/training_runs/SPECcensus_k0_gpu0_restart_pca15_e10_EP5000_PCA15_REWwgl_minID0_majID1_TRJ1000_REAL4000_GG202604281727_7a9a26ce/seed_0/console.log
[Training Process 2] ---- running seed=0 ----
FFNN Using device: cuda:0
FFNN Using device: cuda:0
[Tracker Process 2] Experiment: SPECcensus_k0_gpu0_restart_pca15_e10_EP5000_PCA15_REWwgl_minID0_majID1_TRJ3000_REAL2000_GG202604281727_143c8466
[Tracker Process 2] Seed folder: /storage_1/epigou_storage/FORGE/training_runs/SPECcensus_k0_gpu0_restart_pca15_e10_EP5000_PCA15_REWwgl_minID0_majID1_TRJ3000_REAL2000_GG202604281727_143c8466/seed_0
[Tracker Process 2] Run: 2026-04-28_17-27-47_seed0_111110_8a8d2597
[Tracker Process 2] Metrics CSV: /storage_1/epigou_storage/FORGE/training_runs/SPECcensus_k0_gpu0_restart_pca15_e10_EP5000_PCA15_REWwgl_minID0_majID1_TRJ3000_REAL2000_GG202604281727_143c8466/seed_0/metrics.csv
[Tracker Process 2] Mirroring console to: /storage_1/epigou_storage/FORGE/training_runs/SPECcensus_k0_gpu0_restart_pca15_e10_EP5000_PCA15_REWwgl_minID0_majID1_TRJ3000_REAL2000_GG202604281727_143c8466/seed_0/console.log
[Training Process 3] ---- running seed=1 ----
FFNN Using device: cuda:0
FFNN Using device: cuda:0
[Tracker Process 3] Experiment: SPECcensus_k0_gpu0_restart_pca15_e10_EP5000_PCA15_REWwgl_minID0_majID1_TRJ1000_REAL4000_GG202604281727_7a9a26ce
[Tracker Process 3] Seed folder: /storage_1/epigou_storage/FORGE/training_runs/SPECcensus_k0_gpu0_restart_pca15_e10_EP5000_PCA15_REWwgl_minID0_majID1_TRJ1000_REAL4000_GG202604281727_7a9a26ce/seed_1
[Tracker Process 3] Run: 2026-04-28_17-27-47_seed1_111111_6cdb7c3a
[Tracker Process 3] Metrics CSV: /storage_1/epigou_storage/FORGE/training_runs/SPECcensus_k0_gpu0_restart_pca15_e10_EP5000_PCA15_REWwgl_minID0_majID1_TRJ1000_REAL4000_GG202604281727_7a9a26ce/seed_1/metrics.csv
[Tracker Process 3] Mirroring console to: /storage_1/epigou_storage/FORGE/training_runs/SPECcensus_k0_gpu0_restart_pca15_e10_EP5000_PCA15_REWwgl_minID0_majID1_TRJ1000_REAL4000_GG202604281727_7a9a26ce/seed_1/console.log
[Training Process 1] ---- running seed=0 ----
FFNN Using device: cuda:0
FFNN Using device: cuda:0
[Tracker Process 1] Experiment: SPECcensus_k0_gpu0_restart_pca15_e10_EP5000_PCA15_REWwgl_minID0_majID1_TRJ2000_REAL3000_GG202604281727_e678ebdf
[Tracker Process 1] Seed folder: /storage_1/epigou_storage/FORGE/training_runs/SPECcensus_k0_gpu0_restart_pca15_e10_EP5000_PCA15_REWwgl_minID0_majID1_TRJ2000_REAL3000_GG202604281727_e678ebdf/seed_0
[Tracker Process 1] Run: 2026-04-28_17-27-47_seed0_111109_2801b479
[Tracker Process 1] Metrics CSV: /storage_1/epigou_storage/FORGE/training_runs/SPECcensus_k0_gpu0_restart_pca15_e10_EP5000_PCA15_REWwgl_minID0_majID1_TRJ2000_REAL3000_GG202604281727_e678ebdf/seed_0/metrics.csv
[Tracker Process 1] Mirroring console to: /storage_1/epigou_storage/FORGE/training_runs/SPECcensus_k0_gpu0_restart_pca15_e10_EP5000_PCA15_REWwgl_minID0_majID1_TRJ2000_REAL3000_GG202604281727_e678ebdf/seed_0/console.log
[TRAIN] size=2000, minority=450 (22.50%)
[VAL] size=6032, minority=1501 (24.88%)
[TEST] size=6033, minority=1502 (24.90%)
FFNN Using device: cuda:0
FFNN Using device: cuda:0
Beta will train with: 40.00% real data, 60.00% synthetic data: 
[TRAIN] size=4000, minority=917 (22.93%)
[VAL] size=6032, minority=1501 (24.88%)
[TEST] size=6033, minority=1502 (24.90%)
FFNN Using device: cuda:0
FFNN Using device: cuda:0
Beta will train with: 80.00% real data, 20.00% synthetic data: 
[TRAIN] size=4000, minority=927 (23.18%)
[VAL] size=6032, minority=1501 (24.88%)
[TEST] size=6033, minority=1502 (24.90%)
FFNN Using device: cuda:0
FFNN Using device: cuda:0
Beta will train with: 80.00% real data, 20.00% synthetic data: 
[TRAIN] size=3000, minority=689 (22.97%)
[VAL] size=6032, minority=1501 (24.88%)
[TEST] size=6033, minority=1502 (24.90%)
FFNN Using device: cuda:0
FFNN Using device: cuda:0
Beta will train with: 60.00% real data, 40.00% synthetic data: 
[disadv Process 2] group=1 per_g={0: 0.2749338448047638, 1: 0.4195489287376404} worst_4g=2.0246 soft_eo_alpha=0.3241
Anchors: 421 (disadv=1) sigma_anchor=0.8500
[Tracker Process 2] Alpha model state_dict saved to /storage_1/epigou_storage/FORGE/training_runs/SPECcensus_k0_gpu0_restart_pca15_e10_EP5000_PCA15_REWwgl_minID0_majID1_TRJ3000_REAL2000_GG202604281727_143c8466/seed_0/alpha_state_dict.pt
[Tracker Process 2] Alpha model config saved to /storage_1/epigou_storage/FORGE/training_runs/SPECcensus_k0_gpu0_restart_pca15_e10_EP5000_PCA15_REWwgl_minID0_majID1_TRJ3000_REAL2000_GG202604281727_143c8466/seed_0/ffnn_meta.json

============================================================
[Phase Process 2] Starting phase1_class1 | target_class=1 | episodes=5000
============================================================
/home/epigou/envs/rl/lib/python3.10/site-packages/torch/_inductor/compile_fx.py:194: UserWarning:

TensorFloat32 tensor cores for float32 matrix multiplication available but not enabled. Consider setting `torch.set_float32_matmul_precision('high')` for better performance.

[disadv Process 0] group=1 per_g={0: 0.23413808643817902, 1: 0.39525580406188965} worst_4g=1.7183 soft_eo_alpha=0.2802
Anchors: 860 (disadv=1) sigma_anchor=0.8500
[Tracker Process 0] Alpha model state_dict saved to /storage_1/epigou_storage/FORGE/training_runs/SPECcensus_k0_gpu0_restart_pca15_e10_EP5000_PCA15_REWwgl_minID0_majID1_TRJ1000_REAL4000_GG202604281727_7a9a26ce/seed_0/alpha_state_dict.pt
[Tracker Process 0] Alpha model config saved to /storage_1/epigou_storage/FORGE/training_runs/SPECcensus_k0_gpu0_restart_pca15_e10_EP5000_PCA15_REWwgl_minID0_majID1_TRJ1000_REAL4000_GG202604281727_7a9a26ce/seed_0/ffnn_meta.json

============================================================
[Phase Process 0] Starting phase1_class1 | target_class=1 | episodes=5000
============================================================
[disadv Process 1] group=1 per_g={0: 0.24760353565216064, 1: 0.4078579545021057} worst_4g=1.8488 soft_eo_alpha=0.3069
Anchors: 646 (disadv=1) sigma_anchor=0.8500
[Tracker Process 1] Alpha model state_dict saved to /storage_1/epigou_storage/FORGE/training_runs/SPECcensus_k0_gpu0_restart_pca15_e10_EP5000_PCA15_REWwgl_minID0_majID1_TRJ2000_REAL3000_GG202604281727_e678ebdf/seed_0/alpha_state_dict.pt
[Tracker Process 1] Alpha model config saved to /storage_1/epigou_storage/FORGE/training_runs/SPECcensus_k0_gpu0_restart_pca15_e10_EP5000_PCA15_REWwgl_minID0_majID1_TRJ2000_REAL3000_GG202604281727_e678ebdf/seed_0/ffnn_meta.json

============================================================
[Phase Process 1] Starting phase1_class1 | target_class=1 | episodes=5000
============================================================
[disadv Process 3] group=1 per_g={0: 0.26560255885124207, 1: 0.402933806180954} worst_4g=1.8186 soft_eo_alpha=0.3008
Anchors: 870 (disadv=1) sigma_anchor=0.8500
[Tracker Process 3] Alpha model state_dict saved to /storage_1/epigou_storage/FORGE/training_runs/SPECcensus_k0_gpu0_restart_pca15_e10_EP5000_PCA15_REWwgl_minID0_majID1_TRJ1000_REAL4000_GG202604281727_7a9a26ce/seed_1/alpha_state_dict.pt
[Tracker Process 3] Alpha model config saved to /storage_1/epigou_storage/FORGE/training_runs/SPECcensus_k0_gpu0_restart_pca15_e10_EP5000_PCA15_REWwgl_minID0_majID1_TRJ1000_REAL4000_GG202604281727_7a9a26ce/seed_1/ffnn_meta.json

============================================================
[Phase Process 3] Starting phase1_class1 | target_class=1 | episodes=5000
============================================================
/home/epigou/envs/rl/lib/python3.10/site-packages/torch/_inductor/compile_fx.py:194: UserWarning:

TensorFloat32 tensor cores for float32 matrix multiplication available but not enabled. Consider setting `torch.set_float32_matmul_precision('high')` for better performance.

/home/epigou/envs/rl/lib/python3.10/site-packages/torch/_inductor/compile_fx.py:194: UserWarning:

TensorFloat32 tensor cores for float32 matrix multiplication available but not enabled. Consider setting `torch.set_float32_matmul_precision('high')` for better performance.

[Tracker Process 0] CSV header written with 44 columns.
[Tracker Process 0] Ep    1 | Return -0.12 | Global -0.1159 | Local 0.1192 | F1_macro 0.7541 | WorstLoss 1.9175
[Tracker Process 0] New BEST synthetic [phase1_class1] (by global.global_obj: -0.115948) saved.
[Tracker Process 0] BEST β weights [phase1_class1] saved -> /storage_1/epigou_storage/FORGE/training_runs/SPECcensus_k0_gpu0_restart_pca15_e10_EP5000_PCA15_REWwgl_minID0_majID1_TRJ1000_REAL4000_GG202604281727_7a9a26ce/seed_0/best_beta_state_dict_phase1_class1.pt
[Tracker Process 3] CSV header written with 44 columns.
[Tracker Process 3] Ep    1 | Return -0.02 | Global -0.0154 | Local 0.1192 | F1_macro 0.7540 | WorstLoss 1.8466
[Tracker Process 3] New BEST synthetic [phase1_class1] (by global.global_obj: -0.015424) saved.
[Tracker Process 3] BEST β weights [phase1_class1] saved -> /storage_1/epigou_storage/FORGE/training_runs/SPECcensus_k0_gpu0_restart_pca15_e10_EP5000_PCA15_REWwgl_minID0_majID1_TRJ1000_REAL4000_GG202604281727_7a9a26ce/seed_1/best_beta_state_dict_phase1_class1.pt
[Tracker Process 2] CSV header written with 44 columns.
[Tracker Process 2] Ep    1 | Return 0.03 | Global 0.0278 | Local 0.1192 | F1_macro 0.7438 | WorstLoss 1.9683
[Tracker Process 2] New BEST synthetic [phase1_class1] (by global.global_obj: 0.027817) saved.
[Tracker Process 2] BEST β weights [phase1_class1] saved -> /storage_1/epigou_storage/FORGE/training_runs/SPECcensus_k0_gpu0_restart_pca15_e10_EP5000_PCA15_REWwgl_minID0_majID1_TRJ3000_REAL2000_GG202604281727_143c8466/seed_0/best_beta_state_dict_phase1_class1.pt
[Tracker Process 1] CSV header written with 44 columns.
[Tracker Process 1] Ep    1 | Return 0.06 | Global 0.0644 | Local 0.1192 | F1_macro 0.7493 | WorstLoss 1.7298
[Tracker Process 1] New BEST synthetic [phase1_class1] (by global.global_obj: 0.064357) saved.
[Tracker Process 1] BEST β weights [phase1_class1] saved -> /storage_1/epigou_storage/FORGE/training_runs/SPECcensus_k0_gpu0_restart_pca15_e10_EP5000_PCA15_REWwgl_minID0_majID1_TRJ2000_REAL3000_GG202604281727_e678ebdf/seed_0/best_beta_state_dict_phase1_class1.pt
[Tracker Process 0] Ep    2 | Return -0.00 | Global -0.0043 | Local 0.1192 | F1_macro 0.7656 | WorstLoss 1.7256
[Tracker Process 3] Ep    2 | Return -0.01 | Global -0.0107 | Local 0.1192 | F1_macro 0.7530 | WorstLoss 1.8380
[Tracker Process 0] New BEST synthetic [phase1_class1] (by global.global_obj: -0.004250) saved.
[Tracker Process 0] BEST β weights [phase1_class1] saved -> /storage_1/epigou_storage/FORGE/training_runs/SPECcensus_k0_gpu0_restart_pca15_e10_EP5000_PCA15_REWwgl_minID0_majID1_TRJ1000_REAL4000_GG202604281727_7a9a26ce/seed_0/best_beta_state_dict_phase1_class1.pt
[Tracker Process 3] New BEST synthetic [phase1_class1] (by global.global_obj: -0.010652) saved.
[Tracker Process 3] BEST β weights [phase1_class1] saved -> /storage_1/epigou_storage/FORGE/training_runs/SPECcensus_k0_gpu0_restart_pca15_e10_EP5000_PCA15_REWwgl_minID0_majID1_TRJ1000_REAL4000_GG202604281727_7a9a26ce/seed_1/best_beta_state_dict_phase1_class1.pt
[Tracker Process 1] Ep    2 | Return -0.17 | Global -0.1731 | Local 0.1192 | F1_macro 0.7423 | WorstLoss 2.1689
[Tracker Process 2] Ep    2 | Return 0.07 | Global 0.0731 | Local 0.1192 | F1_macro 0.7403 | WorstLoss 1.8767
[Tracker Process 2] New BEST synthetic [phase1_class1] (by global.global_obj: 0.073063) saved.
[Tracker Process 2] BEST β weights [phase1_class1] saved -> /storage_1/epigou_storage/FORGE/training_runs/SPECcensus_k0_gpu0_restart_pca15_e10_EP5000_PCA15_REWwgl_minID0_majID1_TRJ3000_REAL2000_GG202604281727_143c8466/seed_0/best_beta_state_dict_phase1_class1.pt
[Tracker Process 0] Ep    3 | Return -0.07 | Global -0.0715 | Local 0.1192 | F1_macro 0.7649 | WorstLoss 1.8412
[Tracker Process 3] Ep    3 | Return -0.06 | Global -0.0610 | Local 0.1192 | F1_macro 0.7503 | WorstLoss 1.9295
[Tracker Process 1] Ep    3 | Return 0.05 | Global 0.0509 | Local 0.1192 | F1_macro 0.7415 | WorstLoss 1.7547
[Tracker Process 0] Ep    4 | Return -0.13 | Global -0.1287 | Local 0.1192 | F1_macro 0.7577 | WorstLoss 1.9394
[Tracker Process 3] Ep    4 | Return 0.03 | Global 0.0337 | Local 0.1192 | F1_macro 0.7574 | WorstLoss 1.7573
[Tracker Process 3] New BEST synthetic [phase1_class1] (by global.global_obj: 0.033726) saved.
[Tracker Process 3] BEST β weights [phase1_class1] saved -> /storage_1/epigou_storage/FORGE/training_runs/SPECcensus_k0_gpu0_restart_pca15_e10_EP5000_PCA15_REWwgl_minID0_majID1_TRJ1000_REAL4000_GG202604281727_7a9a26ce/seed_1/best_beta_state_dict_phase1_class1.pt
[Tracker Process 2] Ep    3 | Return -0.06 | Global -0.0636 | Local 0.1192 | F1_macro 0.7391 | WorstLoss 2.1535
[Tracker Process 0] Ep    5 | Return -0.07 | Global -0.0726 | Local 0.1192 | F1_macro 0.7589 | WorstLoss 1.8431
[Tracker Process 3] Ep    5 | Return 0.00 | Global 0.0043 | Local 0.1192 | F1_macro 0.7516 | WorstLoss 1.8108
[Tracker Process 1] Ep    4 | Return -0.03 | Global -0.0290 | Local 0.1192 | F1_macro 0.7490 | WorstLoss 1.9024
[Tracker Process 0] Ep    6 | Return -0.13 | Global -0.1334 | Local 0.1192 | F1_macro 0.7590 | WorstLoss 1.9476
[Tracker Process 3] Ep    6 | Return -0.08 | Global -0.0792 | Local 0.1192 | F1_macro 0.7456 | WorstLoss 1.9626
[Tracker Process 2] Ep    4 | Return -0.03 | Global -0.0284 | Local 0.1192 | F1_macro 0.7448 | WorstLoss 2.0822
[Tracker Process 1] Ep    5 | Return 0.03 | Global 0.0269 | Local 0.1192 | F1_macro 0.7485 | WorstLoss 1.7990
[Tracker Process 0] Ep    7 | Return -0.20 | Global -0.2003 | Local 0.1192 | F1_macro 0.7535 | WorstLoss 2.0624
[Tracker Process 3] Ep    7 | Return -0.00 | Global -0.0008 | Local 0.1192 | F1_macro 0.7556 | WorstLoss 1.8200
[Tracker Process 0] Ep    8 | Return -0.00 | Global -0.0032 | Local 0.1192 | F1_macro 0.7732 | WorstLoss 1.7237
[Tracker Process 0] New BEST synthetic [phase1_class1] (by global.global_obj: -0.003179) saved.
[Tracker Process 0] BEST β weights [phase1_class1] saved -> /storage_1/epigou_storage/FORGE/training_runs/SPECcensus_k0_gpu0_restart_pca15_e10_EP5000_PCA15_REWwgl_minID0_majID1_TRJ1000_REAL4000_GG202604281727_7a9a26ce/seed_0/best_beta_state_dict_phase1_class1.pt
[Tracker Process 3] Ep    8 | Return -0.07 | Global -0.0673 | Local 0.1192 | F1_macro 0.7497 | WorstLoss 1.9410
[Tracker Process 1] Ep    6 | Return -0.04 | Global -0.0442 | Local 0.1192 | F1_macro 0.7463 | WorstLoss 1.9305
[Tracker Process 2] Ep    5 | Return 0.04 | Global 0.0368 | Local 0.1192 | F1_macro 0.7482 | WorstLoss 1.9501
[Tracker Process 0] Ep    9 | Return -0.06 | Global -0.0589 | Local 0.1192 | F1_macro 0.7609 | WorstLoss 1.8194
[Tracker Process 3] Ep    9 | Return 0.03 | Global 0.0325 | Local 0.1192 | F1_macro 0.7614 | WorstLoss 1.7596
[Tracker Process 1] Ep    7 | Return -0.03 | Global -0.0268 | Local 0.1192 | F1_macro 0.7402 | WorstLoss 1.8984
[Tracker Process 0] Ep   10 | Return 0.01 | Global 0.0077 | Local 0.1192 | F1_macro 0.7583 | WorstLoss 1.7050
[Tracker Process 0] New BEST synthetic [phase1_class1] (by global.global_obj: 0.007727) saved.
[Tracker Process 0] BEST β weights [phase1_class1] saved -> /storage_1/epigou_storage/FORGE/training_runs/SPECcensus_k0_gpu0_restart_pca15_e10_EP5000_PCA15_REWwgl_minID0_majID1_TRJ1000_REAL4000_GG202604281727_7a9a26ce/seed_0/best_beta_state_dict_phase1_class1.pt
[Tracker Process 3] Ep   10 | Return -0.08 | Global -0.0795 | Local 0.1192 | F1_macro 0.7479 | WorstLoss 1.9632
[Tracker Process 2] Ep    6 | Return -0.13 | Global -0.1342 | Local 0.1192 | F1_macro 0.7294 | WorstLoss 2.2963
[Tracker Process 0] Ep   11 | Return -0.14 | Global -0.1352 | Local 0.1192 | F1_macro 0.7520 | WorstLoss 1.9507
[Tracker Process 3] Ep   11 | Return 0.00 | Global 0.0040 | Local 0.1192 | F1_macro 0.7520 | WorstLoss 1.8114
[Tracker Process 1] Ep    8 | Return -0.07 | Global -0.0688 | Local 0.1192 | F1_macro 0.7424 | WorstLoss 1.9761
[Tracker Process 0] Ep   12 | Return 0.13 | Global 0.1263 | Local 0.1192 | F1_macro 0.7693 | WorstLoss 1.5012
[Tracker Process 0] New BEST synthetic [phase1_class1] (by global.global_obj: 0.126314) saved.
[Tracker Process 0] BEST β weights [phase1_class1] saved -> /storage_1/epigou_storage/FORGE/training_runs/SPECcensus_k0_gpu0_restart_pca15_e10_EP5000_PCA15_REWwgl_minID0_majID1_TRJ1000_REAL4000_GG202604281727_7a9a26ce/seed_0/best_beta_state_dict_phase1_class1.pt
[Tracker Process 3] Ep   12 | Return 0.06 | Global 0.0630 | Local 0.1192 | F1_macro 0.7607 | WorstLoss 1.7040
[Tracker Process 3] New BEST synthetic [phase1_class1] (by global.global_obj: 0.063017) saved.
[Tracker Process 3] BEST β weights [phase1_class1] saved -> /storage_1/epigou_storage/FORGE/training_runs/SPECcensus_k0_gpu0_restart_pca15_e10_EP5000_PCA15_REWwgl_minID0_majID1_TRJ1000_REAL4000_GG202604281727_7a9a26ce/seed_1/best_beta_state_dict_phase1_class1.pt
[Tracker Process 2] Ep    7 | Return -0.19 | Global -0.1879 | Local 0.1192 | F1_macro 0.7323 | WorstLoss 2.4050
[Tracker Process 1] Ep    9 | Return -0.14 | Global -0.1436 | Local 0.1192 | F1_macro 0.7436 | WorstLoss 2.1142
[Tracker Process 0] Ep   13 | Return -0.06 | Global -0.0555 | Local 0.1192 | F1_macro 0.7649 | WorstLoss 1.8137
[Tracker Process 3] Ep   13 | Return -0.07 | Global -0.0666 | Local 0.1192 | F1_macro 0.7539 | WorstLoss 1.9397
[Tracker Process 0] Ep   14 | Return -0.02 | Global -0.0154 | Local 0.1192 | F1_macro 0.7696 | WorstLoss 1.7448
[Tracker Process 3] Ep   14 | Return -0.05 | Global -0.0498 | Local 0.1192 | F1_macro 0.7495 | WorstLoss 1.9092
[Tracker Process 1] Ep   10 | Return 0.01 | Global 0.0083 | Local 0.1192 | F1_macro 0.7553 | WorstLoss 1.8335
[Tracker Process 2] Ep    8 | Return 0.20 | Global 0.1958 | Local 0.1192 | F1_macro 0.7434 | WorstLoss 1.6282
[Tracker Process 2] New BEST synthetic [phase1_class1] (by global.global_obj: 0.195809) saved.
[Tracker Process 2] BEST β weights [phase1_class1] saved -> /storage_1/epigou_storage/FORGE/training_runs/SPECcensus_k0_gpu0_restart_pca15_e10_EP5000_PCA15_REWwgl_minID0_majID1_TRJ3000_REAL2000_GG202604281727_143c8466/seed_0/best_beta_state_dict_phase1_class1.pt
[Tracker Process 0] Ep   15 | Return -0.05 | Global -0.0491 | Local 0.1192 | F1_macro 0.7666 | WorstLoss 1.8026
[Tracker Process 3] Ep   15 | Return 0.03 | Global 0.0327 | Local 0.1192 | F1_macro 0.7568 | WorstLoss 1.7592
[Tracker Process 1] Ep   11 | Return -0.12 | Global -0.1246 | Local 0.1192 | F1_macro 0.7449 | WorstLoss 2.0791
[Tracker Process 0] Ep   16 | Return -0.13 | Global -0.1349 | Local 0.1192 | F1_macro 0.7520 | WorstLoss 1.9502
[Tracker Process 3] Ep   16 | Return -0.00 | Global -0.0009 | Local 0.1192 | F1_macro 0.7536 | WorstLoss 1.8203
[Tracker Process 2] Ep    9 | Return -0.11 | Global -0.1051 | Local 0.1192 | F1_macro 0.7401 | WorstLoss 2.2375
[Tracker Process 0] Ep   17 | Return -0.17 | Global -0.1697 | Local 0.1192 | F1_macro 0.7633 | WorstLoss 2.0099
[Tracker Process 3] Ep   17 | Return -0.02 | Global -0.0244 | Local 0.1192 | F1_macro 0.7543 | WorstLoss 1.8630
[Tracker Process 1] Ep   12 | Return -0.08 | Global -0.0759 | Local 0.1192 | F1_macro 0.7420 | WorstLoss 1.9891
[Tracker Process 0] Ep   18 | Return 0.03 | Global 0.0286 | Local 0.1192 | F1_macro 0.7698 | WorstLoss 1.6691
[Tracker Process 3] Ep   18 | Return 0.01 | Global 0.0111 | Local 0.1192 | F1_macro 0.7576 | WorstLoss 1.7985
[Tracker Process 2] Ep   10 | Return 0.02 | Global 0.0229 | Local 0.1192 | F1_macro 0.7455 | WorstLoss 1.9782
[Tracker Process 1] Ep   13 | Return -0.12 | Global -0.1169 | Local 0.1192 | F1_macro 0.7333 | WorstLoss 2.0649
[Tracker Process 0] Ep   19 | Return -0.01 | Global -0.0149 | Local 0.1192 | F1_macro 0.7747 | WorstLoss 1.7440
[Tracker Process 3] Ep   19 | Return -0.03 | Global -0.0301 | Local 0.1192 | F1_macro 0.7560 | WorstLoss 1.8733
[Tracker Process 0] Ep   20 | Return -0.01 | Global -0.0127 | Local 0.1192 | F1_macro 0.7610 | WorstLoss 1.7401
[Tracker Process 1] Ep   14 | Return -0.13 | Global -0.1304 | Local 0.1192 | F1_macro 0.7451 | WorstLoss 2.0900
[Tracker Process 3] Ep   20 | Return -0.02 | Global -0.0194 | Local 0.1192 | F1_macro 0.7537 | WorstLoss 1.8539
[Tracker Process 2] Ep   11 | Return -0.12 | Global -0.1185 | Local 0.1192 | F1_macro 0.7397 | WorstLoss 2.2645
[Tracker Process 0] Ep   21 | Return -0.18 | Global -0.1847 | Local 0.1192 | F1_macro 0.7594 | WorstLoss 2.0357
[Tracker Process 3] Ep   21 | Return -0.04 | Global -0.0380 | Local 0.1192 | F1_macro 0.7484 | WorstLoss 1.8877
[Tracker Process 1] Ep   15 | Return -0.13 | Global -0.1279 | Local 0.1192 | F1_macro 0.7456 | WorstLoss 2.0853
[Tracker Process 0] Ep   22 | Return -0.04 | Global -0.0410 | Local 0.1192 | F1_macro 0.7644 | WorstLoss 1.7888
[Tracker Process 3] Ep   22 | Return 0.05 | Global 0.0503 | Local 0.1192 | F1_macro 0.7548 | WorstLoss 1.7271
[Tracker Process 2] Ep   12 | Return -0.02 | Global -0.0210 | Local 0.1192 | F1_macro 0.7337 | WorstLoss 2.0671
[Tracker Process 1] Ep   16 | Return -0.08 | Global -0.0818 | Local 0.1192 | F1_macro 0.7548 | WorstLoss 2.0000
[Tracker Process 0] Ep   23 | Return -0.06 | Global -0.0610 | Local 0.1192 | F1_macro 0.7626 | WorstLoss 1.8231
[Tracker Process 3] Ep   23 | Return -0.00 | Global -0.0030 | Local 0.1192 | F1_macro 0.7557 | WorstLoss 1.8240
[Tracker Process 0] Ep   24 | Return -0.04 | Global -0.0410 | Local 0.1192 | F1_macro 0.7629 | WorstLoss 1.7888
[Tracker Process 3] Ep   24 | Return -0.01 | Global -0.0101 | Local 0.1192 | F1_macro 0.7549 | WorstLoss 1.8370
[Tracker Process 2] Ep   13 | Return -0.01 | Global -0.0134 | Local 0.1192 | F1_macro 0.7386 | WorstLoss 2.0517
[Tracker Process 1] Ep   17 | Return -0.02 | Global -0.0197 | Local 0.1192 | F1_macro 0.7509 | WorstLoss 1.8852
[Tracker Process 0] Ep   25 | Return -0.18 | Global -0.1800 | Local 0.1192 | F1_macro 0.7649 | WorstLoss 2.0276
[Tracker Process 3] Ep   25 | Return 0.01 | Global 0.0084 | Local 0.1192 | F1_macro 0.7588 | WorstLoss 1.8034
[Tracker Process 1] Ep   18 | Return -0.03 | Global -0.0336 | Local 0.1192 | F1_macro 0.7479 | WorstLoss 1.9110
[Tracker Process 0] Ep   26 | Return -0.06 | Global -0.0601 | Local 0.1192 | F1_macro 0.7631 | WorstLoss 1.8216
[Tracker Process 3] Ep   26 | Return 0.03 | Global 0.0343 | Local 0.1192 | F1_macro 0.7564 | WorstLoss 1.7563
[Tracker Process 2] Ep   14 | Return -0.07 | Global -0.0717 | Local 0.1192 | F1_macro 0.7405 | WorstLoss 2.1698
[Tracker Process 0] Ep   27 | Return -0.01 | Global -0.0098 | Local 0.1192 | F1_macro 0.7644 | WorstLoss 1.7351
[Tracker Process 3] Ep   27 | Return 0.00 | Global 0.0048 | Local 0.1192 | F1_macro 0.7561 | WorstLoss 1.8100
[Tracker Process 1] Ep   19 | Return 0.00 | Global 0.0048 | Local 0.1192 | F1_macro 0.7485 | WorstLoss 1.8399
[Tracker Process 0] Ep   28 | Return -0.03 | Global -0.0339 | Local 0.1192 | F1_macro 0.7611 | WorstLoss 1.7765
[Tracker Process 3] Ep   28 | Return -0.05 | Global -0.0454 | Local 0.1192 | F1_macro 0.7453 | WorstLoss 1.9012
[Tracker Process 2] Ep   15 | Return 0.07 | Global 0.0662 | Local 0.1192 | F1_macro 0.7534 | WorstLoss 1.8905
[Tracker Process 1] Ep   20 | Return -0.12 | Global -0.1233 | Local 0.1192 | F1_macro 0.7423 | WorstLoss 2.0768
[Tracker Process 0] Ep   29 | Return -0.14 | Global -0.1358 | Local 0.1192 | F1_macro 0.7572 | WorstLoss 1.9516
[Tracker Process 3] Ep   29 | Return -0.13 | Global -0.1250 | Local 0.1192 | F1_macro 0.7405 | WorstLoss 2.0460
[Tracker Process 0] Ep   30 | Return -0.04 | Global -0.0392 | Local 0.1192 | F1_macro 0.7695 | WorstLoss 1.7857
[Tracker Process 3] Ep   30 | Return 0.04 | Global 0.0417 | Local 0.1192 | F1_macro 0.7545 | WorstLoss 1.7427
[Tracker Process 2] Ep   16 | Return 0.05 | Global 0.0464 | Local 0.1192 | F1_macro 0.7550 | WorstLoss 1.9307
[Tracker Process 1] Ep   21 | Return -0.09 | Global -0.0904 | Local 0.1192 | F1_macro 0.7391 | WorstLoss 2.0160
[Tracker Process 0] Ep   31 | Return -0.05 | Global -0.0493 | Local 0.1192 | F1_macro 0.7669 | WorstLoss 1.8031
[Tracker Process 3] Ep   31 | Return -0.06 | Global -0.0618 | Local 0.1192 | F1_macro 0.7518 | WorstLoss 1.9309
[Tracker Process 1] Ep   22 | Return -0.02 | Global -0.0221 | Local 0.1192 | F1_macro 0.7542 | WorstLoss 1.8897
[Tracker Process 0] Ep   32 | Return -0.07 | Global -0.0654 | Local 0.1192 | F1_macro 0.7666 | WorstLoss 1.8306
[Tracker Process 2] Ep   17 | Return -0.02 | Global -0.0219 | Local 0.1192 | F1_macro 0.7485 | WorstLoss 2.0689
[Tracker Process 3] Ep   32 | Return -0.05 | Global -0.0452 | Local 0.1192 | F1_macro 0.7544 | WorstLoss 1.9008
[Tracker Process 0] Ep   33 | Return -0.04 | Global -0.0385 | Local 0.1192 | F1_macro 0.7631 | WorstLoss 1.7843
[Tracker Process 3] Ep   33 | Return -0.02 | Global -0.0205 | Local 0.1192 | F1_macro 0.7526 | WorstLoss 1.8559
[Tracker Process 1] Ep   23 | Return -0.09 | Global -0.0930 | Local 0.1192 | F1_macro 0.7456 | WorstLoss 2.0208
[Tracker Process 0] Ep   34 | Return -0.05 | Global -0.0514 | Local 0.1192 | F1_macro 0.7650 | WorstLoss 1.8066
[Tracker Process 2] Ep   18 | Return 0.09 | Global 0.0901 | Local 0.1192 | F1_macro 0.7571 | WorstLoss 1.8421
[Tracker Process 3] Ep   34 | Return 0.06 | Global 0.0577 | Local 0.1192 | F1_macro 0.7540 | WorstLoss 1.7138
[Tracker Process 1] Ep   24 | Return -0.16 | Global -0.1575 | Local 0.1192 | F1_macro 0.7431 | WorstLoss 2.1401
[Tracker Process 0] Ep   35 | Return -0.08 | Global -0.0779 | Local 0.1192 | F1_macro 0.7673 | WorstLoss 1.8521
[Tracker Process 3] Ep   35 | Return -0.07 | Global -0.0656 | Local 0.1192 | F1_macro 0.7548 | WorstLoss 1.9380
[Tracker Process 2] Ep   19 | Return 0.14 | Global 0.1382 | Local 0.1192 | F1_macro 0.7522 | WorstLoss 1.7448
[Tracker Process 0] Ep   36 | Return -0.02 | Global -0.0234 | Local 0.1192 | F1_macro 0.7657 | WorstLoss 1.7584
[Tracker Process 1] Ep   25 | Return -0.09 | Global -0.0896 | Local 0.1192 | F1_macro 0.7524 | WorstLoss 2.0144
[Tracker Process 3] Ep   36 | Return 0.00 | Global 0.0027 | Local 0.1192 | F1_macro 0.7502 | WorstLoss 1.8137
[Tracker Process 0] Ep   37 | Return -0.07 | Global -0.0712 | Local 0.1192 | F1_macro 0.7601 | WorstLoss 1.8406
[Tracker Process 3] Ep   37 | Return -0.06 | Global -0.0622 | Local 0.1192 | F1_macro 0.7540 | WorstLoss 1.9317
[Tracker Process 1] Ep   26 | Return -0.04 | Global -0.0445 | Local 0.1192 | F1_macro 0.7557 | WorstLoss 1.9312
[Tracker Process 2] Ep   20 | Return 0.01 | Global 0.0082 | Local 0.1192 | F1_macro 0.7527 | WorstLoss 2.0080
[Tracker Process 0] Ep   38 | Return -0.18 | Global -0.1779 | Local 0.1192 | F1_macro 0.7513 | WorstLoss 2.0240
[Tracker Process 3] Ep   38 | Return 0.00 | Global 0.0011 | Local 0.1192 | F1_macro 0.7523 | WorstLoss 1.8166
[Tracker Process 0] Ep   39 | Return -0.09 | Global -0.0850 | Local 0.1192 | F1_macro 0.7634 | WorstLoss 1.8643
[Tracker Process 1] Ep   27 | Return -0.04 | Global -0.0396 | Local 0.1192 | F1_macro 0.7528 | WorstLoss 1.9220
[Tracker Process 3] Ep   39 | Return 0.02 | Global 0.0241 | Local 0.1192 | F1_macro 0.7610 | WorstLoss 1.7748
[Tracker Process 2] Ep   21 | Return -0.13 | Global -0.1270 | Local 0.1192 | F1_macro 0.7266 | WorstLoss 2.2817
[Tracker Process 0] Ep   40 | Return -0.06 | Global -0.0578 | Local 0.1192 | F1_macro 0.7689 | WorstLoss 1.8176
[Tracker Process 3] Ep   40 | Return 0.01 | Global 0.0092 | Local 0.1192 | F1_macro 0.7555 | WorstLoss 1.8018
[Tracker Process 1] Ep   28 | Return -0.07 | Global -0.0653 | Local 0.1192 | F1_macro 0.7550 | WorstLoss 1.9695
[Tracker Process 0] Ep   41 | Return 0.01 | Global 0.0069 | Local 0.1192 | F1_macro 0.7734 | WorstLoss 1.7063
[Tracker Process 3] Ep   41 | Return -0.01 | Global -0.0056 | Local 0.1192 | F1_macro 0.7533 | WorstLoss 1.8287
[Tracker Process 2] Ep   22 | Return 0.19 | Global 0.1877 | Local 0.1192 | F1_macro 0.7491 | WorstLoss 1.6445
[Tracker Process 1] Ep   29 | Return -0.16 | Global -0.1552 | Local 0.1192 | F1_macro 0.7364 | WorstLoss 2.1357
[Tracker Process 0] Ep   42 | Return -0.08 | Global -0.0818 | Local 0.1192 | F1_macro 0.7683 | WorstLoss 1.8589
[Tracker Process 3] Ep   42 | Return 0.02 | Global 0.0188 | Local 0.1192 | F1_macro 0.7569 | WorstLoss 1.7843
[Tracker Process 0] Ep   43 | Return 0.01 | Global 0.0069 | Local 0.1192 | F1_macro 0.7725 | WorstLoss 1.7065
[Tracker Process 3] Ep   43 | Return 0.02 | Global 0.0234 | Local 0.1192 | F1_macro 0.7606 | WorstLoss 1.7760
[Tracker Process 1] Ep   30 | Return -0.14 | Global -0.1415 | Local 0.1192 | F1_macro 0.7489 | WorstLoss 2.1105
[Tracker Process 2] Ep   23 | Return 0.01 | Global 0.0093 | Local 0.1192 | F1_macro 0.7452 | WorstLoss 2.0057
[Tracker Process 0] Ep   44 | Return 0.03 | Global 0.0290 | Local 0.1192 | F1_macro 0.7726 | WorstLoss 1.6685
[Tracker Process 3] Ep   44 | Return -0.04 | Global -0.0431 | Local 0.1192 | F1_macro 0.7519 | WorstLoss 1.8970
[Tracker Process 1] Ep   31 | Return -0.13 | Global -0.1307 | Local 0.1192 | F1_macro 0.7383 | WorstLoss 2.0905
[Tracker Process 0] Ep   45 | Return 0.01 | Global 0.0051 | Local 0.1192 | F1_macro 0.7691 | WorstLoss 1.7096
[Tracker Process 3] Ep   45 | Return -0.06 | Global -0.0634 | Local 0.1192 | F1_macro 0.7504 | WorstLoss 1.9339
[Tracker Process 2] Ep   24 | Return 0.11 | Global 0.1092 | Local 0.1192 | F1_macro 0.7452 | WorstLoss 1.8036
[Tracker Process 0] Ep   46 | Return -0.00 | Global -0.0000 | Local 0.1192 | F1_macro 0.7707 | WorstLoss 1.7183
[Tracker Process 3] Ep   46 | Return -0.03 | Global -0.0316 | Local 0.1192 | F1_macro 0.7605 | WorstLoss 1.8760
[Tracker Process 1] Ep   32 | Return -0.03 | Global -0.0312 | Local 0.1192 | F1_macro 0.7482 | WorstLoss 1.9066
[Tracker Process 0] Ep   47 | Return -0.06 | Global -0.0598 | Local 0.1192 | F1_macro 0.7669 | WorstLoss 1.8211
[Tracker Process 3] Ep   47 | Return 0.01 | Global 0.0094 | Local 0.1192 | F1_macro 0.7559 | WorstLoss 1.8015
[Tracker Process 2] Ep   25 | Return 0.16 | Global 0.1609 | Local 0.1192 | F1_macro 0.7460 | WorstLoss 1.6989
[Tracker Process 1] Ep   33 | Return 0.06 | Global 0.0630 | Local 0.1192 | F1_macro 0.7544 | WorstLoss 1.7323
[Tracker Process 0] Ep   48 | Return -0.10 | Global -0.0950 | Local 0.1192 | F1_macro 0.7680 | WorstLoss 1.8815
[Tracker Process 3] Ep   48 | Return -0.09 | Global -0.0896 | Local 0.1192 | F1_macro 0.7531 | WorstLoss 1.9815
[Tracker Process 0] Ep   49 | Return -0.13 | Global -0.1256 | Local 0.1192 | F1_macro 0.7720 | WorstLoss 1.9341
[Tracker Process 3] Ep   49 | Return 0.05 | Global 0.0499 | Local 0.1192 | F1_macro 0.7575 | WorstLoss 1.7278
[Tracker Process 1] Ep   34 | Return -0.06 | Global -0.0627 | Local 0.1192 | F1_macro 0.7472 | WorstLoss 1.9647
[Tracker Process 2] Ep   26 | Return 0.09 | Global 0.0936 | Local 0.1192 | F1_macro 0.7495 | WorstLoss 1.8351
[Tracker Process 0] Ep   50 | Return 0.01 | Global 0.0098 | Local 0.1192 | F1_macro 0.7668 | WorstLoss 1.7015
[Tracker Process 3] Ep   50 | Return -0.06 | Global -0.0624 | Local 0.1192 | F1_macro 0.7452 | WorstLoss 1.9321
[Tracker Process 1] Ep   35 | Return -0.17 | Global -0.1747 | Local 0.1192 | F1_macro 0.7356 | WorstLoss 2.1717
[Tracker Process 0] Ep   51 | Return -0.05 | Global -0.0536 | Local 0.1192 | F1_macro 0.7629 | WorstLoss 1.8105
[Tracker Process 3] Ep   51 | Return -0.17 | Global -0.1667 | Local 0.1192 | F1_macro 0.7470 | WorstLoss 2.1218
[Tracker Process 2] Ep   27 | Return -0.08 | Global -0.0763 | Local 0.1192 | F1_macro 0.7499 | WorstLoss 2.1791
[Tracker Process 0] Ep   52 | Return -0.06 | Global -0.0559 | Local 0.1192 | F1_macro 0.7700 | WorstLoss 1.8144
[Tracker Process 3] Ep   52 | Return 0.04 | Global 0.0383 | Local 0.1192 | F1_macro 0.7574 | WorstLoss 1.7490
[Tracker Process 1] Ep   36 | Return -0.18 | Global -0.1762 | Local 0.1192 | F1_macro 0.7447 | WorstLoss 2.1746
[Tracker Process 0] Ep   53 | Return 0.08 | Global 0.0819 | Local 0.1192 | F1_macro 0.7704 | WorstLoss 1.5775
