[validate_spec] experiment_specs/census_grid_v2/census_k0_gpu1_restart_pca10_e30.yaml: OK
[main] spec=census_k0_gpu1_restart_pca10_e30.yaml device=cuda:1
[main] exp_group=SPEC_census_k0_gpu1_restart_pca10_e30_aa9fc838__G202604281727
[main] permutations=6 max_parallel=4
[Training Process 2] ---- running seed=1 ----
FFNN Using device: cuda:1
FFNN Using device: cuda:1
[Tracker Process 2] Experiment: SPECcensus_k0_gpu1_restart_pca10_e30_EP5000_PCA10_REWwgl_minID0_majID1_TRJ3000_REAL2000_GG202604281727_fb16a47e
[Tracker Process 2] Seed folder: /storage_1/epigou_storage/FORGE/training_runs/SPECcensus_k0_gpu1_restart_pca10_e30_EP5000_PCA10_REWwgl_minID0_majID1_TRJ3000_REAL2000_GG202604281727_fb16a47e/seed_1
[Tracker Process 2] Run: 2026-04-28_17-27-54_seed1_111812_86f027ce
[Tracker Process 2] Metrics CSV: /storage_1/epigou_storage/FORGE/training_runs/SPECcensus_k0_gpu1_restart_pca10_e30_EP5000_PCA10_REWwgl_minID0_majID1_TRJ3000_REAL2000_GG202604281727_fb16a47e/seed_1/metrics.csv
[Tracker Process 2] Mirroring console to: /storage_1/epigou_storage/FORGE/training_runs/SPECcensus_k0_gpu1_restart_pca10_e30_EP5000_PCA10_REWwgl_minID0_majID1_TRJ3000_REAL2000_GG202604281727_fb16a47e/seed_1/console.log
[Training Process 0] ---- running seed=1 ----
FFNN Using device: cuda:1
FFNN Using device: cuda:1
[Tracker Process 0] Experiment: SPECcensus_k0_gpu1_restart_pca10_e30_EP5000_PCA10_REWwgl_minID0_majID1_TRJ1000_REAL4000_GG202604281727_6354b584
[Tracker Process 0] Seed folder: /storage_1/epigou_storage/FORGE/training_runs/SPECcensus_k0_gpu1_restart_pca10_e30_EP5000_PCA10_REWwgl_minID0_majID1_TRJ1000_REAL4000_GG202604281727_6354b584/seed_1
[Tracker Process 0] Run: 2026-04-28_17-27-54_seed1_111810_bbe7f95e
[Tracker Process 0] Metrics CSV: /storage_1/epigou_storage/FORGE/training_runs/SPECcensus_k0_gpu1_restart_pca10_e30_EP5000_PCA10_REWwgl_minID0_majID1_TRJ1000_REAL4000_GG202604281727_6354b584/seed_1/metrics.csv
[Tracker Process 0] Mirroring console to: /storage_1/epigou_storage/FORGE/training_runs/SPECcensus_k0_gpu1_restart_pca10_e30_EP5000_PCA10_REWwgl_minID0_majID1_TRJ1000_REAL4000_GG202604281727_6354b584/seed_1/console.log
[Training Process 3] ---- running seed=42 ----
FFNN Using device: cuda:1
FFNN Using device: cuda:1
[Tracker Process 3] Experiment: SPECcensus_k0_gpu1_restart_pca10_e30_EP5000_PCA10_REWwgl_minID0_majID1_TRJ1000_REAL4000_GG202604281727_6354b584
[Tracker Process 3] Seed folder: /storage_1/epigou_storage/FORGE/training_runs/SPECcensus_k0_gpu1_restart_pca10_e30_EP5000_PCA10_REWwgl_minID0_majID1_TRJ1000_REAL4000_GG202604281727_6354b584/seed_42
[Tracker Process 3] Run: 2026-04-28_17-27-55_seed42_111813_d353f1da
[Tracker Process 3] Metrics CSV: /storage_1/epigou_storage/FORGE/training_runs/SPECcensus_k0_gpu1_restart_pca10_e30_EP5000_PCA10_REWwgl_minID0_majID1_TRJ1000_REAL4000_GG202604281727_6354b584/seed_42/metrics.csv
[Tracker Process 3] Mirroring console to: /storage_1/epigou_storage/FORGE/training_runs/SPECcensus_k0_gpu1_restart_pca10_e30_EP5000_PCA10_REWwgl_minID0_majID1_TRJ1000_REAL4000_GG202604281727_6354b584/seed_42/console.log
[Training Process 1] ---- running seed=1 ----
FFNN Using device: cuda:1
FFNN Using device: cuda:1
[Tracker Process 1] Experiment: SPECcensus_k0_gpu1_restart_pca10_e30_EP5000_PCA10_REWwgl_minID0_majID1_TRJ2000_REAL3000_GG202604281727_465b0c0f
[Tracker Process 1] Seed folder: /storage_1/epigou_storage/FORGE/training_runs/SPECcensus_k0_gpu1_restart_pca10_e30_EP5000_PCA10_REWwgl_minID0_majID1_TRJ2000_REAL3000_GG202604281727_465b0c0f/seed_1
[Tracker Process 1] Run: 2026-04-28_17-27-55_seed1_111811_95e1fe4e
[Tracker Process 1] Metrics CSV: /storage_1/epigou_storage/FORGE/training_runs/SPECcensus_k0_gpu1_restart_pca10_e30_EP5000_PCA10_REWwgl_minID0_majID1_TRJ2000_REAL3000_GG202604281727_465b0c0f/seed_1/metrics.csv
[Tracker Process 1] Mirroring console to: /storage_1/epigou_storage/FORGE/training_runs/SPECcensus_k0_gpu1_restart_pca10_e30_EP5000_PCA10_REWwgl_minID0_majID1_TRJ2000_REAL3000_GG202604281727_465b0c0f/seed_1/console.log
[TRAIN] size=2000, minority=470 (23.50%)
[VAL] size=6032, minority=1501 (24.88%)
[TEST] size=6033, minority=1502 (24.90%)
FFNN Using device: cuda:1
FFNN Using device: cuda:1
Beta will train with: 40.00% real data, 60.00% synthetic data: 
[TRAIN] size=4000, minority=927 (23.18%)
[VAL] size=6032, minority=1501 (24.88%)
[TEST] size=6033, minority=1502 (24.90%)
FFNN Using device: cuda:1
FFNN Using device: cuda:1
Beta will train with: 80.00% real data, 20.00% synthetic data: 
[TRAIN] size=4000, minority=906 (22.65%)
[VAL] size=6032, minority=1501 (24.88%)
[TEST] size=6033, minority=1502 (24.90%)
FFNN Using device: cuda:1
FFNN Using device: cuda:1
Beta will train with: 80.00% real data, 20.00% synthetic data: 
[TRAIN] size=3000, minority=712 (23.73%)
[VAL] size=6032, minority=1501 (24.88%)
[TEST] size=6033, minority=1502 (24.90%)
FFNN Using device: cuda:1
FFNN Using device: cuda:1
Beta will train with: 60.00% real data, 40.00% synthetic data: 
[disadv Process 2] group=1 per_g={0: 0.2512805759906769, 1: 0.4045637249946594} worst_4g=1.7139 soft_eo_alpha=0.2679
Anchors: 441 (disadv=1) sigma_anchor=0.8500
[Tracker Process 2] Alpha model state_dict saved to /storage_1/epigou_storage/FORGE/training_runs/SPECcensus_k0_gpu1_restart_pca10_e30_EP5000_PCA10_REWwgl_minID0_majID1_TRJ3000_REAL2000_GG202604281727_fb16a47e/seed_1/alpha_state_dict.pt
[Tracker Process 2] Alpha model config saved to /storage_1/epigou_storage/FORGE/training_runs/SPECcensus_k0_gpu1_restart_pca10_e30_EP5000_PCA10_REWwgl_minID0_majID1_TRJ3000_REAL2000_GG202604281727_fb16a47e/seed_1/ffnn_meta.json

============================================================
[Phase Process 2] Starting phase1_class1 | target_class=1 | episodes=5000
============================================================
/home/epigou/envs/rl/lib/python3.10/site-packages/torch/_inductor/compile_fx.py:194: UserWarning:

TensorFloat32 tensor cores for float32 matrix multiplication available but not enabled. Consider setting `torch.set_float32_matmul_precision('high')` for better performance.

[disadv Process 1] group=1 per_g={0: 0.24827216565608978, 1: 0.40100765228271484} worst_4g=1.7560 soft_eo_alpha=0.2450
Anchors: 669 (disadv=1) sigma_anchor=0.8500
[Tracker Process 1] Alpha model state_dict saved to /storage_1/epigou_storage/FORGE/training_runs/SPECcensus_k0_gpu1_restart_pca10_e30_EP5000_PCA10_REWwgl_minID0_majID1_TRJ2000_REAL3000_GG202604281727_465b0c0f/seed_1/alpha_state_dict.pt
[Tracker Process 1] Alpha model config saved to /storage_1/epigou_storage/FORGE/training_runs/SPECcensus_k0_gpu1_restart_pca10_e30_EP5000_PCA10_REWwgl_minID0_majID1_TRJ2000_REAL3000_GG202604281727_465b0c0f/seed_1/ffnn_meta.json

============================================================
[Phase Process 1] Starting phase1_class1 | target_class=1 | episodes=5000
============================================================
[disadv Process 0] group=1 per_g={0: 0.25840047001838684, 1: 0.39788398146629333} worst_4g=1.8451 soft_eo_alpha=0.2441
Anchors: 870 (disadv=1) sigma_anchor=0.8500
[Tracker Process 0] Alpha model state_dict saved to /storage_1/epigou_storage/FORGE/training_runs/SPECcensus_k0_gpu1_restart_pca10_e30_EP5000_PCA10_REWwgl_minID0_majID1_TRJ1000_REAL4000_GG202604281727_6354b584/seed_1/alpha_state_dict.pt
[Tracker Process 0] Alpha model config saved to /storage_1/epigou_storage/FORGE/training_runs/SPECcensus_k0_gpu1_restart_pca10_e30_EP5000_PCA10_REWwgl_minID0_majID1_TRJ1000_REAL4000_GG202604281727_6354b584/seed_1/ffnn_meta.json

============================================================
[Phase Process 0] Starting phase1_class1 | target_class=1 | episodes=5000
============================================================
[disadv Process 3] group=1 per_g={0: 0.26099735498428345, 1: 0.4276150166988373} worst_4g=1.9135 soft_eo_alpha=0.2686
Anchors: 849 (disadv=1) sigma_anchor=0.8500
[Tracker Process 3] Alpha model state_dict saved to /storage_1/epigou_storage/FORGE/training_runs/SPECcensus_k0_gpu1_restart_pca10_e30_EP5000_PCA10_REWwgl_minID0_majID1_TRJ1000_REAL4000_GG202604281727_6354b584/seed_42/alpha_state_dict.pt
[Tracker Process 3] Alpha model config saved to /storage_1/epigou_storage/FORGE/training_runs/SPECcensus_k0_gpu1_restart_pca10_e30_EP5000_PCA10_REWwgl_minID0_majID1_TRJ1000_REAL4000_GG202604281727_6354b584/seed_42/ffnn_meta.json

============================================================
[Phase Process 3] Starting phase1_class1 | target_class=1 | episodes=5000
============================================================
/home/epigou/envs/rl/lib/python3.10/site-packages/torch/_inductor/compile_fx.py:194: UserWarning:

TensorFloat32 tensor cores for float32 matrix multiplication available but not enabled. Consider setting `torch.set_float32_matmul_precision('high')` for better performance.

/home/epigou/envs/rl/lib/python3.10/site-packages/torch/_inductor/compile_fx.py:194: UserWarning:

TensorFloat32 tensor cores for float32 matrix multiplication available but not enabled. Consider setting `torch.set_float32_matmul_precision('high')` for better performance.

/home/epigou/envs/rl/lib/python3.10/site-packages/torch/_inductor/compile_fx.py:194: UserWarning:

TensorFloat32 tensor cores for float32 matrix multiplication available but not enabled. Consider setting `torch.set_float32_matmul_precision('high')` for better performance.

[Tracker Process 2] CSV header written with 44 columns.
[Tracker Process 2] Ep    1 | Return 0.11 | Global 0.1063 | Local 0.1192 | F1_macro 0.7617 | WorstLoss 1.5318
[Tracker Process 2] New BEST synthetic [phase1_class1] (by global.global_obj: 0.106254) saved.
[Tracker Process 2] BEST β weights [phase1_class1] saved -> /storage_1/epigou_storage/FORGE/training_runs/SPECcensus_k0_gpu1_restart_pca10_e30_EP5000_PCA10_REWwgl_minID0_majID1_TRJ3000_REAL2000_GG202604281727_fb16a47e/seed_1/best_beta_state_dict_phase1_class1.pt
[Tracker Process 3] CSV header written with 44 columns.
[Tracker Process 3] Ep    1 | Return 0.02 | Global 0.0233 | Local 0.1192 | F1_macro 0.7521 | WorstLoss 1.8689
[Tracker Process 0] CSV header written with 44 columns.
[Tracker Process 0] Ep    1 | Return 0.10 | Global 0.1014 | Local 0.1192 | F1_macro 0.7697 | WorstLoss 1.6581
[Tracker Process 3] New BEST synthetic [phase1_class1] (by global.global_obj: 0.023277) saved.
[Tracker Process 3] BEST β weights [phase1_class1] saved -> /storage_1/epigou_storage/FORGE/training_runs/SPECcensus_k0_gpu1_restart_pca10_e30_EP5000_PCA10_REWwgl_minID0_majID1_TRJ1000_REAL4000_GG202604281727_6354b584/seed_42/best_beta_state_dict_phase1_class1.pt
[Tracker Process 0] New BEST synthetic [phase1_class1] (by global.global_obj: 0.101366) saved.
[Tracker Process 0] BEST β weights [phase1_class1] saved -> /storage_1/epigou_storage/FORGE/training_runs/SPECcensus_k0_gpu1_restart_pca10_e30_EP5000_PCA10_REWwgl_minID0_majID1_TRJ1000_REAL4000_GG202604281727_6354b584/seed_1/best_beta_state_dict_phase1_class1.pt
[Tracker Process 1] CSV header written with 44 columns.
[Tracker Process 1] Ep    1 | Return 0.09 | Global 0.0904 | Local 0.1192 | F1_macro 0.7576 | WorstLoss 1.5973
[Tracker Process 1] New BEST synthetic [phase1_class1] (by global.global_obj: 0.090379) saved.
[Tracker Process 1] BEST β weights [phase1_class1] saved -> /storage_1/epigou_storage/FORGE/training_runs/SPECcensus_k0_gpu1_restart_pca10_e30_EP5000_PCA10_REWwgl_minID0_majID1_TRJ2000_REAL3000_GG202604281727_465b0c0f/seed_1/best_beta_state_dict_phase1_class1.pt
[Tracker Process 3] Ep    2 | Return 0.11 | Global 0.1147 | Local 0.1192 | F1_macro 0.7554 | WorstLoss 1.6940
[Tracker Process 3] New BEST synthetic [phase1_class1] (by global.global_obj: 0.114667) saved.
[Tracker Process 3] BEST β weights [phase1_class1] saved -> /storage_1/epigou_storage/FORGE/training_runs/SPECcensus_k0_gpu1_restart_pca10_e30_EP5000_PCA10_REWwgl_minID0_majID1_TRJ1000_REAL4000_GG202604281727_6354b584/seed_42/best_beta_state_dict_phase1_class1.pt
[Tracker Process 0] Ep    2 | Return 0.06 | Global 0.0575 | Local 0.1192 | F1_macro 0.7664 | WorstLoss 1.7390
[Tracker Process 1] Ep    2 | Return 0.03 | Global 0.0264 | Local 0.1192 | F1_macro 0.7583 | WorstLoss 1.7097
[Tracker Process 2] Ep    2 | Return 0.11 | Global 0.1105 | Local 0.1192 | F1_macro 0.7584 | WorstLoss 1.5246
[Tracker Process 2] New BEST synthetic [phase1_class1] (by global.global_obj: 0.110485) saved.
[Tracker Process 2] BEST β weights [phase1_class1] saved -> /storage_1/epigou_storage/FORGE/training_runs/SPECcensus_k0_gpu1_restart_pca10_e30_EP5000_PCA10_REWwgl_minID0_majID1_TRJ3000_REAL2000_GG202604281727_fb16a47e/seed_1/best_beta_state_dict_phase1_class1.pt
[Tracker Process 3] Ep    3 | Return 0.00 | Global 0.0049 | Local 0.1192 | F1_macro 0.7440 | WorstLoss 1.9040
[Tracker Process 0] Ep    3 | Return 0.14 | Global 0.1447 | Local 0.1192 | F1_macro 0.7708 | WorstLoss 1.5782
[Tracker Process 0] New BEST synthetic [phase1_class1] (by global.global_obj: 0.144653) saved.
[Tracker Process 0] BEST β weights [phase1_class1] saved -> /storage_1/epigou_storage/FORGE/training_runs/SPECcensus_k0_gpu1_restart_pca10_e30_EP5000_PCA10_REWwgl_minID0_majID1_TRJ1000_REAL4000_GG202604281727_6354b584/seed_1/best_beta_state_dict_phase1_class1.pt
[Tracker Process 1] Ep    3 | Return 0.09 | Global 0.0925 | Local 0.1192 | F1_macro 0.7607 | WorstLoss 1.5937
[Tracker Process 1] New BEST synthetic [phase1_class1] (by global.global_obj: 0.092468) saved.
[Tracker Process 1] BEST β weights [phase1_class1] saved -> /storage_1/epigou_storage/FORGE/training_runs/SPECcensus_k0_gpu1_restart_pca10_e30_EP5000_PCA10_REWwgl_minID0_majID1_TRJ2000_REAL3000_GG202604281727_465b0c0f/seed_1/best_beta_state_dict_phase1_class1.pt
[Tracker Process 2] Ep    3 | Return 0.01 | Global 0.0129 | Local 0.1192 | F1_macro 0.7512 | WorstLoss 1.6919
[Tracker Process 3] Ep    4 | Return 0.07 | Global 0.0736 | Local 0.1192 | F1_macro 0.7530 | WorstLoss 1.7726
[Tracker Process 0] Ep    4 | Return 0.10 | Global 0.0955 | Local 0.1192 | F1_macro 0.7678 | WorstLoss 1.6689
[Tracker Process 1] Ep    4 | Return 0.10 | Global 0.0982 | Local 0.1192 | F1_macro 0.7690 | WorstLoss 1.5837
[Tracker Process 1] New BEST synthetic [phase1_class1] (by global.global_obj: 0.098152) saved.
[Tracker Process 1] BEST β weights [phase1_class1] saved -> /storage_1/epigou_storage/FORGE/training_runs/SPECcensus_k0_gpu1_restart_pca10_e30_EP5000_PCA10_REWwgl_minID0_majID1_TRJ2000_REAL3000_GG202604281727_465b0c0f/seed_1/best_beta_state_dict_phase1_class1.pt
[Tracker Process 3] Ep    5 | Return 0.06 | Global 0.0629 | Local 0.1192 | F1_macro 0.7425 | WorstLoss 1.7932
[Tracker Process 0] Ep    5 | Return 0.10 | Global 0.0993 | Local 0.1192 | F1_macro 0.7708 | WorstLoss 1.6619
[Tracker Process 2] Ep    4 | Return 0.01 | Global 0.0123 | Local 0.1192 | F1_macro 0.7521 | WorstLoss 1.6929
[Tracker Process 1] Ep    5 | Return 0.01 | Global 0.0113 | Local 0.1192 | F1_macro 0.7662 | WorstLoss 1.7362
[Tracker Process 0] Ep    6 | Return 0.04 | Global 0.0415 | Local 0.1192 | F1_macro 0.7515 | WorstLoss 1.7685
[Tracker Process 3] Ep    6 | Return 0.04 | Global 0.0351 | Local 0.1192 | F1_macro 0.7526 | WorstLoss 1.8464
[Tracker Process 2] Ep    5 | Return 0.12 | Global 0.1206 | Local 0.1192 | F1_macro 0.7663 | WorstLoss 1.5072
[Tracker Process 2] New BEST synthetic [phase1_class1] (by global.global_obj: 0.120644) saved.
[Tracker Process 2] BEST β weights [phase1_class1] saved -> /storage_1/epigou_storage/FORGE/training_runs/SPECcensus_k0_gpu1_restart_pca10_e30_EP5000_PCA10_REWwgl_minID0_majID1_TRJ3000_REAL2000_GG202604281727_fb16a47e/seed_1/best_beta_state_dict_phase1_class1.pt
[Tracker Process 0] Ep    7 | Return 0.18 | Global 0.1792 | Local 0.1192 | F1_macro 0.7798 | WorstLoss 1.5144
[Tracker Process 0] New BEST synthetic [phase1_class1] (by global.global_obj: 0.179248) saved.
[Tracker Process 0] BEST β weights [phase1_class1] saved -> /storage_1/epigou_storage/FORGE/training_runs/SPECcensus_k0_gpu1_restart_pca10_e30_EP5000_PCA10_REWwgl_minID0_majID1_TRJ1000_REAL4000_GG202604281727_6354b584/seed_1/best_beta_state_dict_phase1_class1.pt
[Tracker Process 3] Ep    7 | Return 0.05 | Global 0.0519 | Local 0.1192 | F1_macro 0.7500 | WorstLoss 1.8142
[Tracker Process 1] Ep    6 | Return 0.07 | Global 0.0657 | Local 0.1192 | F1_macro 0.7639 | WorstLoss 1.6407
[Tracker Process 0] Ep    8 | Return 0.06 | Global 0.0571 | Local 0.1192 | F1_macro 0.7615 | WorstLoss 1.7398
[Tracker Process 3] Ep    8 | Return 0.01 | Global 0.0101 | Local 0.1192 | F1_macro 0.7451 | WorstLoss 1.8941
[Tracker Process 2] Ep    6 | Return 0.07 | Global 0.0745 | Local 0.1192 | F1_macro 0.7496 | WorstLoss 1.5862
[Tracker Process 1] Ep    7 | Return 0.13 | Global 0.1252 | Local 0.1192 | F1_macro 0.7663 | WorstLoss 1.5363
[Tracker Process 1] New BEST synthetic [phase1_class1] (by global.global_obj: 0.125153) saved.
[Tracker Process 1] BEST β weights [phase1_class1] saved -> /storage_1/epigou_storage/FORGE/training_runs/SPECcensus_k0_gpu1_restart_pca10_e30_EP5000_PCA10_REWwgl_minID0_majID1_TRJ2000_REAL3000_GG202604281727_465b0c0f/seed_1/best_beta_state_dict_phase1_class1.pt
[Tracker Process 0] Ep    9 | Return 0.05 | Global 0.0476 | Local 0.1192 | F1_macro 0.7673 | WorstLoss 1.7572
[Tracker Process 3] Ep    9 | Return -0.02 | Global -0.0239 | Local 0.1192 | F1_macro 0.7442 | WorstLoss 1.9591
[Tracker Process 1] Ep    8 | Return 0.04 | Global 0.0379 | Local 0.1192 | F1_macro 0.7653 | WorstLoss 1.6896
[Tracker Process 2] Ep    7 | Return -0.01 | Global -0.0115 | Local 0.1192 | F1_macro 0.7502 | WorstLoss 1.7336
[Tracker Process 0] Ep   10 | Return 0.06 | Global 0.0550 | Local 0.1192 | F1_macro 0.7633 | WorstLoss 1.7436
[Tracker Process 3] Ep   10 | Return -0.00 | Global -0.0004 | Local 0.1192 | F1_macro 0.7410 | WorstLoss 1.9142
[Tracker Process 1] Ep    9 | Return 0.05 | Global 0.0450 | Local 0.1192 | F1_macro 0.7672 | WorstLoss 1.6770
[Tracker Process 0] Ep   11 | Return 0.10 | Global 0.1020 | Local 0.1192 | F1_macro 0.7672 | WorstLoss 1.6570
[Tracker Process 3] Ep   11 | Return 0.04 | Global 0.0387 | Local 0.1192 | F1_macro 0.7489 | WorstLoss 1.8394
[Tracker Process 2] Ep    8 | Return 0.10 | Global 0.1047 | Local 0.1192 | F1_macro 0.7576 | WorstLoss 1.5346
[Tracker Process 0] Ep   12 | Return 0.10 | Global 0.1025 | Local 0.1192 | F1_macro 0.7702 | WorstLoss 1.6559
[Tracker Process 3] Ep   12 | Return 0.02 | Global 0.0190 | Local 0.1192 | F1_macro 0.7529 | WorstLoss 1.8770
[Tracker Process 1] Ep   10 | Return -0.03 | Global -0.0325 | Local 0.1192 | F1_macro 0.7580 | WorstLoss 1.8131
[Tracker Process 2] Ep    9 | Return 0.04 | Global 0.0450 | Local 0.1192 | F1_macro 0.7552 | WorstLoss 1.6369
[Tracker Process 3] Ep   13 | Return 0.06 | Global 0.0593 | Local 0.1192 | F1_macro 0.7539 | WorstLoss 1.8000
[Tracker Process 0] Ep   13 | Return 0.13 | Global 0.1296 | Local 0.1192 | F1_macro 0.7687 | WorstLoss 1.6059
[Tracker Process 1] Ep   11 | Return 0.03 | Global 0.0318 | Local 0.1192 | F1_macro 0.7643 | WorstLoss 1.7003
[Tracker Process 2] Ep   10 | Return 0.06 | Global 0.0557 | Local 0.1192 | F1_macro 0.7405 | WorstLoss 1.6184
[Tracker Process 3] Ep   14 | Return 0.07 | Global 0.0658 | Local 0.1192 | F1_macro 0.7518 | WorstLoss 1.7876
[Tracker Process 0] Ep   14 | Return 0.11 | Global 0.1075 | Local 0.1192 | F1_macro 0.7673 | WorstLoss 1.6468
[Tracker Process 1] Ep   12 | Return 0.12 | Global 0.1190 | Local 0.1192 | F1_macro 0.7615 | WorstLoss 1.5471
[Tracker Process 3] Ep   15 | Return 0.02 | Global 0.0242 | Local 0.1192 | F1_macro 0.7514 | WorstLoss 1.8672
[Tracker Process 0] Ep   15 | Return 0.19 | Global 0.1867 | Local 0.1192 | F1_macro 0.7804 | WorstLoss 1.5006
[Tracker Process 0] New BEST synthetic [phase1_class1] (by global.global_obj: 0.186723) saved.
[Tracker Process 0] BEST β weights [phase1_class1] saved -> /storage_1/epigou_storage/FORGE/training_runs/SPECcensus_k0_gpu1_restart_pca10_e30_EP5000_PCA10_REWwgl_minID0_majID1_TRJ1000_REAL4000_GG202604281727_6354b584/seed_1/best_beta_state_dict_phase1_class1.pt
[Tracker Process 2] Ep   11 | Return 0.16 | Global 0.1560 | Local 0.1192 | F1_macro 0.7636 | WorstLoss 1.4466
[Tracker Process 2] New BEST synthetic [phase1_class1] (by global.global_obj: 0.155952) saved.
[Tracker Process 2] BEST β weights [phase1_class1] saved -> /storage_1/epigou_storage/FORGE/training_runs/SPECcensus_k0_gpu1_restart_pca10_e30_EP5000_PCA10_REWwgl_minID0_majID1_TRJ3000_REAL2000_GG202604281727_fb16a47e/seed_1/best_beta_state_dict_phase1_class1.pt
[Tracker Process 1] Ep   13 | Return -0.03 | Global -0.0277 | Local 0.1192 | F1_macro 0.7553 | WorstLoss 1.8047
[Tracker Process 3] Ep   16 | Return 0.05 | Global 0.0504 | Local 0.1192 | F1_macro 0.7550 | WorstLoss 1.8170
[Tracker Process 0] Ep   16 | Return 0.14 | Global 0.1435 | Local 0.1192 | F1_macro 0.7691 | WorstLoss 1.5802
[Tracker Process 2] Ep   12 | Return 0.04 | Global 0.0448 | Local 0.1192 | F1_macro 0.7524 | WorstLoss 1.6371
[Tracker Process 1] Ep   14 | Return 0.13 | Global 0.1312 | Local 0.1192 | F1_macro 0.7537 | WorstLoss 1.5257
[Tracker Process 1] New BEST synthetic [phase1_class1] (by global.global_obj: 0.131168) saved.
[Tracker Process 1] BEST β weights [phase1_class1] saved -> /storage_1/epigou_storage/FORGE/training_runs/SPECcensus_k0_gpu1_restart_pca10_e30_EP5000_PCA10_REWwgl_minID0_majID1_TRJ2000_REAL3000_GG202604281727_465b0c0f/seed_1/best_beta_state_dict_phase1_class1.pt
[Tracker Process 3] Ep   17 | Return 0.09 | Global 0.0889 | Local 0.1192 | F1_macro 0.7549 | WorstLoss 1.7433
[Tracker Process 0] Ep   17 | Return 0.04 | Global 0.0423 | Local 0.1192 | F1_macro 0.7770 | WorstLoss 1.7670
[Tracker Process 0] Ep   18 | Return 0.10 | Global 0.0950 | Local 0.1192 | F1_macro 0.7726 | WorstLoss 1.6698
[Tracker Process 3] Ep   18 | Return 0.08 | Global 0.0799 | Local 0.1192 | F1_macro 0.7535 | WorstLoss 1.7605
[Tracker Process 1] Ep   15 | Return 0.10 | Global 0.1001 | Local 0.1192 | F1_macro 0.7647 | WorstLoss 1.5803
[Tracker Process 2] Ep   13 | Return 0.02 | Global 0.0236 | Local 0.1192 | F1_macro 0.7500 | WorstLoss 1.6735
[Tracker Process 0] Ep   19 | Return 0.06 | Global 0.0597 | Local 0.1192 | F1_macro 0.7738 | WorstLoss 1.7350
[Tracker Process 3] Ep   19 | Return 0.05 | Global 0.0541 | Local 0.1192 | F1_macro 0.7532 | WorstLoss 1.8099
[Tracker Process 1] Ep   16 | Return 0.10 | Global 0.1028 | Local 0.1192 | F1_macro 0.7700 | WorstLoss 1.5755
[Tracker Process 2] Ep   14 | Return 0.13 | Global 0.1298 | Local 0.1192 | F1_macro 0.7461 | WorstLoss 1.4914
[Tracker Process 3] Ep   20 | Return 0.06 | Global 0.0593 | Local 0.1192 | F1_macro 0.7450 | WorstLoss 1.8000
[Tracker Process 0] Ep   20 | Return -0.01 | Global -0.0056 | Local 0.1192 | F1_macro 0.7598 | WorstLoss 1.8554
[Tracker Process 1] Ep   17 | Return 0.05 | Global 0.0488 | Local 0.1192 | F1_macro 0.7623 | WorstLoss 1.6703
[Tracker Process 3] Ep   21 | Return 0.03 | Global 0.0263 | Local 0.1192 | F1_macro 0.7413 | WorstLoss 1.8631
[Tracker Process 0] Ep   21 | Return -0.04 | Global -0.0425 | Local 0.1192 | F1_macro 0.7589 | WorstLoss 1.9234
[Tracker Process 2] Ep   15 | Return 0.15 | Global 0.1540 | Local 0.1192 | F1_macro 0.7515 | WorstLoss 1.4499
[Tracker Process 1] Ep   18 | Return 0.05 | Global 0.0498 | Local 0.1192 | F1_macro 0.7635 | WorstLoss 1.6685
[Tracker Process 3] Ep   22 | Return 0.13 | Global 0.1307 | Local 0.1192 | F1_macro 0.7574 | WorstLoss 1.6634
[Tracker Process 3] New BEST synthetic [phase1_class1] (by global.global_obj: 0.130685) saved.
[Tracker Process 3] BEST β weights [phase1_class1] saved -> /storage_1/epigou_storage/FORGE/training_runs/SPECcensus_k0_gpu1_restart_pca10_e30_EP5000_PCA10_REWwgl_minID0_majID1_TRJ1000_REAL4000_GG202604281727_6354b584/seed_42/best_beta_state_dict_phase1_class1.pt
[Tracker Process 0] Ep   22 | Return 0.05 | Global 0.0513 | Local 0.1192 | F1_macro 0.7624 | WorstLoss 1.7504
[Tracker Process 2] Ep   16 | Return -0.03 | Global -0.0279 | Local 0.1192 | F1_macro 0.7453 | WorstLoss 1.7617
[Tracker Process 3] Ep   23 | Return 0.01 | Global 0.0059 | Local 0.1192 | F1_macro 0.7510 | WorstLoss 1.9022
[Tracker Process 0] Ep   23 | Return 0.05 | Global 0.0513 | Local 0.1192 | F1_macro 0.7699 | WorstLoss 1.7505
[Tracker Process 1] Ep   19 | Return 0.15 | Global 0.1548 | Local 0.1192 | F1_macro 0.7691 | WorstLoss 1.4842
[Tracker Process 1] New BEST synthetic [phase1_class1] (by global.global_obj: 0.154805) saved.
[Tracker Process 1] BEST β weights [phase1_class1] saved -> /storage_1/epigou_storage/FORGE/training_runs/SPECcensus_k0_gpu1_restart_pca10_e30_EP5000_PCA10_REWwgl_minID0_majID1_TRJ2000_REAL3000_GG202604281727_465b0c0f/seed_1/best_beta_state_dict_phase1_class1.pt
[Tracker Process 3] Ep   24 | Return 0.06 | Global 0.0620 | Local 0.1192 | F1_macro 0.7548 | WorstLoss 1.7947
[Tracker Process 0] Ep   24 | Return 0.03 | Global 0.0259 | Local 0.1192 | F1_macro 0.7660 | WorstLoss 1.7974
[Tracker Process 2] Ep   17 | Return 0.03 | Global 0.0343 | Local 0.1192 | F1_macro 0.7538 | WorstLoss 1.6551
[Tracker Process 1] Ep   20 | Return 0.12 | Global 0.1173 | Local 0.1192 | F1_macro 0.7693 | WorstLoss 1.5500
