[main] spec=curr_gentle.json device=cuda:1
[main] exp_group=SPEC_curr_gentle_96d1bba7__G202603191711
[main] seeds=[42]
[main] ---- running seed=42 ----
FFNN Using device: cuda:1
FFNN Using device: cuda:1
[Tracker] Experiment: SPECcurr_gentle_EP200_PCA10_REWfairness_minID1_majID0_TRJ2000_REAL3000_BIAS0.1_GG202603191711_bd350355
[Tracker] Seed folder: training_runs/SPECcurr_gentle_EP200_PCA10_REWfairness_minID1_majID0_TRJ2000_REAL3000_BIAS0.1_GG202603191711_bd350355/seed_42
[Tracker] Run: 2026-03-19_17-11-15_seed42_25801_da055eec
[Tracker] Metrics CSV: training_runs/SPECcurr_gentle_EP200_PCA10_REWfairness_minID1_majID0_TRJ2000_REAL3000_BIAS0.1_GG202603191711_bd350355/seed_42/metrics.csv
[Tracker] Mirroring console to: training_runs/SPECcurr_gentle_EP200_PCA10_REWfairness_minID1_majID0_TRJ2000_REAL3000_BIAS0.1_GG202603191711_bd350355/seed_42/console.log
[TRAIN] size=3000, minority=300 (10.00%)
[VAL] size=5493, minority=549 (9.99%)
[TEST] size=6513, minority=1569 (24.09%)
FFNN Using device: cuda:1
FFNN Using device: cuda:1
Beta will train with: 60.00% real data, 40.00% synthetic data: 
[disadv] group=1 per_g={0: 0.10507170855998993, 1: 0.27377745509147644} worst_4g=1.9454 soft_eo_alpha=0.1498
Anchors: 257 (disadv=1) sigma_anchor=0.8500
[Tracker] Alpha model state_dict saved to training_runs/SPECcurr_gentle_EP200_PCA10_REWfairness_minID1_majID0_TRJ2000_REAL3000_BIAS0.1_GG202603191711_bd350355/seed_42/alpha_state_dict.pt
[Tracker] Alpha model config saved to training_runs/SPECcurr_gentle_EP200_PCA10_REWfairness_minID1_majID0_TRJ2000_REAL3000_BIAS0.1_GG202603191711_bd350355/seed_42/ffnn_meta.json

============================================================
[Phase] Starting phase1_class1 | target_class=1 | episodes=200
============================================================
[Tracker] CSV header written with 44 columns.
[Tracker] Ep    1 | AvgR 0.0001 | Global 0.2766 | Local 0.1192 | F1_macro 0.6622 | WorstLoss 2.0384
[Tracker] New BEST synthetic [phase1_class1] (by global.global_obj: 0.276650) saved.
[Tracker] BEST β weights [phase1_class1] saved -> training_runs/SPECcurr_gentle_EP200_PCA10_REWfairness_minID1_majID0_TRJ2000_REAL3000_BIAS0.1_GG202603191711_bd350355/seed_42/best_beta_state_dict_phase1_class1.pt
[Tracker] Ep    2 | AvgR 0.0000 | Global 0.0420 | Local 0.1192 | F1_macro 0.6547 | WorstLoss 2.2555
[Tracker] Ep    3 | AvgR 0.0000 | Global 0.0911 | Local 0.1192 | F1_macro 0.6742 | WorstLoss 2.1709
[Tracker] Ep    4 | AvgR 0.0000 | Global 0.0479 | Local 0.1192 | F1_macro 0.6824 | WorstLoss 2.2415
[Tracker] Ep    5 | AvgR 0.0001 | Global 0.1934 | Local 0.1192 | F1_macro 0.6743 | WorstLoss 2.0845
[Tracker] Saved snapshot: ep0005_phase1_class1
[Tracker] Ep    6 | AvgR 0.0000 | Global 0.0584 | Local 0.1192 | F1_macro 0.6777 | WorstLoss 2.2210
[Tracker] Ep    7 | AvgR 0.0000 | Global 0.0123 | Local 0.1192 | F1_macro 0.6584 | WorstLoss 2.3802
[Tracker] Ep    8 | AvgR 0.0000 | Global 0.0972 | Local 0.1192 | F1_macro 0.6735 | WorstLoss 2.1656
[Tracker] Ep    9 | AvgR 0.0000 | Global 0.0074 | Local 0.1192 | F1_macro 0.6695 | WorstLoss 2.4297
[Tracker] Ep   10 | AvgR 0.0000 | Global 0.0110 | Local 0.1192 | F1_macro 0.6735 | WorstLoss 2.3925
[Tracker] Saved snapshot: ep0010_phase1_class1
[Tracker] Ep   11 | AvgR 0.0004 | Global 0.7026 | Local 0.1192 | F1_macro 0.6949 | WorstLoss 1.8525
[Tracker] New BEST synthetic [phase1_class1] (by global.global_obj: 0.702594) saved.
[Tracker] BEST β weights [phase1_class1] saved -> training_runs/SPECcurr_gentle_EP200_PCA10_REWfairness_minID1_majID0_TRJ2000_REAL3000_BIAS0.1_GG202603191711_bd350355/seed_42/best_beta_state_dict_phase1_class1.pt
[Tracker] Ep   12 | AvgR 0.0000 | Global 0.0134 | Local 0.1192 | F1_macro 0.6575 | WorstLoss 2.3716
[Tracker] Ep   13 | AvgR 0.0000 | Global 0.0754 | Local 0.1192 | F1_macro 0.6678 | WorstLoss 2.1924
[Tracker] Ep   14 | AvgR 0.0000 | Global 0.0161 | Local 0.1192 | F1_macro 0.6892 | WorstLoss 2.3538
[Tracker] Ep   15 | AvgR 0.0002 | Global 0.4774 | Local 0.1192 | F1_macro 0.6733 | WorstLoss 1.9485
[Tracker] Saved snapshot: ep0015_phase1_class1
[Tracker] Ep   16 | AvgR 0.0000 | Global 0.0809 | Local 0.1192 | F1_macro 0.6944 | WorstLoss 2.1863
[Tracker] Ep   17 | AvgR 0.0000 | Global 0.0308 | Local 0.1192 | F1_macro 0.6507 | WorstLoss 2.2869
[Tracker] Ep   18 | AvgR 0.0000 | Global 0.0253 | Local 0.1192 | F1_macro 0.6657 | WorstLoss 2.3062
[Tracker] Ep   19 | AvgR 0.0000 | Global 0.0984 | Local 0.1192 | F1_macro 0.6468 | WorstLoss 2.1634
[Tracker] Ep   20 | AvgR 0.0000 | Global 0.0294 | Local 0.1192 | F1_macro 0.6692 | WorstLoss 2.2905
[Tracker] Saved snapshot: ep0020_phase1_class1
[Tracker] Ep   21 | AvgR 0.0001 | Global 0.1779 | Local 0.1192 | F1_macro 0.6815 | WorstLoss 2.0960
[Tracker] Ep   22 | AvgR 0.0002 | Global 0.3199 | Local 0.1192 | F1_macro 0.6491 | WorstLoss 2.0154
[Tracker] Ep   23 | AvgR 0.0000 | Global 0.0736 | Local 0.1192 | F1_macro 0.6860 | WorstLoss 2.1953
[Tracker] Ep   24 | AvgR 0.0001 | Global 0.1710 | Local 0.1192 | F1_macro 0.6646 | WorstLoss 2.0991
[Tracker] Ep   25 | AvgR 0.0000 | Global 0.0042 | Local 0.1192 | F1_macro 0.6499 | WorstLoss 2.4870
[Tracker] Saved snapshot: ep0025_phase1_class1
[Tracker] Ep   26 | AvgR 0.0000 | Global 0.0708 | Local 0.1192 | F1_macro 0.6803 | WorstLoss 2.2004
[Tracker] Ep   27 | AvgR 0.0001 | Global 0.1395 | Local 0.1192 | F1_macro 0.6953 | WorstLoss 2.1235
[Tracker] Ep   28 | AvgR 0.0000 | Global 0.0158 | Local 0.1192 | F1_macro 0.6528 | WorstLoss 2.3550
[Tracker] Ep   29 | AvgR 0.0001 | Global 0.2847 | Local 0.1192 | F1_macro 0.6676 | WorstLoss 2.0325
[Tracker] Ep   30 | AvgR 0.0000 | Global 0.0794 | Local 0.1192 | F1_macro 0.6926 | WorstLoss 2.1887
[Tracker] Saved snapshot: ep0030_phase1_class1
[Tracker] Ep   31 | AvgR 0.0000 | Global 0.0181 | Local 0.1192 | F1_macro 0.6597 | WorstLoss 2.3395
[Tracker] Ep   32 | AvgR 0.0001 | Global 0.2674 | Local 0.1192 | F1_macro 0.6780 | WorstLoss 2.0432
[Tracker] Ep   33 | AvgR 0.0000 | Global 0.0087 | Local 0.1192 | F1_macro 0.6394 | WorstLoss 2.4143
[Tracker] Ep   34 | AvgR 0.0000 | Global 0.0203 | Local 0.1192 | F1_macro 0.6749 | WorstLoss 2.3290
[Tracker] Ep   35 | AvgR 0.0001 | Global 0.1244 | Local 0.1192 | F1_macro 0.6513 | WorstLoss 2.1356
[Tracker] Saved snapshot: ep0035_phase1_class1
[Tracker] Ep   36 | AvgR 0.0000 | Global 0.0893 | Local 0.1192 | F1_macro 0.6782 | WorstLoss 2.1745
[Tracker] Ep   37 | AvgR 0.0000 | Global 0.0444 | Local 0.1192 | F1_macro 0.6641 | WorstLoss 2.2490
[Tracker] Ep   38 | AvgR 0.0000 | Global 0.0449 | Local 0.1192 | F1_macro 0.6580 | WorstLoss 2.2482
[Tracker] Ep   39 | AvgR 0.0000 | Global 0.0147 | Local 0.1192 | F1_macro 0.6685 | WorstLoss 2.3631
[Tracker] Ep   40 | AvgR 0.0001 | Global 0.2319 | Local 0.1192 | F1_macro 0.6888 | WorstLoss 2.0630
[Tracker] Saved snapshot: ep0040_phase1_class1
[Tracker] Ep   41 | AvgR 0.0001 | Global 0.2811 | Local 0.1192 | F1_macro 0.6879 | WorstLoss 2.0367
[Tracker] Ep   42 | AvgR 0.0000 | Global 0.0340 | Local 0.1192 | F1_macro 0.6733 | WorstLoss 2.2770
[Tracker] Ep   43 | AvgR 0.0001 | Global 0.2659 | Local 0.1192 | F1_macro 0.6957 | WorstLoss 2.0445
[Tracker] Ep   44 | AvgR 0.0004 | Global 0.7002 | Local 0.1192 | F1_macro 0.7000 | WorstLoss 1.8544
[Tracker] Ep   45 | AvgR 0.0003 | Global 0.5548 | Local 0.1192 | F1_macro 0.6856 | WorstLoss 1.9192
[Tracker] Saved snapshot: ep0045_phase1_class1
[Tracker] Ep   46 | AvgR 0.0001 | Global 0.1109 | Local 0.1192 | F1_macro 0.6575 | WorstLoss 2.1497
[Tracker] Ep   47 | AvgR 0.0002 | Global 0.3043 | Local 0.1192 | F1_macro 0.6716 | WorstLoss 2.0249
[Tracker] Ep   48 | AvgR 0.0001 | Global 0.2984 | Local 0.1192 | F1_macro 0.6917 | WorstLoss 2.0282
[Tracker] Ep   49 | AvgR 0.0001 | Global 0.1421 | Local 0.1192 | F1_macro 0.6906 | WorstLoss 2.1237
[Tracker] Ep   50 | AvgR 0.0001 | Global 0.1666 | Local 0.1192 | F1_macro 0.6931 | WorstLoss 2.1038
[Tracker] Saved snapshot: ep0050_phase1_class1
[Tracker] Ep   51 | AvgR 0.0001 | Global 0.1124 | Local 0.1192 | F1_macro 0.6854 | WorstLoss 2.1494
[Tracker] Ep   52 | AvgR 0.0000 | Global 0.0600 | Local 0.1192 | F1_macro 0.6666 | WorstLoss 2.2186
[Tracker] Ep   53 | AvgR 0.0003 | Global 0.6699 | Local 0.1192 | F1_macro 0.6816 | WorstLoss 1.8685
[Tracker] Ep   54 | AvgR 0.0001 | Global 0.1287 | Local 0.1192 | F1_macro 0.6676 | WorstLoss 2.1337
[Tracker] Ep   55 | AvgR 0.0001 | Global 0.1920 | Local 0.1192 | F1_macro 0.6898 | WorstLoss 2.0862
[Tracker] Saved snapshot: ep0055_phase1_class1
[Tracker] Ep   56 | AvgR 0.0001 | Global 0.1459 | Local 0.1192 | F1_macro 0.6773 | WorstLoss 2.1202
[Tracker] Ep   57 | AvgR 0.0000 | Global 0.0143 | Local 0.1192 | F1_macro 0.6583 | WorstLoss 2.3626
[Tracker] Ep   58 | AvgR 0.0002 | Global 0.4168 | Local 0.1192 | F1_macro 0.6859 | WorstLoss 1.9780
[Tracker] Ep   59 | AvgR 0.0002 | Global 0.4460 | Local 0.1192 | F1_macro 0.6772 | WorstLoss 1.9635
[Tracker] Ep   60 | AvgR 0.0001 | Global 0.2348 | Local 0.1192 | F1_macro 0.6679 | WorstLoss 2.0602
[Tracker] Saved snapshot: ep0060_phase1_class1
[Tracker] Ep   61 | AvgR 0.0001 | Global 0.2079 | Local 0.1192 | F1_macro 0.6612 | WorstLoss 2.0755
[Tracker] Ep   62 | AvgR 0.0004 | Global 0.7827 | Local 0.1192 | F1_macro 0.6969 | WorstLoss 1.8141
[Tracker] New BEST synthetic [phase1_class1] (by global.global_obj: 0.782682) saved.
[Tracker] BEST β weights [phase1_class1] saved -> training_runs/SPECcurr_gentle_EP200_PCA10_REWfairness_minID1_majID0_TRJ2000_REAL3000_BIAS0.1_GG202603191711_bd350355/seed_42/best_beta_state_dict_phase1_class1.pt
[Tracker] Ep   63 | AvgR 0.0001 | Global 0.1959 | Local 0.1192 | F1_macro 0.6806 | WorstLoss 2.0841
[Tracker] Ep   64 | AvgR 0.0000 | Global 0.0274 | Local 0.1192 | F1_macro 0.6920 | WorstLoss 2.2992
[Tracker] Ep   65 | AvgR 0.0001 | Global 0.1698 | Local 0.1192 | F1_macro 0.6987 | WorstLoss 2.1029
[Tracker] Saved snapshot: ep0065_phase1_class1
[Tracker] Ep   66 | AvgR 0.0002 | Global 0.3341 | Local 0.1192 | F1_macro 0.6903 | WorstLoss 2.0114
[Tracker] Ep   67 | AvgR 0.0002 | Global 0.4644 | Local 0.1192 | F1_macro 0.7134 | WorstLoss 1.9588
[Tracker] Ep   68 | AvgR 0.0001 | Global 0.2183 | Local 0.1192 | F1_macro 0.6633 | WorstLoss 2.0690
[Tracker] Ep   69 | AvgR 0.0003 | Global 0.5075 | Local 0.1192 | F1_macro 0.6872 | WorstLoss 1.9397
[Tracker] Ep   70 | AvgR 0.0001 | Global 0.2057 | Local 0.1192 | F1_macro 0.6715 | WorstLoss 2.0768
[Tracker] Saved snapshot: ep0070_phase1_class1
[Tracker] Ep   71 | AvgR 0.0000 | Global 0.0566 | Local 0.1192 | F1_macro 0.6754 | WorstLoss 2.2242
[Tracker] Ep   72 | AvgR 0.0000 | Global 0.0976 | Local 0.1192 | F1_macro 0.6838 | WorstLoss 2.1657
[Tracker] Ep   73 | AvgR 0.0002 | Global 0.3041 | Local 0.1192 | F1_macro 0.6769 | WorstLoss 2.0256
[Tracker] Ep   74 | AvgR 0.0002 | Global 0.4632 | Local 0.1192 | F1_macro 0.6911 | WorstLoss 1.9582
[Tracker] Ep   75 | AvgR 0.0004 | Global 0.7986 | Local 0.1192 | F1_macro 0.7117 | WorstLoss 1.8045
[Tracker] Saved snapshot: ep0075_phase1_class1
[Tracker] New BEST synthetic [phase1_class1] (by global.global_obj: 0.798627) saved.
[Tracker] BEST β weights [phase1_class1] saved -> training_runs/SPECcurr_gentle_EP200_PCA10_REWfairness_minID1_majID0_TRJ2000_REAL3000_BIAS0.1_GG202603191711_bd350355/seed_42/best_beta_state_dict_phase1_class1.pt
[Tracker] Ep   76 | AvgR 0.0000 | Global 0.0457 | Local 0.1192 | F1_macro 0.6733 | WorstLoss 2.2477
[Tracker] Ep   77 | AvgR 0.0000 | Global 0.0164 | Local 0.1192 | F1_macro 0.6447 | WorstLoss 2.3525
[Tracker] Ep   78 | AvgR 0.0002 | Global 0.3388 | Local 0.1192 | F1_macro 0.6884 | WorstLoss 2.0103
[Tracker] Ep   79 | AvgR 0.0002 | Global 0.3625 | Local 0.1192 | F1_macro 0.6901 | WorstLoss 2.0006
[Tracker] Ep   80 | AvgR 0.0002 | Global 0.3127 | Local 0.1192 | F1_macro 0.6915 | WorstLoss 2.0223
[Tracker] Saved snapshot: ep0080_phase1_class1
[Tracker] Ep   81 | AvgR 0.0003 | Global 0.6976 | Local 0.1192 | F1_macro 0.6979 | WorstLoss 1.8568
[Tracker] Ep   82 | AvgR 0.0004 | Global 0.7896 | Local 0.1192 | F1_macro 0.7123 | WorstLoss 1.8085
[Tracker] Ep   83 | AvgR 0.0002 | Global 0.3759 | Local 0.1192 | F1_macro 0.6996 | WorstLoss 1.9937
[Tracker] Ep   84 | AvgR 0.0003 | Global 0.5346 | Local 0.1192 | F1_macro 0.6980 | WorstLoss 1.9303
[Tracker] Ep   85 | AvgR 0.0001 | Global 0.1889 | Local 0.1192 | F1_macro 0.7061 | WorstLoss 2.0892
[Tracker] Saved snapshot: ep0085_phase1_class1
[Tracker] Ep   86 | AvgR 0.0002 | Global 0.4189 | Local 0.1192 | F1_macro 0.6964 | WorstLoss 1.9763
[Tracker] Ep   87 | AvgR 0.0003 | Global 0.5281 | Local 0.1192 | F1_macro 0.6978 | WorstLoss 1.9323
[Tracker] Ep   88 | AvgR 0.0003 | Global 0.6851 | Local 0.1192 | F1_macro 0.6823 | WorstLoss 1.8615
[Tracker] Ep   89 | AvgR 0.0002 | Global 0.4593 | Local 0.1192 | F1_macro 0.6984 | WorstLoss 1.9605
[Tracker] Ep   90 | AvgR 0.0001 | Global 0.1094 | Local 0.1192 | F1_macro 0.6681 | WorstLoss 2.1527
[Tracker] Saved snapshot: ep0090_phase1_class1
[Tracker] Ep   91 | AvgR 0.0000 | Global 0.0697 | Local 0.1192 | F1_macro 0.7003 | WorstLoss 2.2010
[Tracker] Ep   92 | AvgR 0.0002 | Global 0.3026 | Local 0.1192 | F1_macro 0.6978 | WorstLoss 2.0272
[Tracker] Ep   93 | AvgR 0.0003 | Global 0.6295 | Local 0.1192 | F1_macro 0.6939 | WorstLoss 1.8874
[Tracker] Ep   94 | AvgR 0.0002 | Global 0.4119 | Local 0.1192 | F1_macro 0.6761 | WorstLoss 1.9779
[Tracker] Ep   95 | AvgR 0.0003 | Global 0.6881 | Local 0.1192 | F1_macro 0.6978 | WorstLoss 1.8633
[Tracker] Saved snapshot: ep0095_phase1_class1
[Tracker] Ep   96 | AvgR 0.0004 | Global 0.7211 | Local 0.1192 | F1_macro 0.7279 | WorstLoss 1.8486
[Tracker] Ep   97 | AvgR 0.0001 | Global 0.1759 | Local 0.1192 | F1_macro 0.6964 | WorstLoss 2.0985
[Tracker] Ep   98 | AvgR 0.0003 | Global 0.6173 | Local 0.1192 | F1_macro 0.7015 | WorstLoss 1.8959
[Tracker] Ep   99 | AvgR 0.0002 | Global 0.4367 | Local 0.1192 | F1_macro 0.6952 | WorstLoss 1.9692
[Tracker] Ep  100 | AvgR 0.0003 | Global 0.6006 | Local 0.1192 | F1_macro 0.7016 | WorstLoss 1.9033
[Tracker] Saved snapshot: ep0100_phase1_class1
[Tracker] Ep  101 | AvgR 0.0001 | Global 0.2183 | Local 0.1192 | F1_macro 0.7122 | WorstLoss 2.0723
[Tracker] Ep  102 | AvgR 0.0003 | Global 0.5716 | Local 0.1192 | F1_macro 0.7243 | WorstLoss 1.9150
[Tracker] Ep  103 | AvgR 0.0003 | Global 0.6832 | Local 0.1192 | F1_macro 0.6859 | WorstLoss 1.8660
[Tracker] Ep  104 | AvgR 0.0001 | Global 0.2043 | Local 0.1192 | F1_macro 0.7130 | WorstLoss 2.0802
[Tracker] Ep  105 | AvgR 0.0002 | Global 0.3739 | Local 0.1192 | F1_macro 0.7177 | WorstLoss 1.9950
[Tracker] Saved snapshot: ep0105_phase1_class1
[Tracker] Ep  106 | AvgR 0.0003 | Global 0.6305 | Local 0.1192 | F1_macro 0.7056 | WorstLoss 1.8906
[Tracker] Ep  107 | AvgR 0.0001 | Global 0.1354 | Local 0.1192 | F1_macro 0.7086 | WorstLoss 2.1301
[Tracker] Ep  108 | AvgR 0.0003 | Global 0.5599 | Local 0.1192 | F1_macro 0.6791 | WorstLoss 1.9203
[Tracker] Ep  109 | AvgR 0.0002 | Global 0.3943 | Local 0.1192 | F1_macro 0.6954 | WorstLoss 1.9875
[Tracker] Ep  110 | AvgR 0.0002 | Global 0.3526 | Local 0.1192 | F1_macro 0.6894 | WorstLoss 2.0049
[Tracker] Saved snapshot: ep0110_phase1_class1
[Tracker] Ep  111 | AvgR 0.0003 | Global 0.5306 | Local 0.1192 | F1_macro 0.7143 | WorstLoss 1.9312
[Tracker] Ep  112 | AvgR 0.0000 | Global 0.0708 | Local 0.1192 | F1_macro 0.6901 | WorstLoss 2.2025
[Tracker] Ep  113 | AvgR 0.0001 | Global 0.2513 | Local 0.1192 | F1_macro 0.7034 | WorstLoss 2.0519
[Tracker] Ep  114 | AvgR 0.0003 | Global 0.5050 | Local 0.1192 | F1_macro 0.6923 | WorstLoss 1.9417
[Tracker] Ep  115 | AvgR 0.0002 | Global 0.4173 | Local 0.1192 | F1_macro 0.6981 | WorstLoss 1.9773
[Tracker] Saved snapshot: ep0115_phase1_class1
[Tracker] Ep  116 | AvgR 0.0003 | Global 0.5176 | Local 0.1192 | F1_macro 0.6979 | WorstLoss 1.9372
[Tracker] Ep  117 | AvgR 0.0003 | Global 0.6906 | Local 0.1192 | F1_macro 0.7190 | WorstLoss 1.8640
[Tracker] Ep  118 | AvgR 0.0002 | Global 0.3764 | Local 0.1192 | F1_macro 0.6934 | WorstLoss 1.9955
[Tracker] Ep  119 | AvgR 0.0001 | Global 0.1513 | Local 0.1192 | F1_macro 0.6804 | WorstLoss 2.1167
[Tracker] Ep  120 | AvgR 0.0003 | Global 0.6560 | Local 0.1192 | F1_macro 0.7057 | WorstLoss 1.8792
[Tracker] Saved snapshot: ep0120_phase1_class1
[Tracker] Ep  121 | AvgR 0.0002 | Global 0.4335 | Local 0.1192 | F1_macro 0.6882 | WorstLoss 1.9708
[Tracker] Ep  122 | AvgR 0.0002 | Global 0.3501 | Local 0.1192 | F1_macro 0.6865 | WorstLoss 2.0065
[Tracker] Ep  123 | AvgR 0.0002 | Global 0.3490 | Local 0.1192 | F1_macro 0.6819 | WorstLoss 2.0063
[Tracker] Ep  124 | AvgR 0.0003 | Global 0.6433 | Local 0.1192 | F1_macro 0.6872 | WorstLoss 1.8853
[Tracker] Ep  125 | AvgR 0.0001 | Global 0.2641 | Local 0.1192 | F1_macro 0.6684 | WorstLoss 2.0464
[Tracker] Saved snapshot: ep0125_phase1_class1
[Tracker] Ep  126 | AvgR 0.0003 | Global 0.5913 | Local 0.1192 | F1_macro 0.6925 | WorstLoss 1.9071
[Tracker] Ep  127 | AvgR 0.0004 | Global 0.7986 | Local 0.1192 | F1_macro 0.7056 | WorstLoss 1.8034
[Tracker] New BEST synthetic [phase1_class1] (by global.global_obj: 0.798630) saved.
[Tracker] BEST β weights [phase1_class1] saved -> training_runs/SPECcurr_gentle_EP200_PCA10_REWfairness_minID1_majID0_TRJ2000_REAL3000_BIAS0.1_GG202603191711_bd350355/seed_42/best_beta_state_dict_phase1_class1.pt
[Tracker] Ep  128 | AvgR 0.0002 | Global 0.4194 | Local 0.1192 | F1_macro 0.6873 | WorstLoss 1.9764
[Tracker] Ep  129 | AvgR 0.0003 | Global 0.5158 | Local 0.1192 | F1_macro 0.7042 | WorstLoss 1.9378
[Tracker] Ep  130 | AvgR 0.0003 | Global 0.5316 | Local 0.1192 | F1_macro 0.6944 | WorstLoss 1.9310
[Tracker] Saved snapshot: ep0130_phase1_class1
[Tracker] Ep  131 | AvgR 0.0003 | Global 0.6796 | Local 0.1192 | F1_macro 0.6924 | WorstLoss 1.8696
[Tracker] Ep  132 | AvgR 0.0003 | Global 0.5003 | Local 0.1192 | F1_macro 0.7124 | WorstLoss 1.9429
[Tracker] Ep  133 | AvgR 0.0003 | Global 0.6433 | Local 0.1192 | F1_macro 0.6924 | WorstLoss 1.8852
[Tracker] Ep  134 | AvgR 0.0002 | Global 0.3815 | Local 0.1192 | F1_macro 0.6895 | WorstLoss 1.9929
[Tracker] Ep  135 | AvgR 0.0002 | Global 0.3942 | Local 0.1192 | F1_macro 0.7097 | WorstLoss 1.9876
[Tracker] Saved snapshot: ep0135_phase1_class1
[Tracker] Ep  136 | AvgR 0.0004 | Global 0.7095 | Local 0.1192 | F1_macro 0.6978 | WorstLoss 1.8534
[Tracker] Ep  137 | AvgR 0.0000 | Global 0.0725 | Local 0.1192 | F1_macro 0.6956 | WorstLoss 2.1990
[Tracker] Ep  138 | AvgR 0.0003 | Global 0.6787 | Local 0.1192 | F1_macro 0.6923 | WorstLoss 1.8697
[Tracker] Ep  139 | AvgR 0.0001 | Global 0.2367 | Local 0.1192 | F1_macro 0.6828 | WorstLoss 2.0622
[Tracker] Ep  140 | AvgR 0.0005 | Global 0.9362 | Local 0.1192 | F1_macro 0.7092 | WorstLoss 1.6715
[Tracker] Saved snapshot: ep0140_phase1_class1
[Tracker] New BEST synthetic [phase1_class1] (by global.global_obj: 0.936216) saved.
[Tracker] BEST β weights [phase1_class1] saved -> training_runs/SPECcurr_gentle_EP200_PCA10_REWfairness_minID1_majID0_TRJ2000_REAL3000_BIAS0.1_GG202603191711_bd350355/seed_42/best_beta_state_dict_phase1_class1.pt
[Tracker] Ep  141 | AvgR 0.0004 | Global 0.7989 | Local 0.1192 | F1_macro 0.6970 | WorstLoss 1.8045
[Tracker] Ep  142 | AvgR 0.0003 | Global 0.6297 | Local 0.1192 | F1_macro 0.7043 | WorstLoss 1.8912
[Tracker] Ep  143 | AvgR 0.0000 | Global 0.0445 | Local 0.1192 | F1_macro 0.6618 | WorstLoss 2.2511
[Tracker] Ep  144 | AvgR 0.0003 | Global 0.6998 | Local 0.1192 | F1_macro 0.7140 | WorstLoss 1.8587
[Tracker] Ep  145 | AvgR 0.0003 | Global 0.5318 | Local 0.1192 | F1_macro 0.6868 | WorstLoss 1.9307
[Tracker] Saved snapshot: ep0145_phase1_class1
[Tracker] Ep  146 | AvgR 0.0001 | Global 0.2144 | Local 0.1192 | F1_macro 0.6787 | WorstLoss 2.0749
[Tracker] Ep  147 | AvgR 0.0000 | Global 0.0966 | Local 0.1192 | F1_macro 0.6699 | WorstLoss 2.1678
[Tracker] Ep  148 | AvgR 0.0002 | Global 0.3115 | Local 0.1192 | F1_macro 0.6855 | WorstLoss 2.0238
[Tracker] Ep  149 | AvgR 0.0002 | Global 0.4629 | Local 0.1192 | F1_macro 0.6846 | WorstLoss 1.9592
[Tracker] Ep  150 | AvgR 0.0001 | Global 0.1616 | Local 0.1192 | F1_macro 0.6768 | WorstLoss 2.1082
[Tracker] Saved snapshot: ep0150_phase1_class1
[Tracker] Ep  151 | AvgR 0.0003 | Global 0.5547 | Local 0.1192 | F1_macro 0.6869 | WorstLoss 1.9233
[Tracker] Ep  152 | AvgR 0.0002 | Global 0.4559 | Local 0.1192 | F1_macro 0.6917 | WorstLoss 1.9623
[Tracker] Ep  153 | AvgR 0.0002 | Global 0.4972 | Local 0.1192 | F1_macro 0.6869 | WorstLoss 1.9453
[Tracker] Ep  154 | AvgR 0.0003 | Global 0.5560 | Local 0.1192 | F1_macro 0.6860 | WorstLoss 1.9215
[Tracker] Ep  155 | AvgR 0.0003 | Global 0.5193 | Local 0.1192 | F1_macro 0.7008 | WorstLoss 1.9360
[Tracker] Saved snapshot: ep0155_phase1_class1
[Tracker] Ep  156 | AvgR 0.0004 | Global 0.8918 | Local 0.1192 | F1_macro 0.7121 | WorstLoss 1.7306
[Tracker] Ep  157 | AvgR 0.0003 | Global 0.5287 | Local 0.1192 | F1_macro 0.6787 | WorstLoss 1.9333
[Tracker] Ep  158 | AvgR 0.0004 | Global 0.7182 | Local 0.1192 | F1_macro 0.6952 | WorstLoss 1.8492
[Tracker] Ep  159 | AvgR 0.0003 | Global 0.5702 | Local 0.1192 | F1_macro 0.7002 | WorstLoss 1.9158
[Tracker] Ep  160 | AvgR 0.0004 | Global 0.8133 | Local 0.1192 | F1_macro 0.7150 | WorstLoss 1.7955
[Tracker] Saved snapshot: ep0160_phase1_class1
[Tracker] Ep  161 | AvgR 0.0004 | Global 0.7838 | Local 0.1192 | F1_macro 0.6950 | WorstLoss 1.8089
[Tracker] Ep  162 | AvgR 0.0004 | Global 0.7688 | Local 0.1192 | F1_macro 0.7019 | WorstLoss 1.8223
[Tracker] Ep  163 | AvgR 0.0003 | Global 0.5606 | Local 0.1192 | F1_macro 0.6869 | WorstLoss 1.9177
[Tracker] Ep  164 | AvgR 0.0001 | Global 0.2862 | Local 0.1192 | F1_macro 0.6904 | WorstLoss 2.0362
[Tracker] Ep  165 | AvgR 0.0003 | Global 0.5317 | Local 0.1192 | F1_macro 0.6877 | WorstLoss 1.9309
[Tracker] Saved snapshot: ep0165_phase1_class1
[Tracker] Ep  166 | AvgR 0.0005 | Global 0.9290 | Local 0.1192 | F1_macro 0.7190 | WorstLoss 1.6809
[Tracker] Ep  167 | AvgR 0.0002 | Global 0.3456 | Local 0.1192 | F1_macro 0.7004 | WorstLoss 2.0073
[Tracker] Ep  168 | AvgR 0.0004 | Global 0.8149 | Local 0.1192 | F1_macro 0.7049 | WorstLoss 1.7936
[Tracker] Ep  169 | AvgR 0.0004 | Global 0.8705 | Local 0.1192 | F1_macro 0.7093 | WorstLoss 1.7503
[Tracker] Ep  170 | AvgR 0.0004 | Global 0.8626 | Local 0.1192 | F1_macro 0.7041 | WorstLoss 1.7606
[Tracker] Saved snapshot: ep0170_phase1_class1
[Tracker] Ep  171 | AvgR 0.0003 | Global 0.6464 | Local 0.1192 | F1_macro 0.6910 | WorstLoss 1.8846
[Tracker] Ep  172 | AvgR 0.0001 | Global 0.2369 | Local 0.1192 | F1_macro 0.7120 | WorstLoss 2.0611
[Tracker] Ep  173 | AvgR 0.0002 | Global 0.4992 | Local 0.1192 | F1_macro 0.6928 | WorstLoss 1.9452
[Tracker] Ep  174 | AvgR 0.0004 | Global 0.7334 | Local 0.1192 | F1_macro 0.7044 | WorstLoss 1.8429
[Tracker] Ep  175 | AvgR 0.0004 | Global 0.7867 | Local 0.1192 | F1_macro 0.7191 | WorstLoss 1.8139
[Tracker] Saved snapshot: ep0175_phase1_class1
[Tracker] Ep  176 | AvgR 0.0003 | Global 0.5684 | Local 0.1192 | F1_macro 0.7113 | WorstLoss 1.9150
[Tracker] Ep  177 | AvgR 0.0005 | Global 0.9095 | Local 0.1192 | F1_macro 0.7254 | WorstLoss 1.7111
[Tracker] Ep  178 | AvgR 0.0004 | Global 0.7733 | Local 0.1192 | F1_macro 0.6962 | WorstLoss 1.8187
[Tracker] Ep  179 | AvgR 0.0002 | Global 0.3600 | Local 0.1192 | F1_macro 0.7068 | WorstLoss 2.0023
[Tracker] Ep  180 | AvgR 0.0003 | Global 0.6688 | Local 0.1192 | F1_macro 0.6947 | WorstLoss 1.8743
[Tracker] Saved snapshot: ep0180_phase1_class1
[Tracker] Ep  181 | AvgR 0.0003 | Global 0.5554 | Local 0.1192 | F1_macro 0.6969 | WorstLoss 1.9224
[Tracker] Ep  182 | AvgR 0.0003 | Global 0.6387 | Local 0.1192 | F1_macro 0.6983 | WorstLoss 1.8871
[Tracker] Ep  183 | AvgR 0.0004 | Global 0.8134 | Local 0.1192 | F1_macro 0.6974 | WorstLoss 1.7957
[Tracker] Ep  184 | AvgR 0.0002 | Global 0.3695 | Local 0.1192 | F1_macro 0.6858 | WorstLoss 1.9974
[Tracker] Ep  185 | AvgR 0.0002 | Global 0.3497 | Local 0.1192 | F1_macro 0.6886 | WorstLoss 2.0061
[Tracker] Saved snapshot: ep0185_phase1_class1
[Tracker] Ep  186 | AvgR 0.0005 | Global 0.9585 | Local 0.1192 | F1_macro 0.7198 | WorstLoss 1.6139
[Tracker] New BEST synthetic [phase1_class1] (by global.global_obj: 0.958499) saved.
[Tracker] BEST β weights [phase1_class1] saved -> training_runs/SPECcurr_gentle_EP200_PCA10_REWfairness_minID1_majID0_TRJ2000_REAL3000_BIAS0.1_GG202603191711_bd350355/seed_42/best_beta_state_dict_phase1_class1.pt
[Tracker] Ep  187 | AvgR 0.0003 | Global 0.6603 | Local 0.1192 | F1_macro 0.7277 | WorstLoss 1.8763
[Tracker] Ep  188 | AvgR 0.0003 | Global 0.6987 | Local 0.1192 | F1_macro 0.6971 | WorstLoss 1.8600
[Tracker] Ep  189 | AvgR 0.0003 | Global 0.5555 | Local 0.1192 | F1_macro 0.7047 | WorstLoss 1.9224
[Tracker] Ep  190 | AvgR 0.0004 | Global 0.8025 | Local 0.1192 | F1_macro 0.7062 | WorstLoss 1.8043
[Tracker] Saved snapshot: ep0190_phase1_class1
[Tracker] Ep  191 | AvgR 0.0002 | Global 0.3867 | Local 0.1192 | F1_macro 0.6871 | WorstLoss 1.9908
[Tracker] Ep  192 | AvgR 0.0001 | Global 0.2333 | Local 0.1192 | F1_macro 0.6961 | WorstLoss 2.0628
[Tracker] Ep  193 | AvgR 0.0004 | Global 0.8033 | Local 0.1192 | F1_macro 0.7116 | WorstLoss 1.8021
[Tracker] Ep  194 | AvgR 0.0004 | Global 0.7056 | Local 0.1192 | F1_macro 0.7007 | WorstLoss 1.8570
[Tracker] Ep  195 | AvgR 0.0002 | Global 0.4535 | Local 0.1192 | F1_macro 0.6944 | WorstLoss 1.9630
[Tracker] Saved snapshot: ep0195_phase1_class1
[Tracker] Ep  196 | AvgR 0.0003 | Global 0.6820 | Local 0.1192 | F1_macro 0.7112 | WorstLoss 1.8675
[Tracker] Ep  197 | AvgR 0.0002 | Global 0.4014 | Local 0.1192 | F1_macro 0.6936 | WorstLoss 1.9845
[Tracker] Ep  198 | AvgR 0.0002 | Global 0.4086 | Local 0.1192 | F1_macro 0.6803 | WorstLoss 1.9804
[Tracker] Ep  199 | AvgR 0.0003 | Global 0.5638 | Local 0.1192 | F1_macro 0.6859 | WorstLoss 1.9182
[Tracker] Ep  200 | AvgR 0.0003 | Global 0.6131 | Local 0.1192 | F1_macro 0.7183 | WorstLoss 1.8976
[Tracker] Saved snapshot: ep0200_phase1_class1
[Phase] Finished phase1_class1 | best global_obj=0.9585
Phase 2 anchors: 1617 (y=0 & disadv=1)
FFNN Using device: cuda:1

============================================================
[Phase] Starting phase2_class0 | target_class=0 | episodes=50
============================================================
[Tracker] Ep    1 | AvgR 0.0003 | Global 0.5364 | Local 0.1192 | F1_macro 0.7029 | WorstLoss 1.9281
[Tracker] New BEST synthetic [phase2_class0] (by global.global_obj: 0.536371) saved.
[Tracker] BEST β weights [phase2_class0] saved -> training_runs/SPECcurr_gentle_EP200_PCA10_REWfairness_minID1_majID0_TRJ2000_REAL3000_BIAS0.1_GG202603191711_bd350355/seed_42/best_beta_state_dict_phase2_class0.pt
[Tracker] Ep    2 | AvgR 0.0002 | Global 0.4456 | Local 0.1192 | F1_macro 0.6869 | WorstLoss 1.9654
[Tracker] Ep    3 | AvgR 0.0001 | Global 0.1671 | Local 0.1192 | F1_macro 0.6938 | WorstLoss 2.1036
[Tracker] Ep    4 | AvgR 0.0002 | Global 0.4200 | Local 0.1192 | F1_macro 0.6941 | WorstLoss 1.9757
[Tracker] Ep    5 | AvgR 0.0002 | Global 0.4825 | Local 0.1192 | F1_macro 0.6977 | WorstLoss 1.9494
[Tracker] Saved snapshot: ep0005_phase2_class0
[Tracker] Ep    6 | AvgR 0.0002 | Global 0.3288 | Local 0.1192 | F1_macro 0.7028 | WorstLoss 2.0149
[Tracker] Ep    7 | AvgR 0.0004 | Global 0.7045 | Local 0.1192 | F1_macro 0.7062 | WorstLoss 1.8542
[Tracker] New BEST synthetic [phase2_class0] (by global.global_obj: 0.704470) saved.
[Tracker] BEST β weights [phase2_class0] saved -> training_runs/SPECcurr_gentle_EP200_PCA10_REWfairness_minID1_majID0_TRJ2000_REAL3000_BIAS0.1_GG202603191711_bd350355/seed_42/best_beta_state_dict_phase2_class0.pt
[Tracker] Ep    8 | AvgR 0.0004 | Global 0.8550 | Local 0.1192 | F1_macro 0.7074 | WorstLoss 1.7602
[Tracker] New BEST synthetic [phase2_class0] (by global.global_obj: 0.855044) saved.
[Tracker] BEST β weights [phase2_class0] saved -> training_runs/SPECcurr_gentle_EP200_PCA10_REWfairness_minID1_majID0_TRJ2000_REAL3000_BIAS0.1_GG202603191711_bd350355/seed_42/best_beta_state_dict_phase2_class0.pt
[Tracker] Ep    9 | AvgR 0.0004 | Global 0.7967 | Local 0.1192 | F1_macro 0.7072 | WorstLoss 1.8035
[Tracker] Ep   10 | AvgR 0.0000 | Global 0.0444 | Local 0.1192 | F1_macro 0.6916 | WorstLoss 2.2507
[Tracker] Saved snapshot: ep0010_phase2_class0
[Tracker] Ep   11 | AvgR 0.0001 | Global 0.1278 | Local 0.1192 | F1_macro 0.7023 | WorstLoss 2.1361
[Tracker] Ep   12 | AvgR 0.0003 | Global 0.6912 | Local 0.1192 | F1_macro 0.7156 | WorstLoss 1.8602
[Tracker] Ep   13 | AvgR 0.0002 | Global 0.3452 | Local 0.1192 | F1_macro 0.6924 | WorstLoss 2.0064
[Tracker] Ep   14 | AvgR 0.0000 | Global 0.0216 | Local 0.1192 | F1_macro 0.6747 | WorstLoss 2.3244
[Tracker] Ep   15 | AvgR 0.0000 | Global 0.0657 | Local 0.1192 | F1_macro 0.6752 | WorstLoss 2.2094
[Tracker] Saved snapshot: ep0015_phase2_class0
[Tracker] Ep   16 | AvgR 0.0003 | Global 0.5020 | Local 0.1192 | F1_macro 0.7140 | WorstLoss 1.9413
[Tracker] Ep   17 | AvgR 0.0003 | Global 0.6688 | Local 0.1192 | F1_macro 0.7035 | WorstLoss 1.8725
[Tracker] Ep   18 | AvgR 0.0003 | Global 0.6734 | Local 0.1192 | F1_macro 0.6886 | WorstLoss 1.8663
[Tracker] Ep   19 | AvgR 0.0001 | Global 0.2934 | Local 0.1192 | F1_macro 0.6916 | WorstLoss 2.0314
[Tracker] Ep   20 | AvgR 0.0000 | Global 0.0662 | Local 0.1192 | F1_macro 0.6884 | WorstLoss 2.2085
[Tracker] Saved snapshot: ep0020_phase2_class0
[Tracker] Ep   21 | AvgR 0.0000 | Global 0.0238 | Local 0.1192 | F1_macro 0.6849 | WorstLoss 2.3152
[Tracker] Ep   22 | AvgR 0.0001 | Global 0.1601 | Local 0.1192 | F1_macro 0.6932 | WorstLoss 2.1102
[Tracker] Ep   23 | AvgR 0.0002 | Global 0.4086 | Local 0.1192 | F1_macro 0.6968 | WorstLoss 1.9796
[Tracker] Ep   24 | AvgR 0.0004 | Global 0.7346 | Local 0.1192 | F1_macro 0.7132 | WorstLoss 1.8368
[Tracker] Ep   25 | AvgR 0.0001 | Global 0.1106 | Local 0.1192 | F1_macro 0.6824 | WorstLoss 2.1527
[Tracker] Saved snapshot: ep0025_phase2_class0
[Tracker] Ep   26 | AvgR 0.0001 | Global 0.1085 | Local 0.1192 | F1_macro 0.6911 | WorstLoss 2.1540
[Tracker] Ep   27 | AvgR 0.0002 | Global 0.3658 | Local 0.1192 | F1_macro 0.6913 | WorstLoss 1.9982
[Tracker] Ep   28 | AvgR 0.0003 | Global 0.6809 | Local 0.1192 | F1_macro 0.6897 | WorstLoss 1.8641
[Tracker] Ep   29 | AvgR 0.0001 | Global 0.2229 | Local 0.1192 | F1_macro 0.6840 | WorstLoss 2.0671
[Tracker] Ep   30 | AvgR 0.0000 | Global 0.0597 | Local 0.1192 | F1_macro 0.6742 | WorstLoss 2.2188
[Tracker] Saved snapshot: ep0030_phase2_class0
[Tracker] Ep   31 | AvgR 0.0001 | Global 0.2947 | Local 0.1192 | F1_macro 0.7096 | WorstLoss 2.0307
[Tracker] Ep   32 | AvgR 0.0001 | Global 0.1695 | Local 0.1192 | F1_macro 0.6967 | WorstLoss 2.1021
[Tracker] Ep   33 | AvgR 0.0004 | Global 0.8714 | Local 0.1192 | F1_macro 0.7139 | WorstLoss 1.7470
[Tracker] New BEST synthetic [phase2_class0] (by global.global_obj: 0.871406) saved.
[Tracker] BEST β weights [phase2_class0] saved -> training_runs/SPECcurr_gentle_EP200_PCA10_REWfairness_minID1_majID0_TRJ2000_REAL3000_BIAS0.1_GG202603191711_bd350355/seed_42/best_beta_state_dict_phase2_class0.pt
[Tracker] Ep   34 | AvgR 0.0004 | Global 0.8169 | Local 0.1192 | F1_macro 0.7066 | WorstLoss 1.7884
[Tracker] Ep   35 | AvgR 0.0001 | Global 0.1585 | Local 0.1192 | F1_macro 0.6871 | WorstLoss 2.1110
[Tracker] Saved snapshot: ep0035_phase2_class0
[Tracker] Ep   36 | AvgR 0.0003 | Global 0.6227 | Local 0.1192 | F1_macro 0.6828 | WorstLoss 1.8913
[Tracker] Ep   37 | AvgR 0.0002 | Global 0.4195 | Local 0.1192 | F1_macro 0.6882 | WorstLoss 1.9763
[Tracker] Ep   38 | AvgR 0.0002 | Global 0.3504 | Local 0.1192 | F1_macro 0.6955 | WorstLoss 2.0047
[Tracker] Ep   39 | AvgR 0.0002 | Global 0.4068 | Local 0.1192 | F1_macro 0.6812 | WorstLoss 1.9804
[Tracker] Ep   40 | AvgR 0.0003 | Global 0.5870 | Local 0.1192 | F1_macro 0.7046 | WorstLoss 1.9061
[Tracker] Saved snapshot: ep0040_phase2_class0
[Tracker] Ep   41 | AvgR 0.0001 | Global 0.1062 | Local 0.1192 | F1_macro 0.6903 | WorstLoss 2.1569
[Tracker] Ep   42 | AvgR 0.0004 | Global 0.7757 | Local 0.1192 | F1_macro 0.7087 | WorstLoss 1.8153
[Tracker] Ep   43 | AvgR 0.0002 | Global 0.3113 | Local 0.1192 | F1_macro 0.6752 | WorstLoss 2.0222
[Tracker] Ep   44 | AvgR 0.0002 | Global 0.3558 | Local 0.1192 | F1_macro 0.7046 | WorstLoss 2.0030
[Tracker] Ep   45 | AvgR 0.0000 | Global 0.0729 | Local 0.1192 | F1_macro 0.6703 | WorstLoss 2.1983
[Tracker] Saved snapshot: ep0045_phase2_class0
[Tracker] Ep   46 | AvgR 0.0004 | Global 0.7514 | Local 0.1192 | F1_macro 0.7093 | WorstLoss 1.8310
[Tracker] Ep   47 | AvgR 0.0002 | Global 0.4125 | Local 0.1192 | F1_macro 0.6863 | WorstLoss 1.9786
[Tracker] Ep   48 | AvgR 0.0003 | Global 0.6327 | Local 0.1192 | F1_macro 0.7176 | WorstLoss 1.8872
[Tracker] Ep   49 | AvgR 0.0005 | Global 0.9350 | Local 0.1192 | F1_macro 0.7260 | WorstLoss 1.6664
[Tracker] New BEST synthetic [phase2_class0] (by global.global_obj: 0.935045) saved.
[Tracker] BEST β weights [phase2_class0] saved -> training_runs/SPECcurr_gentle_EP200_PCA10_REWfairness_minID1_majID0_TRJ2000_REAL3000_BIAS0.1_GG202603191711_bd350355/seed_42/best_beta_state_dict_phase2_class0.pt
[Tracker] Ep   50 | AvgR 0.0004 | Global 0.7548 | Local 0.1192 | F1_macro 0.7205 | WorstLoss 1.8301
[Tracker] Saved snapshot: ep0050_phase2_class0
[Phase] Finished phase2_class0 | best global_obj=0.9350
FFNN Using device: cuda:1
[Combined] Saved combined beta -> training_runs/SPECcurr_gentle_EP200_PCA10_REWfairness_minID1_majID0_TRJ2000_REAL3000_BIAS0.1_GG202603191711_bd350355/seed_42/best_beta_state_dict.pt
[Combined] Saved combined synthetic -> training_runs/SPECcurr_gentle_EP200_PCA10_REWfairness_minID1_majID0_TRJ2000_REAL3000_BIAS0.1_GG202603191711_bd350355/seed_42/best_synthetic_combined.npz
FFNN Using device: cuda:1
[TestSuite] Loaded best β weights from: training_runs/SPECcurr_gentle_EP200_PCA10_REWfairness_minID1_majID0_TRJ2000_REAL3000_BIAS0.1_GG202603191711_bd350355/seed_42/best_beta_state_dict.pt

[TEST] Alpha -> F1(min)=0.4066 | F1(maj)=0.8881 | F1(weighted)=0.7721 | F1(macro)=0.6474 | Brier=0.1282
[TEST] Beta  -> F1(min)=0.4763 | F1(maj)=0.8901 | F1(weighted)=0.7904 | F1(macro)=0.6832 | Brier=0.1297
[TestSuite] Final test metrics appended to (seed): training_runs/SPECcurr_gentle_EP200_PCA10_REWfairness_minID1_majID0_TRJ2000_REAL3000_BIAS0.1_GG202603191711_bd350355/seed_42/final_test_metrics.csv
[TestSuite] Final test metrics appended to (experiment): training_runs/SPECcurr_gentle_EP200_PCA10_REWfairness_minID1_majID0_TRJ2000_REAL3000_BIAS0.1_GG202603191711_bd350355/final_test_metrics.csv
Total time 1308.95s
[Tracker] Finished. Run folder: training_runs/SPECcurr_gentle_EP200_PCA10_REWfairness_minID1_majID0_TRJ2000_REAL3000_BIAS0.1_GG202603191711_bd350355/seed_42
