[main] spec=curr_standard.json device=cuda:0
[main] exp_group=SPEC_curr_standard_995f7a0c__G202603191711
[main] seeds=[42]
[main] ---- running seed=42 ----
FFNN Using device: cuda:0
FFNN Using device: cuda:0
[Tracker] Experiment: SPECcurr_standard_EP200_PCA10_REWfairness_minID1_majID0_TRJ2000_REAL3000_BIAS0.1_GG202603191711_3afc8e76
[Tracker] Seed folder: training_runs/SPECcurr_standard_EP200_PCA10_REWfairness_minID1_majID0_TRJ2000_REAL3000_BIAS0.1_GG202603191711_3afc8e76/seed_42
[Tracker] Run: 2026-03-19_17-11-25_seed42_26510_94b7742d
[Tracker] Metrics CSV: training_runs/SPECcurr_standard_EP200_PCA10_REWfairness_minID1_majID0_TRJ2000_REAL3000_BIAS0.1_GG202603191711_3afc8e76/seed_42/metrics.csv
[Tracker] Mirroring console to: training_runs/SPECcurr_standard_EP200_PCA10_REWfairness_minID1_majID0_TRJ2000_REAL3000_BIAS0.1_GG202603191711_3afc8e76/seed_42/console.log
[TRAIN] size=3000, minority=300 (10.00%)
[VAL] size=5493, minority=549 (9.99%)
[TEST] size=6513, minority=1569 (24.09%)
FFNN Using device: cuda:0
FFNN Using device: cuda:0
Beta will train with: 60.00% real data, 40.00% synthetic data: 
[disadv] group=1 per_g={0: 0.10507170855998993, 1: 0.27377745509147644} worst_4g=1.9454 soft_eo_alpha=0.1498
Anchors: 257 (disadv=1) sigma_anchor=0.8500
[Tracker] Alpha model state_dict saved to training_runs/SPECcurr_standard_EP200_PCA10_REWfairness_minID1_majID0_TRJ2000_REAL3000_BIAS0.1_GG202603191711_3afc8e76/seed_42/alpha_state_dict.pt
[Tracker] Alpha model config saved to training_runs/SPECcurr_standard_EP200_PCA10_REWfairness_minID1_majID0_TRJ2000_REAL3000_BIAS0.1_GG202603191711_3afc8e76/seed_42/ffnn_meta.json

============================================================
[Phase] Starting phase1_class1 | target_class=1 | episodes=200
============================================================
[Tracker] CSV header written with 44 columns.
[Tracker] Ep    1 | AvgR 0.0000 | Global 0.0802 | Local 0.1192 | F1_macro 0.6546 | WorstLoss 2.1853
[Tracker] New BEST synthetic [phase1_class1] (by global.global_obj: 0.080226) saved.
[Tracker] BEST β weights [phase1_class1] saved -> training_runs/SPECcurr_standard_EP200_PCA10_REWfairness_minID1_majID0_TRJ2000_REAL3000_BIAS0.1_GG202603191711_3afc8e76/seed_42/best_beta_state_dict_phase1_class1.pt
[Tracker] Ep    2 | AvgR 0.0000 | Global 0.0132 | Local 0.1192 | F1_macro 0.6346 | WorstLoss 2.3740
[Tracker] Ep    3 | AvgR 0.0000 | Global 0.0232 | Local 0.1192 | F1_macro 0.6464 | WorstLoss 2.3146
[Tracker] Ep    4 | AvgR 0.0000 | Global 0.0031 | Local 0.1192 | F1_macro 0.6994 | WorstLoss 2.5193
[Tracker] Ep    5 | AvgR 0.0000 | Global 0.0190 | Local 0.1192 | F1_macro 0.6776 | WorstLoss 2.3363
[Tracker] Saved snapshot: ep0005_phase1_class1
[Tracker] Ep    6 | AvgR 0.0000 | Global 0.0094 | Local 0.1192 | F1_macro 0.6827 | WorstLoss 2.4072
[Tracker] Ep    7 | AvgR 0.0000 | Global 0.0227 | Local 0.1192 | F1_macro 0.6594 | WorstLoss 2.3192
[Tracker] Ep    8 | AvgR 0.0001 | Global 0.2775 | Local 0.1192 | F1_macro 0.6640 | WorstLoss 2.0372
[Tracker] New BEST synthetic [phase1_class1] (by global.global_obj: 0.277488) saved.
[Tracker] BEST β weights [phase1_class1] saved -> training_runs/SPECcurr_standard_EP200_PCA10_REWfairness_minID1_majID0_TRJ2000_REAL3000_BIAS0.1_GG202603191711_3afc8e76/seed_42/best_beta_state_dict_phase1_class1.pt
[Tracker] Ep    9 | AvgR 0.0000 | Global 0.0561 | Local 0.1192 | F1_macro 0.6621 | WorstLoss 2.2226
[Tracker] Ep   10 | AvgR 0.0000 | Global 0.0001 | Local 0.1192 | F1_macro 0.6413 | WorstLoss 2.9143
[Tracker] Saved snapshot: ep0010_phase1_class1
[Tracker] Ep   11 | AvgR 0.0001 | Global 0.2018 | Local 0.1192 | F1_macro 0.6539 | WorstLoss 2.0782
[Tracker] Ep   12 | AvgR 0.0000 | Global 0.0243 | Local 0.1192 | F1_macro 0.6515 | WorstLoss 2.3086
[Tracker] Ep   13 | AvgR 0.0000 | Global 0.0002 | Local 0.1192 | F1_macro 0.6563 | WorstLoss 2.7775
[Tracker] Ep   14 | AvgR 0.0000 | Global 0.0087 | Local 0.1192 | F1_macro 0.6631 | WorstLoss 2.4143
[Tracker] Ep   15 | AvgR 0.0000 | Global 0.0491 | Local 0.1192 | F1_macro 0.6397 | WorstLoss 2.2372
[Tracker] Saved snapshot: ep0015_phase1_class1
[Tracker] Ep   16 | AvgR 0.0000 | Global 0.0827 | Local 0.1192 | F1_macro 0.6771 | WorstLoss 2.1822
[Tracker] Ep   17 | AvgR 0.0000 | Global 0.0405 | Local 0.1192 | F1_macro 0.6358 | WorstLoss 2.2587
[Tracker] Ep   18 | AvgR 0.0000 | Global 0.0105 | Local 0.1192 | F1_macro 0.6608 | WorstLoss 2.3962
[Tracker] Ep   19 | AvgR 0.0000 | Global 0.0122 | Local 0.1192 | F1_macro 0.6304 | WorstLoss 2.3804
[Tracker] Ep   20 | AvgR 0.0000 | Global 0.0000 | Local 0.1192 | F1_macro 0.6508 | WorstLoss 3.0637
[Tracker] Saved snapshot: ep0020_phase1_class1
[Tracker] Ep   21 | AvgR 0.0001 | Global 0.2247 | Local 0.1192 | F1_macro 0.6610 | WorstLoss 2.0658
[Tracker] Ep   22 | AvgR 0.0000 | Global 0.0884 | Local 0.1192 | F1_macro 0.6320 | WorstLoss 2.1746
[Tracker] Ep   23 | AvgR 0.0000 | Global 0.0029 | Local 0.1192 | F1_macro 0.6747 | WorstLoss 2.5208
[Tracker] Ep   24 | AvgR 0.0002 | Global 0.3072 | Local 0.1192 | F1_macro 0.6628 | WorstLoss 2.0230
[Tracker] New BEST synthetic [phase1_class1] (by global.global_obj: 0.307230) saved.
[Tracker] BEST β weights [phase1_class1] saved -> training_runs/SPECcurr_standard_EP200_PCA10_REWfairness_minID1_majID0_TRJ2000_REAL3000_BIAS0.1_GG202603191711_3afc8e76/seed_42/best_beta_state_dict_phase1_class1.pt
[Tracker] Ep   25 | AvgR 0.0000 | Global 0.0062 | Local 0.1192 | F1_macro 0.6494 | WorstLoss 2.4499
[Tracker] Saved snapshot: ep0025_phase1_class1
[Tracker] Ep   26 | AvgR 0.0000 | Global 0.0882 | Local 0.1192 | F1_macro 0.6608 | WorstLoss 2.1763
[Tracker] Ep   27 | AvgR 0.0000 | Global 0.0003 | Local 0.1192 | F1_macro 0.6855 | WorstLoss 2.7658
[Tracker] Ep   28 | AvgR 0.0000 | Global 0.0027 | Local 0.1192 | F1_macro 0.6510 | WorstLoss 2.5334
[Tracker] Ep   29 | AvgR 0.0000 | Global 0.0323 | Local 0.1192 | F1_macro 0.6425 | WorstLoss 2.2817
[Tracker] Ep   30 | AvgR 0.0001 | Global 0.1459 | Local 0.1192 | F1_macro 0.6633 | WorstLoss 2.1181
[Tracker] Saved snapshot: ep0030_phase1_class1
[Tracker] Ep   31 | AvgR 0.0000 | Global 0.0016 | Local 0.1192 | F1_macro 0.6549 | WorstLoss 2.5831
[Tracker] Ep   32 | AvgR 0.0000 | Global 0.0820 | Local 0.1192 | F1_macro 0.6344 | WorstLoss 2.1822
[Tracker] Ep   33 | AvgR 0.0000 | Global 0.0053 | Local 0.1192 | F1_macro 0.6417 | WorstLoss 2.4660
[Tracker] Ep   34 | AvgR 0.0000 | Global 0.0391 | Local 0.1192 | F1_macro 0.6395 | WorstLoss 2.2609
[Tracker] Ep   35 | AvgR 0.0001 | Global 0.1962 | Local 0.1192 | F1_macro 0.6370 | WorstLoss 2.0822
[Tracker] Saved snapshot: ep0035_phase1_class1
[Tracker] Ep   36 | AvgR 0.0000 | Global 0.0076 | Local 0.1192 | F1_macro 0.6388 | WorstLoss 2.4266
[Tracker] Ep   37 | AvgR 0.0000 | Global 0.0038 | Local 0.1192 | F1_macro 0.6665 | WorstLoss 2.4978
[Tracker] Ep   38 | AvgR 0.0000 | Global 0.0002 | Local 0.1192 | F1_macro 0.6458 | WorstLoss 2.7784
[Tracker] Ep   39 | AvgR 0.0000 | Global 0.0082 | Local 0.1192 | F1_macro 0.6447 | WorstLoss 2.4211
[Tracker] Ep   40 | AvgR 0.0000 | Global 0.0409 | Local 0.1192 | F1_macro 0.6570 | WorstLoss 2.2573
[Tracker] Saved snapshot: ep0040_phase1_class1
[Tracker] Ep   41 | AvgR 0.0003 | Global 0.6703 | Local 0.1192 | F1_macro 0.6784 | WorstLoss 1.8646
[Tracker] New BEST synthetic [phase1_class1] (by global.global_obj: 0.670293) saved.
[Tracker] BEST β weights [phase1_class1] saved -> training_runs/SPECcurr_standard_EP200_PCA10_REWfairness_minID1_majID0_TRJ2000_REAL3000_BIAS0.1_GG202603191711_3afc8e76/seed_42/best_beta_state_dict_phase1_class1.pt
[Tracker] Ep   42 | AvgR 0.0001 | Global 0.1624 | Local 0.1192 | F1_macro 0.6665 | WorstLoss 2.1060
[Tracker] Ep   43 | AvgR 0.0002 | Global 0.3026 | Local 0.1192 | F1_macro 0.7033 | WorstLoss 2.0260
[Tracker] Ep   44 | AvgR 0.0004 | Global 0.8550 | Local 0.1192 | F1_macro 0.6986 | WorstLoss 1.7532
[Tracker] New BEST synthetic [phase1_class1] (by global.global_obj: 0.855026) saved.
[Tracker] BEST β weights [phase1_class1] saved -> training_runs/SPECcurr_standard_EP200_PCA10_REWfairness_minID1_majID0_TRJ2000_REAL3000_BIAS0.1_GG202603191711_3afc8e76/seed_42/best_beta_state_dict_phase1_class1.pt
[Tracker] Ep   45 | AvgR 0.0003 | Global 0.5381 | Local 0.1192 | F1_macro 0.6754 | WorstLoss 1.9245
[Tracker] Saved snapshot: ep0045_phase1_class1
[Tracker] Ep   46 | AvgR 0.0001 | Global 0.1763 | Local 0.1192 | F1_macro 0.6683 | WorstLoss 2.0958
[Tracker] Ep   47 | AvgR 0.0001 | Global 0.1498 | Local 0.1192 | F1_macro 0.6633 | WorstLoss 2.1151
[Tracker] Ep   48 | AvgR 0.0002 | Global 0.4838 | Local 0.1192 | F1_macro 0.6831 | WorstLoss 1.9486
[Tracker] Ep   49 | AvgR 0.0002 | Global 0.3497 | Local 0.1192 | F1_macro 0.6948 | WorstLoss 2.0057
[Tracker] Ep   50 | AvgR 0.0003 | Global 0.5468 | Local 0.1192 | F1_macro 0.6772 | WorstLoss 1.9211
[Tracker] Saved snapshot: ep0050_phase1_class1
[Tracker] Ep   51 | AvgR 0.0001 | Global 0.1778 | Local 0.1192 | F1_macro 0.6943 | WorstLoss 2.0963
[Tracker] Ep   52 | AvgR 0.0001 | Global 0.1700 | Local 0.1192 | F1_macro 0.6773 | WorstLoss 2.1015
[Tracker] Ep   53 | AvgR 0.0003 | Global 0.6719 | Local 0.1192 | F1_macro 0.6866 | WorstLoss 1.8670
[Tracker] Ep   54 | AvgR 0.0001 | Global 0.2960 | Local 0.1192 | F1_macro 0.6548 | WorstLoss 2.0277
[Tracker] Ep   55 | AvgR 0.0001 | Global 0.1849 | Local 0.1192 | F1_macro 0.6890 | WorstLoss 2.0912
[Tracker] Saved snapshot: ep0055_phase1_class1
[Tracker] Ep   56 | AvgR 0.0002 | Global 0.3144 | Local 0.1192 | F1_macro 0.6809 | WorstLoss 2.0210
[Tracker] Ep   57 | AvgR 0.0000 | Global 0.0328 | Local 0.1192 | F1_macro 0.6627 | WorstLoss 2.2787
[Tracker] Ep   58 | AvgR 0.0002 | Global 0.3330 | Local 0.1192 | F1_macro 0.6771 | WorstLoss 2.0138
[Tracker] Ep   59 | AvgR 0.0001 | Global 0.2252 | Local 0.1192 | F1_macro 0.6705 | WorstLoss 2.0657
[Tracker] Ep   60 | AvgR 0.0000 | Global 0.0533 | Local 0.1192 | F1_macro 0.6463 | WorstLoss 2.2301
[Tracker] Saved snapshot: ep0060_phase1_class1
[Tracker] Ep   61 | AvgR 0.0000 | Global 0.0233 | Local 0.1192 | F1_macro 0.6469 | WorstLoss 2.3150
[Tracker] Ep   62 | AvgR 0.0004 | Global 0.8397 | Local 0.1192 | F1_macro 0.7026 | WorstLoss 1.7752
[Tracker] Ep   63 | AvgR 0.0002 | Global 0.4180 | Local 0.1192 | F1_macro 0.6857 | WorstLoss 1.9749
[Tracker] Ep   64 | AvgR 0.0000 | Global 0.0324 | Local 0.1192 | F1_macro 0.6754 | WorstLoss 2.2813
[Tracker] Ep   65 | AvgR 0.0003 | Global 0.6035 | Local 0.1192 | F1_macro 0.6721 | WorstLoss 1.8975
[Tracker] Saved snapshot: ep0065_phase1_class1
[Tracker] Ep   66 | AvgR 0.0003 | Global 0.5697 | Local 0.1192 | F1_macro 0.6765 | WorstLoss 1.9124
[Tracker] Ep   67 | AvgR 0.0002 | Global 0.4493 | Local 0.1192 | F1_macro 0.6912 | WorstLoss 1.9632
[Tracker] Ep   68 | AvgR 0.0001 | Global 0.2535 | Local 0.1192 | F1_macro 0.6635 | WorstLoss 2.0487
[Tracker] Ep   69 | AvgR 0.0003 | Global 0.5709 | Local 0.1192 | F1_macro 0.6832 | WorstLoss 1.9135
[Tracker] Ep   70 | AvgR 0.0002 | Global 0.3550 | Local 0.1192 | F1_macro 0.6821 | WorstLoss 2.0010
[Tracker] Saved snapshot: ep0070_phase1_class1
[Tracker] Ep   71 | AvgR 0.0002 | Global 0.3430 | Local 0.1192 | F1_macro 0.6759 | WorstLoss 2.0067
[Tracker] Ep   72 | AvgR 0.0001 | Global 0.2093 | Local 0.1192 | F1_macro 0.6781 | WorstLoss 2.0757
[Tracker] Ep   73 | AvgR 0.0002 | Global 0.3719 | Local 0.1192 | F1_macro 0.6723 | WorstLoss 1.9952
[Tracker] Ep   74 | AvgR 0.0001 | Global 0.2795 | Local 0.1192 | F1_macro 0.6745 | WorstLoss 2.0374
[Tracker] Ep   75 | AvgR 0.0005 | Global 0.9294 | Local 0.1192 | F1_macro 0.7079 | WorstLoss 1.6732
[Tracker] Saved snapshot: ep0075_phase1_class1
[Tracker] New BEST synthetic [phase1_class1] (by global.global_obj: 0.929363) saved.
[Tracker] BEST β weights [phase1_class1] saved -> training_runs/SPECcurr_standard_EP200_PCA10_REWfairness_minID1_majID0_TRJ2000_REAL3000_BIAS0.1_GG202603191711_3afc8e76/seed_42/best_beta_state_dict_phase1_class1.pt
[Tracker] Ep   76 | AvgR 0.0001 | Global 0.1259 | Local 0.1192 | F1_macro 0.6830 | WorstLoss 2.1379
[Tracker] Ep   77 | AvgR 0.0000 | Global 0.0135 | Local 0.1192 | F1_macro 0.6452 | WorstLoss 2.3723
[Tracker] Ep   78 | AvgR 0.0003 | Global 0.5206 | Local 0.1192 | F1_macro 0.6878 | WorstLoss 1.9340
[Tracker] Ep   79 | AvgR 0.0003 | Global 0.6378 | Local 0.1192 | F1_macro 0.7029 | WorstLoss 1.8864
[Tracker] Ep   80 | AvgR 0.0001 | Global 0.1524 | Local 0.1192 | F1_macro 0.6828 | WorstLoss 2.1146
[Tracker] Saved snapshot: ep0080_phase1_class1
[Tracker] Ep   81 | AvgR 0.0005 | Global 0.9157 | Local 0.1192 | F1_macro 0.7013 | WorstLoss 1.6872
[Tracker] Ep   82 | AvgR 0.0005 | Global 0.9294 | Local 0.1192 | F1_macro 0.7120 | WorstLoss 1.6606
[Tracker] New BEST synthetic [phase1_class1] (by global.global_obj: 0.929427) saved.
[Tracker] BEST β weights [phase1_class1] saved -> training_runs/SPECcurr_standard_EP200_PCA10_REWfairness_minID1_majID0_TRJ2000_REAL3000_BIAS0.1_GG202603191711_3afc8e76/seed_42/best_beta_state_dict_phase1_class1.pt
[Tracker] Ep   83 | AvgR 0.0003 | Global 0.6591 | Local 0.1192 | F1_macro 0.7047 | WorstLoss 1.8753
[Tracker] Ep   84 | AvgR 0.0003 | Global 0.5189 | Local 0.1192 | F1_macro 0.7044 | WorstLoss 1.9350
[Tracker] Ep   85 | AvgR 0.0002 | Global 0.4268 | Local 0.1192 | F1_macro 0.7100 | WorstLoss 1.9724
[Tracker] Saved snapshot: ep0085_phase1_class1
[Tracker] Ep   86 | AvgR 0.0003 | Global 0.6069 | Local 0.1192 | F1_macro 0.6911 | WorstLoss 1.8986
[Tracker] Ep   87 | AvgR 0.0004 | Global 0.8039 | Local 0.1192 | F1_macro 0.6986 | WorstLoss 1.7995
[Tracker] Ep   88 | AvgR 0.0003 | Global 0.6865 | Local 0.1192 | F1_macro 0.6810 | WorstLoss 1.8603
[Tracker] Ep   89 | AvgR 0.0003 | Global 0.5997 | Local 0.1192 | F1_macro 0.6947 | WorstLoss 1.9022
[Tracker] Ep   90 | AvgR 0.0002 | Global 0.3887 | Local 0.1192 | F1_macro 0.6784 | WorstLoss 1.9882
[Tracker] Saved snapshot: ep0090_phase1_class1
[Tracker] Ep   91 | AvgR 0.0003 | Global 0.6019 | Local 0.1192 | F1_macro 0.7011 | WorstLoss 1.8961
[Tracker] Ep   92 | AvgR 0.0004 | Global 0.7445 | Local 0.1192 | F1_macro 0.6967 | WorstLoss 1.8339
[Tracker] Ep   93 | AvgR 0.0004 | Global 0.8884 | Local 0.1192 | F1_macro 0.6984 | WorstLoss 1.7230
[Tracker] Ep   94 | AvgR 0.0004 | Global 0.8638 | Local 0.1192 | F1_macro 0.6923 | WorstLoss 1.7522
[Tracker] Ep   95 | AvgR 0.0003 | Global 0.6942 | Local 0.1192 | F1_macro 0.7108 | WorstLoss 1.8609
[Tracker] Saved snapshot: ep0095_phase1_class1
[Tracker] Ep   96 | AvgR 0.0005 | Global 0.9249 | Local 0.1192 | F1_macro 0.7251 | WorstLoss 1.6872
[Tracker] Ep   97 | AvgR 0.0004 | Global 0.8820 | Local 0.1192 | F1_macro 0.6983 | WorstLoss 1.7349
[Tracker] Ep   98 | AvgR 0.0004 | Global 0.8225 | Local 0.1192 | F1_macro 0.7093 | WorstLoss 1.7888
[Tracker] Ep   99 | AvgR 0.0005 | Global 0.9162 | Local 0.1192 | F1_macro 0.7004 | WorstLoss 1.6969
[Tracker] Ep  100 | AvgR 0.0004 | Global 0.7749 | Local 0.1192 | F1_macro 0.7048 | WorstLoss 1.8203
[Tracker] Saved snapshot: ep0100_phase1_class1
[Tracker] Ep  101 | AvgR 0.0004 | Global 0.8111 | Local 0.1192 | F1_macro 0.7056 | WorstLoss 1.7949
[Tracker] Ep  102 | AvgR 0.0003 | Global 0.6630 | Local 0.1192 | F1_macro 0.7071 | WorstLoss 1.8749
[Tracker] Ep  103 | AvgR 0.0003 | Global 0.5560 | Local 0.1192 | F1_macro 0.6901 | WorstLoss 1.9186
[Tracker] Ep  104 | AvgR 0.0004 | Global 0.7521 | Local 0.1192 | F1_macro 0.6971 | WorstLoss 1.8307
[Tracker] Ep  105 | AvgR 0.0004 | Global 0.8927 | Local 0.1192 | F1_macro 0.7021 | WorstLoss 1.7209
[Tracker] Saved snapshot: ep0105_phase1_class1
[Tracker] Ep  106 | AvgR 0.0004 | Global 0.8930 | Local 0.1192 | F1_macro 0.7193 | WorstLoss 1.7301
[Tracker] Ep  107 | AvgR 0.0001 | Global 0.1063 | Local 0.1192 | F1_macro 0.6904 | WorstLoss 2.1572
[Tracker] Ep  108 | AvgR 0.0001 | Global 0.1940 | Local 0.1192 | F1_macro 0.6959 | WorstLoss 2.0869
[Tracker] Ep  109 | AvgR 0.0000 | Global 0.0926 | Local 0.1192 | F1_macro 0.7040 | WorstLoss 2.1722
[Tracker] Ep  110 | AvgR 0.0005 | Global 0.9523 | Local 0.1192 | F1_macro 0.7166 | WorstLoss 1.6342
[Tracker] Saved snapshot: ep0110_phase1_class1
[Tracker] New BEST synthetic [phase1_class1] (by global.global_obj: 0.952293) saved.
[Tracker] BEST β weights [phase1_class1] saved -> training_runs/SPECcurr_standard_EP200_PCA10_REWfairness_minID1_majID0_TRJ2000_REAL3000_BIAS0.1_GG202603191711_3afc8e76/seed_42/best_beta_state_dict_phase1_class1.pt
[Tracker] Ep  111 | AvgR 0.0004 | Global 0.8748 | Local 0.1192 | F1_macro 0.6995 | WorstLoss 1.7411
[Tracker] Ep  112 | AvgR 0.0004 | Global 0.7622 | Local 0.1192 | F1_macro 0.7059 | WorstLoss 1.8279
[Tracker] Ep  113 | AvgR 0.0004 | Global 0.7034 | Local 0.1192 | F1_macro 0.7050 | WorstLoss 1.8521
[Tracker] Ep  114 | AvgR 0.0005 | Global 0.9126 | Local 0.1192 | F1_macro 0.7131 | WorstLoss 1.7082
[Tracker] Ep  115 | AvgR 0.0004 | Global 0.8637 | Local 0.1192 | F1_macro 0.6802 | WorstLoss 1.7497
[Tracker] Saved snapshot: ep0115_phase1_class1
[Tracker] Ep  116 | AvgR 0.0004 | Global 0.8532 | Local 0.1192 | F1_macro 0.7019 | WorstLoss 1.7669
[Tracker] Ep  117 | AvgR 0.0003 | Global 0.6486 | Local 0.1192 | F1_macro 0.6952 | WorstLoss 1.8809
[Tracker] Ep  118 | AvgR 0.0002 | Global 0.3180 | Local 0.1192 | F1_macro 0.7133 | WorstLoss 2.0205
[Tracker] Ep  119 | AvgR 0.0005 | Global 0.9651 | Local 0.1192 | F1_macro 0.7276 | WorstLoss 1.6127
[Tracker] New BEST synthetic [phase1_class1] (by global.global_obj: 0.965112) saved.
[Tracker] BEST β weights [phase1_class1] saved -> training_runs/SPECcurr_standard_EP200_PCA10_REWfairness_minID1_majID0_TRJ2000_REAL3000_BIAS0.1_GG202603191711_3afc8e76/seed_42/best_beta_state_dict_phase1_class1.pt
[Tracker] Ep  120 | AvgR 0.0005 | Global 0.9139 | Local 0.1192 | F1_macro 0.7187 | WorstLoss 1.7069
[Tracker] Saved snapshot: ep0120_phase1_class1
[Tracker] Ep  121 | AvgR 0.0000 | Global 0.0015 | Local 0.1192 | F1_macro 0.7111 | WorstLoss 2.5927
[Tracker] Ep  122 | AvgR 0.0000 | Global 0.0003 | Local 0.1192 | F1_macro 0.7034 | WorstLoss 2.7580
[Tracker] Ep  123 | AvgR 0.0000 | Global 0.0006 | Local 0.1192 | F1_macro 0.7062 | WorstLoss 2.6848
[Tracker] Ep  124 | AvgR 0.0000 | Global 0.0002 | Local 0.1192 | F1_macro 0.6816 | WorstLoss 2.8128
[Tracker] Ep  125 | AvgR 0.0000 | Global 0.0026 | Local 0.1192 | F1_macro 0.6999 | WorstLoss 2.5375
[Tracker] Saved snapshot: ep0125_phase1_class1
[Tracker] Ep  126 | AvgR 0.0000 | Global 0.0069 | Local 0.1192 | F1_macro 0.6886 | WorstLoss 2.4396
[Tracker] Ep  127 | AvgR 0.0000 | Global 0.0031 | Local 0.1192 | F1_macro 0.7003 | WorstLoss 2.5213
[Tracker] Ep  128 | AvgR 0.0000 | Global 0.0006 | Local 0.1192 | F1_macro 0.6834 | WorstLoss 2.6812
[Tracker] Ep  129 | AvgR 0.0000 | Global 0.0012 | Local 0.1192 | F1_macro 0.7118 | WorstLoss 2.6157
[Tracker] Ep  130 | AvgR 0.0000 | Global 0.0009 | Local 0.1192 | F1_macro 0.6975 | WorstLoss 2.6496
[Tracker] Saved snapshot: ep0130_phase1_class1
[Tracker] Ep  131 | AvgR 0.0000 | Global 0.0034 | Local 0.1192 | F1_macro 0.7126 | WorstLoss 2.5105
[Tracker] Ep  132 | AvgR 0.0000 | Global 0.0347 | Local 0.1192 | F1_macro 0.6985 | WorstLoss 2.2753
[Tracker] Ep  133 | AvgR 0.0000 | Global 0.0046 | Local 0.1192 | F1_macro 0.6892 | WorstLoss 2.4805
[Tracker] Ep  134 | AvgR 0.0000 | Global 0.0008 | Local 0.1192 | F1_macro 0.6999 | WorstLoss 2.6587
[Tracker] Ep  135 | AvgR 0.0000 | Global 0.0004 | Local 0.1192 | F1_macro 0.6705 | WorstLoss 2.7349
[Tracker] Saved snapshot: ep0135_phase1_class1
[Tracker] Ep  136 | AvgR 0.0000 | Global 0.0090 | Local 0.1192 | F1_macro 0.7075 | WorstLoss 2.4134
[Tracker] Ep  137 | AvgR 0.0000 | Global 0.0005 | Local 0.1192 | F1_macro 0.6925 | WorstLoss 2.6975
[Tracker] Ep  138 | AvgR 0.0000 | Global 0.0022 | Local 0.1192 | F1_macro 0.6912 | WorstLoss 2.5554
[Tracker] Ep  139 | AvgR 0.0000 | Global 0.0003 | Local 0.1192 | F1_macro 0.6736 | WorstLoss 2.7421
[Tracker] Ep  140 | AvgR 0.0000 | Global 0.0207 | Local 0.1192 | F1_macro 0.6824 | WorstLoss 2.3292
[Tracker] Saved snapshot: ep0140_phase1_class1
[Tracker] Ep  141 | AvgR 0.0000 | Global 0.0152 | Local 0.1192 | F1_macro 0.6936 | WorstLoss 2.3606
[Tracker] Ep  142 | AvgR 0.0000 | Global 0.0005 | Local 0.1192 | F1_macro 0.6936 | WorstLoss 2.6977
[Tracker] Ep  143 | AvgR 0.0000 | Global 0.0000 | Local 0.1192 | F1_macro 0.6648 | WorstLoss 2.9548
[Tracker] Ep  144 | AvgR 0.0003 | Global 0.5999 | Local 0.1192 | F1_macro 0.6994 | WorstLoss 1.9014
[Tracker] Ep  145 | AvgR 0.0000 | Global 0.0007 | Local 0.1192 | F1_macro 0.6911 | WorstLoss 2.6688
[Tracker] Saved snapshot: ep0145_phase1_class1
[Tracker] Ep  146 | AvgR 0.0000 | Global 0.0009 | Local 0.1192 | F1_macro 0.6544 | WorstLoss 2.6392
[Tracker] Ep  147 | AvgR 0.0000 | Global 0.0034 | Local 0.1192 | F1_macro 0.6969 | WorstLoss 2.5110
[Tracker] Ep  148 | AvgR 0.0000 | Global 0.0053 | Local 0.1192 | F1_macro 0.7082 | WorstLoss 2.4672
[Tracker] Ep  149 | AvgR 0.0000 | Global 0.0013 | Local 0.1192 | F1_macro 0.7029 | WorstLoss 2.6087
[Tracker] Ep  150 | AvgR 0.0000 | Global 0.0003 | Local 0.1192 | F1_macro 0.6907 | WorstLoss 2.7409
[Tracker] Saved snapshot: ep0150_phase1_class1
[Tracker] Ep  151 | AvgR 0.0000 | Global 0.0006 | Local 0.1192 | F1_macro 0.6925 | WorstLoss 2.6876
[Tracker] Ep  152 | AvgR 0.0000 | Global 0.0020 | Local 0.1192 | F1_macro 0.7063 | WorstLoss 2.5655
[Tracker] Ep  153 | AvgR 0.0000 | Global 0.0004 | Local 0.1192 | F1_macro 0.7089 | WorstLoss 2.7175
[Tracker] Ep  154 | AvgR 0.0000 | Global 0.0032 | Local 0.1192 | F1_macro 0.7066 | WorstLoss 2.5183
[Tracker] Ep  155 | AvgR 0.0000 | Global 0.0010 | Local 0.1192 | F1_macro 0.6896 | WorstLoss 2.6346
[Tracker] Saved snapshot: ep0155_phase1_class1
[Tracker] Ep  156 | AvgR 0.0000 | Global 0.0150 | Local 0.1192 | F1_macro 0.7093 | WorstLoss 2.3623
[Tracker] Ep  157 | AvgR 0.0000 | Global 0.0723 | Local 0.1192 | F1_macro 0.7094 | WorstLoss 2.1994
[Tracker] Ep  158 | AvgR 0.0000 | Global 0.0172 | Local 0.1192 | F1_macro 0.7116 | WorstLoss 2.3484
[Tracker] Ep  159 | AvgR 0.0000 | Global 0.0030 | Local 0.1192 | F1_macro 0.6877 | WorstLoss 2.5251
[Tracker] Ep  160 | AvgR 0.0000 | Global 0.0012 | Local 0.1192 | F1_macro 0.7041 | WorstLoss 2.6149
[Tracker] Saved snapshot: ep0160_phase1_class1
[Tracker] Ep  161 | AvgR 0.0002 | Global 0.3906 | Local 0.1192 | F1_macro 0.7189 | WorstLoss 1.9877
[Tracker] Ep  162 | AvgR 0.0001 | Global 0.1274 | Local 0.1192 | F1_macro 0.7066 | WorstLoss 2.1361
[Tracker] Ep  163 | AvgR 0.0000 | Global 0.0060 | Local 0.1192 | F1_macro 0.6973 | WorstLoss 2.4542
[Tracker] Ep  164 | AvgR 0.0000 | Global 0.0006 | Local 0.1192 | F1_macro 0.7105 | WorstLoss 2.6862
[Tracker] Ep  165 | AvgR 0.0000 | Global 0.0462 | Local 0.1192 | F1_macro 0.7001 | WorstLoss 2.2465
[Tracker] Saved snapshot: ep0165_phase1_class1
[Tracker] Ep  166 | AvgR 0.0001 | Global 0.1601 | Local 0.1192 | F1_macro 0.7190 | WorstLoss 2.1096
[Tracker] Ep  167 | AvgR 0.0000 | Global 0.0096 | Local 0.1192 | F1_macro 0.7123 | WorstLoss 2.4072
[Tracker] Ep  168 | AvgR 0.0000 | Global 0.0245 | Local 0.1192 | F1_macro 0.7139 | WorstLoss 2.3125
[Tracker] Ep  169 | AvgR 0.0000 | Global 0.0883 | Local 0.1192 | F1_macro 0.7156 | WorstLoss 2.1773
[Tracker] Ep  170 | AvgR 0.0001 | Global 0.1418 | Local 0.1192 | F1_macro 0.7288 | WorstLoss 2.1247
[Tracker] Saved snapshot: ep0170_phase1_class1
[Tracker] Ep  171 | AvgR 0.0000 | Global 0.0193 | Local 0.1192 | F1_macro 0.7103 | WorstLoss 2.3372
[Tracker] Ep  172 | AvgR 0.0000 | Global 0.0034 | Local 0.1192 | F1_macro 0.7115 | WorstLoss 2.5121
[Tracker] Ep  173 | AvgR 0.0000 | Global 0.0995 | Local 0.1192 | F1_macro 0.6953 | WorstLoss 2.1647
[Tracker] Ep  174 | AvgR 0.0000 | Global 0.0511 | Local 0.1192 | F1_macro 0.7023 | WorstLoss 2.2363
[Tracker] Ep  175 | AvgR 0.0000 | Global 0.0098 | Local 0.1192 | F1_macro 0.7221 | WorstLoss 2.4061
[Tracker] Saved snapshot: ep0175_phase1_class1
[Tracker] Ep  176 | AvgR 0.0000 | Global 0.0086 | Local 0.1192 | F1_macro 0.6949 | WorstLoss 2.4185
[Tracker] Ep  177 | AvgR 0.0001 | Global 0.2551 | Local 0.1192 | F1_macro 0.7086 | WorstLoss 2.0502
[Tracker] Ep  178 | AvgR 0.0002 | Global 0.4280 | Local 0.1192 | F1_macro 0.7102 | WorstLoss 1.9725
[Tracker] Ep  179 | AvgR 0.0000 | Global 0.0352 | Local 0.1192 | F1_macro 0.7086 | WorstLoss 2.2754
[Tracker] Ep  180 | AvgR 0.0001 | Global 0.1169 | Local 0.1192 | F1_macro 0.7039 | WorstLoss 2.1465
[Tracker] Saved snapshot: ep0180_phase1_class1
[Tracker] Ep  181 | AvgR 0.0000 | Global 0.0105 | Local 0.1192 | F1_macro 0.6947 | WorstLoss 2.3988
[Tracker] Ep  182 | AvgR 0.0001 | Global 0.2407 | Local 0.1192 | F1_macro 0.7033 | WorstLoss 2.0586
[Tracker] Ep  183 | AvgR 0.0002 | Global 0.4540 | Local 0.1192 | F1_macro 0.7202 | WorstLoss 1.9621
[Tracker] Ep  184 | AvgR 0.0000 | Global 0.0106 | Local 0.1192 | F1_macro 0.6953 | WorstLoss 2.3972
[Tracker] Ep  185 | AvgR 0.0000 | Global 0.0040 | Local 0.1192 | F1_macro 0.7013 | WorstLoss 2.4950
[Tracker] Saved snapshot: ep0185_phase1_class1
[Tracker] Ep  186 | AvgR 0.0003 | Global 0.6233 | Local 0.1192 | F1_macro 0.7180 | WorstLoss 1.8925
[Tracker] Ep  187 | AvgR 0.0000 | Global 0.0858 | Local 0.1192 | F1_macro 0.7170 | WorstLoss 2.1803
[Tracker] Ep  188 | AvgR 0.0001 | Global 0.2091 | Local 0.1192 | F1_macro 0.7128 | WorstLoss 2.0771
[Tracker] Ep  189 | AvgR 0.0001 | Global 0.1198 | Local 0.1192 | F1_macro 0.7094 | WorstLoss 2.1439
[Tracker] Ep  190 | AvgR 0.0000 | Global 0.0230 | Local 0.1192 | F1_macro 0.7054 | WorstLoss 2.3187
[Tracker] Saved snapshot: ep0190_phase1_class1
[Tracker] Ep  191 | AvgR 0.0001 | Global 0.2823 | Local 0.1192 | F1_macro 0.6987 | WorstLoss 2.0375
[Tracker] Ep  192 | AvgR 0.0001 | Global 0.1354 | Local 0.1192 | F1_macro 0.7042 | WorstLoss 2.1289
[Tracker] Ep  193 | AvgR 0.0002 | Global 0.4339 | Local 0.1192 | F1_macro 0.7263 | WorstLoss 1.9706
[Tracker] Ep  194 | AvgR 0.0001 | Global 0.1072 | Local 0.1192 | F1_macro 0.7081 | WorstLoss 2.1563
[Tracker] Ep  195 | AvgR 0.0001 | Global 0.1614 | Local 0.1192 | F1_macro 0.7240 | WorstLoss 2.1090
[Tracker] Saved snapshot: ep0195_phase1_class1
[Tracker] Ep  196 | AvgR 0.0001 | Global 0.1642 | Local 0.1192 | F1_macro 0.7219 | WorstLoss 2.1069
[Tracker] Ep  197 | AvgR 0.0000 | Global 0.0272 | Local 0.1192 | F1_macro 0.7075 | WorstLoss 2.3021
[Tracker] Ep  198 | AvgR 0.0001 | Global 0.2357 | Local 0.1192 | F1_macro 0.6961 | WorstLoss 2.0609
[Tracker] Ep  199 | AvgR 0.0001 | Global 0.2163 | Local 0.1192 | F1_macro 0.7077 | WorstLoss 2.0727
[Tracker] Ep  200 | AvgR 0.0002 | Global 0.4452 | Local 0.1192 | F1_macro 0.7238 | WorstLoss 1.9657
[Tracker] Saved snapshot: ep0200_phase1_class1
[Phase] Finished phase1_class1 | best global_obj=0.9651
Phase 2 anchors: 1617 (y=0 & disadv=1)
FFNN Using device: cuda:0

============================================================
[Phase] Starting phase2_class0 | target_class=0 | episodes=50
============================================================
[Tracker] Ep    1 | AvgR 0.0004 | Global 0.8320 | Local 0.1192 | F1_macro 0.7239 | WorstLoss 1.7818
[Tracker] New BEST synthetic [phase2_class0] (by global.global_obj: 0.832001) saved.
[Tracker] BEST β weights [phase2_class0] saved -> training_runs/SPECcurr_standard_EP200_PCA10_REWfairness_minID1_majID0_TRJ2000_REAL3000_BIAS0.1_GG202603191711_3afc8e76/seed_42/best_beta_state_dict_phase2_class0.pt
[Tracker] Ep    2 | AvgR 0.0004 | Global 0.8937 | Local 0.1192 | F1_macro 0.7280 | WorstLoss 1.7309
[Tracker] New BEST synthetic [phase2_class0] (by global.global_obj: 0.893737) saved.
[Tracker] BEST β weights [phase2_class0] saved -> training_runs/SPECcurr_standard_EP200_PCA10_REWfairness_minID1_majID0_TRJ2000_REAL3000_BIAS0.1_GG202603191711_3afc8e76/seed_42/best_beta_state_dict_phase2_class0.pt
[Tracker] Ep    3 | AvgR 0.0005 | Global 0.9352 | Local 0.1192 | F1_macro 0.7097 | WorstLoss 1.6670
[Tracker] New BEST synthetic [phase2_class0] (by global.global_obj: 0.935208) saved.
[Tracker] BEST β weights [phase2_class0] saved -> training_runs/SPECcurr_standard_EP200_PCA10_REWfairness_minID1_majID0_TRJ2000_REAL3000_BIAS0.1_GG202603191711_3afc8e76/seed_42/best_beta_state_dict_phase2_class0.pt
[Tracker] Ep    4 | AvgR 0.0005 | Global 0.9447 | Local 0.1192 | F1_macro 0.7157 | WorstLoss 1.6617
[Tracker] New BEST synthetic [phase2_class0] (by global.global_obj: 0.944671) saved.
[Tracker] BEST β weights [phase2_class0] saved -> training_runs/SPECcurr_standard_EP200_PCA10_REWfairness_minID1_majID0_TRJ2000_REAL3000_BIAS0.1_GG202603191711_3afc8e76/seed_42/best_beta_state_dict_phase2_class0.pt
[Tracker] Ep    5 | AvgR 0.0005 | Global 0.9466 | Local 0.1192 | F1_macro 0.7197 | WorstLoss 1.6423
[Tracker] Saved snapshot: ep0005_phase2_class0
[Tracker] New BEST synthetic [phase2_class0] (by global.global_obj: 0.946580) saved.
[Tracker] BEST β weights [phase2_class0] saved -> training_runs/SPECcurr_standard_EP200_PCA10_REWfairness_minID1_majID0_TRJ2000_REAL3000_BIAS0.1_GG202603191711_3afc8e76/seed_42/best_beta_state_dict_phase2_class0.pt
[Tracker] Ep    6 | AvgR 0.0005 | Global 0.9007 | Local 0.1192 | F1_macro 0.7228 | WorstLoss 1.7250
[Tracker] Ep    7 | AvgR 0.0005 | Global 0.9334 | Local 0.1192 | F1_macro 0.7190 | WorstLoss 1.6722
[Tracker] Ep    8 | AvgR 0.0005 | Global 0.9751 | Local 0.1192 | F1_macro 0.7219 | WorstLoss 1.5575
[Tracker] New BEST synthetic [phase2_class0] (by global.global_obj: 0.975118) saved.
[Tracker] BEST β weights [phase2_class0] saved -> training_runs/SPECcurr_standard_EP200_PCA10_REWfairness_minID1_majID0_TRJ2000_REAL3000_BIAS0.1_GG202603191711_3afc8e76/seed_42/best_beta_state_dict_phase2_class0.pt
[Tracker] Ep    9 | AvgR 0.0005 | Global 0.9580 | Local 0.1192 | F1_macro 0.7240 | WorstLoss 1.6261
[Tracker] Ep   10 | AvgR 0.0003 | Global 0.6995 | Local 0.1192 | F1_macro 0.7169 | WorstLoss 1.8599
[Tracker] Saved snapshot: ep0010_phase2_class0
[Tracker] Ep   11 | AvgR 0.0005 | Global 0.9445 | Local 0.1192 | F1_macro 0.7188 | WorstLoss 1.6452
[Tracker] Ep   12 | AvgR 0.0004 | Global 0.8649 | Local 0.1192 | F1_macro 0.7240 | WorstLoss 1.7558
[Tracker] Ep   13 | AvgR 0.0004 | Global 0.7939 | Local 0.1192 | F1_macro 0.7175 | WorstLoss 1.8078
[Tracker] Ep   14 | AvgR 0.0002 | Global 0.4332 | Local 0.1192 | F1_macro 0.6973 | WorstLoss 1.9711
[Tracker] Ep   15 | AvgR 0.0004 | Global 0.7640 | Local 0.1192 | F1_macro 0.7092 | WorstLoss 1.8268
[Tracker] Saved snapshot: ep0015_phase2_class0
[Tracker] Ep   16 | AvgR 0.0005 | Global 0.9276 | Local 0.1192 | F1_macro 0.7251 | WorstLoss 1.6770
[Tracker] Ep   17 | AvgR 0.0005 | Global 0.9789 | Local 0.1192 | F1_macro 0.7236 | WorstLoss 1.5559
[Tracker] New BEST synthetic [phase2_class0] (by global.global_obj: 0.978867) saved.
[Tracker] BEST β weights [phase2_class0] saved -> training_runs/SPECcurr_standard_EP200_PCA10_REWfairness_minID1_majID0_TRJ2000_REAL3000_BIAS0.1_GG202603191711_3afc8e76/seed_42/best_beta_state_dict_phase2_class0.pt
[Tracker] Ep   18 | AvgR 0.0005 | Global 0.9253 | Local 0.1192 | F1_macro 0.7095 | WorstLoss 1.6808
[Tracker] Ep   19 | AvgR 0.0004 | Global 0.8325 | Local 0.1192 | F1_macro 0.7052 | WorstLoss 1.7813
[Tracker] Ep   20 | AvgR 0.0004 | Global 0.8448 | Local 0.1192 | F1_macro 0.7109 | WorstLoss 1.7753
[Tracker] Saved snapshot: ep0020_phase2_class0
[Tracker] Ep   21 | AvgR 0.0004 | Global 0.7761 | Local 0.1192 | F1_macro 0.7154 | WorstLoss 1.8206
[Tracker] Ep   22 | AvgR 0.0005 | Global 0.9319 | Local 0.1192 | F1_macro 0.7175 | WorstLoss 1.6759
[Tracker] Ep   23 | AvgR 0.0005 | Global 0.9208 | Local 0.1192 | F1_macro 0.7110 | WorstLoss 1.6948
[Tracker] Ep   24 | AvgR 0.0005 | Global 0.9292 | Local 0.1192 | F1_macro 0.7162 | WorstLoss 1.6771
[Tracker] Ep   25 | AvgR 0.0003 | Global 0.5732 | Local 0.1192 | F1_macro 0.7071 | WorstLoss 1.9150
[Tracker] Saved snapshot: ep0025_phase2_class0
[Tracker] Ep   26 | AvgR 0.0004 | Global 0.8974 | Local 0.1192 | F1_macro 0.7046 | WorstLoss 1.7223
[Tracker] Ep   27 | AvgR 0.0005 | Global 0.9425 | Local 0.1192 | F1_macro 0.6984 | WorstLoss 1.6563
[Tracker] Ep   28 | AvgR 0.0005 | Global 0.9210 | Local 0.1192 | F1_macro 0.7128 | WorstLoss 1.6924
[Tracker] Ep   29 | AvgR 0.0005 | Global 0.9544 | Local 0.1192 | F1_macro 0.7267 | WorstLoss 1.6059
[Tracker] Ep   30 | AvgR 0.0003 | Global 0.6480 | Local 0.1192 | F1_macro 0.7047 | WorstLoss 1.8812
[Tracker] Saved snapshot: ep0030_phase2_class0
[Tracker] Ep   31 | AvgR 0.0005 | Global 0.9507 | Local 0.1192 | F1_macro 0.7190 | WorstLoss 1.6340
[Tracker] Ep   32 | AvgR 0.0004 | Global 0.8908 | Local 0.1192 | F1_macro 0.7126 | WorstLoss 1.7286
[Tracker] Ep   33 | AvgR 0.0005 | Global 0.9797 | Local 0.1192 | F1_macro 0.7336 | WorstLoss 1.5577
[Tracker] New BEST synthetic [phase2_class0] (by global.global_obj: 0.979710) saved.
[Tracker] BEST β weights [phase2_class0] saved -> training_runs/SPECcurr_standard_EP200_PCA10_REWfairness_minID1_majID0_TRJ2000_REAL3000_BIAS0.1_GG202603191711_3afc8e76/seed_42/best_beta_state_dict_phase2_class0.pt
[Tracker] Ep   34 | AvgR 0.0005 | Global 0.9475 | Local 0.1192 | F1_macro 0.7234 | WorstLoss 1.6455
[Tracker] Ep   35 | AvgR 0.0003 | Global 0.6132 | Local 0.1192 | F1_macro 0.7031 | WorstLoss 1.8980
[Tracker] Saved snapshot: ep0035_phase2_class0
[Tracker] Ep   36 | AvgR 0.0004 | Global 0.8534 | Local 0.1192 | F1_macro 0.6999 | WorstLoss 1.7659
[Tracker] Ep   37 | AvgR 0.0004 | Global 0.8997 | Local 0.1192 | F1_macro 0.7094 | WorstLoss 1.7244
[Tracker] Ep   38 | AvgR 0.0004 | Global 0.7945 | Local 0.1192 | F1_macro 0.7259 | WorstLoss 1.8089
[Tracker] Ep   39 | AvgR 0.0005 | Global 0.9159 | Local 0.1192 | F1_macro 0.7090 | WorstLoss 1.6989
[Tracker] Ep   40 | AvgR 0.0005 | Global 0.9327 | Local 0.1192 | F1_macro 0.7171 | WorstLoss 1.6767
[Tracker] Saved snapshot: ep0040_phase2_class0
[Tracker] Ep   41 | AvgR 0.0005 | Global 0.9198 | Local 0.1192 | F1_macro 0.7043 | WorstLoss 1.6914
[Tracker] Ep   42 | AvgR 0.0005 | Global 0.9322 | Local 0.1192 | F1_macro 0.7153 | WorstLoss 1.6677
[Tracker] Ep   43 | AvgR 0.0002 | Global 0.3940 | Local 0.1192 | F1_macro 0.6935 | WorstLoss 1.9862
[Tracker] Ep   44 | AvgR 0.0002 | Global 0.4493 | Local 0.1192 | F1_macro 0.7034 | WorstLoss 1.9648
[Tracker] Ep   45 | AvgR 0.0003 | Global 0.6712 | Local 0.1192 | F1_macro 0.7098 | WorstLoss 1.8726
[Tracker] Saved snapshot: ep0045_phase2_class0
[Tracker] Ep   46 | AvgR 0.0004 | Global 0.8540 | Local 0.1192 | F1_macro 0.7249 | WorstLoss 1.7620
[Tracker] Ep   47 | AvgR 0.0003 | Global 0.5151 | Local 0.1192 | F1_macro 0.6977 | WorstLoss 1.9364
[Tracker] Ep   48 | AvgR 0.0005 | Global 0.9460 | Local 0.1192 | F1_macro 0.7284 | WorstLoss 1.6497
[Tracker] Ep   49 | AvgR 0.0005 | Global 0.9635 | Local 0.1192 | F1_macro 0.7239 | WorstLoss 1.5446
[Tracker] Ep   50 | AvgR 0.0004 | Global 0.8340 | Local 0.1192 | F1_macro 0.7250 | WorstLoss 1.7764
[Tracker] Saved snapshot: ep0050_phase2_class0
[Phase] Finished phase2_class0 | best global_obj=0.9797
FFNN Using device: cuda:0
[Combined] Saved combined beta -> training_runs/SPECcurr_standard_EP200_PCA10_REWfairness_minID1_majID0_TRJ2000_REAL3000_BIAS0.1_GG202603191711_3afc8e76/seed_42/best_beta_state_dict.pt
[Combined] Saved combined synthetic -> training_runs/SPECcurr_standard_EP200_PCA10_REWfairness_minID1_majID0_TRJ2000_REAL3000_BIAS0.1_GG202603191711_3afc8e76/seed_42/best_synthetic_combined.npz
FFNN Using device: cuda:0
[TestSuite] Loaded best β weights from: training_runs/SPECcurr_standard_EP200_PCA10_REWfairness_minID1_majID0_TRJ2000_REAL3000_BIAS0.1_GG202603191711_3afc8e76/seed_42/best_beta_state_dict.pt

[TEST] Alpha -> F1(min)=0.4066 | F1(maj)=0.8881 | F1(weighted)=0.7721 | F1(macro)=0.6474 | Brier=0.1282
[TEST] Beta  -> F1(min)=0.5441 | F1(maj)=0.8968 | F1(weighted)=0.8118 | F1(macro)=0.7205 | Brier=0.1272
[TestSuite] Final test metrics appended to (seed): training_runs/SPECcurr_standard_EP200_PCA10_REWfairness_minID1_majID0_TRJ2000_REAL3000_BIAS0.1_GG202603191711_3afc8e76/seed_42/final_test_metrics.csv
[TestSuite] Final test metrics appended to (experiment): training_runs/SPECcurr_standard_EP200_PCA10_REWfairness_minID1_majID0_TRJ2000_REAL3000_BIAS0.1_GG202603191711_3afc8e76/final_test_metrics.csv
Total time 1268.61s
[Tracker] Finished. Run folder: training_runs/SPECcurr_standard_EP200_PCA10_REWfairness_minID1_majID0_TRJ2000_REAL3000_BIAS0.1_GG202603191711_3afc8e76/seed_42
