[main] spec=curr_aggressive.json device=cuda:1
[main] exp_group=SPEC_curr_aggressive_bf72808e__G202603191711
[main] seeds=[42]
[main] ---- running seed=42 ----
FFNN Using device: cuda:1
FFNN Using device: cuda:1
[Tracker] Experiment: SPECcurr_aggressive_EP200_PCA10_REWfairness_minID1_majID0_TRJ2000_REAL3000_BIAS0.1_GG202603191711_74998d2d
[Tracker] Seed folder: training_runs/SPECcurr_aggressive_EP200_PCA10_REWfairness_minID1_majID0_TRJ2000_REAL3000_BIAS0.1_GG202603191711_74998d2d/seed_42
[Tracker] Run: 2026-03-19_17-11-25_seed42_26511_595df7ba
[Tracker] Metrics CSV: training_runs/SPECcurr_aggressive_EP200_PCA10_REWfairness_minID1_majID0_TRJ2000_REAL3000_BIAS0.1_GG202603191711_74998d2d/seed_42/metrics.csv
[Tracker] Mirroring console to: training_runs/SPECcurr_aggressive_EP200_PCA10_REWfairness_minID1_majID0_TRJ2000_REAL3000_BIAS0.1_GG202603191711_74998d2d/seed_42/console.log
[TRAIN] size=3000, minority=300 (10.00%)
[VAL] size=5493, minority=549 (9.99%)
[TEST] size=6513, minority=1569 (24.09%)
FFNN Using device: cuda:1
FFNN Using device: cuda:1
Beta will train with: 60.00% real data, 40.00% synthetic data: 
[disadv] group=1 per_g={0: 0.10507170855998993, 1: 0.27377745509147644} worst_4g=1.9454 soft_eo_alpha=0.1498
Anchors: 257 (disadv=1) sigma_anchor=0.8500
[Tracker] Alpha model state_dict saved to training_runs/SPECcurr_aggressive_EP200_PCA10_REWfairness_minID1_majID0_TRJ2000_REAL3000_BIAS0.1_GG202603191711_74998d2d/seed_42/alpha_state_dict.pt
[Tracker] Alpha model config saved to training_runs/SPECcurr_aggressive_EP200_PCA10_REWfairness_minID1_majID0_TRJ2000_REAL3000_BIAS0.1_GG202603191711_74998d2d/seed_42/ffnn_meta.json

============================================================
[Phase] Starting phase1_class1 | target_class=1 | episodes=200
============================================================
[Tracker] CSV header written with 44 columns.
[Tracker] Ep    1 | AvgR 0.0003 | Global 0.6838 | Local 0.1192 | F1_macro 0.6999 | WorstLoss 1.8683
[Tracker] New BEST synthetic [phase1_class1] (by global.global_obj: 0.683807) saved.
[Tracker] BEST β weights [phase1_class1] saved -> training_runs/SPECcurr_aggressive_EP200_PCA10_REWfairness_minID1_majID0_TRJ2000_REAL3000_BIAS0.1_GG202603191711_74998d2d/seed_42/best_beta_state_dict_phase1_class1.pt
[Tracker] Ep    2 | AvgR 0.0001 | Global 0.2700 | Local 0.1192 | F1_macro 0.6925 | WorstLoss 2.0443
[Tracker] Ep    3 | AvgR 0.0000 | Global 0.0103 | Local 0.1192 | F1_macro 0.6593 | WorstLoss 2.3955
[Tracker] Ep    4 | AvgR 0.0000 | Global 0.0140 | Local 0.1192 | F1_macro 0.6797 | WorstLoss 2.3667
[Tracker] Ep    5 | AvgR 0.0002 | Global 0.4412 | Local 0.1192 | F1_macro 0.7102 | WorstLoss 1.9682
[Tracker] Saved snapshot: ep0005_phase1_class1
[Tracker] Ep    6 | AvgR 0.0000 | Global 0.0060 | Local 0.1192 | F1_macro 0.6714 | WorstLoss 2.4516
[Tracker] Ep    7 | AvgR 0.0000 | Global 0.0578 | Local 0.1192 | F1_macro 0.6742 | WorstLoss 2.2205
[Tracker] Ep    8 | AvgR 0.0004 | Global 0.7010 | Local 0.1192 | F1_macro 0.7205 | WorstLoss 1.8602
[Tracker] New BEST synthetic [phase1_class1] (by global.global_obj: 0.700967) saved.
[Tracker] BEST β weights [phase1_class1] saved -> training_runs/SPECcurr_aggressive_EP200_PCA10_REWfairness_minID1_majID0_TRJ2000_REAL3000_BIAS0.1_GG202603191711_74998d2d/seed_42/best_beta_state_dict_phase1_class1.pt
[Tracker] Ep    9 | AvgR 0.0003 | Global 0.5928 | Local 0.1192 | F1_macro 0.7220 | WorstLoss 1.9051
[Tracker] Ep   10 | AvgR 0.0000 | Global 0.0007 | Local 0.1192 | F1_macro 0.6693 | WorstLoss 2.6708
[Tracker] Saved snapshot: ep0010_phase1_class1
[Tracker] Ep   11 | AvgR 0.0004 | Global 0.8944 | Local 0.1192 | F1_macro 0.7285 | WorstLoss 1.7318
[Tracker] New BEST synthetic [phase1_class1] (by global.global_obj: 0.894432) saved.
[Tracker] BEST β weights [phase1_class1] saved -> training_runs/SPECcurr_aggressive_EP200_PCA10_REWfairness_minID1_majID0_TRJ2000_REAL3000_BIAS0.1_GG202603191711_74998d2d/seed_42/best_beta_state_dict_phase1_class1.pt
[Tracker] Ep   12 | AvgR 0.0004 | Global 0.7431 | Local 0.1192 | F1_macro 0.7114 | WorstLoss 1.8392
[Tracker] Ep   13 | AvgR 0.0004 | Global 0.8254 | Local 0.1192 | F1_macro 0.7249 | WorstLoss 1.7885
[Tracker] Ep   14 | AvgR 0.0000 | Global 0.0763 | Local 0.1192 | F1_macro 0.6939 | WorstLoss 2.1925
[Tracker] Ep   15 | AvgR 0.0000 | Global 0.0091 | Local 0.1192 | F1_macro 0.6635 | WorstLoss 2.4107
[Tracker] Saved snapshot: ep0015_phase1_class1
[Tracker] Ep   16 | AvgR 0.0004 | Global 0.8099 | Local 0.1192 | F1_macro 0.7153 | WorstLoss 1.7963
[Tracker] Ep   17 | AvgR 0.0004 | Global 0.8344 | Local 0.1192 | F1_macro 0.7183 | WorstLoss 1.7837
[Tracker] Ep   18 | AvgR 0.0000 | Global 0.0283 | Local 0.1192 | F1_macro 0.6865 | WorstLoss 2.2949
[Tracker] Ep   19 | AvgR 0.0000 | Global 0.0067 | Local 0.1192 | F1_macro 0.6592 | WorstLoss 2.4415
[Tracker] Ep   20 | AvgR 0.0000 | Global 0.0006 | Local 0.1192 | F1_macro 0.6699 | WorstLoss 2.6812
[Tracker] Saved snapshot: ep0020_phase1_class1
[Tracker] Ep   21 | AvgR 0.0001 | Global 0.2340 | Local 0.1192 | F1_macro 0.6560 | WorstLoss 2.0600
[Tracker] Ep   22 | AvgR 0.0000 | Global 0.0478 | Local 0.1192 | F1_macro 0.6321 | WorstLoss 2.2404
[Tracker] Ep   23 | AvgR 0.0000 | Global 0.0028 | Local 0.1192 | F1_macro 0.6726 | WorstLoss 2.5274
[Tracker] Ep   24 | AvgR 0.0001 | Global 0.2850 | Local 0.1192 | F1_macro 0.6577 | WorstLoss 2.0334
[Tracker] Ep   25 | AvgR 0.0000 | Global 0.0124 | Local 0.1192 | F1_macro 0.6516 | WorstLoss 2.3799
[Tracker] Saved snapshot: ep0025_phase1_class1
[Tracker] Ep   26 | AvgR 0.0001 | Global 0.2254 | Local 0.1192 | F1_macro 0.6646 | WorstLoss 2.0654
[Tracker] Ep   27 | AvgR 0.0000 | Global 0.0002 | Local 0.1192 | F1_macro 0.6849 | WorstLoss 2.7874
[Tracker] Ep   28 | AvgR 0.0000 | Global 0.0035 | Local 0.1192 | F1_macro 0.6413 | WorstLoss 2.5074
[Tracker] Ep   29 | AvgR 0.0000 | Global 0.0387 | Local 0.1192 | F1_macro 0.6430 | WorstLoss 2.2626
[Tracker] Ep   30 | AvgR 0.0001 | Global 0.2330 | Local 0.1192 | F1_macro 0.6712 | WorstLoss 2.0609
[Tracker] Saved snapshot: ep0030_phase1_class1
[Tracker] Ep   31 | AvgR 0.0000 | Global 0.0028 | Local 0.1192 | F1_macro 0.6376 | WorstLoss 2.5273
[Tracker] Ep   32 | AvgR 0.0001 | Global 0.1575 | Local 0.1192 | F1_macro 0.6420 | WorstLoss 2.1088
[Tracker] Ep   33 | AvgR 0.0000 | Global 0.0221 | Local 0.1192 | F1_macro 0.6300 | WorstLoss 2.3214
[Tracker] Ep   34 | AvgR 0.0000 | Global 0.0736 | Local 0.1192 | F1_macro 0.6383 | WorstLoss 2.1942
[Tracker] Ep   35 | AvgR 0.0001 | Global 0.1930 | Local 0.1192 | F1_macro 0.6255 | WorstLoss 2.0831
[Tracker] Saved snapshot: ep0035_phase1_class1
[Tracker] Ep   36 | AvgR 0.0000 | Global 0.0336 | Local 0.1192 | F1_macro 0.6268 | WorstLoss 2.2755
[Tracker] Ep   37 | AvgR 0.0000 | Global 0.0736 | Local 0.1192 | F1_macro 0.6440 | WorstLoss 2.1953
[Tracker] Ep   38 | AvgR 0.0000 | Global 0.0153 | Local 0.1192 | F1_macro 0.6299 | WorstLoss 2.3582
[Tracker] Ep   39 | AvgR 0.0000 | Global 0.0242 | Local 0.1192 | F1_macro 0.6486 | WorstLoss 2.3116
[Tracker] Ep   40 | AvgR 0.0000 | Global 0.0680 | Local 0.1192 | F1_macro 0.6590 | WorstLoss 2.2039
[Tracker] Saved snapshot: ep0040_phase1_class1
[Tracker] Ep   41 | AvgR 0.0002 | Global 0.3389 | Local 0.1192 | F1_macro 0.6627 | WorstLoss 2.0072
[Tracker] Ep   42 | AvgR 0.0001 | Global 0.1815 | Local 0.1192 | F1_macro 0.6744 | WorstLoss 2.0932
[Tracker] Ep   43 | AvgR 0.0001 | Global 0.2109 | Local 0.1192 | F1_macro 0.6566 | WorstLoss 2.0724
[Tracker] Ep   44 | AvgR 0.0002 | Global 0.3211 | Local 0.1192 | F1_macro 0.6812 | WorstLoss 2.0144
[Tracker] Ep   45 | AvgR 0.0001 | Global 0.1021 | Local 0.1192 | F1_macro 0.6365 | WorstLoss 2.1592
[Tracker] Saved snapshot: ep0045_phase1_class1
[Tracker] Ep   46 | AvgR 0.0000 | Global 0.0179 | Local 0.1192 | F1_macro 0.6456 | WorstLoss 2.3417
[Tracker] Ep   47 | AvgR 0.0001 | Global 0.1548 | Local 0.1192 | F1_macro 0.6394 | WorstLoss 2.1104
[Tracker] Ep   48 | AvgR 0.0002 | Global 0.4742 | Local 0.1192 | F1_macro 0.6655 | WorstLoss 1.9510
[Tracker] Ep   49 | AvgR 0.0001 | Global 0.1605 | Local 0.1192 | F1_macro 0.6445 | WorstLoss 2.1069
[Tracker] Ep   50 | AvgR 0.0002 | Global 0.3928 | Local 0.1192 | F1_macro 0.6648 | WorstLoss 1.9839
[Tracker] Saved snapshot: ep0050_phase1_class1
[Tracker] Ep   51 | AvgR 0.0000 | Global 0.0253 | Local 0.1192 | F1_macro 0.6576 | WorstLoss 2.3068
[Tracker] Ep   52 | AvgR 0.0000 | Global 0.0616 | Local 0.1192 | F1_macro 0.6365 | WorstLoss 2.2141
[Tracker] Ep   53 | AvgR 0.0002 | Global 0.3583 | Local 0.1192 | F1_macro 0.6716 | WorstLoss 1.9999
[Tracker] Ep   54 | AvgR 0.0001 | Global 0.1186 | Local 0.1192 | F1_macro 0.6420 | WorstLoss 2.1427
[Tracker] Ep   55 | AvgR 0.0001 | Global 0.1786 | Local 0.1192 | F1_macro 0.6769 | WorstLoss 2.0955
[Tracker] Saved snapshot: ep0055_phase1_class1
[Tracker] Ep   56 | AvgR 0.0001 | Global 0.1645 | Local 0.1192 | F1_macro 0.6786 | WorstLoss 2.1060
[Tracker] Ep   57 | AvgR 0.0000 | Global 0.0544 | Local 0.1192 | F1_macro 0.6376 | WorstLoss 2.2262
[Tracker] Ep   58 | AvgR 0.0001 | Global 0.1086 | Local 0.1192 | F1_macro 0.6768 | WorstLoss 2.1546
[Tracker] Ep   59 | AvgR 0.0001 | Global 0.2506 | Local 0.1192 | F1_macro 0.6460 | WorstLoss 2.0500
[Tracker] Ep   60 | AvgR 0.0000 | Global 0.0509 | Local 0.1192 | F1_macro 0.6573 | WorstLoss 2.2353
[Tracker] Saved snapshot: ep0060_phase1_class1
[Tracker] Ep   61 | AvgR 0.0000 | Global 0.0347 | Local 0.1192 | F1_macro 0.6561 | WorstLoss 2.2751
[Tracker] Ep   62 | AvgR 0.0002 | Global 0.3628 | Local 0.1192 | F1_macro 0.6969 | WorstLoss 2.0008
[Tracker] Ep   63 | AvgR 0.0001 | Global 0.1573 | Local 0.1192 | F1_macro 0.6799 | WorstLoss 2.1115
[Tracker] Ep   64 | AvgR 0.0000 | Global 0.0310 | Local 0.1192 | F1_macro 0.6675 | WorstLoss 2.2865
[Tracker] Ep   65 | AvgR 0.0000 | Global 0.0809 | Local 0.1192 | F1_macro 0.6691 | WorstLoss 2.1861
[Tracker] Saved snapshot: ep0065_phase1_class1
[Tracker] Ep   66 | AvgR 0.0002 | Global 0.4285 | Local 0.1192 | F1_macro 0.6852 | WorstLoss 1.9715
[Tracker] Ep   67 | AvgR 0.0001 | Global 0.1076 | Local 0.1192 | F1_macro 0.6921 | WorstLoss 2.1557
[Tracker] Ep   68 | AvgR 0.0001 | Global 0.2327 | Local 0.1192 | F1_macro 0.6693 | WorstLoss 2.0613
[Tracker] Ep   69 | AvgR 0.0001 | Global 0.1915 | Local 0.1192 | F1_macro 0.6758 | WorstLoss 2.0871
[Tracker] Ep   70 | AvgR 0.0001 | Global 0.1078 | Local 0.1192 | F1_macro 0.6761 | WorstLoss 2.1550
[Tracker] Saved snapshot: ep0070_phase1_class1
[Tracker] Ep   71 | AvgR 0.0000 | Global 0.0775 | Local 0.1192 | F1_macro 0.6795 | WorstLoss 2.1909
[Tracker] Ep   72 | AvgR 0.0001 | Global 0.2613 | Local 0.1192 | F1_macro 0.6695 | WorstLoss 2.0465
[Tracker] Ep   73 | AvgR 0.0000 | Global 0.0681 | Local 0.1192 | F1_macro 0.6803 | WorstLoss 2.2057
[Tracker] Ep   74 | AvgR 0.0000 | Global 0.0801 | Local 0.1192 | F1_macro 0.6724 | WorstLoss 2.1874
[Tracker] Ep   75 | AvgR 0.0003 | Global 0.5019 | Local 0.1192 | F1_macro 0.7017 | WorstLoss 1.9422
[Tracker] Saved snapshot: ep0075_phase1_class1
[Tracker] Ep   76 | AvgR 0.0000 | Global 0.0438 | Local 0.1192 | F1_macro 0.6787 | WorstLoss 2.2529
[Tracker] Ep   77 | AvgR 0.0000 | Global 0.0041 | Local 0.1192 | F1_macro 0.6828 | WorstLoss 2.4927
[Tracker] Ep   78 | AvgR 0.0003 | Global 0.5195 | Local 0.1192 | F1_macro 0.6882 | WorstLoss 1.9336
[Tracker] Ep   79 | AvgR 0.0001 | Global 0.2484 | Local 0.1192 | F1_macro 0.6943 | WorstLoss 2.0551
[Tracker] Ep   80 | AvgR 0.0000 | Global 0.0455 | Local 0.1192 | F1_macro 0.6727 | WorstLoss 2.2478
[Tracker] Saved snapshot: ep0080_phase1_class1
[Tracker] Ep   81 | AvgR 0.0002 | Global 0.3889 | Local 0.1192 | F1_macro 0.6945 | WorstLoss 1.9877
[Tracker] Ep   82 | AvgR 0.0003 | Global 0.5041 | Local 0.1192 | F1_macro 0.7044 | WorstLoss 1.9422
[Tracker] Ep   83 | AvgR 0.0001 | Global 0.1372 | Local 0.1192 | F1_macro 0.7076 | WorstLoss 2.1279
[Tracker] Ep   84 | AvgR 0.0000 | Global 0.0857 | Local 0.1192 | F1_macro 0.6983 | WorstLoss 2.1816
[Tracker] Ep   85 | AvgR 0.0000 | Global 0.0801 | Local 0.1192 | F1_macro 0.7015 | WorstLoss 2.1879
[Tracker] Saved snapshot: ep0085_phase1_class1
[Tracker] Ep   86 | AvgR 0.0001 | Global 0.2465 | Local 0.1192 | F1_macro 0.6924 | WorstLoss 2.0556
[Tracker] Ep   87 | AvgR 0.0001 | Global 0.1862 | Local 0.1192 | F1_macro 0.6946 | WorstLoss 2.0921
[Tracker] Ep   88 | AvgR 0.0001 | Global 0.2405 | Local 0.1192 | F1_macro 0.6744 | WorstLoss 2.0581
[Tracker] Ep   89 | AvgR 0.0001 | Global 0.1958 | Local 0.1192 | F1_macro 0.6953 | WorstLoss 2.0862
[Tracker] Ep   90 | AvgR 0.0000 | Global 0.0105 | Local 0.1192 | F1_macro 0.6793 | WorstLoss 2.3984
[Tracker] Saved snapshot: ep0090_phase1_class1
[Tracker] Ep   91 | AvgR 0.0000 | Global 0.0358 | Local 0.1192 | F1_macro 0.6962 | WorstLoss 2.2725
[Tracker] Ep   92 | AvgR 0.0001 | Global 0.1956 | Local 0.1192 | F1_macro 0.6939 | WorstLoss 2.0851
[Tracker] Ep   93 | AvgR 0.0001 | Global 0.2209 | Local 0.1192 | F1_macro 0.6937 | WorstLoss 2.0692
[Tracker] Ep   94 | AvgR 0.0001 | Global 0.2005 | Local 0.1192 | F1_macro 0.6861 | WorstLoss 2.0818
[Tracker] Ep   95 | AvgR 0.0002 | Global 0.3715 | Local 0.1192 | F1_macro 0.7092 | WorstLoss 1.9970
[Tracker] Saved snapshot: ep0095_phase1_class1
[Tracker] Ep   96 | AvgR 0.0003 | Global 0.5154 | Local 0.1192 | F1_macro 0.7154 | WorstLoss 1.9384
[Tracker] Ep   97 | AvgR 0.0001 | Global 0.2117 | Local 0.1192 | F1_macro 0.6897 | WorstLoss 2.0760
[Tracker] Ep   98 | AvgR 0.0002 | Global 0.3277 | Local 0.1192 | F1_macro 0.7016 | WorstLoss 2.0166
[Tracker] Ep   99 | AvgR 0.0001 | Global 0.2916 | Local 0.1192 | F1_macro 0.6957 | WorstLoss 2.0330
[Tracker] Ep  100 | AvgR 0.0002 | Global 0.4179 | Local 0.1192 | F1_macro 0.7058 | WorstLoss 1.9782
[Tracker] Saved snapshot: ep0100_phase1_class1
[Tracker] Ep  101 | AvgR 0.0003 | Global 0.5290 | Local 0.1192 | F1_macro 0.6995 | WorstLoss 1.9322
[Tracker] Ep  102 | AvgR 0.0003 | Global 0.6270 | Local 0.1192 | F1_macro 0.7137 | WorstLoss 1.8916
[Tracker] Ep  103 | AvgR 0.0002 | Global 0.4098 | Local 0.1192 | F1_macro 0.6858 | WorstLoss 1.9795
[Tracker] Ep  104 | AvgR 0.0002 | Global 0.4637 | Local 0.1192 | F1_macro 0.6961 | WorstLoss 1.9580
[Tracker] Ep  105 | AvgR 0.0004 | Global 0.7563 | Local 0.1192 | F1_macro 0.7039 | WorstLoss 1.8277
[Tracker] Saved snapshot: ep0105_phase1_class1
[Tracker] Ep  106 | AvgR 0.0003 | Global 0.6196 | Local 0.1192 | F1_macro 0.7094 | WorstLoss 1.8959
[Tracker] Ep  107 | AvgR 0.0001 | Global 0.1126 | Local 0.1192 | F1_macro 0.6891 | WorstLoss 2.1508
[Tracker] Ep  108 | AvgR 0.0001 | Global 0.1131 | Local 0.1192 | F1_macro 0.6959 | WorstLoss 2.1506
[Tracker] Ep  109 | AvgR 0.0001 | Global 0.1825 | Local 0.1192 | F1_macro 0.6930 | WorstLoss 2.0944
[Tracker] Ep  110 | AvgR 0.0002 | Global 0.3751 | Local 0.1192 | F1_macro 0.7022 | WorstLoss 1.9955
[Tracker] Saved snapshot: ep0110_phase1_class1
[Tracker] Ep  111 | AvgR 0.0003 | Global 0.6084 | Local 0.1192 | F1_macro 0.7082 | WorstLoss 1.8994
[Tracker] Ep  112 | AvgR 0.0001 | Global 0.2974 | Local 0.1192 | F1_macro 0.6972 | WorstLoss 2.0309
[Tracker] Ep  113 | AvgR 0.0003 | Global 0.5800 | Local 0.1192 | F1_macro 0.7087 | WorstLoss 1.9088
[Tracker] Ep  114 | AvgR 0.0004 | Global 0.7743 | Local 0.1192 | F1_macro 0.7089 | WorstLoss 1.8202
[Tracker] Ep  115 | AvgR 0.0003 | Global 0.5233 | Local 0.1192 | F1_macro 0.6875 | WorstLoss 1.9337
[Tracker] Saved snapshot: ep0115_phase1_class1
[Tracker] Ep  116 | AvgR 0.0003 | Global 0.6112 | Local 0.1192 | F1_macro 0.7033 | WorstLoss 1.8997
[Tracker] Ep  117 | AvgR 0.0003 | Global 0.6206 | Local 0.1192 | F1_macro 0.7086 | WorstLoss 1.8950
[Tracker] Ep  118 | AvgR 0.0001 | Global 0.1892 | Local 0.1192 | F1_macro 0.7162 | WorstLoss 2.0903
[Tracker] Ep  119 | AvgR 0.0002 | Global 0.4886 | Local 0.1192 | F1_macro 0.7127 | WorstLoss 1.9492
[Tracker] Ep  120 | AvgR 0.0004 | Global 0.7356 | Local 0.1192 | F1_macro 0.7182 | WorstLoss 1.8420
[Tracker] Saved snapshot: ep0120_phase1_class1
[Tracker] Ep  121 | AvgR 0.0002 | Global 0.3408 | Local 0.1192 | F1_macro 0.7124 | WorstLoss 2.0105
[Tracker] Ep  122 | AvgR 0.0001 | Global 0.1556 | Local 0.1192 | F1_macro 0.6936 | WorstLoss 2.1132
[Tracker] Ep  123 | AvgR 0.0000 | Global 0.0286 | Local 0.1192 | F1_macro 0.7029 | WorstLoss 2.2964
[Tracker] Ep  124 | AvgR 0.0000 | Global 0.0363 | Local 0.1192 | F1_macro 0.6950 | WorstLoss 2.2721
[Tracker] Ep  125 | AvgR 0.0001 | Global 0.1152 | Local 0.1192 | F1_macro 0.7042 | WorstLoss 2.1476
[Tracker] Saved snapshot: ep0125_phase1_class1
[Tracker] Ep  126 | AvgR 0.0001 | Global 0.1608 | Local 0.1192 | F1_macro 0.6999 | WorstLoss 2.1097
[Tracker] Ep  127 | AvgR 0.0002 | Global 0.3110 | Local 0.1192 | F1_macro 0.7207 | WorstLoss 2.0234
[Tracker] Ep  128 | AvgR 0.0000 | Global 0.0103 | Local 0.1192 | F1_macro 0.6940 | WorstLoss 2.3999
[Tracker] Ep  129 | AvgR 0.0001 | Global 0.1241 | Local 0.1192 | F1_macro 0.7149 | WorstLoss 2.1399
[Tracker] Ep  130 | AvgR 0.0000 | Global 0.0990 | Local 0.1192 | F1_macro 0.7109 | WorstLoss 2.1651
[Tracker] Saved snapshot: ep0130_phase1_class1
[Tracker] Ep  131 | AvgR 0.0000 | Global 0.0497 | Local 0.1192 | F1_macro 0.7161 | WorstLoss 2.2396
[Tracker] Ep  132 | AvgR 0.0000 | Global 0.0216 | Local 0.1192 | F1_macro 0.7091 | WorstLoss 2.3248
[Tracker] Ep  133 | AvgR 0.0000 | Global 0.0701 | Local 0.1192 | F1_macro 0.7040 | WorstLoss 2.2024
[Tracker] Ep  134 | AvgR 0.0001 | Global 0.1932 | Local 0.1192 | F1_macro 0.7134 | WorstLoss 2.0877
[Tracker] Ep  135 | AvgR 0.0000 | Global 0.0057 | Local 0.1192 | F1_macro 0.7041 | WorstLoss 2.4606
[Tracker] Saved snapshot: ep0135_phase1_class1
[Tracker] Ep  136 | AvgR 0.0005 | Global 0.9402 | Local 0.1192 | F1_macro 0.7207 | WorstLoss 1.6554
[Tracker] New BEST synthetic [phase1_class1] (by global.global_obj: 0.940183) saved.
[Tracker] BEST β weights [phase1_class1] saved -> training_runs/SPECcurr_aggressive_EP200_PCA10_REWfairness_minID1_majID0_TRJ2000_REAL3000_BIAS0.1_GG202603191711_74998d2d/seed_42/best_beta_state_dict_phase1_class1.pt
[Tracker] Ep  137 | AvgR 0.0000 | Global 0.0542 | Local 0.1192 | F1_macro 0.7133 | WorstLoss 2.2302
[Tracker] Ep  138 | AvgR 0.0001 | Global 0.2464 | Local 0.1192 | F1_macro 0.7223 | WorstLoss 2.0566
[Tracker] Ep  139 | AvgR 0.0000 | Global 0.0251 | Local 0.1192 | F1_macro 0.7090 | WorstLoss 2.3106
[Tracker] Ep  140 | AvgR 0.0001 | Global 0.2437 | Local 0.1192 | F1_macro 0.6999 | WorstLoss 2.0573
[Tracker] Saved snapshot: ep0140_phase1_class1
[Tracker] Ep  141 | AvgR 0.0004 | Global 0.8155 | Local 0.1192 | F1_macro 0.7027 | WorstLoss 1.7887
[Tracker] Ep  142 | AvgR 0.0002 | Global 0.4310 | Local 0.1192 | F1_macro 0.7218 | WorstLoss 1.9721
[Tracker] Ep  143 | AvgR 0.0000 | Global 0.0123 | Local 0.1192 | F1_macro 0.6919 | WorstLoss 2.3827
[Tracker] Ep  144 | AvgR 0.0004 | Global 0.7166 | Local 0.1192 | F1_macro 0.7105 | WorstLoss 1.8493
[Tracker] Ep  145 | AvgR 0.0000 | Global 0.0868 | Local 0.1192 | F1_macro 0.6873 | WorstLoss 2.1785
[Tracker] Saved snapshot: ep0145_phase1_class1
[Tracker] Ep  146 | AvgR 0.0000 | Global 0.0380 | Local 0.1192 | F1_macro 0.6971 | WorstLoss 2.2671
[Tracker] Ep  147 | AvgR 0.0002 | Global 0.3153 | Local 0.1192 | F1_macro 0.6942 | WorstLoss 2.0214
[Tracker] Ep  148 | AvgR 0.0001 | Global 0.2307 | Local 0.1192 | F1_macro 0.7069 | WorstLoss 2.0650
[Tracker] Ep  149 | AvgR 0.0003 | Global 0.5170 | Local 0.1192 | F1_macro 0.7268 | WorstLoss 1.9377
[Tracker] Ep  150 | AvgR 0.0003 | Global 0.6262 | Local 0.1192 | F1_macro 0.6922 | WorstLoss 1.8901
[Tracker] Saved snapshot: ep0150_phase1_class1
[Tracker] Ep  151 | AvgR 0.0000 | Global 0.0708 | Local 0.1192 | F1_macro 0.7026 | WorstLoss 2.2013
[Tracker] Ep  152 | AvgR 0.0004 | Global 0.8324 | Local 0.1192 | F1_macro 0.7125 | WorstLoss 1.7806
[Tracker] Ep  153 | AvgR 0.0005 | Global 0.9061 | Local 0.1192 | F1_macro 0.7302 | WorstLoss 1.7167
[Tracker] Ep  154 | AvgR 0.0003 | Global 0.5547 | Local 0.1192 | F1_macro 0.7012 | WorstLoss 1.9202
[Tracker] Ep  155 | AvgR 0.0004 | Global 0.8357 | Local 0.1192 | F1_macro 0.7081 | WorstLoss 1.7761
[Tracker] Saved snapshot: ep0155_phase1_class1
[Tracker] Ep  156 | AvgR 0.0005 | Global 0.9280 | Local 0.1192 | F1_macro 0.7190 | WorstLoss 1.6761
[Tracker] Ep  157 | AvgR 0.0002 | Global 0.3331 | Local 0.1192 | F1_macro 0.7032 | WorstLoss 2.0134
[Tracker] Ep  158 | AvgR 0.0004 | Global 0.7286 | Local 0.1192 | F1_macro 0.7120 | WorstLoss 1.8418
[Tracker] Ep  159 | AvgR 0.0002 | Global 0.4398 | Local 0.1192 | F1_macro 0.7083 | WorstLoss 1.9686
[Tracker] Ep  160 | AvgR 0.0004 | Global 0.8428 | Local 0.1192 | F1_macro 0.7173 | WorstLoss 1.7721
[Tracker] Saved snapshot: ep0160_phase1_class1
[Tracker] Ep  161 | AvgR 0.0004 | Global 0.7579 | Local 0.1192 | F1_macro 0.7128 | WorstLoss 1.8251
[Tracker] Ep  162 | AvgR 0.0005 | Global 0.9283 | Local 0.1192 | F1_macro 0.7094 | WorstLoss 1.6718
[Tracker] Ep  163 | AvgR 0.0004 | Global 0.7940 | Local 0.1192 | F1_macro 0.7145 | WorstLoss 1.8047
[Tracker] Ep  164 | AvgR 0.0001 | Global 0.1747 | Local 0.1192 | F1_macro 0.7028 | WorstLoss 2.0994
[Tracker] Ep  165 | AvgR 0.0004 | Global 0.8630 | Local 0.1192 | F1_macro 0.6989 | WorstLoss 1.7515
[Tracker] Saved snapshot: ep0165_phase1_class1
[Tracker] Ep  166 | AvgR 0.0003 | Global 0.5868 | Local 0.1192 | F1_macro 0.7062 | WorstLoss 1.9080
[Tracker] Ep  167 | AvgR 0.0004 | Global 0.8003 | Local 0.1192 | F1_macro 0.7029 | WorstLoss 1.7999
[Tracker] Ep  168 | AvgR 0.0004 | Global 0.8118 | Local 0.1192 | F1_macro 0.7231 | WorstLoss 1.7956
[Tracker] Ep  169 | AvgR 0.0005 | Global 0.9294 | Local 0.1192 | F1_macro 0.7270 | WorstLoss 1.6844
[Tracker] Ep  170 | AvgR 0.0004 | Global 0.8735 | Local 0.1192 | F1_macro 0.7175 | WorstLoss 1.7474
[Tracker] Saved snapshot: ep0170_phase1_class1
[Tracker] Ep  171 | AvgR 0.0003 | Global 0.6798 | Local 0.1192 | F1_macro 0.7151 | WorstLoss 1.8681
[Tracker] Ep  172 | AvgR 0.0001 | Global 0.1500 | Local 0.1192 | F1_macro 0.7063 | WorstLoss 2.1175
[Tracker] Ep  173 | AvgR 0.0002 | Global 0.4092 | Local 0.1192 | F1_macro 0.6922 | WorstLoss 1.9803
[Tracker] Ep  174 | AvgR 0.0004 | Global 0.7200 | Local 0.1192 | F1_macro 0.7088 | WorstLoss 1.8482
[Tracker] Ep  175 | AvgR 0.0004 | Global 0.7747 | Local 0.1192 | F1_macro 0.7044 | WorstLoss 1.8184
[Tracker] Saved snapshot: ep0175_phase1_class1
[Tracker] Ep  176 | AvgR 0.0001 | Global 0.1103 | Local 0.1192 | F1_macro 0.7137 | WorstLoss 2.1524
[Tracker] Ep  177 | AvgR 0.0005 | Global 0.9644 | Local 0.1192 | F1_macro 0.7103 | WorstLoss 1.5772
[Tracker] New BEST synthetic [phase1_class1] (by global.global_obj: 0.964393) saved.
[Tracker] BEST β weights [phase1_class1] saved -> training_runs/SPECcurr_aggressive_EP200_PCA10_REWfairness_minID1_majID0_TRJ2000_REAL3000_BIAS0.1_GG202603191711_74998d2d/seed_42/best_beta_state_dict_phase1_class1.pt
[Tracker] Ep  178 | AvgR 0.0004 | Global 0.8260 | Local 0.1192 | F1_macro 0.7234 | WorstLoss 1.7843
[Tracker] Ep  179 | AvgR 0.0004 | Global 0.7351 | Local 0.1192 | F1_macro 0.7048 | WorstLoss 1.8403
[Tracker] Ep  180 | AvgR 0.0004 | Global 0.7459 | Local 0.1192 | F1_macro 0.7198 | WorstLoss 1.8359
[Tracker] Saved snapshot: ep0180_phase1_class1
[Tracker] Ep  181 | AvgR 0.0002 | Global 0.3505 | Local 0.1192 | F1_macro 0.7034 | WorstLoss 2.0063
[Tracker] Ep  182 | AvgR 0.0003 | Global 0.5192 | Local 0.1192 | F1_macro 0.7072 | WorstLoss 1.9361
[Tracker] Ep  183 | AvgR 0.0004 | Global 0.8354 | Local 0.1192 | F1_macro 0.6893 | WorstLoss 1.7777
[Tracker] Ep  184 | AvgR 0.0001 | Global 0.2745 | Local 0.1192 | F1_macro 0.6931 | WorstLoss 2.0414
[Tracker] Ep  185 | AvgR 0.0001 | Global 0.1679 | Local 0.1192 | F1_macro 0.6926 | WorstLoss 2.1041
[Tracker] Saved snapshot: ep0185_phase1_class1
[Tracker] Ep  186 | AvgR 0.0005 | Global 0.9631 | Local 0.1192 | F1_macro 0.7055 | WorstLoss 1.6015
[Tracker] Ep  187 | AvgR 0.0003 | Global 0.5409 | Local 0.1192 | F1_macro 0.7267 | WorstLoss 1.9278
[Tracker] Ep  188 | AvgR 0.0004 | Global 0.7165 | Local 0.1192 | F1_macro 0.7014 | WorstLoss 1.8507
[Tracker] Ep  189 | AvgR 0.0003 | Global 0.5985 | Local 0.1192 | F1_macro 0.7087 | WorstLoss 1.9045
[Tracker] Ep  190 | AvgR 0.0004 | Global 0.7305 | Local 0.1192 | F1_macro 0.7035 | WorstLoss 1.8428
[Tracker] Saved snapshot: ep0190_phase1_class1
[Tracker] Ep  191 | AvgR 0.0003 | Global 0.6590 | Local 0.1192 | F1_macro 0.6873 | WorstLoss 1.8773
[Tracker] Ep  192 | AvgR 0.0004 | Global 0.7096 | Local 0.1192 | F1_macro 0.6942 | WorstLoss 1.8520
[Tracker] Ep  193 | AvgR 0.0005 | Global 0.9035 | Local 0.1192 | F1_macro 0.7102 | WorstLoss 1.7162
[Tracker] Ep  194 | AvgR 0.0004 | Global 0.7859 | Local 0.1192 | F1_macro 0.6958 | WorstLoss 1.8127
[Tracker] Ep  195 | AvgR 0.0003 | Global 0.6042 | Local 0.1192 | F1_macro 0.7032 | WorstLoss 1.9013
[Tracker] Saved snapshot: ep0195_phase1_class1
[Tracker] Ep  196 | AvgR 0.0004 | Global 0.7608 | Local 0.1192 | F1_macro 0.7214 | WorstLoss 1.8275
[Tracker] Ep  197 | AvgR 0.0002 | Global 0.4148 | Local 0.1192 | F1_macro 0.7132 | WorstLoss 1.9791
[Tracker] Ep  198 | AvgR 0.0002 | Global 0.3629 | Local 0.1192 | F1_macro 0.6863 | WorstLoss 1.9999
[Tracker] Ep  199 | AvgR 0.0004 | Global 0.7874 | Local 0.1192 | F1_macro 0.6959 | WorstLoss 1.8098
[Tracker] Ep  200 | AvgR 0.0004 | Global 0.7484 | Local 0.1192 | F1_macro 0.7138 | WorstLoss 1.8342
[Tracker] Saved snapshot: ep0200_phase1_class1
[Phase] Finished phase1_class1 | best global_obj=0.9644
Phase 2 anchors: 1617 (y=0 & disadv=1)
FFNN Using device: cuda:1

============================================================
[Phase] Starting phase2_class0 | target_class=0 | episodes=50
============================================================
[Tracker] Ep    1 | AvgR 0.0004 | Global 0.7941 | Local 0.1192 | F1_macro 0.6831 | WorstLoss 1.7952
[Tracker] New BEST synthetic [phase2_class0] (by global.global_obj: 0.794078) saved.
[Tracker] BEST β weights [phase2_class0] saved -> training_runs/SPECcurr_aggressive_EP200_PCA10_REWfairness_minID1_majID0_TRJ2000_REAL3000_BIAS0.1_GG202603191711_74998d2d/seed_42/best_beta_state_dict_phase2_class0.pt
[Tracker] Ep    2 | AvgR 0.0005 | Global 0.9501 | Local 0.1192 | F1_macro 0.6972 | WorstLoss 1.5976
[Tracker] New BEST synthetic [phase2_class0] (by global.global_obj: 0.950101) saved.
[Tracker] BEST β weights [phase2_class0] saved -> training_runs/SPECcurr_aggressive_EP200_PCA10_REWfairness_minID1_majID0_TRJ2000_REAL3000_BIAS0.1_GG202603191711_74998d2d/seed_42/best_beta_state_dict_phase2_class0.pt
[Tracker] Ep    3 | AvgR 0.0004 | Global 0.7937 | Local 0.1192 | F1_macro 0.6864 | WorstLoss 1.7949
[Tracker] Ep    4 | AvgR 0.0005 | Global 0.9599 | Local 0.1192 | F1_macro 0.6975 | WorstLoss 1.5716
[Tracker] New BEST synthetic [phase2_class0] (by global.global_obj: 0.959944) saved.
[Tracker] BEST β weights [phase2_class0] saved -> training_runs/SPECcurr_aggressive_EP200_PCA10_REWfairness_minID1_majID0_TRJ2000_REAL3000_BIAS0.1_GG202603191711_74998d2d/seed_42/best_beta_state_dict_phase2_class0.pt
[Tracker] Ep    5 | AvgR 0.0005 | Global 0.9485 | Local 0.1192 | F1_macro 0.7065 | WorstLoss 1.5737
[Tracker] Saved snapshot: ep0005_phase2_class0
[Tracker] Ep    6 | AvgR 0.0004 | Global 0.8435 | Local 0.1192 | F1_macro 0.7004 | WorstLoss 1.7674
[Tracker] Ep    7 | AvgR 0.0005 | Global 0.9295 | Local 0.1192 | F1_macro 0.6850 | WorstLoss 1.6490
[Tracker] Ep    8 | AvgR 0.0005 | Global 0.9600 | Local 0.1192 | F1_macro 0.6968 | WorstLoss 1.4850
[Tracker] New BEST synthetic [phase2_class0] (by global.global_obj: 0.960040) saved.
[Tracker] BEST β weights [phase2_class0] saved -> training_runs/SPECcurr_aggressive_EP200_PCA10_REWfairness_minID1_majID0_TRJ2000_REAL3000_BIAS0.1_GG202603191711_74998d2d/seed_42/best_beta_state_dict_phase2_class0.pt
[Tracker] Ep    9 | AvgR 0.0005 | Global 0.9589 | Local 0.1192 | F1_macro 0.7095 | WorstLoss 1.5980
[Tracker] Ep   10 | AvgR 0.0004 | Global 0.8707 | Local 0.1192 | F1_macro 0.6825 | WorstLoss 1.7256
[Tracker] Saved snapshot: ep0010_phase2_class0
[Tracker] Ep   11 | AvgR 0.0005 | Global 0.9345 | Local 0.1192 | F1_macro 0.6977 | WorstLoss 1.6365
[Tracker] Ep   12 | AvgR 0.0004 | Global 0.8670 | Local 0.1192 | F1_macro 0.6857 | WorstLoss 1.7298
[Tracker] Ep   13 | AvgR 0.0005 | Global 0.9072 | Local 0.1192 | F1_macro 0.6780 | WorstLoss 1.6838
[Tracker] Ep   14 | AvgR 0.0004 | Global 0.8700 | Local 0.1192 | F1_macro 0.6852 | WorstLoss 1.7287
[Tracker] Ep   15 | AvgR 0.0003 | Global 0.6952 | Local 0.1192 | F1_macro 0.6923 | WorstLoss 1.8579
[Tracker] Saved snapshot: ep0015_phase2_class0
[Tracker] Ep   16 | AvgR 0.0004 | Global 0.8715 | Local 0.1192 | F1_macro 0.6968 | WorstLoss 1.7234
[Tracker] Ep   17 | AvgR 0.0005 | Global 0.9633 | Local 0.1192 | F1_macro 0.7025 | WorstLoss 1.5645
[Tracker] New BEST synthetic [phase2_class0] (by global.global_obj: 0.963313) saved.
[Tracker] BEST β weights [phase2_class0] saved -> training_runs/SPECcurr_aggressive_EP200_PCA10_REWfairness_minID1_majID0_TRJ2000_REAL3000_BIAS0.1_GG202603191711_74998d2d/seed_42/best_beta_state_dict_phase2_class0.pt
[Tracker] Ep   18 | AvgR 0.0002 | Global 0.3111 | Local 0.1192 | F1_macro 0.6764 | WorstLoss 2.0210
[Tracker] Ep   19 | AvgR 0.0002 | Global 0.4825 | Local 0.1192 | F1_macro 0.6843 | WorstLoss 1.9478
[Tracker] Ep   20 | AvgR 0.0004 | Global 0.8931 | Local 0.1192 | F1_macro 0.7000 | WorstLoss 1.7187
[Tracker] Saved snapshot: ep0020_phase2_class0
[Tracker] Ep   21 | AvgR 0.0004 | Global 0.8670 | Local 0.1192 | F1_macro 0.7111 | WorstLoss 1.7448
[Tracker] Ep   22 | AvgR 0.0004 | Global 0.8175 | Local 0.1192 | F1_macro 0.6910 | WorstLoss 1.7849
[Tracker] Ep   23 | AvgR 0.0004 | Global 0.8477 | Local 0.1192 | F1_macro 0.6715 | WorstLoss 1.7537
[Tracker] Ep   24 | AvgR 0.0005 | Global 0.9339 | Local 0.1192 | F1_macro 0.6725 | WorstLoss 1.6293
[Tracker] Ep   25 | AvgR 0.0002 | Global 0.4421 | Local 0.1192 | F1_macro 0.6891 | WorstLoss 1.9648
[Tracker] Saved snapshot: ep0025_phase2_class0
[Tracker] Ep   26 | AvgR 0.0005 | Global 0.9377 | Local 0.1192 | F1_macro 0.6874 | WorstLoss 1.6286
[Tracker] Ep   27 | AvgR 0.0004 | Global 0.7922 | Local 0.1192 | F1_macro 0.6616 | WorstLoss 1.7992
[Tracker] Ep   28 | AvgR 0.0004 | Global 0.8203 | Local 0.1192 | F1_macro 0.6851 | WorstLoss 1.7754
[Tracker] Ep   29 | AvgR 0.0005 | Global 0.9475 | Local 0.1192 | F1_macro 0.7087 | WorstLoss 1.5878
[Tracker] Ep   30 | AvgR 0.0004 | Global 0.7149 | Local 0.1192 | F1_macro 0.6853 | WorstLoss 1.8425
[Tracker] Saved snapshot: ep0030_phase2_class0
[Tracker] Ep   31 | AvgR 0.0005 | Global 0.9393 | Local 0.1192 | F1_macro 0.6980 | WorstLoss 1.6222
[Tracker] Ep   32 | AvgR 0.0004 | Global 0.7319 | Local 0.1192 | F1_macro 0.6961 | WorstLoss 1.8374
[Tracker] Ep   33 | AvgR 0.0005 | Global 0.9682 | Local 0.1192 | F1_macro 0.7155 | WorstLoss 1.5475
[Tracker] New BEST synthetic [phase2_class0] (by global.global_obj: 0.968238) saved.
[Tracker] BEST β weights [phase2_class0] saved -> training_runs/SPECcurr_aggressive_EP200_PCA10_REWfairness_minID1_majID0_TRJ2000_REAL3000_BIAS0.1_GG202603191711_74998d2d/seed_42/best_beta_state_dict_phase2_class0.pt
[Tracker] Ep   34 | AvgR 0.0005 | Global 0.9240 | Local 0.1192 | F1_macro 0.7126 | WorstLoss 1.6672
[Tracker] Ep   35 | AvgR 0.0004 | Global 0.7075 | Local 0.1192 | F1_macro 0.6921 | WorstLoss 1.8502
[Tracker] Saved snapshot: ep0035_phase2_class0
[Tracker] Ep   36 | AvgR 0.0005 | Global 0.9126 | Local 0.1192 | F1_macro 0.6790 | WorstLoss 1.6783
[Tracker] Ep   37 | AvgR 0.0004 | Global 0.8602 | Local 0.1192 | F1_macro 0.6967 | WorstLoss 1.7511
[Tracker] Ep   38 | AvgR 0.0005 | Global 0.9211 | Local 0.1192 | F1_macro 0.6999 | WorstLoss 1.6657
[Tracker] Ep   39 | AvgR 0.0004 | Global 0.8533 | Local 0.1192 | F1_macro 0.6909 | WorstLoss 1.7524
[Tracker] Ep   40 | AvgR 0.0004 | Global 0.8993 | Local 0.1192 | F1_macro 0.6985 | WorstLoss 1.6984
[Tracker] Saved snapshot: ep0040_phase2_class0
[Tracker] Ep   41 | AvgR 0.0004 | Global 0.8402 | Local 0.1192 | F1_macro 0.7028 | WorstLoss 1.7639
[Tracker] Ep   42 | AvgR 0.0004 | Global 0.8140 | Local 0.1192 | F1_macro 0.6882 | WorstLoss 1.7841
[Tracker] Ep   43 | AvgR 0.0004 | Global 0.8132 | Local 0.1192 | F1_macro 0.6779 | WorstLoss 1.7825
[Tracker] Ep   44 | AvgR 0.0005 | Global 0.9449 | Local 0.1192 | F1_macro 0.7047 | WorstLoss 1.6170
[Tracker] Ep   45 | AvgR 0.0004 | Global 0.8032 | Local 0.1192 | F1_macro 0.6992 | WorstLoss 1.7953
[Tracker] Saved snapshot: ep0045_phase2_class0
[Tracker] Ep   46 | AvgR 0.0005 | Global 0.9248 | Local 0.1192 | F1_macro 0.7066 | WorstLoss 1.6731
[Tracker] Ep   47 | AvgR 0.0002 | Global 0.3134 | Local 0.1192 | F1_macro 0.6860 | WorstLoss 2.0211
[Tracker] Ep   48 | AvgR 0.0005 | Global 0.9570 | Local 0.1192 | F1_macro 0.6961 | WorstLoss 1.5618
[Tracker] Ep   49 | AvgR 0.0005 | Global 0.9563 | Local 0.1192 | F1_macro 0.7092 | WorstLoss 1.5591
[Tracker] Ep   50 | AvgR 0.0004 | Global 0.8328 | Local 0.1192 | F1_macro 0.6992 | WorstLoss 1.7698
[Tracker] Saved snapshot: ep0050_phase2_class0
[Phase] Finished phase2_class0 | best global_obj=0.9682
FFNN Using device: cuda:1
[Combined] Saved combined beta -> training_runs/SPECcurr_aggressive_EP200_PCA10_REWfairness_minID1_majID0_TRJ2000_REAL3000_BIAS0.1_GG202603191711_74998d2d/seed_42/best_beta_state_dict.pt
[Combined] Saved combined synthetic -> training_runs/SPECcurr_aggressive_EP200_PCA10_REWfairness_minID1_majID0_TRJ2000_REAL3000_BIAS0.1_GG202603191711_74998d2d/seed_42/best_synthetic_combined.npz
FFNN Using device: cuda:1
[TestSuite] Loaded best β weights from: training_runs/SPECcurr_aggressive_EP200_PCA10_REWfairness_minID1_majID0_TRJ2000_REAL3000_BIAS0.1_GG202603191711_74998d2d/seed_42/best_beta_state_dict.pt

[TEST] Alpha -> F1(min)=0.4066 | F1(maj)=0.8881 | F1(weighted)=0.7721 | F1(macro)=0.6474 | Brier=0.1282
[TEST] Beta  -> F1(min)=0.5002 | F1(maj)=0.8881 | F1(weighted)=0.7947 | F1(macro)=0.6942 | Brier=0.1309
[TestSuite] Final test metrics appended to (seed): training_runs/SPECcurr_aggressive_EP200_PCA10_REWfairness_minID1_majID0_TRJ2000_REAL3000_BIAS0.1_GG202603191711_74998d2d/seed_42/final_test_metrics.csv
[TestSuite] Final test metrics appended to (experiment): training_runs/SPECcurr_aggressive_EP200_PCA10_REWfairness_minID1_majID0_TRJ2000_REAL3000_BIAS0.1_GG202603191711_74998d2d/final_test_metrics.csv
Total time 1313.55s
[Tracker] Finished. Run folder: training_runs/SPECcurr_aggressive_EP200_PCA10_REWfairness_minID1_majID0_TRJ2000_REAL3000_BIAS0.1_GG202603191711_74998d2d/seed_42
