[main] spec=nopca_large_net_curr.json device=cuda:0
[main] exp_group=SPEC_nopca_large_net_curr_d76cef46__G202603192300
[main] seeds=[42]
[main] ---- running seed=42 ----
FFNN Using device: cuda:0
FFNN Using device: cuda:0
[Tracker] Experiment: SPECnopca_large_net_curr_EP200_PCA1_REWfairness_minID1_majID0_TRJ2000_REAL3000_BIAS0.1_GG202603192300_833aae0e
[Tracker] Seed folder: training_runs/SPECnopca_large_net_curr_EP200_PCA1_REWfairness_minID1_majID0_TRJ2000_REAL3000_BIAS0.1_GG202603192300_833aae0e/seed_42
[Tracker] Run: 2026-03-19_23-00-07_seed42_105050_4fb39a44
[Tracker] Metrics CSV: training_runs/SPECnopca_large_net_curr_EP200_PCA1_REWfairness_minID1_majID0_TRJ2000_REAL3000_BIAS0.1_GG202603192300_833aae0e/seed_42/metrics.csv
[Tracker] Mirroring console to: training_runs/SPECnopca_large_net_curr_EP200_PCA1_REWfairness_minID1_majID0_TRJ2000_REAL3000_BIAS0.1_GG202603192300_833aae0e/seed_42/console.log
[TRAIN] size=3000, minority=300 (10.00%)
[VAL] size=5493, minority=549 (9.99%)
[TEST] size=6513, minority=1569 (24.09%)
FFNN Using device: cuda:0
FFNN Using device: cuda:0
Beta will train with: 60.00% real data, 40.00% synthetic data: 
[disadv] group=1 per_g={0: 0.09186093509197235, 1: 0.2662293314933777} worst_4g=1.4447 soft_eo_alpha=0.0565
Anchors: 257 (disadv=1) sigma_anchor=0.8500
[Tracker] Alpha model state_dict saved to training_runs/SPECnopca_large_net_curr_EP200_PCA1_REWfairness_minID1_majID0_TRJ2000_REAL3000_BIAS0.1_GG202603192300_833aae0e/seed_42/alpha_state_dict.pt
[Tracker] Alpha model config saved to training_runs/SPECnopca_large_net_curr_EP200_PCA1_REWfairness_minID1_majID0_TRJ2000_REAL3000_BIAS0.1_GG202603192300_833aae0e/seed_42/ffnn_meta.json

============================================================
[Phase] Starting phase1_class1 | target_class=1 | episodes=200
============================================================
/home/epigou/envs/rl/lib/python3.10/site-packages/torch/_inductor/compile_fx.py:194: UserWarning:

TensorFloat32 tensor cores for float32 matrix multiplication available but not enabled. Consider setting `torch.set_float32_matmul_precision('high')` for better performance.

[Tracker] CSV header written with 44 columns.
[Tracker] Ep    1 | AvgR 0.0001 | Global 0.1233 | Local 0.1192 | F1_macro 0.6951 | WorstLoss 1.6397
[Tracker] New BEST synthetic [phase1_class1] (by global.global_obj: 0.123299) saved.
[Tracker] BEST β weights [phase1_class1] saved -> training_runs/SPECnopca_large_net_curr_EP200_PCA1_REWfairness_minID1_majID0_TRJ2000_REAL3000_BIAS0.1_GG202603192300_833aae0e/seed_42/best_beta_state_dict_phase1_class1.pt
[Tracker] Ep    2 | AvgR 0.0000 | Global 0.0515 | Local 0.1192 | F1_macro 0.7054 | WorstLoss 1.7347
[Tracker] Ep    3 | AvgR 0.0002 | Global 0.4736 | Local 0.1192 | F1_macro 0.6898 | WorstLoss 1.4500
[Tracker] New BEST synthetic [phase1_class1] (by global.global_obj: 0.473565) saved.
[Tracker] BEST β weights [phase1_class1] saved -> training_runs/SPECnopca_large_net_curr_EP200_PCA1_REWfairness_minID1_majID0_TRJ2000_REAL3000_BIAS0.1_GG202603192300_833aae0e/seed_42/best_beta_state_dict_phase1_class1.pt
[Tracker] Ep    4 | AvgR 0.0001 | Global 0.2968 | Local 0.1192 | F1_macro 0.7069 | WorstLoss 1.5299
[Tracker] Ep    5 | AvgR 0.0001 | Global 0.2237 | Local 0.1192 | F1_macro 0.7099 | WorstLoss 1.5674
[Tracker] Saved snapshot: ep0005_phase1_class1
[Tracker] Ep    6 | AvgR 0.0001 | Global 0.2037 | Local 0.1192 | F1_macro 0.7101 | WorstLoss 1.5799
[Tracker] Ep    7 | AvgR 0.0001 | Global 0.2231 | Local 0.1192 | F1_macro 0.7048 | WorstLoss 1.5681
[Tracker] Ep    8 | AvgR 0.0000 | Global 0.0417 | Local 0.1192 | F1_macro 0.7116 | WorstLoss 1.7565
[Tracker] Ep    9 | AvgR 0.0001 | Global 0.2148 | Local 0.1192 | F1_macro 0.7220 | WorstLoss 1.5724
[Tracker] Ep   10 | AvgR 0.0000 | Global 0.0512 | Local 0.1192 | F1_macro 0.6740 | WorstLoss 1.7342
[Tracker] Saved snapshot: ep0010_phase1_class1
[Tracker] Ep   11 | AvgR 0.0003 | Global 0.6226 | Local 0.1192 | F1_macro 0.7249 | WorstLoss 1.3910
[Tracker] New BEST synthetic [phase1_class1] (by global.global_obj: 0.622636) saved.
[Tracker] BEST β weights [phase1_class1] saved -> training_runs/SPECnopca_large_net_curr_EP200_PCA1_REWfairness_minID1_majID0_TRJ2000_REAL3000_BIAS0.1_GG202603192300_833aae0e/seed_42/best_beta_state_dict_phase1_class1.pt
[Tracker] Ep   12 | AvgR 0.0002 | Global 0.3562 | Local 0.1192 | F1_macro 0.7188 | WorstLoss 1.5027
[Tracker] Ep   13 | AvgR 0.0002 | Global 0.3559 | Local 0.1192 | F1_macro 0.7127 | WorstLoss 1.5015
[Tracker] Ep   14 | AvgR 0.0000 | Global 0.0854 | Local 0.1192 | F1_macro 0.6986 | WorstLoss 1.6810
[Tracker] Ep   15 | AvgR 0.0001 | Global 0.2377 | Local 0.1192 | F1_macro 0.7115 | WorstLoss 1.5600
[Tracker] Saved snapshot: ep0015_phase1_class1
[Tracker] Ep   16 | AvgR 0.0002 | Global 0.4243 | Local 0.1192 | F1_macro 0.7079 | WorstLoss 1.4739
[Tracker] Ep   17 | AvgR 0.0001 | Global 0.2220 | Local 0.1192 | F1_macro 0.7134 | WorstLoss 1.5692
[Tracker] Ep   18 | AvgR 0.0000 | Global 0.0957 | Local 0.1192 | F1_macro 0.7136 | WorstLoss 1.6682
[Tracker] Ep   19 | AvgR 0.0000 | Global 0.0487 | Local 0.1192 | F1_macro 0.6821 | WorstLoss 1.7399
[Tracker] Ep   20 | AvgR 0.0000 | Global 0.0801 | Local 0.1192 | F1_macro 0.6979 | WorstLoss 1.6877
[Tracker] Saved snapshot: ep0020_phase1_class1
[Tracker] Ep   21 | AvgR 0.0002 | Global 0.3973 | Local 0.1192 | F1_macro 0.7078 | WorstLoss 1.4845
[Tracker] Ep   22 | AvgR 0.0002 | Global 0.4470 | Local 0.1192 | F1_macro 0.7008 | WorstLoss 1.4641
[Tracker] Ep   23 | AvgR 0.0002 | Global 0.4016 | Local 0.1192 | F1_macro 0.7189 | WorstLoss 1.4825
[Tracker] Ep   24 | AvgR 0.0002 | Global 0.3999 | Local 0.1192 | F1_macro 0.7186 | WorstLoss 1.4831
[Tracker] Ep   25 | AvgR 0.0000 | Global 0.0286 | Local 0.1192 | F1_macro 0.6923 | WorstLoss 1.7958
[Tracker] Saved snapshot: ep0025_phase1_class1
[Tracker] Ep   26 | AvgR 0.0000 | Global 0.0500 | Local 0.1192 | F1_macro 0.7004 | WorstLoss 1.7385
[Tracker] Ep   27 | AvgR 0.0001 | Global 0.1803 | Local 0.1192 | F1_macro 0.7116 | WorstLoss 1.5949
[Tracker] Ep   28 | AvgR 0.0000 | Global 0.0017 | Local 0.1192 | F1_macro 0.6662 | WorstLoss 2.0809
[Tracker] Ep   29 | AvgR 0.0002 | Global 0.3848 | Local 0.1192 | F1_macro 0.7155 | WorstLoss 1.4897
[Tracker] Ep   30 | AvgR 0.0002 | Global 0.4277 | Local 0.1192 | F1_macro 0.7228 | WorstLoss 1.4717
[Tracker] Saved snapshot: ep0030_phase1_class1
[Tracker] Ep   31 | AvgR 0.0002 | Global 0.3950 | Local 0.1192 | F1_macro 0.7200 | WorstLoss 1.4858
[Tracker] Ep   32 | AvgR 0.0000 | Global 0.0969 | Local 0.1192 | F1_macro 0.7074 | WorstLoss 1.6666
[Tracker] Ep   33 | AvgR 0.0001 | Global 0.2901 | Local 0.1192 | F1_macro 0.7036 | WorstLoss 1.5321
[Tracker] Ep   34 | AvgR 0.0000 | Global 0.0826 | Local 0.1192 | F1_macro 0.6952 | WorstLoss 1.6842
[Tracker] Ep   35 | AvgR 0.0002 | Global 0.4371 | Local 0.1192 | F1_macro 0.7216 | WorstLoss 1.4688
[Tracker] Saved snapshot: ep0035_phase1_class1
[Tracker] Ep   36 | AvgR 0.0003 | Global 0.5553 | Local 0.1192 | F1_macro 0.6961 | WorstLoss 1.4170
[Tracker] Ep   37 | AvgR 0.0001 | Global 0.1503 | Local 0.1192 | F1_macro 0.7089 | WorstLoss 1.6171
[Tracker] Ep   38 | AvgR 0.0000 | Global 0.0669 | Local 0.1192 | F1_macro 0.6992 | WorstLoss 1.7072
[Tracker] Ep   39 | AvgR 0.0000 | Global 0.0798 | Local 0.1192 | F1_macro 0.7134 | WorstLoss 1.6881
[Tracker] Ep   40 | AvgR 0.0000 | Global 0.0662 | Local 0.1192 | F1_macro 0.6934 | WorstLoss 1.7084
[Tracker] Saved snapshot: ep0040_phase1_class1
[Tracker] Ep   41 | AvgR 0.0002 | Global 0.3278 | Local 0.1192 | F1_macro 0.7140 | WorstLoss 1.5160
[Tracker] Ep   42 | AvgR 0.0001 | Global 0.1168 | Local 0.1192 | F1_macro 0.7051 | WorstLoss 1.6467
[Tracker] Ep   43 | AvgR 0.0003 | Global 0.5182 | Local 0.1192 | F1_macro 0.7197 | WorstLoss 1.4365
[Tracker] Ep   44 | AvgR 0.0001 | Global 0.1481 | Local 0.1192 | F1_macro 0.7045 | WorstLoss 1.6192
[Tracker] Ep   45 | AvgR 0.0004 | Global 0.7518 | Local 0.1192 | F1_macro 0.7265 | WorstLoss 1.3319
[Tracker] Saved snapshot: ep0045_phase1_class1
[Tracker] New BEST synthetic [phase1_class1] (by global.global_obj: 0.751760) saved.
[Tracker] BEST β weights [phase1_class1] saved -> training_runs/SPECnopca_large_net_curr_EP200_PCA1_REWfairness_minID1_majID0_TRJ2000_REAL3000_BIAS0.1_GG202603192300_833aae0e/seed_42/best_beta_state_dict_phase1_class1.pt
[Tracker] Ep   46 | AvgR 0.0001 | Global 0.1959 | Local 0.1192 | F1_macro 0.7110 | WorstLoss 1.5852
[Tracker] Ep   47 | AvgR 0.0003 | Global 0.6769 | Local 0.1192 | F1_macro 0.7074 | WorstLoss 1.3695
[Tracker] Ep   48 | AvgR 0.0003 | Global 0.5938 | Local 0.1192 | F1_macro 0.7136 | WorstLoss 1.4058
[Tracker] Ep   49 | AvgR 0.0001 | Global 0.1474 | Local 0.1192 | F1_macro 0.6993 | WorstLoss 1.6196
[Tracker] Ep   50 | AvgR 0.0002 | Global 0.4054 | Local 0.1192 | F1_macro 0.7121 | WorstLoss 1.4823
[Tracker] Saved snapshot: ep0050_phase1_class1
[Tracker] Ep   51 | AvgR 0.0001 | Global 0.1457 | Local 0.1192 | F1_macro 0.7016 | WorstLoss 1.6209
[Tracker] Ep   52 | AvgR 0.0001 | Global 0.2684 | Local 0.1192 | F1_macro 0.7115 | WorstLoss 1.5445
[Tracker] Ep   53 | AvgR 0.0001 | Global 0.2896 | Local 0.1192 | F1_macro 0.7095 | WorstLoss 1.5337
[Tracker] Ep   54 | AvgR 0.0002 | Global 0.3235 | Local 0.1192 | F1_macro 0.7082 | WorstLoss 1.5175
[Tracker] Ep   55 | AvgR 0.0002 | Global 0.4088 | Local 0.1192 | F1_macro 0.7064 | WorstLoss 1.4808
[Tracker] Saved snapshot: ep0055_phase1_class1
[Tracker] Ep   56 | AvgR 0.0001 | Global 0.2634 | Local 0.1192 | F1_macro 0.7095 | WorstLoss 1.5470
[Tracker] Ep   57 | AvgR 0.0003 | Global 0.5794 | Local 0.1192 | F1_macro 0.7079 | WorstLoss 1.4114
[Tracker] Ep   58 | AvgR 0.0000 | Global 0.0733 | Local 0.1192 | F1_macro 0.6839 | WorstLoss 1.6980
[Tracker] Ep   59 | AvgR 0.0002 | Global 0.3873 | Local 0.1192 | F1_macro 0.7022 | WorstLoss 1.4900
[Tracker] Ep   60 | AvgR 0.0000 | Global 0.0687 | Local 0.1192 | F1_macro 0.6899 | WorstLoss 1.7047
[Tracker] Saved snapshot: ep0060_phase1_class1
[Tracker] Ep   61 | AvgR 0.0003 | Global 0.6224 | Local 0.1192 | F1_macro 0.7057 | WorstLoss 1.3933
[Tracker] Ep   62 | AvgR 0.0003 | Global 0.6414 | Local 0.1192 | F1_macro 0.7184 | WorstLoss 1.3852
[Tracker] Ep   63 | AvgR 0.0001 | Global 0.1287 | Local 0.1192 | F1_macro 0.6975 | WorstLoss 1.6355
[Tracker] Ep   64 | AvgR 0.0003 | Global 0.6348 | Local 0.1192 | F1_macro 0.7215 | WorstLoss 1.3884
[Tracker] Ep   65 | AvgR 0.0001 | Global 0.1510 | Local 0.1192 | F1_macro 0.6850 | WorstLoss 1.6169
[Tracker] Saved snapshot: ep0065_phase1_class1
[Tracker] Ep   66 | AvgR 0.0001 | Global 0.2567 | Local 0.1192 | F1_macro 0.7061 | WorstLoss 1.5505
[Tracker] Ep   67 | AvgR 0.0002 | Global 0.3029 | Local 0.1192 | F1_macro 0.7115 | WorstLoss 1.5276
[Tracker] Ep   68 | AvgR 0.0004 | Global 0.7130 | Local 0.1192 | F1_macro 0.7231 | WorstLoss 1.3509
[Tracker] Ep   69 | AvgR 0.0001 | Global 0.2028 | Local 0.1192 | F1_macro 0.7008 | WorstLoss 1.5810
[Tracker] Ep   70 | AvgR 0.0000 | Global 0.0260 | Local 0.1192 | F1_macro 0.6788 | WorstLoss 1.8067
[Tracker] Saved snapshot: ep0070_phase1_class1
[Tracker] Ep   71 | AvgR 0.0002 | Global 0.3063 | Local 0.1192 | F1_macro 0.7065 | WorstLoss 1.5255
[Tracker] Ep   72 | AvgR 0.0001 | Global 0.2520 | Local 0.1192 | F1_macro 0.7102 | WorstLoss 1.5531
[Tracker] Ep   73 | AvgR 0.0001 | Global 0.1297 | Local 0.1192 | F1_macro 0.6981 | WorstLoss 1.6345
[Tracker] Ep   74 | AvgR 0.0001 | Global 0.1771 | Local 0.1192 | F1_macro 0.7015 | WorstLoss 1.5979
[Tracker] Ep   75 | AvgR 0.0001 | Global 0.2718 | Local 0.1192 | F1_macro 0.7119 | WorstLoss 1.5426
[Tracker] Saved snapshot: ep0075_phase1_class1
[Tracker] Ep   76 | AvgR 0.0000 | Global 0.0701 | Local 0.1192 | F1_macro 0.6865 | WorstLoss 1.7030
[Tracker] Ep   77 | AvgR 0.0000 | Global 0.0155 | Local 0.1192 | F1_macro 0.6764 | WorstLoss 1.8597
[Tracker] Ep   78 | AvgR 0.0001 | Global 0.2436 | Local 0.1192 | F1_macro 0.7051 | WorstLoss 1.5574
[Tracker] Ep   79 | AvgR 0.0001 | Global 0.2127 | Local 0.1192 | F1_macro 0.6969 | WorstLoss 1.5748
[Tracker] Ep   80 | AvgR 0.0001 | Global 0.2729 | Local 0.1192 | F1_macro 0.7061 | WorstLoss 1.5422
[Tracker] Saved snapshot: ep0080_phase1_class1
[Tracker] Ep   81 | AvgR 0.0004 | Global 0.7790 | Local 0.1192 | F1_macro 0.7262 | WorstLoss 1.3163
[Tracker] New BEST synthetic [phase1_class1] (by global.global_obj: 0.779031) saved.
[Tracker] BEST β weights [phase1_class1] saved -> training_runs/SPECnopca_large_net_curr_EP200_PCA1_REWfairness_minID1_majID0_TRJ2000_REAL3000_BIAS0.1_GG202603192300_833aae0e/seed_42/best_beta_state_dict_phase1_class1.pt
[Tracker] Ep   82 | AvgR 0.0004 | Global 0.7441 | Local 0.1192 | F1_macro 0.7146 | WorstLoss 1.3348
[Tracker] Ep   83 | AvgR 0.0002 | Global 0.3197 | Local 0.1192 | F1_macro 0.7057 | WorstLoss 1.5193
[Tracker] Ep   84 | AvgR 0.0001 | Global 0.1238 | Local 0.1192 | F1_macro 0.6884 | WorstLoss 1.6397
[Tracker] Ep   85 | AvgR 0.0003 | Global 0.5059 | Local 0.1192 | F1_macro 0.7115 | WorstLoss 1.4409
[Tracker] Saved snapshot: ep0085_phase1_class1
[Tracker] Ep   86 | AvgR 0.0001 | Global 0.2013 | Local 0.1192 | F1_macro 0.7090 | WorstLoss 1.5817
[Tracker] Ep   87 | AvgR 0.0002 | Global 0.3685 | Local 0.1192 | F1_macro 0.7017 | WorstLoss 1.4973
[Tracker] Ep   88 | AvgR 0.0001 | Global 0.1666 | Local 0.1192 | F1_macro 0.6952 | WorstLoss 1.6050
[Tracker] Ep   89 | AvgR 0.0003 | Global 0.6911 | Local 0.1192 | F1_macro 0.7059 | WorstLoss 1.3625
[Tracker] Ep   90 | AvgR 0.0001 | Global 0.1784 | Local 0.1192 | F1_macro 0.6961 | WorstLoss 1.5968
[Tracker] Saved snapshot: ep0090_phase1_class1
[Tracker] Ep   91 | AvgR 0.0001 | Global 0.1930 | Local 0.1192 | F1_macro 0.7076 | WorstLoss 1.5869
[Tracker] Ep   92 | AvgR 0.0000 | Global 0.0983 | Local 0.1192 | F1_macro 0.6984 | WorstLoss 1.6654
[Tracker] Ep   93 | AvgR 0.0002 | Global 0.3227 | Local 0.1192 | F1_macro 0.7006 | WorstLoss 1.5177
[Tracker] Ep   94 | AvgR 0.0001 | Global 0.1829 | Local 0.1192 | F1_macro 0.7003 | WorstLoss 1.5937
[Tracker] Ep   95 | AvgR 0.0002 | Global 0.4634 | Local 0.1192 | F1_macro 0.7076 | WorstLoss 1.4582
[Tracker] Saved snapshot: ep0095_phase1_class1
[Tracker] Ep   96 | AvgR 0.0002 | Global 0.3449 | Local 0.1192 | F1_macro 0.7091 | WorstLoss 1.5074
[Tracker] Ep   97 | AvgR 0.0002 | Global 0.3711 | Local 0.1192 | F1_macro 0.7073 | WorstLoss 1.4965
[Tracker] Ep   98 | AvgR 0.0002 | Global 0.4882 | Local 0.1192 | F1_macro 0.7114 | WorstLoss 1.4481
[Tracker] Ep   99 | AvgR 0.0002 | Global 0.4070 | Local 0.1192 | F1_macro 0.7073 | WorstLoss 1.4813
[Tracker] Ep  100 | AvgR 0.0002 | Global 0.3428 | Local 0.1192 | F1_macro 0.7087 | WorstLoss 1.5087
[Tracker] Saved snapshot: ep0100_phase1_class1
[Tracker] Ep  101 | AvgR 0.0001 | Global 0.2115 | Local 0.1192 | F1_macro 0.7090 | WorstLoss 1.5754
[Tracker] Ep  102 | AvgR 0.0001 | Global 0.2642 | Local 0.1192 | F1_macro 0.7069 | WorstLoss 1.5461
[Tracker] Ep  103 | AvgR 0.0001 | Global 0.1942 | Local 0.1192 | F1_macro 0.7042 | WorstLoss 1.5862
[Tracker] Ep  104 | AvgR 0.0002 | Global 0.3094 | Local 0.1192 | F1_macro 0.7051 | WorstLoss 1.5239
[Tracker] Ep  105 | AvgR 0.0001 | Global 0.1746 | Local 0.1192 | F1_macro 0.7107 | WorstLoss 1.5992
[Tracker] Saved snapshot: ep0105_phase1_class1
[Tracker] Ep  106 | AvgR 0.0001 | Global 0.1417 | Local 0.1192 | F1_macro 0.7038 | WorstLoss 1.6241
[Tracker] Ep  107 | AvgR 0.0000 | Global 0.0319 | Local 0.1192 | F1_macro 0.6842 | WorstLoss 1.7855
[Tracker] Ep  108 | AvgR 0.0001 | Global 0.1717 | Local 0.1192 | F1_macro 0.6935 | WorstLoss 1.6013
[Tracker] Ep  109 | AvgR 0.0001 | Global 0.1628 | Local 0.1192 | F1_macro 0.7051 | WorstLoss 1.6077
[Tracker] Ep  110 | AvgR 0.0001 | Global 0.2280 | Local 0.1192 | F1_macro 0.6946 | WorstLoss 1.5659
[Tracker] Saved snapshot: ep0110_phase1_class1
[Tracker] Ep  111 | AvgR 0.0001 | Global 0.2590 | Local 0.1192 | F1_macro 0.7089 | WorstLoss 1.5488
[Tracker] Ep  112 | AvgR 0.0000 | Global 0.0845 | Local 0.1192 | F1_macro 0.6850 | WorstLoss 1.6822
[Tracker] Ep  113 | AvgR 0.0001 | Global 0.1798 | Local 0.1192 | F1_macro 0.7060 | WorstLoss 1.5954
[Tracker] Ep  114 | AvgR 0.0004 | Global 0.7077 | Local 0.1192 | F1_macro 0.7183 | WorstLoss 1.3545
[Tracker] Ep  115 | AvgR 0.0001 | Global 0.2890 | Local 0.1192 | F1_macro 0.7111 | WorstLoss 1.5336
[Tracker] Saved snapshot: ep0115_phase1_class1
[Tracker] Ep  116 | AvgR 0.0001 | Global 0.1356 | Local 0.1192 | F1_macro 0.7012 | WorstLoss 1.6293
[Tracker] Ep  117 | AvgR 0.0002 | Global 0.4723 | Local 0.1192 | F1_macro 0.7182 | WorstLoss 1.4547
[Tracker] Ep  118 | AvgR 0.0001 | Global 0.1645 | Local 0.1192 | F1_macro 0.7035 | WorstLoss 1.6064
[Tracker] Ep  119 | AvgR 0.0001 | Global 0.2690 | Local 0.1192 | F1_macro 0.6994 | WorstLoss 1.5439
[Tracker] Ep  120 | AvgR 0.0003 | Global 0.5729 | Local 0.1192 | F1_macro 0.7236 | WorstLoss 1.4140
[Tracker] Saved snapshot: ep0120_phase1_class1
[Tracker] Ep  121 | AvgR 0.0001 | Global 0.1010 | Local 0.1192 | F1_macro 0.6887 | WorstLoss 1.6627
[Tracker] Ep  122 | AvgR 0.0000 | Global 0.0901 | Local 0.1192 | F1_macro 0.6889 | WorstLoss 1.6752
[Tracker] Ep  123 | AvgR 0.0001 | Global 0.1533 | Local 0.1192 | F1_macro 0.6919 | WorstLoss 1.6150
[Tracker] Ep  124 | AvgR 0.0001 | Global 0.2035 | Local 0.1192 | F1_macro 0.7099 | WorstLoss 1.5805
[Tracker] Ep  125 | AvgR 0.0000 | Global 0.0640 | Local 0.1192 | F1_macro 0.6832 | WorstLoss 1.7123
[Tracker] Saved snapshot: ep0125_phase1_class1
[Tracker] Ep  126 | AvgR 0.0001 | Global 0.1349 | Local 0.1192 | F1_macro 0.6986 | WorstLoss 1.6298
[Tracker] Ep  127 | AvgR 0.0001 | Global 0.2244 | Local 0.1192 | F1_macro 0.7048 | WorstLoss 1.5679
[Tracker] Ep  128 | AvgR 0.0001 | Global 0.1159 | Local 0.1192 | F1_macro 0.6894 | WorstLoss 1.6471
[Tracker] Ep  129 | AvgR 0.0000 | Global 0.0919 | Local 0.1192 | F1_macro 0.7010 | WorstLoss 1.6730
[Tracker] Ep  130 | AvgR 0.0002 | Global 0.3683 | Local 0.1192 | F1_macro 0.7178 | WorstLoss 1.4978
[Tracker] Saved snapshot: ep0130_phase1_class1
[Tracker] Ep  131 | AvgR 0.0001 | Global 0.1556 | Local 0.1192 | F1_macro 0.6919 | WorstLoss 1.6130
[Tracker] Ep  132 | AvgR 0.0003 | Global 0.5092 | Local 0.1192 | F1_macro 0.7235 | WorstLoss 1.4398
[Tracker] Ep  133 | AvgR 0.0002 | Global 0.3790 | Local 0.1192 | F1_macro 0.7000 | WorstLoss 1.4930
[Tracker] Ep  134 | AvgR 0.0001 | Global 0.2029 | Local 0.1192 | F1_macro 0.6961 | WorstLoss 1.5806
[Tracker] Ep  135 | AvgR 0.0000 | Global 0.0429 | Local 0.1192 | F1_macro 0.6846 | WorstLoss 1.7543
[Tracker] Saved snapshot: ep0135_phase1_class1
[Tracker] Ep  136 | AvgR 0.0002 | Global 0.3675 | Local 0.1192 | F1_macro 0.7095 | WorstLoss 1.4975
[Tracker] Ep  137 | AvgR 0.0000 | Global 0.0178 | Local 0.1192 | F1_macro 0.6708 | WorstLoss 1.8453
[Tracker] Ep  138 | AvgR 0.0001 | Global 0.1244 | Local 0.1192 | F1_macro 0.7064 | WorstLoss 1.6391
[Tracker] Ep  139 | AvgR 0.0000 | Global 0.0572 | Local 0.1192 | F1_macro 0.6925 | WorstLoss 1.7242
[Tracker] Ep  140 | AvgR 0.0003 | Global 0.5270 | Local 0.1192 | F1_macro 0.7079 | WorstLoss 1.4324
[Tracker] Saved snapshot: ep0140_phase1_class1
[Tracker] Ep  141 | AvgR 0.0002 | Global 0.3931 | Local 0.1192 | F1_macro 0.7086 | WorstLoss 1.4871
[Tracker] Ep  142 | AvgR 0.0003 | Global 0.5185 | Local 0.1192 | F1_macro 0.7182 | WorstLoss 1.4361
[Tracker] Ep  143 | AvgR 0.0000 | Global 0.0138 | Local 0.1192 | F1_macro 0.6845 | WorstLoss 1.8708
[Tracker] Ep  144 | AvgR 0.0001 | Global 0.2746 | Local 0.1192 | F1_macro 0.7151 | WorstLoss 1.5407
[Tracker] Ep  145 | AvgR 0.0001 | Global 0.1155 | Local 0.1192 | F1_macro 0.6983 | WorstLoss 1.6475
[Tracker] Saved snapshot: ep0145_phase1_class1
[Tracker] Ep  146 | AvgR 0.0000 | Global 0.0749 | Local 0.1192 | F1_macro 0.6879 | WorstLoss 1.6952
[Tracker] Ep  147 | AvgR 0.0000 | Global 0.0503 | Local 0.1192 | F1_macro 0.6886 | WorstLoss 1.7378
[Tracker] Ep  148 | AvgR 0.0001 | Global 0.2044 | Local 0.1192 | F1_macro 0.6972 | WorstLoss 1.5799
[Tracker] Ep  149 | AvgR 0.0001 | Global 0.2531 | Local 0.1192 | F1_macro 0.6999 | WorstLoss 1.5521
[Tracker] Ep  150 | AvgR 0.0001 | Global 0.1580 | Local 0.1192 | F1_macro 0.6935 | WorstLoss 1.6113
[Tracker] Saved snapshot: ep0150_phase1_class1
[Tracker] Ep  151 | AvgR 0.0000 | Global 0.0791 | Local 0.1192 | F1_macro 0.6958 | WorstLoss 1.6896
[Tracker] Ep  152 | AvgR 0.0003 | Global 0.6236 | Local 0.1192 | F1_macro 0.7156 | WorstLoss 1.3923
[Tracker] Ep  153 | AvgR 0.0000 | Global 0.0262 | Local 0.1192 | F1_macro 0.6811 | WorstLoss 1.8057
[Tracker] Ep  154 | AvgR 0.0000 | Global 0.0687 | Local 0.1192 | F1_macro 0.6913 | WorstLoss 1.7048
[Tracker] Ep  155 | AvgR 0.0001 | Global 0.1360 | Local 0.1192 | F1_macro 0.6986 | WorstLoss 1.6288
[Tracker] Saved snapshot: ep0155_phase1_class1
[Tracker] Ep  156 | AvgR 0.0004 | Global 0.7079 | Local 0.1192 | F1_macro 0.7204 | WorstLoss 1.3535
[Tracker] Ep  157 | AvgR 0.0000 | Global 0.0928 | Local 0.1192 | F1_macro 0.6898 | WorstLoss 1.6720
[Tracker] Ep  158 | AvgR 0.0002 | Global 0.3372 | Local 0.1192 | F1_macro 0.7145 | WorstLoss 1.5110
[Tracker] Ep  159 | AvgR 0.0001 | Global 0.1894 | Local 0.1192 | F1_macro 0.6996 | WorstLoss 1.5893
[Tracker] Ep  160 | AvgR 0.0004 | Global 0.8139 | Local 0.1192 | F1_macro 0.7339 | WorstLoss 1.2932
[Tracker] Saved snapshot: ep0160_phase1_class1
[Tracker] New BEST synthetic [phase1_class1] (by global.global_obj: 0.813904) saved.
[Tracker] BEST β weights [phase1_class1] saved -> training_runs/SPECnopca_large_net_curr_EP200_PCA1_REWfairness_minID1_majID0_TRJ2000_REAL3000_BIAS0.1_GG202603192300_833aae0e/seed_42/best_beta_state_dict_phase1_class1.pt
[Tracker] Ep  161 | AvgR 0.0002 | Global 0.3582 | Local 0.1192 | F1_macro 0.7143 | WorstLoss 1.5021
[Tracker] Ep  162 | AvgR 0.0002 | Global 0.4295 | Local 0.1192 | F1_macro 0.7097 | WorstLoss 1.4719
[Tracker] Ep  163 | AvgR 0.0002 | Global 0.4043 | Local 0.1192 | F1_macro 0.7104 | WorstLoss 1.4824
[Tracker] Ep  164 | AvgR 0.0001 | Global 0.1035 | Local 0.1192 | F1_macro 0.6997 | WorstLoss 1.6601
[Tracker] Ep  165 | AvgR 0.0002 | Global 0.3746 | Local 0.1192 | F1_macro 0.7074 | WorstLoss 1.4950
[Tracker] Saved snapshot: ep0165_phase1_class1
[Tracker] Ep  166 | AvgR 0.0004 | Global 0.7164 | Local 0.1192 | F1_macro 0.7249 | WorstLoss 1.3498
[Tracker] Ep  167 | AvgR 0.0001 | Global 0.2240 | Local 0.1192 | F1_macro 0.7054 | WorstLoss 1.5681
[Tracker] Ep  168 | AvgR 0.0003 | Global 0.6917 | Local 0.1192 | F1_macro 0.7191 | WorstLoss 1.3625
[Tracker] Ep  169 | AvgR 0.0003 | Global 0.6600 | Local 0.1192 | F1_macro 0.7230 | WorstLoss 1.3770
[Tracker] Ep  170 | AvgR 0.0003 | Global 0.5796 | Local 0.1192 | F1_macro 0.7128 | WorstLoss 1.4111
[Tracker] Saved snapshot: ep0170_phase1_class1
[Tracker] Ep  171 | AvgR 0.0001 | Global 0.2876 | Local 0.1192 | F1_macro 0.7090 | WorstLoss 1.5346
[Tracker] Ep  172 | AvgR 0.0002 | Global 0.4185 | Local 0.1192 | F1_macro 0.7223 | WorstLoss 1.4765
[Tracker] Ep  173 | AvgR 0.0001 | Global 0.1019 | Local 0.1192 | F1_macro 0.7118 | WorstLoss 1.6615
[Tracker] Ep  174 | AvgR 0.0002 | Global 0.3136 | Local 0.1192 | F1_macro 0.7129 | WorstLoss 1.5223
[Tracker] Ep  175 | AvgR 0.0003 | Global 0.5519 | Local 0.1192 | F1_macro 0.7140 | WorstLoss 1.4227
[Tracker] Saved snapshot: ep0175_phase1_class1
[Tracker] Ep  176 | AvgR 0.0002 | Global 0.4047 | Local 0.1192 | F1_macro 0.7154 | WorstLoss 1.4821
[Tracker] Ep  177 | AvgR 0.0002 | Global 0.3869 | Local 0.1192 | F1_macro 0.7158 | WorstLoss 1.4899
[Tracker] Ep  178 | AvgR 0.0003 | Global 0.5851 | Local 0.1192 | F1_macro 0.7198 | WorstLoss 1.4090
[Tracker] Ep  179 | AvgR 0.0001 | Global 0.2471 | Local 0.1192 | F1_macro 0.7124 | WorstLoss 1.5553
[Tracker] Ep  180 | AvgR 0.0001 | Global 0.2518 | Local 0.1192 | F1_macro 0.7028 | WorstLoss 1.5530
[Tracker] Saved snapshot: ep0180_phase1_class1
[Tracker] Ep  181 | AvgR 0.0001 | Global 0.1386 | Local 0.1192 | F1_macro 0.7004 | WorstLoss 1.6268
[Tracker] Ep  182 | AvgR 0.0001 | Global 0.1937 | Local 0.1192 | F1_macro 0.7083 | WorstLoss 1.5867
[Tracker] Ep  183 | AvgR 0.0003 | Global 0.5271 | Local 0.1192 | F1_macro 0.7275 | WorstLoss 1.4324
[Tracker] Ep  184 | AvgR 0.0001 | Global 0.1152 | Local 0.1192 | F1_macro 0.6932 | WorstLoss 1.6477
[Tracker] Ep  185 | AvgR 0.0002 | Global 0.3051 | Local 0.1192 | F1_macro 0.7064 | WorstLoss 1.5262
[Tracker] Saved snapshot: ep0185_phase1_class1
[Tracker] Ep  186 | AvgR 0.0004 | Global 0.8877 | Local 0.1192 | F1_macro 0.7277 | WorstLoss 1.2324
[Tracker] New BEST synthetic [phase1_class1] (by global.global_obj: 0.887654) saved.
[Tracker] BEST β weights [phase1_class1] saved -> training_runs/SPECnopca_large_net_curr_EP200_PCA1_REWfairness_minID1_majID0_TRJ2000_REAL3000_BIAS0.1_GG202603192300_833aae0e/seed_42/best_beta_state_dict_phase1_class1.pt
[Tracker] Ep  187 | AvgR 0.0004 | Global 0.7168 | Local 0.1192 | F1_macro 0.7275 | WorstLoss 1.3500
[Tracker] Ep  188 | AvgR 0.0002 | Global 0.4112 | Local 0.1192 | F1_macro 0.7042 | WorstLoss 1.4795
[Tracker] Ep  189 | AvgR 0.0002 | Global 0.3256 | Local 0.1192 | F1_macro 0.7093 | WorstLoss 1.5168
[Tracker] Ep  190 | AvgR 0.0003 | Global 0.6224 | Local 0.1192 | F1_macro 0.7253 | WorstLoss 1.3930
[Tracker] Saved snapshot: ep0190_phase1_class1
[Tracker] Ep  191 | AvgR 0.0001 | Global 0.1399 | Local 0.1192 | F1_macro 0.6938 | WorstLoss 1.6256
[Tracker] Ep  192 | AvgR 0.0002 | Global 0.3742 | Local 0.1192 | F1_macro 0.7184 | WorstLoss 1.4952
[Tracker] Ep  193 | AvgR 0.0004 | Global 0.7539 | Local 0.1192 | F1_macro 0.7242 | WorstLoss 1.3301
[Tracker] Ep  194 | AvgR 0.0002 | Global 0.3014 | Local 0.1192 | F1_macro 0.7126 | WorstLoss 1.5280
[Tracker] Ep  195 | AvgR 0.0000 | Global 0.0921 | Local 0.1192 | F1_macro 0.6971 | WorstLoss 1.6728
[Tracker] Saved snapshot: ep0195_phase1_class1
[Tracker] Ep  196 | AvgR 0.0002 | Global 0.4265 | Local 0.1192 | F1_macro 0.7217 | WorstLoss 1.4733
[Tracker] Ep  197 | AvgR 0.0001 | Global 0.1240 | Local 0.1192 | F1_macro 0.7032 | WorstLoss 1.6395
[Tracker] Ep  198 | AvgR 0.0001 | Global 0.1200 | Local 0.1192 | F1_macro 0.6889 | WorstLoss 1.6432
[Tracker] Ep  199 | AvgR 0.0000 | Global 0.0263 | Local 0.1192 | F1_macro 0.6891 | WorstLoss 1.8052
[Tracker] Ep  200 | AvgR 0.0002 | Global 0.4484 | Local 0.1192 | F1_macro 0.7200 | WorstLoss 1.4646
[Tracker] Saved snapshot: ep0200_phase1_class1
[Phase] Finished phase1_class1 | best global_obj=0.8877
Phase 2 anchors: 1617 (y=0 & disadv=1)
FFNN Using device: cuda:0

============================================================
[Phase] Starting phase2_class0 | target_class=0 | episodes=50
============================================================
[Tracker] Ep    1 | AvgR 0.0000 | Global 0.0773 | Local 0.1192 | F1_macro 0.7172 | WorstLoss 1.6913
[Tracker] New BEST synthetic [phase2_class0] (by global.global_obj: 0.077300) saved.
[Tracker] BEST β weights [phase2_class0] saved -> training_runs/SPECnopca_large_net_curr_EP200_PCA1_REWfairness_minID1_majID0_TRJ2000_REAL3000_BIAS0.1_GG202603192300_833aae0e/seed_42/best_beta_state_dict_phase2_class0.pt
[Tracker] Ep    2 | AvgR 0.0000 | Global 0.0842 | Local 0.1192 | F1_macro 0.7138 | WorstLoss 1.6823
[Tracker] New BEST synthetic [phase2_class0] (by global.global_obj: 0.084227) saved.
[Tracker] BEST β weights [phase2_class0] saved -> training_runs/SPECnopca_large_net_curr_EP200_PCA1_REWfairness_minID1_majID0_TRJ2000_REAL3000_BIAS0.1_GG202603192300_833aae0e/seed_42/best_beta_state_dict_phase2_class0.pt
[Tracker] Ep    3 | AvgR 0.0001 | Global 0.1988 | Local 0.1192 | F1_macro 0.7068 | WorstLoss 1.5828
[Tracker] New BEST synthetic [phase2_class0] (by global.global_obj: 0.198799) saved.
[Tracker] BEST β weights [phase2_class0] saved -> training_runs/SPECnopca_large_net_curr_EP200_PCA1_REWfairness_minID1_majID0_TRJ2000_REAL3000_BIAS0.1_GG202603192300_833aae0e/seed_42/best_beta_state_dict_phase2_class0.pt
[Tracker] Ep    4 | AvgR 0.0000 | Global 0.0631 | Local 0.1192 | F1_macro 0.7051 | WorstLoss 1.7134
[Tracker] Ep    5 | AvgR 0.0002 | Global 0.3913 | Local 0.1192 | F1_macro 0.7114 | WorstLoss 1.4858
[Tracker] Saved snapshot: ep0005_phase2_class0
[Tracker] New BEST synthetic [phase2_class0] (by global.global_obj: 0.391280) saved.
[Tracker] BEST β weights [phase2_class0] saved -> training_runs/SPECnopca_large_net_curr_EP200_PCA1_REWfairness_minID1_majID0_TRJ2000_REAL3000_BIAS0.1_GG202603192300_833aae0e/seed_42/best_beta_state_dict_phase2_class0.pt
[Tracker] Ep    6 | AvgR 0.0002 | Global 0.3250 | Local 0.1192 | F1_macro 0.7224 | WorstLoss 1.5166
[Tracker] Ep    7 | AvgR 0.0002 | Global 0.3166 | Local 0.1192 | F1_macro 0.7203 | WorstLoss 1.5204
[Tracker] Ep    8 | AvgR 0.0002 | Global 0.3031 | Local 0.1192 | F1_macro 0.7176 | WorstLoss 1.5260
[Tracker] Ep    9 | AvgR 0.0002 | Global 0.3835 | Local 0.1192 | F1_macro 0.7230 | WorstLoss 1.4906
[Tracker] Ep   10 | AvgR 0.0001 | Global 0.1358 | Local 0.1192 | F1_macro 0.7084 | WorstLoss 1.6285
[Tracker] Saved snapshot: ep0010_phase2_class0
[Tracker] Ep   11 | AvgR 0.0001 | Global 0.1040 | Local 0.1192 | F1_macro 0.7149 | WorstLoss 1.6586
[Tracker] Ep   12 | AvgR 0.0000 | Global 0.0509 | Local 0.1192 | F1_macro 0.7170 | WorstLoss 1.7362
[Tracker] Ep   13 | AvgR 0.0000 | Global 0.0290 | Local 0.1192 | F1_macro 0.7026 | WorstLoss 1.7941
[Tracker] Ep   14 | AvgR 0.0000 | Global 0.0535 | Local 0.1192 | F1_macro 0.6938 | WorstLoss 1.7313
[Tracker] Ep   15 | AvgR 0.0000 | Global 0.0163 | Local 0.1192 | F1_macro 0.6975 | WorstLoss 1.8540
[Tracker] Saved snapshot: ep0015_phase2_class0
[Tracker] Ep   16 | AvgR 0.0004 | Global 0.7031 | Local 0.1192 | F1_macro 0.7307 | WorstLoss 1.3545
[Tracker] New BEST synthetic [phase2_class0] (by global.global_obj: 0.703052) saved.
[Tracker] BEST β weights [phase2_class0] saved -> training_runs/SPECnopca_large_net_curr_EP200_PCA1_REWfairness_minID1_majID0_TRJ2000_REAL3000_BIAS0.1_GG202603192300_833aae0e/seed_42/best_beta_state_dict_phase2_class0.pt
[Tracker] Ep   17 | AvgR 0.0000 | Global 0.0358 | Local 0.1192 | F1_macro 0.7064 | WorstLoss 1.7730
[Tracker] Ep   18 | AvgR 0.0000 | Global 0.0325 | Local 0.1192 | F1_macro 0.7022 | WorstLoss 1.7826
[Tracker] Ep   19 | AvgR 0.0000 | Global 0.0923 | Local 0.1192 | F1_macro 0.7131 | WorstLoss 1.6721
[Tracker] Ep   20 | AvgR 0.0000 | Global 0.0191 | Local 0.1192 | F1_macro 0.6918 | WorstLoss 1.8375
[Tracker] Saved snapshot: ep0020_phase2_class0
[Tracker] Ep   21 | AvgR 0.0000 | Global 0.0105 | Local 0.1192 | F1_macro 0.6959 | WorstLoss 1.8980
[Tracker] Ep   22 | AvgR 0.0000 | Global 0.0184 | Local 0.1192 | F1_macro 0.6981 | WorstLoss 1.8415
[Tracker] Ep   23 | AvgR 0.0002 | Global 0.4628 | Local 0.1192 | F1_macro 0.7211 | WorstLoss 1.4583
[Tracker] Ep   24 | AvgR 0.0001 | Global 0.1794 | Local 0.1192 | F1_macro 0.7091 | WorstLoss 1.5948
[Tracker] Ep   25 | AvgR 0.0000 | Global 0.0128 | Local 0.1192 | F1_macro 0.6901 | WorstLoss 1.8785
[Tracker] Saved snapshot: ep0025_phase2_class0
[Tracker] Ep   26 | AvgR 0.0002 | Global 0.3246 | Local 0.1192 | F1_macro 0.7085 | WorstLoss 1.5168
[Tracker] Ep   27 | AvgR 0.0001 | Global 0.1877 | Local 0.1192 | F1_macro 0.7221 | WorstLoss 1.5904
[Tracker] Ep   28 | AvgR 0.0001 | Global 0.1468 | Local 0.1192 | F1_macro 0.7184 | WorstLoss 1.6196
[Tracker] Ep   29 | AvgR 0.0002 | Global 0.4035 | Local 0.1192 | F1_macro 0.7272 | WorstLoss 1.4812
[Tracker] Ep   30 | AvgR 0.0000 | Global 0.0071 | Local 0.1192 | F1_macro 0.7100 | WorstLoss 1.9375
[Tracker] Saved snapshot: ep0030_phase2_class0
[Tracker] Ep   31 | AvgR 0.0002 | Global 0.4277 | Local 0.1192 | F1_macro 0.7294 | WorstLoss 1.4727
[Tracker] Ep   32 | AvgR 0.0002 | Global 0.4738 | Local 0.1192 | F1_macro 0.7110 | WorstLoss 1.4525
[Tracker] Ep   33 | AvgR 0.0003 | Global 0.5778 | Local 0.1192 | F1_macro 0.7289 | WorstLoss 1.4111
[Tracker] Ep   34 | AvgR 0.0002 | Global 0.3650 | Local 0.1192 | F1_macro 0.7134 | WorstLoss 1.4979
[Tracker] Ep   35 | AvgR 0.0000 | Global 0.0035 | Local 0.1192 | F1_macro 0.6940 | WorstLoss 2.0080
[Tracker] Saved snapshot: ep0035_phase2_class0
[Tracker] Ep   36 | AvgR 0.0001 | Global 0.1683 | Local 0.1192 | F1_macro 0.6999 | WorstLoss 1.6037
[Tracker] Ep   37 | AvgR 0.0002 | Global 0.3542 | Local 0.1192 | F1_macro 0.7084 | WorstLoss 1.5042
[Tracker] Ep   38 | AvgR 0.0001 | Global 0.1500 | Local 0.1192 | F1_macro 0.7113 | WorstLoss 1.6174
[Tracker] Ep   39 | AvgR 0.0001 | Global 0.1972 | Local 0.1192 | F1_macro 0.7035 | WorstLoss 1.5839
[Tracker] Ep   40 | AvgR 0.0000 | Global 0.0966 | Local 0.1192 | F1_macro 0.7197 | WorstLoss 1.6670
[Tracker] Saved snapshot: ep0040_phase2_class0
[Tracker] Ep   41 | AvgR 0.0000 | Global 0.0506 | Local 0.1192 | F1_macro 0.6967 | WorstLoss 1.7369
[Tracker] Ep   42 | AvgR 0.0002 | Global 0.4041 | Local 0.1192 | F1_macro 0.7135 | WorstLoss 1.4819
[Tracker] Ep   43 | AvgR 0.0000 | Global 0.0064 | Local 0.1192 | F1_macro 0.6793 | WorstLoss 1.9475
[Tracker] Ep   44 | AvgR 0.0003 | Global 0.5914 | Local 0.1192 | F1_macro 0.7266 | WorstLoss 1.4060
[Tracker] Ep   45 | AvgR 0.0001 | Global 0.1021 | Local 0.1192 | F1_macro 0.7031 | WorstLoss 1.6612
[Tracker] Saved snapshot: ep0045_phase2_class0
[Tracker] Ep   46 | AvgR 0.0001 | Global 0.2685 | Local 0.1192 | F1_macro 0.7192 | WorstLoss 1.5440
[Tracker] Ep   47 | AvgR 0.0000 | Global 0.0075 | Local 0.1192 | F1_macro 0.6843 | WorstLoss 1.9319
[Tracker] Ep   48 | AvgR 0.0002 | Global 0.4989 | Local 0.1192 | F1_macro 0.7290 | WorstLoss 1.4436
[Tracker] Ep   49 | AvgR 0.0003 | Global 0.5670 | Local 0.1192 | F1_macro 0.7377 | WorstLoss 1.4162
[Tracker] Ep   50 | AvgR 0.0003 | Global 0.5100 | Local 0.1192 | F1_macro 0.7292 | WorstLoss 1.4390
[Tracker] Saved snapshot: ep0050_phase2_class0
[Phase] Finished phase2_class0 | best global_obj=0.7031
FFNN Using device: cuda:0
[Combined] Saved combined beta -> training_runs/SPECnopca_large_net_curr_EP200_PCA1_REWfairness_minID1_majID0_TRJ2000_REAL3000_BIAS0.1_GG202603192300_833aae0e/seed_42/best_beta_state_dict.pt
[Combined] Saved combined synthetic -> training_runs/SPECnopca_large_net_curr_EP200_PCA1_REWfairness_minID1_majID0_TRJ2000_REAL3000_BIAS0.1_GG202603192300_833aae0e/seed_42/best_synthetic_combined.npz
FFNN Using device: cuda:0
[TestSuite] Loaded best β weights from: training_runs/SPECnopca_large_net_curr_EP200_PCA1_REWfairness_minID1_majID0_TRJ2000_REAL3000_BIAS0.1_GG202603192300_833aae0e/seed_42/best_beta_state_dict.pt

[TEST] Alpha -> F1(min)=0.5064 | F1(maj)=0.8967 | F1(weighted)=0.8027 | F1(macro)=0.7015 | Brier=0.1192
[TEST] Beta  -> F1(min)=0.4912 | F1(maj)=0.8962 | F1(weighted)=0.7986 | F1(macro)=0.6937 | Brier=0.1239
[TestSuite] Final test metrics appended to (seed): training_runs/SPECnopca_large_net_curr_EP200_PCA1_REWfairness_minID1_majID0_TRJ2000_REAL3000_BIAS0.1_GG202603192300_833aae0e/seed_42/final_test_metrics.csv
[TestSuite] Final test metrics appended to (experiment): training_runs/SPECnopca_large_net_curr_EP200_PCA1_REWfairness_minID1_majID0_TRJ2000_REAL3000_BIAS0.1_GG202603192300_833aae0e/final_test_metrics.csv
Total time 2627.01s
[Tracker] Finished. Run folder: training_runs/SPECnopca_large_net_curr_EP200_PCA1_REWfairness_minID1_majID0_TRJ2000_REAL3000_BIAS0.1_GG202603192300_833aae0e/seed_42
