[main] spec=nopca_curr_gentle.json device=cuda:0
[main] exp_group=SPEC_nopca_curr_gentle_99e3cfc3__G202603192300
[main] seeds=[42]
[main] ---- running seed=42 ----
FFNN Using device: cuda:0
FFNN Using device: cuda:0
[Tracker] Experiment: SPECnopca_curr_gentle_EP200_PCA1_REWfairness_minID1_majID0_TRJ2000_REAL3000_BIAS0.1_GG202603192300_a2ab59f6
[Tracker] Seed folder: training_runs/SPECnopca_curr_gentle_EP200_PCA1_REWfairness_minID1_majID0_TRJ2000_REAL3000_BIAS0.1_GG202603192300_a2ab59f6/seed_42
[Tracker] Run: 2026-03-19_23-00-07_seed42_105048_da516098
[Tracker] Metrics CSV: training_runs/SPECnopca_curr_gentle_EP200_PCA1_REWfairness_minID1_majID0_TRJ2000_REAL3000_BIAS0.1_GG202603192300_a2ab59f6/seed_42/metrics.csv
[Tracker] Mirroring console to: training_runs/SPECnopca_curr_gentle_EP200_PCA1_REWfairness_minID1_majID0_TRJ2000_REAL3000_BIAS0.1_GG202603192300_a2ab59f6/seed_42/console.log
[TRAIN] size=3000, minority=300 (10.00%)
[VAL] size=5493, minority=549 (9.99%)
[TEST] size=6513, minority=1569 (24.09%)
FFNN Using device: cuda:0
FFNN Using device: cuda:0
Beta will train with: 60.00% real data, 40.00% synthetic data: 
[disadv] group=1 per_g={0: 0.09186093509197235, 1: 0.2662293314933777} worst_4g=1.4447 soft_eo_alpha=0.0565
Anchors: 257 (disadv=1) sigma_anchor=0.8500
[Tracker] Alpha model state_dict saved to training_runs/SPECnopca_curr_gentle_EP200_PCA1_REWfairness_minID1_majID0_TRJ2000_REAL3000_BIAS0.1_GG202603192300_a2ab59f6/seed_42/alpha_state_dict.pt
[Tracker] Alpha model config saved to training_runs/SPECnopca_curr_gentle_EP200_PCA1_REWfairness_minID1_majID0_TRJ2000_REAL3000_BIAS0.1_GG202603192300_a2ab59f6/seed_42/ffnn_meta.json

============================================================
[Phase] Starting phase1_class1 | target_class=1 | episodes=200
============================================================
/home/epigou/envs/rl/lib/python3.10/site-packages/torch/_inductor/compile_fx.py:194: UserWarning:

TensorFloat32 tensor cores for float32 matrix multiplication available but not enabled. Consider setting `torch.set_float32_matmul_precision('high')` for better performance.

[Tracker] CSV header written with 44 columns.
[Tracker] Ep    1 | AvgR 0.0000 | Global 0.0893 | Local 0.1192 | F1_macro 0.7025 | WorstLoss 1.6762
[Tracker] New BEST synthetic [phase1_class1] (by global.global_obj: 0.089266) saved.
[Tracker] BEST β weights [phase1_class1] saved -> training_runs/SPECnopca_curr_gentle_EP200_PCA1_REWfairness_minID1_majID0_TRJ2000_REAL3000_BIAS0.1_GG202603192300_a2ab59f6/seed_42/best_beta_state_dict_phase1_class1.pt
[Tracker] Ep    2 | AvgR 0.0001 | Global 0.1137 | Local 0.1192 | F1_macro 0.7104 | WorstLoss 1.6488
[Tracker] New BEST synthetic [phase1_class1] (by global.global_obj: 0.113698) saved.
[Tracker] BEST β weights [phase1_class1] saved -> training_runs/SPECnopca_curr_gentle_EP200_PCA1_REWfairness_minID1_majID0_TRJ2000_REAL3000_BIAS0.1_GG202603192300_a2ab59f6/seed_42/best_beta_state_dict_phase1_class1.pt
[Tracker] Ep    3 | AvgR 0.0001 | Global 0.2122 | Local 0.1192 | F1_macro 0.7132 | WorstLoss 1.5740
[Tracker] New BEST synthetic [phase1_class1] (by global.global_obj: 0.212221) saved.
[Tracker] BEST β weights [phase1_class1] saved -> training_runs/SPECnopca_curr_gentle_EP200_PCA1_REWfairness_minID1_majID0_TRJ2000_REAL3000_BIAS0.1_GG202603192300_a2ab59f6/seed_42/best_beta_state_dict_phase1_class1.pt
[Tracker] Ep    4 | AvgR 0.0000 | Global 0.0658 | Local 0.1192 | F1_macro 0.7112 | WorstLoss 1.7091
[Tracker] Ep    5 | AvgR 0.0001 | Global 0.2282 | Local 0.1192 | F1_macro 0.7180 | WorstLoss 1.5657
[Tracker] Saved snapshot: ep0005_phase1_class1
[Tracker] New BEST synthetic [phase1_class1] (by global.global_obj: 0.228203) saved.
[Tracker] BEST β weights [phase1_class1] saved -> training_runs/SPECnopca_curr_gentle_EP200_PCA1_REWfairness_minID1_majID0_TRJ2000_REAL3000_BIAS0.1_GG202603192300_a2ab59f6/seed_42/best_beta_state_dict_phase1_class1.pt
[Tracker] Ep    6 | AvgR 0.0001 | Global 0.2337 | Local 0.1192 | F1_macro 0.7185 | WorstLoss 1.5628
[Tracker] New BEST synthetic [phase1_class1] (by global.global_obj: 0.233748) saved.
[Tracker] BEST β weights [phase1_class1] saved -> training_runs/SPECnopca_curr_gentle_EP200_PCA1_REWfairness_minID1_majID0_TRJ2000_REAL3000_BIAS0.1_GG202603192300_a2ab59f6/seed_42/best_beta_state_dict_phase1_class1.pt
[Tracker] Ep    7 | AvgR 0.0001 | Global 0.1031 | Local 0.1192 | F1_macro 0.6957 | WorstLoss 1.6601
[Tracker] Ep    8 | AvgR 0.0000 | Global 0.0289 | Local 0.1192 | F1_macro 0.6998 | WorstLoss 1.7954
[Tracker] Ep    9 | AvgR 0.0001 | Global 0.2841 | Local 0.1192 | F1_macro 0.7185 | WorstLoss 1.5356
[Tracker] New BEST synthetic [phase1_class1] (by global.global_obj: 0.284088) saved.
[Tracker] BEST β weights [phase1_class1] saved -> training_runs/SPECnopca_curr_gentle_EP200_PCA1_REWfairness_minID1_majID0_TRJ2000_REAL3000_BIAS0.1_GG202603192300_a2ab59f6/seed_42/best_beta_state_dict_phase1_class1.pt
[Tracker] Ep   10 | AvgR 0.0000 | Global 0.0852 | Local 0.1192 | F1_macro 0.6854 | WorstLoss 1.6809
[Tracker] Saved snapshot: ep0010_phase1_class1
[Tracker] Ep   11 | AvgR 0.0004 | Global 0.7717 | Local 0.1192 | F1_macro 0.7346 | WorstLoss 1.3207
[Tracker] New BEST synthetic [phase1_class1] (by global.global_obj: 0.771680) saved.
[Tracker] BEST β weights [phase1_class1] saved -> training_runs/SPECnopca_curr_gentle_EP200_PCA1_REWfairness_minID1_majID0_TRJ2000_REAL3000_BIAS0.1_GG202603192300_a2ab59f6/seed_42/best_beta_state_dict_phase1_class1.pt
[Tracker] Ep   12 | AvgR 0.0002 | Global 0.3280 | Local 0.1192 | F1_macro 0.7186 | WorstLoss 1.5154
[Tracker] Ep   13 | AvgR 0.0001 | Global 0.2666 | Local 0.1192 | F1_macro 0.7097 | WorstLoss 1.5444
[Tracker] Ep   14 | AvgR 0.0000 | Global 0.0724 | Local 0.1192 | F1_macro 0.7006 | WorstLoss 1.6992
[Tracker] Ep   15 | AvgR 0.0001 | Global 0.1569 | Local 0.1192 | F1_macro 0.7148 | WorstLoss 1.6123
[Tracker] Saved snapshot: ep0015_phase1_class1
[Tracker] Ep   16 | AvgR 0.0002 | Global 0.3495 | Local 0.1192 | F1_macro 0.7082 | WorstLoss 1.5061
[Tracker] Ep   17 | AvgR 0.0001 | Global 0.2581 | Local 0.1192 | F1_macro 0.7121 | WorstLoss 1.5496
[Tracker] Ep   18 | AvgR 0.0000 | Global 0.0513 | Local 0.1192 | F1_macro 0.7162 | WorstLoss 1.7354
[Tracker] Ep   19 | AvgR 0.0000 | Global 0.0763 | Local 0.1192 | F1_macro 0.6883 | WorstLoss 1.6924
[Tracker] Ep   20 | AvgR 0.0001 | Global 0.1189 | Local 0.1192 | F1_macro 0.7051 | WorstLoss 1.6446
[Tracker] Saved snapshot: ep0020_phase1_class1
[Tracker] Ep   21 | AvgR 0.0001 | Global 0.2683 | Local 0.1192 | F1_macro 0.7167 | WorstLoss 1.5440
[Tracker] Ep   22 | AvgR 0.0002 | Global 0.3820 | Local 0.1192 | F1_macro 0.7094 | WorstLoss 1.4915
[Tracker] Ep   23 | AvgR 0.0001 | Global 0.2718 | Local 0.1192 | F1_macro 0.7276 | WorstLoss 1.5427
[Tracker] Ep   24 | AvgR 0.0002 | Global 0.3311 | Local 0.1192 | F1_macro 0.7119 | WorstLoss 1.5134
[Tracker] Ep   25 | AvgR 0.0000 | Global 0.0704 | Local 0.1192 | F1_macro 0.7035 | WorstLoss 1.7019
[Tracker] Saved snapshot: ep0025_phase1_class1
[Tracker] Ep   26 | AvgR 0.0000 | Global 0.0203 | Local 0.1192 | F1_macro 0.6948 | WorstLoss 1.8320
[Tracker] Ep   27 | AvgR 0.0001 | Global 0.1233 | Local 0.1192 | F1_macro 0.7174 | WorstLoss 1.6401
[Tracker] Ep   28 | AvgR 0.0000 | Global 0.0154 | Local 0.1192 | F1_macro 0.6777 | WorstLoss 1.8594
[Tracker] Ep   29 | AvgR 0.0001 | Global 0.2911 | Local 0.1192 | F1_macro 0.7102 | WorstLoss 1.5327
[Tracker] Ep   30 | AvgR 0.0002 | Global 0.4615 | Local 0.1192 | F1_macro 0.7261 | WorstLoss 1.4587
[Tracker] Saved snapshot: ep0030_phase1_class1
[Tracker] Ep   31 | AvgR 0.0001 | Global 0.2335 | Local 0.1192 | F1_macro 0.7269 | WorstLoss 1.5628
[Tracker] Ep   32 | AvgR 0.0001 | Global 0.1730 | Local 0.1192 | F1_macro 0.7045 | WorstLoss 1.6003
[Tracker] Ep   33 | AvgR 0.0001 | Global 0.1516 | Local 0.1192 | F1_macro 0.7246 | WorstLoss 1.6161
[Tracker] Ep   34 | AvgR 0.0001 | Global 0.1021 | Local 0.1192 | F1_macro 0.7198 | WorstLoss 1.6611
[Tracker] Ep   35 | AvgR 0.0002 | Global 0.3321 | Local 0.1192 | F1_macro 0.7152 | WorstLoss 1.5140
[Tracker] Saved snapshot: ep0035_phase1_class1
[Tracker] Ep   36 | AvgR 0.0002 | Global 0.4553 | Local 0.1192 | F1_macro 0.7175 | WorstLoss 1.4608
[Tracker] Ep   37 | AvgR 0.0001 | Global 0.1425 | Local 0.1192 | F1_macro 0.7198 | WorstLoss 1.6235
[Tracker] Ep   38 | AvgR 0.0000 | Global 0.0501 | Local 0.1192 | F1_macro 0.7020 | WorstLoss 1.7385
[Tracker] Ep   39 | AvgR 0.0001 | Global 0.1249 | Local 0.1192 | F1_macro 0.7136 | WorstLoss 1.6385
[Tracker] Ep   40 | AvgR 0.0001 | Global 0.1327 | Local 0.1192 | F1_macro 0.7038 | WorstLoss 1.6320
[Tracker] Saved snapshot: ep0040_phase1_class1
[Tracker] Ep   41 | AvgR 0.0000 | Global 0.0791 | Local 0.1192 | F1_macro 0.7159 | WorstLoss 1.6892
[Tracker] Ep   42 | AvgR 0.0000 | Global 0.0296 | Local 0.1192 | F1_macro 0.7193 | WorstLoss 1.7926
[Tracker] Ep   43 | AvgR 0.0001 | Global 0.2048 | Local 0.1192 | F1_macro 0.7120 | WorstLoss 1.5793
[Tracker] Ep   44 | AvgR 0.0000 | Global 0.0944 | Local 0.1192 | F1_macro 0.7162 | WorstLoss 1.6699
[Tracker] Ep   45 | AvgR 0.0004 | Global 0.7003 | Local 0.1192 | F1_macro 0.7280 | WorstLoss 1.3582
[Tracker] Saved snapshot: ep0045_phase1_class1
[Tracker] Ep   46 | AvgR 0.0000 | Global 0.0501 | Local 0.1192 | F1_macro 0.7124 | WorstLoss 1.7374
[Tracker] Ep   47 | AvgR 0.0001 | Global 0.1528 | Local 0.1192 | F1_macro 0.7042 | WorstLoss 1.6150
[Tracker] Ep   48 | AvgR 0.0002 | Global 0.4478 | Local 0.1192 | F1_macro 0.7218 | WorstLoss 1.4645
[Tracker] Ep   49 | AvgR 0.0000 | Global 0.0377 | Local 0.1192 | F1_macro 0.7064 | WorstLoss 1.7677
[Tracker] Ep   50 | AvgR 0.0001 | Global 0.2118 | Local 0.1192 | F1_macro 0.7129 | WorstLoss 1.5748
[Tracker] Saved snapshot: ep0050_phase1_class1
[Tracker] Ep   51 | AvgR 0.0001 | Global 0.1015 | Local 0.1192 | F1_macro 0.7016 | WorstLoss 1.6621
[Tracker] Ep   52 | AvgR 0.0000 | Global 0.0834 | Local 0.1192 | F1_macro 0.7133 | WorstLoss 1.6836
[Tracker] Ep   53 | AvgR 0.0001 | Global 0.2565 | Local 0.1192 | F1_macro 0.7199 | WorstLoss 1.5502
[Tracker] Ep   54 | AvgR 0.0001 | Global 0.2265 | Local 0.1192 | F1_macro 0.7140 | WorstLoss 1.5663
[Tracker] Ep   55 | AvgR 0.0001 | Global 0.2234 | Local 0.1192 | F1_macro 0.7145 | WorstLoss 1.5681
[Tracker] Saved snapshot: ep0055_phase1_class1
[Tracker] Ep   56 | AvgR 0.0001 | Global 0.2932 | Local 0.1192 | F1_macro 0.7163 | WorstLoss 1.5317
[Tracker] Ep   57 | AvgR 0.0001 | Global 0.2418 | Local 0.1192 | F1_macro 0.7113 | WorstLoss 1.5579
[Tracker] Ep   58 | AvgR 0.0000 | Global 0.0213 | Local 0.1192 | F1_macro 0.6822 | WorstLoss 1.8270
[Tracker] Ep   59 | AvgR 0.0002 | Global 0.3491 | Local 0.1192 | F1_macro 0.7109 | WorstLoss 1.5055
[Tracker] Ep   60 | AvgR 0.0000 | Global 0.0748 | Local 0.1192 | F1_macro 0.7035 | WorstLoss 1.6947
[Tracker] Saved snapshot: ep0060_phase1_class1
[Tracker] Ep   61 | AvgR 0.0002 | Global 0.3814 | Local 0.1192 | F1_macro 0.7104 | WorstLoss 1.4916
[Tracker] Ep   62 | AvgR 0.0002 | Global 0.4395 | Local 0.1192 | F1_macro 0.7080 | WorstLoss 1.4676
[Tracker] Ep   63 | AvgR 0.0000 | Global 0.0571 | Local 0.1192 | F1_macro 0.7165 | WorstLoss 1.7241
[Tracker] Ep   64 | AvgR 0.0003 | Global 0.5793 | Local 0.1192 | F1_macro 0.7316 | WorstLoss 1.4099
[Tracker] Ep   65 | AvgR 0.0001 | Global 0.1284 | Local 0.1192 | F1_macro 0.7076 | WorstLoss 1.6350
[Tracker] Saved snapshot: ep0065_phase1_class1
[Tracker] Ep   66 | AvgR 0.0001 | Global 0.1406 | Local 0.1192 | F1_macro 0.7129 | WorstLoss 1.6249
[Tracker] Ep   67 | AvgR 0.0001 | Global 0.1965 | Local 0.1192 | F1_macro 0.7202 | WorstLoss 1.5847
[Tracker] Ep   68 | AvgR 0.0002 | Global 0.4752 | Local 0.1192 | F1_macro 0.7210 | WorstLoss 1.4533
[Tracker] Ep   69 | AvgR 0.0000 | Global 0.0867 | Local 0.1192 | F1_macro 0.6947 | WorstLoss 1.6786
[Tracker] Ep   70 | AvgR 0.0000 | Global 0.0640 | Local 0.1192 | F1_macro 0.6962 | WorstLoss 1.7119
[Tracker] Saved snapshot: ep0070_phase1_class1
[Tracker] Ep   71 | AvgR 0.0001 | Global 0.2467 | Local 0.1192 | F1_macro 0.7234 | WorstLoss 1.5556
[Tracker] Ep   72 | AvgR 0.0000 | Global 0.0782 | Local 0.1192 | F1_macro 0.7121 | WorstLoss 1.6907
[Tracker] Ep   73 | AvgR 0.0000 | Global 0.0231 | Local 0.1192 | F1_macro 0.6933 | WorstLoss 1.8182
[Tracker] Ep   74 | AvgR 0.0000 | Global 0.0632 | Local 0.1192 | F1_macro 0.6906 | WorstLoss 1.7138
[Tracker] Ep   75 | AvgR 0.0001 | Global 0.1782 | Local 0.1192 | F1_macro 0.7272 | WorstLoss 1.5968
[Tracker] Saved snapshot: ep0075_phase1_class1
[Tracker] Ep   76 | AvgR 0.0000 | Global 0.0107 | Local 0.1192 | F1_macro 0.6884 | WorstLoss 1.8968
[Tracker] Ep   77 | AvgR 0.0000 | Global 0.0102 | Local 0.1192 | F1_macro 0.6949 | WorstLoss 1.9019
[Tracker] Ep   78 | AvgR 0.0001 | Global 0.1781 | Local 0.1192 | F1_macro 0.7077 | WorstLoss 1.5970
[Tracker] Ep   79 | AvgR 0.0000 | Global 0.0884 | Local 0.1192 | F1_macro 0.6863 | WorstLoss 1.6770
[Tracker] Ep   80 | AvgR 0.0001 | Global 0.1606 | Local 0.1192 | F1_macro 0.7064 | WorstLoss 1.6091
[Tracker] Saved snapshot: ep0080_phase1_class1
[Tracker] Ep   81 | AvgR 0.0002 | Global 0.3723 | Local 0.1192 | F1_macro 0.7362 | WorstLoss 1.4954
[Tracker] Ep   82 | AvgR 0.0003 | Global 0.6131 | Local 0.1192 | F1_macro 0.7268 | WorstLoss 1.3967
[Tracker] Ep   83 | AvgR 0.0000 | Global 0.0473 | Local 0.1192 | F1_macro 0.7146 | WorstLoss 1.7435
[Tracker] Ep   84 | AvgR 0.0000 | Global 0.0975 | Local 0.1192 | F1_macro 0.6981 | WorstLoss 1.6660
[Tracker] Ep   85 | AvgR 0.0001 | Global 0.2585 | Local 0.1192 | F1_macro 0.7249 | WorstLoss 1.5486
[Tracker] Saved snapshot: ep0085_phase1_class1
[Tracker] Ep   86 | AvgR 0.0000 | Global 0.0376 | Local 0.1192 | F1_macro 0.7122 | WorstLoss 1.7676
[Tracker] Ep   87 | AvgR 0.0001 | Global 0.2543 | Local 0.1192 | F1_macro 0.7114 | WorstLoss 1.5507
[Tracker] Ep   88 | AvgR 0.0001 | Global 0.1287 | Local 0.1192 | F1_macro 0.6999 | WorstLoss 1.6349
[Tracker] Ep   89 | AvgR 0.0003 | Global 0.6499 | Local 0.1192 | F1_macro 0.7256 | WorstLoss 1.3802
[Tracker] Ep   90 | AvgR 0.0000 | Global 0.0582 | Local 0.1192 | F1_macro 0.7041 | WorstLoss 1.7222
[Tracker] Saved snapshot: ep0090_phase1_class1
[Tracker] Ep   91 | AvgR 0.0000 | Global 0.0874 | Local 0.1192 | F1_macro 0.6960 | WorstLoss 1.6780
[Tracker] Ep   92 | AvgR 0.0000 | Global 0.0349 | Local 0.1192 | F1_macro 0.6975 | WorstLoss 1.7746
[Tracker] Ep   93 | AvgR 0.0002 | Global 0.4219 | Local 0.1192 | F1_macro 0.7006 | WorstLoss 1.4753
[Tracker] Ep   94 | AvgR 0.0001 | Global 0.1240 | Local 0.1192 | F1_macro 0.7092 | WorstLoss 1.6391
[Tracker] Ep   95 | AvgR 0.0001 | Global 0.2222 | Local 0.1192 | F1_macro 0.7175 | WorstLoss 1.5693
[Tracker] Saved snapshot: ep0095_phase1_class1
[Tracker] Ep   96 | AvgR 0.0001 | Global 0.2686 | Local 0.1192 | F1_macro 0.7180 | WorstLoss 1.5437
[Tracker] Ep   97 | AvgR 0.0001 | Global 0.2388 | Local 0.1192 | F1_macro 0.7119 | WorstLoss 1.5595
[Tracker] Ep   98 | AvgR 0.0001 | Global 0.2685 | Local 0.1192 | F1_macro 0.7128 | WorstLoss 1.5434
[Tracker] Ep   99 | AvgR 0.0001 | Global 0.1719 | Local 0.1192 | F1_macro 0.7073 | WorstLoss 1.6005
[Tracker] Ep  100 | AvgR 0.0001 | Global 0.2362 | Local 0.1192 | F1_macro 0.7113 | WorstLoss 1.5607
[Tracker] Saved snapshot: ep0100_phase1_class1
[Tracker] Ep  101 | AvgR 0.0001 | Global 0.1825 | Local 0.1192 | F1_macro 0.7091 | WorstLoss 1.5938
[Tracker] Ep  102 | AvgR 0.0003 | Global 0.5361 | Local 0.1192 | F1_macro 0.7174 | WorstLoss 1.4290
[Tracker] Ep  103 | AvgR 0.0002 | Global 0.3673 | Local 0.1192 | F1_macro 0.7144 | WorstLoss 1.4981
[Tracker] Ep  104 | AvgR 0.0002 | Global 0.4690 | Local 0.1192 | F1_macro 0.7137 | WorstLoss 1.4560
[Tracker] Ep  105 | AvgR 0.0001 | Global 0.2615 | Local 0.1192 | F1_macro 0.7067 | WorstLoss 1.5477
[Tracker] Saved snapshot: ep0105_phase1_class1
[Tracker] Ep  106 | AvgR 0.0001 | Global 0.2388 | Local 0.1192 | F1_macro 0.7105 | WorstLoss 1.5600
[Tracker] Ep  107 | AvgR 0.0000 | Global 0.0794 | Local 0.1192 | F1_macro 0.7054 | WorstLoss 1.6893
[Tracker] Ep  108 | AvgR 0.0001 | Global 0.2351 | Local 0.1192 | F1_macro 0.7038 | WorstLoss 1.5618
[Tracker] Ep  109 | AvgR 0.0001 | Global 0.2383 | Local 0.1192 | F1_macro 0.7102 | WorstLoss 1.5601
[Tracker] Ep  110 | AvgR 0.0002 | Global 0.3706 | Local 0.1192 | F1_macro 0.7074 | WorstLoss 1.4969
[Tracker] Saved snapshot: ep0110_phase1_class1
[Tracker] Ep  111 | AvgR 0.0002 | Global 0.3183 | Local 0.1192 | F1_macro 0.7114 | WorstLoss 1.5200
[Tracker] Ep  112 | AvgR 0.0000 | Global 0.0838 | Local 0.1192 | F1_macro 0.6908 | WorstLoss 1.6832
[Tracker] Ep  113 | AvgR 0.0001 | Global 0.2349 | Local 0.1192 | F1_macro 0.7061 | WorstLoss 1.5619
[Tracker] Ep  114 | AvgR 0.0004 | Global 0.8143 | Local 0.1192 | F1_macro 0.7257 | WorstLoss 1.2946
[Tracker] New BEST synthetic [phase1_class1] (by global.global_obj: 0.814276) saved.
[Tracker] BEST β weights [phase1_class1] saved -> training_runs/SPECnopca_curr_gentle_EP200_PCA1_REWfairness_minID1_majID0_TRJ2000_REAL3000_BIAS0.1_GG202603192300_a2ab59f6/seed_42/best_beta_state_dict_phase1_class1.pt
[Tracker] Ep  115 | AvgR 0.0002 | Global 0.3851 | Local 0.1192 | F1_macro 0.7190 | WorstLoss 1.4907
[Tracker] Saved snapshot: ep0115_phase1_class1
[Tracker] Ep  116 | AvgR 0.0001 | Global 0.1482 | Local 0.1192 | F1_macro 0.7011 | WorstLoss 1.6190
[Tracker] Ep  117 | AvgR 0.0002 | Global 0.4406 | Local 0.1192 | F1_macro 0.7194 | WorstLoss 1.4676
[Tracker] Ep  118 | AvgR 0.0001 | Global 0.2299 | Local 0.1192 | F1_macro 0.7125 | WorstLoss 1.5651
[Tracker] Ep  119 | AvgR 0.0002 | Global 0.3981 | Local 0.1192 | F1_macro 0.7147 | WorstLoss 1.4854
[Tracker] Ep  120 | AvgR 0.0003 | Global 0.6801 | Local 0.1192 | F1_macro 0.7236 | WorstLoss 1.3682
[Tracker] Saved snapshot: ep0120_phase1_class1
[Tracker] Ep  121 | AvgR 0.0001 | Global 0.2030 | Local 0.1192 | F1_macro 0.7007 | WorstLoss 1.5811
[Tracker] Ep  122 | AvgR 0.0001 | Global 0.2812 | Local 0.1192 | F1_macro 0.7045 | WorstLoss 1.5379
[Tracker] Ep  123 | AvgR 0.0001 | Global 0.1947 | Local 0.1192 | F1_macro 0.7110 | WorstLoss 1.5863
[Tracker] Ep  124 | AvgR 0.0002 | Global 0.3467 | Local 0.1192 | F1_macro 0.7153 | WorstLoss 1.5075
[Tracker] Ep  125 | AvgR 0.0001 | Global 0.2167 | Local 0.1192 | F1_macro 0.7017 | WorstLoss 1.5728
[Tracker] Saved snapshot: ep0125_phase1_class1
[Tracker] Ep  126 | AvgR 0.0002 | Global 0.3096 | Local 0.1192 | F1_macro 0.7138 | WorstLoss 1.5242
[Tracker] Ep  127 | AvgR 0.0003 | Global 0.5443 | Local 0.1192 | F1_macro 0.7172 | WorstLoss 1.4260
[Tracker] Ep  128 | AvgR 0.0001 | Global 0.1365 | Local 0.1192 | F1_macro 0.6893 | WorstLoss 1.6285
[Tracker] Ep  129 | AvgR 0.0001 | Global 0.2160 | Local 0.1192 | F1_macro 0.7135 | WorstLoss 1.5733
[Tracker] Ep  130 | AvgR 0.0003 | Global 0.6948 | Local 0.1192 | F1_macro 0.7242 | WorstLoss 1.3616
[Tracker] Saved snapshot: ep0130_phase1_class1
[Tracker] Ep  131 | AvgR 0.0002 | Global 0.4101 | Local 0.1192 | F1_macro 0.7119 | WorstLoss 1.4806
[Tracker] Ep  132 | AvgR 0.0003 | Global 0.5858 | Local 0.1192 | F1_macro 0.7300 | WorstLoss 1.4090
[Tracker] Ep  133 | AvgR 0.0003 | Global 0.6188 | Local 0.1192 | F1_macro 0.7189 | WorstLoss 1.3952
[Tracker] Ep  134 | AvgR 0.0002 | Global 0.3192 | Local 0.1192 | F1_macro 0.7143 | WorstLoss 1.5197
[Tracker] Ep  135 | AvgR 0.0001 | Global 0.1466 | Local 0.1192 | F1_macro 0.6991 | WorstLoss 1.6205
[Tracker] Saved snapshot: ep0135_phase1_class1
[Tracker] Ep  136 | AvgR 0.0003 | Global 0.6852 | Local 0.1192 | F1_macro 0.7240 | WorstLoss 1.3658
[Tracker] Ep  137 | AvgR 0.0000 | Global 0.0261 | Local 0.1192 | F1_macro 0.6808 | WorstLoss 1.8061
[Tracker] Ep  138 | AvgR 0.0001 | Global 0.2685 | Local 0.1192 | F1_macro 0.7099 | WorstLoss 1.5446
[Tracker] Ep  139 | AvgR 0.0001 | Global 0.1100 | Local 0.1192 | F1_macro 0.6918 | WorstLoss 1.6534
[Tracker] Ep  140 | AvgR 0.0003 | Global 0.5700 | Local 0.1192 | F1_macro 0.7159 | WorstLoss 1.4158
[Tracker] Saved snapshot: ep0140_phase1_class1
[Tracker] Ep  141 | AvgR 0.0002 | Global 0.4238 | Local 0.1192 | F1_macro 0.7122 | WorstLoss 1.4749
[Tracker] Ep  142 | AvgR 0.0003 | Global 0.6819 | Local 0.1192 | F1_macro 0.7268 | WorstLoss 1.3676
[Tracker] Ep  143 | AvgR 0.0000 | Global 0.0373 | Local 0.1192 | F1_macro 0.6952 | WorstLoss 1.7696
[Tracker] Ep  144 | AvgR 0.0003 | Global 0.5180 | Local 0.1192 | F1_macro 0.7297 | WorstLoss 1.4367
[Tracker] Ep  145 | AvgR 0.0002 | Global 0.3606 | Local 0.1192 | F1_macro 0.7135 | WorstLoss 1.5015
[Tracker] Saved snapshot: ep0145_phase1_class1
[Tracker] Ep  146 | AvgR 0.0001 | Global 0.1599 | Local 0.1192 | F1_macro 0.6955 | WorstLoss 1.6103
[Tracker] Ep  147 | AvgR 0.0001 | Global 0.1598 | Local 0.1192 | F1_macro 0.6988 | WorstLoss 1.6103
[Tracker] Ep  148 | AvgR 0.0001 | Global 0.2069 | Local 0.1192 | F1_macro 0.6980 | WorstLoss 1.5787
[Tracker] Ep  149 | AvgR 0.0002 | Global 0.4629 | Local 0.1192 | F1_macro 0.7094 | WorstLoss 1.4591
[Tracker] Ep  150 | AvgR 0.0002 | Global 0.3486 | Local 0.1192 | F1_macro 0.7139 | WorstLoss 1.5067
[Tracker] Saved snapshot: ep0150_phase1_class1
[Tracker] Ep  151 | AvgR 0.0001 | Global 0.2001 | Local 0.1192 | F1_macro 0.7104 | WorstLoss 1.5829
[Tracker] Ep  152 | AvgR 0.0004 | Global 0.7372 | Local 0.1192 | F1_macro 0.7231 | WorstLoss 1.3403
[Tracker] Ep  153 | AvgR 0.0000 | Global 0.0712 | Local 0.1192 | F1_macro 0.7026 | WorstLoss 1.7013
[Tracker] Ep  154 | AvgR 0.0001 | Global 0.1084 | Local 0.1192 | F1_macro 0.6983 | WorstLoss 1.6551
[Tracker] Ep  155 | AvgR 0.0002 | Global 0.3247 | Local 0.1192 | F1_macro 0.7130 | WorstLoss 1.5174
[Tracker] Saved snapshot: ep0155_phase1_class1
[Tracker] Ep  156 | AvgR 0.0004 | Global 0.8017 | Local 0.1192 | F1_macro 0.7310 | WorstLoss 1.3035
[Tracker] Ep  157 | AvgR 0.0001 | Global 0.1885 | Local 0.1192 | F1_macro 0.7058 | WorstLoss 1.5903
[Tracker] Ep  158 | AvgR 0.0002 | Global 0.4339 | Local 0.1192 | F1_macro 0.7210 | WorstLoss 1.4706
[Tracker] Ep  159 | AvgR 0.0002 | Global 0.3489 | Local 0.1192 | F1_macro 0.7116 | WorstLoss 1.5067
[Tracker] Ep  160 | AvgR 0.0005 | Global 0.9010 | Local 0.1192 | F1_macro 0.7399 | WorstLoss 1.2204
[Tracker] Saved snapshot: ep0160_phase1_class1
[Tracker] New BEST synthetic [phase1_class1] (by global.global_obj: 0.900999) saved.
[Tracker] BEST β weights [phase1_class1] saved -> training_runs/SPECnopca_curr_gentle_EP200_PCA1_REWfairness_minID1_majID0_TRJ2000_REAL3000_BIAS0.1_GG202603192300_a2ab59f6/seed_42/best_beta_state_dict_phase1_class1.pt
[Tracker] Ep  161 | AvgR 0.0002 | Global 0.4962 | Local 0.1192 | F1_macro 0.7195 | WorstLoss 1.4455
[Tracker] Ep  162 | AvgR 0.0002 | Global 0.4906 | Local 0.1192 | F1_macro 0.7245 | WorstLoss 1.4476
[Tracker] Ep  163 | AvgR 0.0003 | Global 0.6037 | Local 0.1192 | F1_macro 0.7185 | WorstLoss 1.4020
[Tracker] Ep  164 | AvgR 0.0001 | Global 0.1991 | Local 0.1192 | F1_macro 0.7017 | WorstLoss 1.5837
[Tracker] Ep  165 | AvgR 0.0003 | Global 0.5693 | Local 0.1192 | F1_macro 0.7164 | WorstLoss 1.4160
[Tracker] Saved snapshot: ep0165_phase1_class1
[Tracker] Ep  166 | AvgR 0.0004 | Global 0.8087 | Local 0.1192 | F1_macro 0.7315 | WorstLoss 1.2979
[Tracker] Ep  167 | AvgR 0.0001 | Global 0.2667 | Local 0.1192 | F1_macro 0.7146 | WorstLoss 1.5454
[Tracker] Ep  168 | AvgR 0.0004 | Global 0.7669 | Local 0.1192 | F1_macro 0.7285 | WorstLoss 1.3251
[Tracker] Ep  169 | AvgR 0.0004 | Global 0.7131 | Local 0.1192 | F1_macro 0.7248 | WorstLoss 1.3530
[Tracker] Ep  170 | AvgR 0.0003 | Global 0.6322 | Local 0.1192 | F1_macro 0.7188 | WorstLoss 1.3897
[Tracker] Saved snapshot: ep0170_phase1_class1
[Tracker] Ep  171 | AvgR 0.0002 | Global 0.3889 | Local 0.1192 | F1_macro 0.7147 | WorstLoss 1.4894
[Tracker] Ep  172 | AvgR 0.0003 | Global 0.5913 | Local 0.1192 | F1_macro 0.7213 | WorstLoss 1.4072
[Tracker] Ep  173 | AvgR 0.0001 | Global 0.1529 | Local 0.1192 | F1_macro 0.7035 | WorstLoss 1.6154
[Tracker] Ep  174 | AvgR 0.0001 | Global 0.2634 | Local 0.1192 | F1_macro 0.7173 | WorstLoss 1.5471
[Tracker] Ep  175 | AvgR 0.0003 | Global 0.5264 | Local 0.1192 | F1_macro 0.7174 | WorstLoss 1.4340
[Tracker] Saved snapshot: ep0175_phase1_class1
[Tracker] Ep  176 | AvgR 0.0002 | Global 0.4167 | Local 0.1192 | F1_macro 0.7231 | WorstLoss 1.4778
[Tracker] Ep  177 | AvgR 0.0002 | Global 0.4263 | Local 0.1192 | F1_macro 0.7176 | WorstLoss 1.4739
[Tracker] Ep  178 | AvgR 0.0003 | Global 0.5120 | Local 0.1192 | F1_macro 0.7191 | WorstLoss 1.4392
[Tracker] Ep  179 | AvgR 0.0001 | Global 0.2364 | Local 0.1192 | F1_macro 0.7074 | WorstLoss 1.5617
[Tracker] Ep  180 | AvgR 0.0002 | Global 0.3717 | Local 0.1192 | F1_macro 0.7135 | WorstLoss 1.4970
[Tracker] Saved snapshot: ep0180_phase1_class1
[Tracker] Ep  181 | AvgR 0.0001 | Global 0.2612 | Local 0.1192 | F1_macro 0.7121 | WorstLoss 1.5482
[Tracker] Ep  182 | AvgR 0.0002 | Global 0.3088 | Local 0.1192 | F1_macro 0.7208 | WorstLoss 1.5249
[Tracker] Ep  183 | AvgR 0.0003 | Global 0.6162 | Local 0.1192 | F1_macro 0.7220 | WorstLoss 1.3964
[Tracker] Ep  184 | AvgR 0.0001 | Global 0.2829 | Local 0.1192 | F1_macro 0.7071 | WorstLoss 1.5371
[Tracker] Ep  185 | AvgR 0.0002 | Global 0.3343 | Local 0.1192 | F1_macro 0.7155 | WorstLoss 1.5131
[Tracker] Saved snapshot: ep0185_phase1_class1
[Tracker] Ep  186 | AvgR 0.0005 | Global 0.9496 | Local 0.1192 | F1_macro 0.7347 | WorstLoss 1.1464
[Tracker] New BEST synthetic [phase1_class1] (by global.global_obj: 0.949595) saved.
[Tracker] BEST β weights [phase1_class1] saved -> training_runs/SPECnopca_curr_gentle_EP200_PCA1_REWfairness_minID1_majID0_TRJ2000_REAL3000_BIAS0.1_GG202603192300_a2ab59f6/seed_42/best_beta_state_dict_phase1_class1.pt
[Tracker] Ep  187 | AvgR 0.0004 | Global 0.8225 | Local 0.1192 | F1_macro 0.7334 | WorstLoss 1.2897
[Tracker] Ep  188 | AvgR 0.0002 | Global 0.4175 | Local 0.1192 | F1_macro 0.7116 | WorstLoss 1.4774
[Tracker] Ep  189 | AvgR 0.0002 | Global 0.3724 | Local 0.1192 | F1_macro 0.7165 | WorstLoss 1.4966
[Tracker] Ep  190 | AvgR 0.0004 | Global 0.7714 | Local 0.1192 | F1_macro 0.7285 | WorstLoss 1.3221
[Tracker] Saved snapshot: ep0190_phase1_class1
[Tracker] Ep  191 | AvgR 0.0001 | Global 0.1987 | Local 0.1192 | F1_macro 0.7081 | WorstLoss 1.5838
[Tracker] Ep  192 | AvgR 0.0002 | Global 0.3830 | Local 0.1192 | F1_macro 0.7174 | WorstLoss 1.4920
[Tracker] Ep  193 | AvgR 0.0004 | Global 0.7651 | Local 0.1192 | F1_macro 0.7273 | WorstLoss 1.3254
[Tracker] Ep  194 | AvgR 0.0002 | Global 0.3550 | Local 0.1192 | F1_macro 0.7188 | WorstLoss 1.5040
[Tracker] Ep  195 | AvgR 0.0001 | Global 0.1150 | Local 0.1192 | F1_macro 0.7038 | WorstLoss 1.6482
[Tracker] Saved snapshot: ep0195_phase1_class1
[Tracker] Ep  196 | AvgR 0.0003 | Global 0.5915 | Local 0.1192 | F1_macro 0.7224 | WorstLoss 1.4070
[Tracker] Ep  197 | AvgR 0.0001 | Global 0.2344 | Local 0.1192 | F1_macro 0.7103 | WorstLoss 1.5627
[Tracker] Ep  198 | AvgR 0.0001 | Global 0.1271 | Local 0.1192 | F1_macro 0.6883 | WorstLoss 1.6368
[Tracker] Ep  199 | AvgR 0.0000 | Global 0.0309 | Local 0.1192 | F1_macro 0.6953 | WorstLoss 1.7889
[Tracker] Ep  200 | AvgR 0.0003 | Global 0.6599 | Local 0.1192 | F1_macro 0.7302 | WorstLoss 1.3779
[Tracker] Saved snapshot: ep0200_phase1_class1
[Phase] Finished phase1_class1 | best global_obj=0.9496
Phase 2 anchors: 1617 (y=0 & disadv=1)
FFNN Using device: cuda:0

============================================================
[Phase] Starting phase2_class0 | target_class=0 | episodes=50
============================================================
[Tracker] Ep    1 | AvgR 0.0002 | Global 0.3381 | Local 0.1192 | F1_macro 0.7185 | WorstLoss 1.5106
[Tracker] New BEST synthetic [phase2_class0] (by global.global_obj: 0.338096) saved.
[Tracker] BEST β weights [phase2_class0] saved -> training_runs/SPECnopca_curr_gentle_EP200_PCA1_REWfairness_minID1_majID0_TRJ2000_REAL3000_BIAS0.1_GG202603192300_a2ab59f6/seed_42/best_beta_state_dict_phase2_class0.pt
[Tracker] Ep    2 | AvgR 0.0001 | Global 0.2218 | Local 0.1192 | F1_macro 0.7228 | WorstLoss 1.5695
[Tracker] Ep    3 | AvgR 0.0003 | Global 0.5175 | Local 0.1192 | F1_macro 0.7236 | WorstLoss 1.4365
[Tracker] New BEST synthetic [phase2_class0] (by global.global_obj: 0.517474) saved.
[Tracker] BEST β weights [phase2_class0] saved -> training_runs/SPECnopca_curr_gentle_EP200_PCA1_REWfairness_minID1_majID0_TRJ2000_REAL3000_BIAS0.1_GG202603192300_a2ab59f6/seed_42/best_beta_state_dict_phase2_class0.pt
[Tracker] Ep    4 | AvgR 0.0000 | Global 0.0639 | Local 0.1192 | F1_macro 0.6993 | WorstLoss 1.7116
[Tracker] Ep    5 | AvgR 0.0004 | Global 0.7044 | Local 0.1192 | F1_macro 0.7187 | WorstLoss 1.3534
[Tracker] Saved snapshot: ep0005_phase2_class0
[Tracker] New BEST synthetic [phase2_class0] (by global.global_obj: 0.704414) saved.
[Tracker] BEST β weights [phase2_class0] saved -> training_runs/SPECnopca_curr_gentle_EP200_PCA1_REWfairness_minID1_majID0_TRJ2000_REAL3000_BIAS0.1_GG202603192300_a2ab59f6/seed_42/best_beta_state_dict_phase2_class0.pt
[Tracker] Ep    6 | AvgR 0.0002 | Global 0.4522 | Local 0.1192 | F1_macro 0.7233 | WorstLoss 1.4624
[Tracker] Ep    7 | AvgR 0.0003 | Global 0.6630 | Local 0.1192 | F1_macro 0.7278 | WorstLoss 1.3751
[Tracker] Ep    8 | AvgR 0.0003 | Global 0.5749 | Local 0.1192 | F1_macro 0.7213 | WorstLoss 1.4124
[Tracker] Ep    9 | AvgR 0.0002 | Global 0.3508 | Local 0.1192 | F1_macro 0.7294 | WorstLoss 1.5048
[Tracker] Ep   10 | AvgR 0.0001 | Global 0.1643 | Local 0.1192 | F1_macro 0.7227 | WorstLoss 1.6063
[Tracker] Saved snapshot: ep0010_phase2_class0
[Tracker] Ep   11 | AvgR 0.0002 | Global 0.3621 | Local 0.1192 | F1_macro 0.7162 | WorstLoss 1.5000
[Tracker] Ep   12 | AvgR 0.0000 | Global 0.0587 | Local 0.1192 | F1_macro 0.7211 | WorstLoss 1.7211
[Tracker] Ep   13 | AvgR 0.0001 | Global 0.1130 | Local 0.1192 | F1_macro 0.7092 | WorstLoss 1.6494
[Tracker] Ep   14 | AvgR 0.0000 | Global 0.0356 | Local 0.1192 | F1_macro 0.6951 | WorstLoss 1.7734
[Tracker] Ep   15 | AvgR 0.0000 | Global 0.0489 | Local 0.1192 | F1_macro 0.7090 | WorstLoss 1.7407
[Tracker] Saved snapshot: ep0015_phase2_class0
[Tracker] Ep   16 | AvgR 0.0005 | Global 0.9006 | Local 0.1192 | F1_macro 0.7377 | WorstLoss 1.2169
[Tracker] New BEST synthetic [phase2_class0] (by global.global_obj: 0.900634) saved.
[Tracker] BEST β weights [phase2_class0] saved -> training_runs/SPECnopca_curr_gentle_EP200_PCA1_REWfairness_minID1_majID0_TRJ2000_REAL3000_BIAS0.1_GG202603192300_a2ab59f6/seed_42/best_beta_state_dict_phase2_class0.pt
[Tracker] Ep   17 | AvgR 0.0001 | Global 0.1171 | Local 0.1192 | F1_macro 0.7096 | WorstLoss 1.6457
[Tracker] Ep   18 | AvgR 0.0000 | Global 0.0455 | Local 0.1192 | F1_macro 0.6843 | WorstLoss 1.7478
[Tracker] Ep   19 | AvgR 0.0001 | Global 0.2237 | Local 0.1192 | F1_macro 0.7171 | WorstLoss 1.5683
[Tracker] Ep   20 | AvgR 0.0000 | Global 0.0237 | Local 0.1192 | F1_macro 0.7010 | WorstLoss 1.8158
[Tracker] Saved snapshot: ep0020_phase2_class0
[Tracker] Ep   21 | AvgR 0.0000 | Global 0.0485 | Local 0.1192 | F1_macro 0.7093 | WorstLoss 1.7411
[Tracker] Ep   22 | AvgR 0.0000 | Global 0.0308 | Local 0.1192 | F1_macro 0.6978 | WorstLoss 1.7884
[Tracker] Ep   23 | AvgR 0.0003 | Global 0.5959 | Local 0.1192 | F1_macro 0.7277 | WorstLoss 1.4036
[Tracker] Ep   24 | AvgR 0.0001 | Global 0.2540 | Local 0.1192 | F1_macro 0.7152 | WorstLoss 1.5508
[Tracker] Ep   25 | AvgR 0.0000 | Global 0.0348 | Local 0.1192 | F1_macro 0.6970 | WorstLoss 1.7761
[Tracker] Saved snapshot: ep0025_phase2_class0
[Tracker] Ep   26 | AvgR 0.0001 | Global 0.2457 | Local 0.1192 | F1_macro 0.7168 | WorstLoss 1.5559
[Tracker] Ep   27 | AvgR 0.0002 | Global 0.3192 | Local 0.1192 | F1_macro 0.7149 | WorstLoss 1.5193
[Tracker] Ep   28 | AvgR 0.0000 | Global 0.0697 | Local 0.1192 | F1_macro 0.7210 | WorstLoss 1.7026
[Tracker] Ep   29 | AvgR 0.0002 | Global 0.4597 | Local 0.1192 | F1_macro 0.7212 | WorstLoss 1.4587
[Tracker] Ep   30 | AvgR 0.0000 | Global 0.0323 | Local 0.1192 | F1_macro 0.7092 | WorstLoss 1.7834
[Tracker] Saved snapshot: ep0030_phase2_class0
[Tracker] Ep   31 | AvgR 0.0002 | Global 0.4585 | Local 0.1192 | F1_macro 0.7321 | WorstLoss 1.4600
[Tracker] Ep   32 | AvgR 0.0002 | Global 0.4355 | Local 0.1192 | F1_macro 0.7208 | WorstLoss 1.4690
[Tracker] Ep   33 | AvgR 0.0003 | Global 0.6843 | Local 0.1192 | F1_macro 0.7250 | WorstLoss 1.3647
[Tracker] Ep   34 | AvgR 0.0003 | Global 0.6182 | Local 0.1192 | F1_macro 0.7273 | WorstLoss 1.3944
[Tracker] Ep   35 | AvgR 0.0000 | Global 0.0073 | Local 0.1192 | F1_macro 0.6967 | WorstLoss 1.9352
[Tracker] Saved snapshot: ep0035_phase2_class0
[Tracker] Ep   36 | AvgR 0.0001 | Global 0.1285 | Local 0.1192 | F1_macro 0.7055 | WorstLoss 1.6352
[Tracker] Ep   37 | AvgR 0.0001 | Global 0.1317 | Local 0.1192 | F1_macro 0.7120 | WorstLoss 1.6322
[Tracker] Ep   38 | AvgR 0.0001 | Global 0.2601 | Local 0.1192 | F1_macro 0.7126 | WorstLoss 1.5481
[Tracker] Ep   39 | AvgR 0.0002 | Global 0.3416 | Local 0.1192 | F1_macro 0.7174 | WorstLoss 1.5093
[Tracker] Ep   40 | AvgR 0.0002 | Global 0.3604 | Local 0.1192 | F1_macro 0.7275 | WorstLoss 1.5010
[Tracker] Saved snapshot: ep0040_phase2_class0
[Tracker] Ep   41 | AvgR 0.0001 | Global 0.1632 | Local 0.1192 | F1_macro 0.7117 | WorstLoss 1.6074
[Tracker] Ep   42 | AvgR 0.0003 | Global 0.5614 | Local 0.1192 | F1_macro 0.7172 | WorstLoss 1.4175
[Tracker] Ep   43 | AvgR 0.0000 | Global 0.0168 | Local 0.1192 | F1_macro 0.6994 | WorstLoss 1.8508
[Tracker] Ep   44 | AvgR 0.0003 | Global 0.5938 | Local 0.1192 | F1_macro 0.7367 | WorstLoss 1.4052
[Tracker] Ep   45 | AvgR 0.0001 | Global 0.1412 | Local 0.1192 | F1_macro 0.7008 | WorstLoss 1.6244
[Tracker] Saved snapshot: ep0045_phase2_class0
[Tracker] Ep   46 | AvgR 0.0001 | Global 0.1883 | Local 0.1192 | F1_macro 0.7267 | WorstLoss 1.5900
[Tracker] Ep   47 | AvgR 0.0000 | Global 0.0152 | Local 0.1192 | F1_macro 0.6761 | WorstLoss 1.8609
[Tracker] Ep   48 | AvgR 0.0002 | Global 0.4743 | Local 0.1192 | F1_macro 0.7366 | WorstLoss 1.4536
[Tracker] Ep   49 | AvgR 0.0003 | Global 0.5383 | Local 0.1192 | F1_macro 0.7258 | WorstLoss 1.4277
[Tracker] Ep   50 | AvgR 0.0002 | Global 0.4610 | Local 0.1192 | F1_macro 0.7300 | WorstLoss 1.4590
[Tracker] Saved snapshot: ep0050_phase2_class0
[Phase] Finished phase2_class0 | best global_obj=0.9006
FFNN Using device: cuda:0
[Combined] Saved combined beta -> training_runs/SPECnopca_curr_gentle_EP200_PCA1_REWfairness_minID1_majID0_TRJ2000_REAL3000_BIAS0.1_GG202603192300_a2ab59f6/seed_42/best_beta_state_dict.pt
[Combined] Saved combined synthetic -> training_runs/SPECnopca_curr_gentle_EP200_PCA1_REWfairness_minID1_majID0_TRJ2000_REAL3000_BIAS0.1_GG202603192300_a2ab59f6/seed_42/best_synthetic_combined.npz
FFNN Using device: cuda:0
[TestSuite] Loaded best β weights from: training_runs/SPECnopca_curr_gentle_EP200_PCA1_REWfairness_minID1_majID0_TRJ2000_REAL3000_BIAS0.1_GG202603192300_a2ab59f6/seed_42/best_beta_state_dict.pt

[TEST] Alpha -> F1(min)=0.5064 | F1(maj)=0.8967 | F1(weighted)=0.8027 | F1(macro)=0.7015 | Brier=0.1192
[TEST] Beta  -> F1(min)=0.4895 | F1(maj)=0.8943 | F1(weighted)=0.7968 | F1(macro)=0.6919 | Brier=0.1252
[TestSuite] Final test metrics appended to (seed): training_runs/SPECnopca_curr_gentle_EP200_PCA1_REWfairness_minID1_majID0_TRJ2000_REAL3000_BIAS0.1_GG202603192300_a2ab59f6/seed_42/final_test_metrics.csv
[TestSuite] Final test metrics appended to (experiment): training_runs/SPECnopca_curr_gentle_EP200_PCA1_REWfairness_minID1_majID0_TRJ2000_REAL3000_BIAS0.1_GG202603192300_a2ab59f6/final_test_metrics.csv
Total time 2610.42s
[Tracker] Finished. Run folder: training_runs/SPECnopca_curr_gentle_EP200_PCA1_REWfairness_minID1_majID0_TRJ2000_REAL3000_BIAS0.1_GG202603192300_a2ab59f6/seed_42
