[main] spec=nopca_control.json device=cuda:0
[main] exp_group=SPEC_nopca_control_4f950b68__G202603192300
[main] seeds=[42]
[main] ---- running seed=42 ----
FFNN Using device: cuda:0
FFNN Using device: cuda:0
[Tracker] Experiment: SPECnopca_control_EP200_PCA1_REWfairness_minID1_majID0_TRJ2000_REAL3000_BIAS0.1_GG202603192300_575706ca
[Tracker] Seed folder: training_runs/SPECnopca_control_EP200_PCA1_REWfairness_minID1_majID0_TRJ2000_REAL3000_BIAS0.1_GG202603192300_575706ca/seed_42
[Tracker] Run: 2026-03-19_23-00-07_seed42_105044_dc0a27ff
[Tracker] Metrics CSV: training_runs/SPECnopca_control_EP200_PCA1_REWfairness_minID1_majID0_TRJ2000_REAL3000_BIAS0.1_GG202603192300_575706ca/seed_42/metrics.csv
[Tracker] Mirroring console to: training_runs/SPECnopca_control_EP200_PCA1_REWfairness_minID1_majID0_TRJ2000_REAL3000_BIAS0.1_GG202603192300_575706ca/seed_42/console.log
[TRAIN] size=3000, minority=300 (10.00%)
[VAL] size=5493, minority=549 (9.99%)
[TEST] size=6513, minority=1569 (24.09%)
FFNN Using device: cuda:0
FFNN Using device: cuda:0
Beta will train with: 60.00% real data, 40.00% synthetic data: 
[disadv] group=1 per_g={0: 0.09186093509197235, 1: 0.2662293314933777} worst_4g=1.4447 soft_eo_alpha=0.0565
Anchors: 257 (disadv=1) sigma_anchor=0.8500
[Tracker] Alpha model state_dict saved to training_runs/SPECnopca_control_EP200_PCA1_REWfairness_minID1_majID0_TRJ2000_REAL3000_BIAS0.1_GG202603192300_575706ca/seed_42/alpha_state_dict.pt
[Tracker] Alpha model config saved to training_runs/SPECnopca_control_EP200_PCA1_REWfairness_minID1_majID0_TRJ2000_REAL3000_BIAS0.1_GG202603192300_575706ca/seed_42/ffnn_meta.json

============================================================
[Phase] Starting phase1_class1 | target_class=1 | episodes=200
============================================================
/home/epigou/envs/rl/lib/python3.10/site-packages/torch/_inductor/compile_fx.py:194: UserWarning:

TensorFloat32 tensor cores for float32 matrix multiplication available but not enabled. Consider setting `torch.set_float32_matmul_precision('high')` for better performance.

[Tracker] CSV header written with 44 columns.
[Tracker] Ep    1 | AvgR 0.0001 | Global 0.2740 | Local 0.1192 | F1_macro 0.6982 | WorstLoss 1.5411
[Tracker] New BEST synthetic [phase1_class1] (by global.global_obj: 0.273989) saved.
[Tracker] BEST β weights [phase1_class1] saved -> training_runs/SPECnopca_control_EP200_PCA1_REWfairness_minID1_majID0_TRJ2000_REAL3000_BIAS0.1_GG202603192300_575706ca/seed_42/best_beta_state_dict_phase1_class1.pt
[Tracker] Ep    2 | AvgR 0.0001 | Global 0.2198 | Local 0.1192 | F1_macro 0.7172 | WorstLoss 1.5708
[Tracker] Ep    3 | AvgR 0.0002 | Global 0.4975 | Local 0.1192 | F1_macro 0.7192 | WorstLoss 1.4445
[Tracker] New BEST synthetic [phase1_class1] (by global.global_obj: 0.497495) saved.
[Tracker] BEST β weights [phase1_class1] saved -> training_runs/SPECnopca_control_EP200_PCA1_REWfairness_minID1_majID0_TRJ2000_REAL3000_BIAS0.1_GG202603192300_575706ca/seed_42/best_beta_state_dict_phase1_class1.pt
[Tracker] Ep    4 | AvgR 0.0002 | Global 0.3854 | Local 0.1192 | F1_macro 0.7153 | WorstLoss 1.4906
[Tracker] Ep    5 | AvgR 0.0003 | Global 0.5781 | Local 0.1192 | F1_macro 0.7215 | WorstLoss 1.4124
[Tracker] Saved snapshot: ep0005_phase1_class1
[Tracker] New BEST synthetic [phase1_class1] (by global.global_obj: 0.578058) saved.
[Tracker] BEST β weights [phase1_class1] saved -> training_runs/SPECnopca_control_EP200_PCA1_REWfairness_minID1_majID0_TRJ2000_REAL3000_BIAS0.1_GG202603192300_575706ca/seed_42/best_beta_state_dict_phase1_class1.pt
[Tracker] Ep    6 | AvgR 0.0002 | Global 0.4236 | Local 0.1192 | F1_macro 0.7127 | WorstLoss 1.4746
[Tracker] Ep    7 | AvgR 0.0002 | Global 0.3622 | Local 0.1192 | F1_macro 0.7051 | WorstLoss 1.5000
[Tracker] Ep    8 | AvgR 0.0001 | Global 0.1229 | Local 0.1192 | F1_macro 0.7025 | WorstLoss 1.6406
[Tracker] Ep    9 | AvgR 0.0003 | Global 0.6568 | Local 0.1192 | F1_macro 0.7291 | WorstLoss 1.3781
[Tracker] New BEST synthetic [phase1_class1] (by global.global_obj: 0.656782) saved.
[Tracker] BEST β weights [phase1_class1] saved -> training_runs/SPECnopca_control_EP200_PCA1_REWfairness_minID1_majID0_TRJ2000_REAL3000_BIAS0.1_GG202603192300_575706ca/seed_42/best_beta_state_dict_phase1_class1.pt
[Tracker] Ep   10 | AvgR 0.0002 | Global 0.3087 | Local 0.1192 | F1_macro 0.7003 | WorstLoss 1.5244
[Tracker] Saved snapshot: ep0010_phase1_class1
[Tracker] Ep   11 | AvgR 0.0004 | Global 0.8856 | Local 0.1192 | F1_macro 0.7283 | WorstLoss 1.2342
[Tracker] New BEST synthetic [phase1_class1] (by global.global_obj: 0.885648) saved.
[Tracker] BEST β weights [phase1_class1] saved -> training_runs/SPECnopca_control_EP200_PCA1_REWfairness_minID1_majID0_TRJ2000_REAL3000_BIAS0.1_GG202603192300_575706ca/seed_42/best_beta_state_dict_phase1_class1.pt
[Tracker] Ep   12 | AvgR 0.0002 | Global 0.3045 | Local 0.1192 | F1_macro 0.7177 | WorstLoss 1.5265
[Tracker] Ep   13 | AvgR 0.0002 | Global 0.3894 | Local 0.1192 | F1_macro 0.7086 | WorstLoss 1.4886
[Tracker] Ep   14 | AvgR 0.0001 | Global 0.2679 | Local 0.1192 | F1_macro 0.7077 | WorstLoss 1.5446
[Tracker] Ep   15 | AvgR 0.0003 | Global 0.5484 | Local 0.1192 | F1_macro 0.7177 | WorstLoss 1.4243
[Tracker] Saved snapshot: ep0015_phase1_class1
[Tracker] Ep   16 | AvgR 0.0003 | Global 0.6391 | Local 0.1192 | F1_macro 0.7153 | WorstLoss 1.3860
[Tracker] Ep   17 | AvgR 0.0002 | Global 0.4542 | Local 0.1192 | F1_macro 0.7136 | WorstLoss 1.4626
[Tracker] Ep   18 | AvgR 0.0002 | Global 0.4650 | Local 0.1192 | F1_macro 0.7127 | WorstLoss 1.4581
[Tracker] Ep   19 | AvgR 0.0001 | Global 0.2371 | Local 0.1192 | F1_macro 0.7029 | WorstLoss 1.5607
[Tracker] Ep   20 | AvgR 0.0003 | Global 0.6144 | Local 0.1192 | F1_macro 0.7137 | WorstLoss 1.3969
[Tracker] Saved snapshot: ep0020_phase1_class1
[Tracker] Ep   21 | AvgR 0.0003 | Global 0.5734 | Local 0.1192 | F1_macro 0.7197 | WorstLoss 1.4141
[Tracker] Ep   22 | AvgR 0.0003 | Global 0.6556 | Local 0.1192 | F1_macro 0.7148 | WorstLoss 1.3788
[Tracker] Ep   23 | AvgR 0.0003 | Global 0.5782 | Local 0.1192 | F1_macro 0.7201 | WorstLoss 1.4120
[Tracker] Ep   24 | AvgR 0.0003 | Global 0.5185 | Local 0.1192 | F1_macro 0.7143 | WorstLoss 1.4359
[Tracker] Ep   25 | AvgR 0.0001 | Global 0.1254 | Local 0.1192 | F1_macro 0.7038 | WorstLoss 1.6384
[Tracker] Saved snapshot: ep0025_phase1_class1
[Tracker] Ep   26 | AvgR 0.0000 | Global 0.0665 | Local 0.1192 | F1_macro 0.6969 | WorstLoss 1.7082
[Tracker] Ep   27 | AvgR 0.0002 | Global 0.4245 | Local 0.1192 | F1_macro 0.7210 | WorstLoss 1.4746
[Tracker] Ep   28 | AvgR 0.0000 | Global 0.0709 | Local 0.1192 | F1_macro 0.6877 | WorstLoss 1.7014
[Tracker] Ep   29 | AvgR 0.0002 | Global 0.3358 | Local 0.1192 | F1_macro 0.7038 | WorstLoss 1.5121
[Tracker] Ep   30 | AvgR 0.0003 | Global 0.6439 | Local 0.1192 | F1_macro 0.7293 | WorstLoss 1.3847
[Tracker] Saved snapshot: ep0030_phase1_class1
[Tracker] Ep   31 | AvgR 0.0003 | Global 0.6269 | Local 0.1192 | F1_macro 0.7153 | WorstLoss 1.3911
[Tracker] Ep   32 | AvgR 0.0002 | Global 0.3613 | Local 0.1192 | F1_macro 0.7110 | WorstLoss 1.5010
[Tracker] Ep   33 | AvgR 0.0002 | Global 0.3717 | Local 0.1192 | F1_macro 0.7140 | WorstLoss 1.4965
[Tracker] Ep   34 | AvgR 0.0002 | Global 0.3012 | Local 0.1192 | F1_macro 0.7113 | WorstLoss 1.5281
[Tracker] Ep   35 | AvgR 0.0003 | Global 0.6051 | Local 0.1192 | F1_macro 0.7178 | WorstLoss 1.4010
[Tracker] Saved snapshot: ep0035_phase1_class1
[Tracker] Ep   36 | AvgR 0.0003 | Global 0.6929 | Local 0.1192 | F1_macro 0.7233 | WorstLoss 1.3619
[Tracker] Ep   37 | AvgR 0.0002 | Global 0.3161 | Local 0.1192 | F1_macro 0.7158 | WorstLoss 1.5213
[Tracker] Ep   38 | AvgR 0.0001 | Global 0.1804 | Local 0.1192 | F1_macro 0.7064 | WorstLoss 1.5955
[Tracker] Ep   39 | AvgR 0.0001 | Global 0.2344 | Local 0.1192 | F1_macro 0.7143 | WorstLoss 1.5623
[Tracker] Ep   40 | AvgR 0.0002 | Global 0.3433 | Local 0.1192 | F1_macro 0.7099 | WorstLoss 1.5089
[Tracker] Saved snapshot: ep0040_phase1_class1
[Tracker] Ep   41 | AvgR 0.0002 | Global 0.3330 | Local 0.1192 | F1_macro 0.7108 | WorstLoss 1.5136
[Tracker] Ep   42 | AvgR 0.0001 | Global 0.2047 | Local 0.1192 | F1_macro 0.7084 | WorstLoss 1.5800
[Tracker] Ep   43 | AvgR 0.0003 | Global 0.5450 | Local 0.1192 | F1_macro 0.7224 | WorstLoss 1.4257
[Tracker] Ep   44 | AvgR 0.0002 | Global 0.3099 | Local 0.1192 | F1_macro 0.7185 | WorstLoss 1.5243
[Tracker] Ep   45 | AvgR 0.0004 | Global 0.7746 | Local 0.1192 | F1_macro 0.7274 | WorstLoss 1.3189
[Tracker] Saved snapshot: ep0045_phase1_class1
[Tracker] Ep   46 | AvgR 0.0001 | Global 0.2674 | Local 0.1192 | F1_macro 0.7156 | WorstLoss 1.5449
[Tracker] Ep   47 | AvgR 0.0003 | Global 0.6959 | Local 0.1192 | F1_macro 0.7225 | WorstLoss 1.3605
[Tracker] Ep   48 | AvgR 0.0004 | Global 0.7436 | Local 0.1192 | F1_macro 0.7261 | WorstLoss 1.3372
[Tracker] Ep   49 | AvgR 0.0001 | Global 0.2563 | Local 0.1192 | F1_macro 0.7055 | WorstLoss 1.5505
[Tracker] Ep   50 | AvgR 0.0003 | Global 0.6750 | Local 0.1192 | F1_macro 0.7209 | WorstLoss 1.3705
[Tracker] Saved snapshot: ep0050_phase1_class1
[Tracker] Ep   51 | AvgR 0.0002 | Global 0.3129 | Local 0.1192 | F1_macro 0.7071 | WorstLoss 1.5226
[Tracker] Ep   52 | AvgR 0.0001 | Global 0.2995 | Local 0.1192 | F1_macro 0.7090 | WorstLoss 1.5290
[Tracker] Ep   53 | AvgR 0.0002 | Global 0.4070 | Local 0.1192 | F1_macro 0.7154 | WorstLoss 1.4817
[Tracker] Ep   54 | AvgR 0.0001 | Global 0.2645 | Local 0.1192 | F1_macro 0.7112 | WorstLoss 1.5460
[Tracker] Ep   55 | AvgR 0.0002 | Global 0.3936 | Local 0.1192 | F1_macro 0.7083 | WorstLoss 1.4871
[Tracker] Saved snapshot: ep0055_phase1_class1
[Tracker] Ep   56 | AvgR 0.0002 | Global 0.4261 | Local 0.1192 | F1_macro 0.7206 | WorstLoss 1.4739
[Tracker] Ep   57 | AvgR 0.0003 | Global 0.6395 | Local 0.1192 | F1_macro 0.7077 | WorstLoss 1.3859
[Tracker] Ep   58 | AvgR 0.0001 | Global 0.1548 | Local 0.1192 | F1_macro 0.6962 | WorstLoss 1.6139
[Tracker] Ep   59 | AvgR 0.0002 | Global 0.4892 | Local 0.1192 | F1_macro 0.7170 | WorstLoss 1.4481
[Tracker] Ep   60 | AvgR 0.0001 | Global 0.1316 | Local 0.1192 | F1_macro 0.6953 | WorstLoss 1.6327
[Tracker] Saved snapshot: ep0060_phase1_class1
[Tracker] Ep   61 | AvgR 0.0003 | Global 0.6952 | Local 0.1192 | F1_macro 0.7203 | WorstLoss 1.3609
[Tracker] Ep   62 | AvgR 0.0004 | Global 0.7661 | Local 0.1192 | F1_macro 0.7253 | WorstLoss 1.3236
[Tracker] Ep   63 | AvgR 0.0001 | Global 0.1614 | Local 0.1192 | F1_macro 0.7071 | WorstLoss 1.6089
[Tracker] Ep   64 | AvgR 0.0004 | Global 0.7643 | Local 0.1192 | F1_macro 0.7284 | WorstLoss 1.3248
[Tracker] Ep   65 | AvgR 0.0002 | Global 0.3973 | Local 0.1192 | F1_macro 0.7094 | WorstLoss 1.4858
[Tracker] Saved snapshot: ep0065_phase1_class1
[Tracker] Ep   66 | AvgR 0.0003 | Global 0.5303 | Local 0.1192 | F1_macro 0.7115 | WorstLoss 1.4316
[Tracker] Ep   67 | AvgR 0.0003 | Global 0.5100 | Local 0.1192 | F1_macro 0.7207 | WorstLoss 1.4398
[Tracker] Ep   68 | AvgR 0.0004 | Global 0.8266 | Local 0.1192 | F1_macro 0.7257 | WorstLoss 1.2855
[Tracker] Ep   69 | AvgR 0.0002 | Global 0.4545 | Local 0.1192 | F1_macro 0.7088 | WorstLoss 1.4618
[Tracker] Ep   70 | AvgR 0.0000 | Global 0.0897 | Local 0.1192 | F1_macro 0.6875 | WorstLoss 1.6758
[Tracker] Saved snapshot: ep0070_phase1_class1
[Tracker] Ep   71 | AvgR 0.0003 | Global 0.5490 | Local 0.1192 | F1_macro 0.7215 | WorstLoss 1.4239
[Tracker] Ep   72 | AvgR 0.0002 | Global 0.4490 | Local 0.1192 | F1_macro 0.7048 | WorstLoss 1.4644
[Tracker] Ep   73 | AvgR 0.0001 | Global 0.1522 | Local 0.1192 | F1_macro 0.6942 | WorstLoss 1.6158
[Tracker] Ep   74 | AvgR 0.0001 | Global 0.1843 | Local 0.1192 | F1_macro 0.6953 | WorstLoss 1.5930
[Tracker] Ep   75 | AvgR 0.0002 | Global 0.3813 | Local 0.1192 | F1_macro 0.7206 | WorstLoss 1.4926
[Tracker] Saved snapshot: ep0075_phase1_class1
[Tracker] Ep   76 | AvgR 0.0001 | Global 0.1508 | Local 0.1192 | F1_macro 0.6902 | WorstLoss 1.6170
[Tracker] Ep   77 | AvgR 0.0000 | Global 0.0408 | Local 0.1192 | F1_macro 0.6812 | WorstLoss 1.7598
[Tracker] Ep   78 | AvgR 0.0002 | Global 0.3532 | Local 0.1192 | F1_macro 0.7128 | WorstLoss 1.5046
[Tracker] Ep   79 | AvgR 0.0002 | Global 0.3161 | Local 0.1192 | F1_macro 0.7034 | WorstLoss 1.5212
[Tracker] Ep   80 | AvgR 0.0002 | Global 0.3619 | Local 0.1192 | F1_macro 0.7112 | WorstLoss 1.5008
[Tracker] Saved snapshot: ep0080_phase1_class1
[Tracker] Ep   81 | AvgR 0.0004 | Global 0.8368 | Local 0.1192 | F1_macro 0.7289 | WorstLoss 1.2789
[Tracker] Ep   82 | AvgR 0.0004 | Global 0.8384 | Local 0.1192 | F1_macro 0.7289 | WorstLoss 1.2769
[Tracker] Ep   83 | AvgR 0.0002 | Global 0.4455 | Local 0.1192 | F1_macro 0.7200 | WorstLoss 1.4657
[Tracker] Ep   84 | AvgR 0.0001 | Global 0.2201 | Local 0.1192 | F1_macro 0.7032 | WorstLoss 1.5706
[Tracker] Ep   85 | AvgR 0.0003 | Global 0.6799 | Local 0.1192 | F1_macro 0.7308 | WorstLoss 1.3676
[Tracker] Saved snapshot: ep0085_phase1_class1
[Tracker] Ep   86 | AvgR 0.0002 | Global 0.4216 | Local 0.1192 | F1_macro 0.7230 | WorstLoss 1.4756
[Tracker] Ep   87 | AvgR 0.0003 | Global 0.6704 | Local 0.1192 | F1_macro 0.7162 | WorstLoss 1.3721
[Tracker] Ep   88 | AvgR 0.0002 | Global 0.3621 | Local 0.1192 | F1_macro 0.7035 | WorstLoss 1.5003
[Tracker] Ep   89 | AvgR 0.0004 | Global 0.7111 | Local 0.1192 | F1_macro 0.7172 | WorstLoss 1.3532
[Tracker] Ep   90 | AvgR 0.0001 | Global 0.2481 | Local 0.1192 | F1_macro 0.7051 | WorstLoss 1.5548
[Tracker] Saved snapshot: ep0090_phase1_class1
[Tracker] Ep   91 | AvgR 0.0002 | Global 0.4333 | Local 0.1192 | F1_macro 0.7174 | WorstLoss 1.4708
[Tracker] Ep   92 | AvgR 0.0002 | Global 0.3147 | Local 0.1192 | F1_macro 0.7100 | WorstLoss 1.5219
[Tracker] Ep   93 | AvgR 0.0003 | Global 0.5855 | Local 0.1192 | F1_macro 0.7074 | WorstLoss 1.4086
[Tracker] Ep   94 | AvgR 0.0002 | Global 0.4109 | Local 0.1192 | F1_macro 0.7074 | WorstLoss 1.4802
[Tracker] Ep   95 | AvgR 0.0002 | Global 0.4529 | Local 0.1192 | F1_macro 0.7217 | WorstLoss 1.4629
[Tracker] Saved snapshot: ep0095_phase1_class1
[Tracker] Ep   96 | AvgR 0.0002 | Global 0.4885 | Local 0.1192 | F1_macro 0.7174 | WorstLoss 1.4479
[Tracker] Ep   97 | AvgR 0.0002 | Global 0.4581 | Local 0.1192 | F1_macro 0.7118 | WorstLoss 1.4608
[Tracker] Ep   98 | AvgR 0.0002 | Global 0.4601 | Local 0.1192 | F1_macro 0.7111 | WorstLoss 1.4600
[Tracker] Ep   99 | AvgR 0.0003 | Global 0.6618 | Local 0.1192 | F1_macro 0.7147 | WorstLoss 1.3760
[Tracker] Ep  100 | AvgR 0.0002 | Global 0.4866 | Local 0.1192 | F1_macro 0.7148 | WorstLoss 1.4493
[Tracker] Saved snapshot: ep0100_phase1_class1
[Tracker] Ep  101 | AvgR 0.0001 | Global 0.2689 | Local 0.1192 | F1_macro 0.7100 | WorstLoss 1.5441
[Tracker] Ep  102 | AvgR 0.0003 | Global 0.6205 | Local 0.1192 | F1_macro 0.7216 | WorstLoss 1.3945
[Tracker] Ep  103 | AvgR 0.0002 | Global 0.4561 | Local 0.1192 | F1_macro 0.7064 | WorstLoss 1.4615
[Tracker] Ep  104 | AvgR 0.0002 | Global 0.4146 | Local 0.1192 | F1_macro 0.7064 | WorstLoss 1.4784
[Tracker] Ep  105 | AvgR 0.0002 | Global 0.3715 | Local 0.1192 | F1_macro 0.7108 | WorstLoss 1.4966
[Tracker] Saved snapshot: ep0105_phase1_class1
[Tracker] Ep  106 | AvgR 0.0002 | Global 0.3416 | Local 0.1192 | F1_macro 0.7161 | WorstLoss 1.5099
[Tracker] Ep  107 | AvgR 0.0001 | Global 0.1136 | Local 0.1192 | F1_macro 0.7006 | WorstLoss 1.6498
[Tracker] Ep  108 | AvgR 0.0002 | Global 0.3506 | Local 0.1192 | F1_macro 0.7032 | WorstLoss 1.5056
[Tracker] Ep  109 | AvgR 0.0002 | Global 0.3234 | Local 0.1192 | F1_macro 0.7150 | WorstLoss 1.5178
[Tracker] Ep  110 | AvgR 0.0002 | Global 0.3375 | Local 0.1192 | F1_macro 0.7051 | WorstLoss 1.5116
[Tracker] Saved snapshot: ep0110_phase1_class1
[Tracker] Ep  111 | AvgR 0.0002 | Global 0.4020 | Local 0.1192 | F1_macro 0.7140 | WorstLoss 1.4835
[Tracker] Ep  112 | AvgR 0.0001 | Global 0.1133 | Local 0.1192 | F1_macro 0.6933 | WorstLoss 1.6499
[Tracker] Ep  113 | AvgR 0.0002 | Global 0.3063 | Local 0.1192 | F1_macro 0.7100 | WorstLoss 1.5257
[Tracker] Ep  114 | AvgR 0.0004 | Global 0.7772 | Local 0.1192 | F1_macro 0.7281 | WorstLoss 1.3180
[Tracker] Ep  115 | AvgR 0.0002 | Global 0.4369 | Local 0.1192 | F1_macro 0.7240 | WorstLoss 1.4693
[Tracker] Saved snapshot: ep0115_phase1_class1
[Tracker] Ep  116 | AvgR 0.0001 | Global 0.1661 | Local 0.1192 | F1_macro 0.7038 | WorstLoss 1.6054
[Tracker] Ep  117 | AvgR 0.0003 | Global 0.5163 | Local 0.1192 | F1_macro 0.7173 | WorstLoss 1.4370
[Tracker] Ep  118 | AvgR 0.0001 | Global 0.2885 | Local 0.1192 | F1_macro 0.7116 | WorstLoss 1.5342
[Tracker] Ep  119 | AvgR 0.0002 | Global 0.4337 | Local 0.1192 | F1_macro 0.7089 | WorstLoss 1.4704
[Tracker] Ep  120 | AvgR 0.0003 | Global 0.6747 | Local 0.1192 | F1_macro 0.7232 | WorstLoss 1.3707
[Tracker] Saved snapshot: ep0120_phase1_class1
[Tracker] Ep  121 | AvgR 0.0001 | Global 0.1995 | Local 0.1192 | F1_macro 0.6977 | WorstLoss 1.5831
[Tracker] Ep  122 | AvgR 0.0001 | Global 0.2697 | Local 0.1192 | F1_macro 0.7071 | WorstLoss 1.5436
[Tracker] Ep  123 | AvgR 0.0001 | Global 0.2759 | Local 0.1192 | F1_macro 0.7080 | WorstLoss 1.5406
[Tracker] Ep  124 | AvgR 0.0002 | Global 0.4120 | Local 0.1192 | F1_macro 0.7155 | WorstLoss 1.4793
[Tracker] Ep  125 | AvgR 0.0001 | Global 0.1777 | Local 0.1192 | F1_macro 0.6952 | WorstLoss 1.5972
[Tracker] Saved snapshot: ep0125_phase1_class1
[Tracker] Ep  126 | AvgR 0.0002 | Global 0.4267 | Local 0.1192 | F1_macro 0.7165 | WorstLoss 1.4734
[Tracker] Ep  127 | AvgR 0.0003 | Global 0.5590 | Local 0.1192 | F1_macro 0.7254 | WorstLoss 1.4200
[Tracker] Ep  128 | AvgR 0.0001 | Global 0.1553 | Local 0.1192 | F1_macro 0.6854 | WorstLoss 1.6134
[Tracker] Ep  129 | AvgR 0.0001 | Global 0.2093 | Local 0.1192 | F1_macro 0.7071 | WorstLoss 1.5771
[Tracker] Ep  130 | AvgR 0.0004 | Global 0.7194 | Local 0.1192 | F1_macro 0.7230 | WorstLoss 1.3492
[Tracker] Saved snapshot: ep0130_phase1_class1
[Tracker] Ep  131 | AvgR 0.0001 | Global 0.2980 | Local 0.1192 | F1_macro 0.7061 | WorstLoss 1.5297
[Tracker] Ep  132 | AvgR 0.0003 | Global 0.5318 | Local 0.1192 | F1_macro 0.7297 | WorstLoss 1.4309
[Tracker] Ep  133 | AvgR 0.0003 | Global 0.6240 | Local 0.1192 | F1_macro 0.7167 | WorstLoss 1.3927
[Tracker] Ep  134 | AvgR 0.0001 | Global 0.2643 | Local 0.1192 | F1_macro 0.7038 | WorstLoss 1.5464
[Tracker] Ep  135 | AvgR 0.0001 | Global 0.1397 | Local 0.1192 | F1_macro 0.6933 | WorstLoss 1.6259
[Tracker] Saved snapshot: ep0135_phase1_class1
[Tracker] Ep  136 | AvgR 0.0003 | Global 0.6327 | Local 0.1192 | F1_macro 0.7172 | WorstLoss 1.3890
[Tracker] Ep  137 | AvgR 0.0000 | Global 0.0376 | Local 0.1192 | F1_macro 0.6772 | WorstLoss 1.7683
[Tracker] Ep  138 | AvgR 0.0001 | Global 0.2882 | Local 0.1192 | F1_macro 0.7096 | WorstLoss 1.5345
[Tracker] Ep  139 | AvgR 0.0001 | Global 0.1201 | Local 0.1192 | F1_macro 0.6920 | WorstLoss 1.6433
[Tracker] Ep  140 | AvgR 0.0003 | Global 0.5976 | Local 0.1192 | F1_macro 0.7157 | WorstLoss 1.4040
[Tracker] Saved snapshot: ep0140_phase1_class1
[Tracker] Ep  141 | AvgR 0.0002 | Global 0.4612 | Local 0.1192 | F1_macro 0.7141 | WorstLoss 1.4596
[Tracker] Ep  142 | AvgR 0.0003 | Global 0.6530 | Local 0.1192 | F1_macro 0.7229 | WorstLoss 1.3804
[Tracker] Ep  143 | AvgR 0.0000 | Global 0.0504 | Local 0.1192 | F1_macro 0.6878 | WorstLoss 1.7378
[Tracker] Ep  144 | AvgR 0.0003 | Global 0.5032 | Local 0.1192 | F1_macro 0.7303 | WorstLoss 1.4425
[Tracker] Ep  145 | AvgR 0.0002 | Global 0.3148 | Local 0.1192 | F1_macro 0.7045 | WorstLoss 1.5218
[Tracker] Saved snapshot: ep0145_phase1_class1
[Tracker] Ep  146 | AvgR 0.0001 | Global 0.1363 | Local 0.1192 | F1_macro 0.6914 | WorstLoss 1.6287
[Tracker] Ep  147 | AvgR 0.0001 | Global 0.1289 | Local 0.1192 | F1_macro 0.6981 | WorstLoss 1.6352
[Tracker] Ep  148 | AvgR 0.0001 | Global 0.2322 | Local 0.1192 | F1_macro 0.6958 | WorstLoss 1.5637
[Tracker] Ep  149 | AvgR 0.0002 | Global 0.4822 | Local 0.1192 | F1_macro 0.7107 | WorstLoss 1.4510
[Tracker] Ep  150 | AvgR 0.0001 | Global 0.2936 | Local 0.1192 | F1_macro 0.7078 | WorstLoss 1.5318
[Tracker] Saved snapshot: ep0150_phase1_class1
[Tracker] Ep  151 | AvgR 0.0001 | Global 0.1462 | Local 0.1192 | F1_macro 0.7031 | WorstLoss 1.6207
[Tracker] Ep  152 | AvgR 0.0004 | Global 0.7317 | Local 0.1192 | F1_macro 0.7238 | WorstLoss 1.3428
[Tracker] Ep  153 | AvgR 0.0000 | Global 0.0433 | Local 0.1192 | F1_macro 0.6850 | WorstLoss 1.7539
[Tracker] Ep  154 | AvgR 0.0000 | Global 0.0858 | Local 0.1192 | F1_macro 0.6974 | WorstLoss 1.6809
[Tracker] Ep  155 | AvgR 0.0002 | Global 0.3495 | Local 0.1192 | F1_macro 0.7132 | WorstLoss 1.5060
[Tracker] Saved snapshot: ep0155_phase1_class1
[Tracker] Ep  156 | AvgR 0.0004 | Global 0.7997 | Local 0.1192 | F1_macro 0.7306 | WorstLoss 1.3047
[Tracker] Ep  157 | AvgR 0.0001 | Global 0.1928 | Local 0.1192 | F1_macro 0.6970 | WorstLoss 1.5873
[Tracker] Ep  158 | AvgR 0.0002 | Global 0.4840 | Local 0.1192 | F1_macro 0.7174 | WorstLoss 1.4500
[Tracker] Ep  159 | AvgR 0.0002 | Global 0.3679 | Local 0.1192 | F1_macro 0.7064 | WorstLoss 1.4981
[Tracker] Ep  160 | AvgR 0.0004 | Global 0.8836 | Local 0.1192 | F1_macro 0.7360 | WorstLoss 1.2379
[Tracker] Saved snapshot: ep0160_phase1_class1
[Tracker] Ep  161 | AvgR 0.0003 | Global 0.5550 | Local 0.1192 | F1_macro 0.7191 | WorstLoss 1.4218
[Tracker] Ep  162 | AvgR 0.0002 | Global 0.4701 | Local 0.1192 | F1_macro 0.7114 | WorstLoss 1.4558
[Tracker] Ep  163 | AvgR 0.0003 | Global 0.5278 | Local 0.1192 | F1_macro 0.7201 | WorstLoss 1.4328
[Tracker] Ep  164 | AvgR 0.0001 | Global 0.2136 | Local 0.1192 | F1_macro 0.6985 | WorstLoss 1.5747
[Tracker] Ep  165 | AvgR 0.0002 | Global 0.4963 | Local 0.1192 | F1_macro 0.7096 | WorstLoss 1.4452
[Tracker] Saved snapshot: ep0165_phase1_class1
[Tracker] Ep  166 | AvgR 0.0004 | Global 0.7538 | Local 0.1192 | F1_macro 0.7246 | WorstLoss 1.3302
[Tracker] Ep  167 | AvgR 0.0002 | Global 0.3546 | Local 0.1192 | F1_macro 0.7139 | WorstLoss 1.5038
[Tracker] Ep  168 | AvgR 0.0004 | Global 0.7219 | Local 0.1192 | F1_macro 0.7265 | WorstLoss 1.3480
[Tracker] Ep  169 | AvgR 0.0004 | Global 0.7564 | Local 0.1192 | F1_macro 0.7247 | WorstLoss 1.3298
[Tracker] Ep  170 | AvgR 0.0003 | Global 0.6660 | Local 0.1192 | F1_macro 0.7156 | WorstLoss 1.3745
[Tracker] Saved snapshot: ep0170_phase1_class1
[Tracker] Ep  171 | AvgR 0.0002 | Global 0.4573 | Local 0.1192 | F1_macro 0.7080 | WorstLoss 1.4610
[Tracker] Ep  172 | AvgR 0.0002 | Global 0.4811 | Local 0.1192 | F1_macro 0.7194 | WorstLoss 1.4514
[Tracker] Ep  173 | AvgR 0.0001 | Global 0.1603 | Local 0.1192 | F1_macro 0.7099 | WorstLoss 1.6096
[Tracker] Ep  174 | AvgR 0.0001 | Global 0.2559 | Local 0.1192 | F1_macro 0.7083 | WorstLoss 1.5509
[Tracker] Ep  175 | AvgR 0.0003 | Global 0.5276 | Local 0.1192 | F1_macro 0.7107 | WorstLoss 1.4329
[Tracker] Saved snapshot: ep0175_phase1_class1
[Tracker] Ep  176 | AvgR 0.0003 | Global 0.5610 | Local 0.1192 | F1_macro 0.7185 | WorstLoss 1.4193
[Tracker] Ep  177 | AvgR 0.0003 | Global 0.5526 | Local 0.1192 | F1_macro 0.7156 | WorstLoss 1.4228
[Tracker] Ep  178 | AvgR 0.0003 | Global 0.5499 | Local 0.1192 | F1_macro 0.7133 | WorstLoss 1.4237
[Tracker] Ep  179 | AvgR 0.0001 | Global 0.2693 | Local 0.1192 | F1_macro 0.7032 | WorstLoss 1.5439
[Tracker] Ep  180 | AvgR 0.0002 | Global 0.3042 | Local 0.1192 | F1_macro 0.7087 | WorstLoss 1.5270
[Tracker] Saved snapshot: ep0180_phase1_class1
[Tracker] Ep  181 | AvgR 0.0001 | Global 0.2470 | Local 0.1192 | F1_macro 0.7055 | WorstLoss 1.5555
[Tracker] Ep  182 | AvgR 0.0001 | Global 0.2871 | Local 0.1192 | F1_macro 0.7159 | WorstLoss 1.5350
[Tracker] Ep  183 | AvgR 0.0004 | Global 0.7267 | Local 0.1192 | F1_macro 0.7214 | WorstLoss 1.3447
[Tracker] Ep  184 | AvgR 0.0002 | Global 0.3753 | Local 0.1192 | F1_macro 0.7016 | WorstLoss 1.4948
[Tracker] Ep  185 | AvgR 0.0002 | Global 0.3189 | Local 0.1192 | F1_macro 0.7005 | WorstLoss 1.5199
[Tracker] Saved snapshot: ep0185_phase1_class1
[Tracker] Ep  186 | AvgR 0.0005 | Global 0.9408 | Local 0.1192 | F1_macro 0.7375 | WorstLoss 1.1611
[Tracker] New BEST synthetic [phase1_class1] (by global.global_obj: 0.940798) saved.
[Tracker] BEST β weights [phase1_class1] saved -> training_runs/SPECnopca_control_EP200_PCA1_REWfairness_minID1_majID0_TRJ2000_REAL3000_BIAS0.1_GG202603192300_575706ca/seed_42/best_beta_state_dict_phase1_class1.pt
[Tracker] Ep  187 | AvgR 0.0004 | Global 0.7793 | Local 0.1192 | F1_macro 0.7227 | WorstLoss 1.3165
[Tracker] Ep  188 | AvgR 0.0002 | Global 0.4557 | Local 0.1192 | F1_macro 0.7124 | WorstLoss 1.4616
[Tracker] Ep  189 | AvgR 0.0002 | Global 0.4653 | Local 0.1192 | F1_macro 0.7129 | WorstLoss 1.4580
[Tracker] Ep  190 | AvgR 0.0003 | Global 0.6879 | Local 0.1192 | F1_macro 0.7285 | WorstLoss 1.3643
[Tracker] Saved snapshot: ep0190_phase1_class1
[Tracker] Ep  191 | AvgR 0.0001 | Global 0.1912 | Local 0.1192 | F1_macro 0.6978 | WorstLoss 1.5883
[Tracker] Ep  192 | AvgR 0.0002 | Global 0.3554 | Local 0.1192 | F1_macro 0.7187 | WorstLoss 1.5036
[Tracker] Ep  193 | AvgR 0.0004 | Global 0.7547 | Local 0.1192 | F1_macro 0.7272 | WorstLoss 1.3307
[Tracker] Ep  194 | AvgR 0.0002 | Global 0.3641 | Local 0.1192 | F1_macro 0.7102 | WorstLoss 1.4999
[Tracker] Ep  195 | AvgR 0.0001 | Global 0.1211 | Local 0.1192 | F1_macro 0.6957 | WorstLoss 1.6422
[Tracker] Saved snapshot: ep0195_phase1_class1
[Tracker] Ep  196 | AvgR 0.0003 | Global 0.6346 | Local 0.1192 | F1_macro 0.7253 | WorstLoss 1.3880
[Tracker] Ep  197 | AvgR 0.0001 | Global 0.1877 | Local 0.1192 | F1_macro 0.7134 | WorstLoss 1.5908
[Tracker] Ep  198 | AvgR 0.0001 | Global 0.1732 | Local 0.1192 | F1_macro 0.6928 | WorstLoss 1.6002
[Tracker] Ep  199 | AvgR 0.0000 | Global 0.0282 | Local 0.1192 | F1_macro 0.6882 | WorstLoss 1.7982
[Tracker] Ep  200 | AvgR 0.0003 | Global 0.6544 | Local 0.1192 | F1_macro 0.7251 | WorstLoss 1.3798
[Tracker] Saved snapshot: ep0200_phase1_class1
[Phase] Finished phase1_class1 | best global_obj=0.9408
Phase 2 anchors: 1617 (y=0 & disadv=1)
FFNN Using device: cuda:0

============================================================
[Phase] Starting phase2_class0 | target_class=0 | episodes=50
============================================================
[Tracker] Ep    1 | AvgR 0.0002 | Global 0.3075 | Local 0.1192 | F1_macro 0.7147 | WorstLoss 1.5254
[Tracker] New BEST synthetic [phase2_class0] (by global.global_obj: 0.307483) saved.
[Tracker] BEST β weights [phase2_class0] saved -> training_runs/SPECnopca_control_EP200_PCA1_REWfairness_minID1_majID0_TRJ2000_REAL3000_BIAS0.1_GG202603192300_575706ca/seed_42/best_beta_state_dict_phase2_class0.pt
[Tracker] Ep    2 | AvgR 0.0002 | Global 0.3218 | Local 0.1192 | F1_macro 0.7084 | WorstLoss 1.5187
[Tracker] New BEST synthetic [phase2_class0] (by global.global_obj: 0.321778) saved.
[Tracker] BEST β weights [phase2_class0] saved -> training_runs/SPECnopca_control_EP200_PCA1_REWfairness_minID1_majID0_TRJ2000_REAL3000_BIAS0.1_GG202603192300_575706ca/seed_42/best_beta_state_dict_phase2_class0.pt
[Tracker] Ep    3 | AvgR 0.0002 | Global 0.4948 | Local 0.1192 | F1_macro 0.7231 | WorstLoss 1.4462
[Tracker] New BEST synthetic [phase2_class0] (by global.global_obj: 0.494795) saved.
[Tracker] BEST β weights [phase2_class0] saved -> training_runs/SPECnopca_control_EP200_PCA1_REWfairness_minID1_majID0_TRJ2000_REAL3000_BIAS0.1_GG202603192300_575706ca/seed_42/best_beta_state_dict_phase2_class0.pt
[Tracker] Ep    4 | AvgR 0.0001 | Global 0.2734 | Local 0.1192 | F1_macro 0.6963 | WorstLoss 1.5419
[Tracker] Ep    5 | AvgR 0.0004 | Global 0.8202 | Local 0.1192 | F1_macro 0.7212 | WorstLoss 1.2907
[Tracker] Saved snapshot: ep0005_phase2_class0
[Tracker] New BEST synthetic [phase2_class0] (by global.global_obj: 0.820188) saved.
[Tracker] BEST β weights [phase2_class0] saved -> training_runs/SPECnopca_control_EP200_PCA1_REWfairness_minID1_majID0_TRJ2000_REAL3000_BIAS0.1_GG202603192300_575706ca/seed_42/best_beta_state_dict_phase2_class0.pt
[Tracker] Ep    6 | AvgR 0.0002 | Global 0.4286 | Local 0.1192 | F1_macro 0.7192 | WorstLoss 1.4728
[Tracker] Ep    7 | AvgR 0.0003 | Global 0.5933 | Local 0.1192 | F1_macro 0.7237 | WorstLoss 1.4065
[Tracker] Ep    8 | AvgR 0.0004 | Global 0.8404 | Local 0.1192 | F1_macro 0.7221 | WorstLoss 1.2763
[Tracker] New BEST synthetic [phase2_class0] (by global.global_obj: 0.840389) saved.
[Tracker] BEST β weights [phase2_class0] saved -> training_runs/SPECnopca_control_EP200_PCA1_REWfairness_minID1_majID0_TRJ2000_REAL3000_BIAS0.1_GG202603192300_575706ca/seed_42/best_beta_state_dict_phase2_class0.pt
[Tracker] Ep    9 | AvgR 0.0003 | Global 0.6484 | Local 0.1192 | F1_macro 0.7196 | WorstLoss 1.3826
[Tracker] Ep   10 | AvgR 0.0001 | Global 0.1727 | Local 0.1192 | F1_macro 0.7089 | WorstLoss 1.6007
[Tracker] Saved snapshot: ep0010_phase2_class0
[Tracker] Ep   11 | AvgR 0.0002 | Global 0.4842 | Local 0.1192 | F1_macro 0.7104 | WorstLoss 1.4502
[Tracker] Ep   12 | AvgR 0.0000 | Global 0.0957 | Local 0.1192 | F1_macro 0.7085 | WorstLoss 1.6688
[Tracker] Ep   13 | AvgR 0.0002 | Global 0.3953 | Local 0.1192 | F1_macro 0.7075 | WorstLoss 1.4863
[Tracker] Ep   14 | AvgR 0.0000 | Global 0.0971 | Local 0.1192 | F1_macro 0.6852 | WorstLoss 1.6670
[Tracker] Ep   15 | AvgR 0.0000 | Global 0.0535 | Local 0.1192 | F1_macro 0.7015 | WorstLoss 1.7316
[Tracker] Saved snapshot: ep0015_phase2_class0
[Tracker] Ep   16 | AvgR 0.0005 | Global 0.9205 | Local 0.1192 | F1_macro 0.7342 | WorstLoss 1.1944
[Tracker] New BEST synthetic [phase2_class0] (by global.global_obj: 0.920536) saved.
[Tracker] BEST β weights [phase2_class0] saved -> training_runs/SPECnopca_control_EP200_PCA1_REWfairness_minID1_majID0_TRJ2000_REAL3000_BIAS0.1_GG202603192300_575706ca/seed_42/best_beta_state_dict_phase2_class0.pt
[Tracker] Ep   17 | AvgR 0.0001 | Global 0.2221 | Local 0.1192 | F1_macro 0.7095 | WorstLoss 1.5695
[Tracker] Ep   18 | AvgR 0.0001 | Global 0.1119 | Local 0.1192 | F1_macro 0.6887 | WorstLoss 1.6513
[Tracker] Ep   19 | AvgR 0.0001 | Global 0.2551 | Local 0.1192 | F1_macro 0.7022 | WorstLoss 1.5514
[Tracker] Ep   20 | AvgR 0.0000 | Global 0.0273 | Local 0.1192 | F1_macro 0.6885 | WorstLoss 1.8017
[Tracker] Saved snapshot: ep0020_phase2_class0
[Tracker] Ep   21 | AvgR 0.0000 | Global 0.0643 | Local 0.1192 | F1_macro 0.6863 | WorstLoss 1.7121
[Tracker] Ep   22 | AvgR 0.0000 | Global 0.0870 | Local 0.1192 | F1_macro 0.6930 | WorstLoss 1.6793
[Tracker] Ep   23 | AvgR 0.0003 | Global 0.6945 | Local 0.1192 | F1_macro 0.7215 | WorstLoss 1.3615
[Tracker] Ep   24 | AvgR 0.0002 | Global 0.3698 | Local 0.1192 | F1_macro 0.7099 | WorstLoss 1.4968
[Tracker] Ep   25 | AvgR 0.0000 | Global 0.0257 | Local 0.1192 | F1_macro 0.6898 | WorstLoss 1.8080
[Tracker] Saved snapshot: ep0025_phase2_class0
[Tracker] Ep   26 | AvgR 0.0001 | Global 0.2349 | Local 0.1192 | F1_macro 0.7054 | WorstLoss 1.5624
[Tracker] Ep   27 | AvgR 0.0001 | Global 0.2521 | Local 0.1192 | F1_macro 0.7045 | WorstLoss 1.5529
[Tracker] Ep   28 | AvgR 0.0002 | Global 0.3239 | Local 0.1192 | F1_macro 0.7126 | WorstLoss 1.5173
[Tracker] Ep   29 | AvgR 0.0003 | Global 0.6760 | Local 0.1192 | F1_macro 0.7154 | WorstLoss 1.3697
[Tracker] Ep   30 | AvgR 0.0001 | Global 0.1146 | Local 0.1192 | F1_macro 0.7042 | WorstLoss 1.6487
[Tracker] Saved snapshot: ep0030_phase2_class0
[Tracker] Ep   31 | AvgR 0.0003 | Global 0.6074 | Local 0.1192 | F1_macro 0.7263 | WorstLoss 1.4005
[Tracker] Ep   32 | AvgR 0.0003 | Global 0.6222 | Local 0.1192 | F1_macro 0.7145 | WorstLoss 1.3937
[Tracker] Ep   33 | AvgR 0.0003 | Global 0.6644 | Local 0.1192 | F1_macro 0.7233 | WorstLoss 1.3753
[Tracker] Ep   34 | AvgR 0.0003 | Global 0.5201 | Local 0.1192 | F1_macro 0.7133 | WorstLoss 1.4354
[Tracker] Ep   35 | AvgR 0.0000 | Global 0.0272 | Local 0.1192 | F1_macro 0.6915 | WorstLoss 1.8017
[Tracker] Saved snapshot: ep0035_phase2_class0
[Tracker] Ep   36 | AvgR 0.0001 | Global 0.1128 | Local 0.1192 | F1_macro 0.6950 | WorstLoss 1.6504
[Tracker] Ep   37 | AvgR 0.0002 | Global 0.4068 | Local 0.1192 | F1_macro 0.7211 | WorstLoss 1.4819
[Tracker] Ep   38 | AvgR 0.0002 | Global 0.4899 | Local 0.1192 | F1_macro 0.7172 | WorstLoss 1.4482
[Tracker] Ep   39 | AvgR 0.0003 | Global 0.5784 | Local 0.1192 | F1_macro 0.7172 | WorstLoss 1.4121
[Tracker] Ep   40 | AvgR 0.0003 | Global 0.6228 | Local 0.1192 | F1_macro 0.7204 | WorstLoss 1.3936
[Tracker] Saved snapshot: ep0040_phase2_class0
[Tracker] Ep   41 | AvgR 0.0001 | Global 0.1931 | Local 0.1192 | F1_macro 0.6940 | WorstLoss 1.5873
[Tracker] Ep   42 | AvgR 0.0003 | Global 0.6492 | Local 0.1192 | F1_macro 0.7140 | WorstLoss 1.3816
[Tracker] Ep   43 | AvgR 0.0000 | Global 0.0129 | Local 0.1192 | F1_macro 0.6804 | WorstLoss 1.8774
[Tracker] Ep   44 | AvgR 0.0004 | Global 0.7453 | Local 0.1192 | F1_macro 0.7295 | WorstLoss 1.3354
[Tracker] Ep   45 | AvgR 0.0001 | Global 0.1567 | Local 0.1192 | F1_macro 0.6918 | WorstLoss 1.6122
[Tracker] Saved snapshot: ep0045_phase2_class0
[Tracker] Ep   46 | AvgR 0.0001 | Global 0.2896 | Local 0.1192 | F1_macro 0.7076 | WorstLoss 1.5339
[Tracker] Ep   47 | AvgR 0.0000 | Global 0.0123 | Local 0.1192 | F1_macro 0.6681 | WorstLoss 1.8831
[Tracker] Ep   48 | AvgR 0.0003 | Global 0.6741 | Local 0.1192 | F1_macro 0.7279 | WorstLoss 1.3714
[Tracker] Ep   49 | AvgR 0.0003 | Global 0.6972 | Local 0.1192 | F1_macro 0.7269 | WorstLoss 1.3598
[Tracker] Ep   50 | AvgR 0.0003 | Global 0.6422 | Local 0.1192 | F1_macro 0.7204 | WorstLoss 1.3851
[Tracker] Saved snapshot: ep0050_phase2_class0
[Phase] Finished phase2_class0 | best global_obj=0.9205
FFNN Using device: cuda:0
[Combined] Saved combined beta -> training_runs/SPECnopca_control_EP200_PCA1_REWfairness_minID1_majID0_TRJ2000_REAL3000_BIAS0.1_GG202603192300_575706ca/seed_42/best_beta_state_dict.pt
[Combined] Saved combined synthetic -> training_runs/SPECnopca_control_EP200_PCA1_REWfairness_minID1_majID0_TRJ2000_REAL3000_BIAS0.1_GG202603192300_575706ca/seed_42/best_synthetic_combined.npz
FFNN Using device: cuda:0
[TestSuite] Loaded best β weights from: training_runs/SPECnopca_control_EP200_PCA1_REWfairness_minID1_majID0_TRJ2000_REAL3000_BIAS0.1_GG202603192300_575706ca/seed_42/best_beta_state_dict.pt

[TEST] Alpha -> F1(min)=0.5064 | F1(maj)=0.8967 | F1(weighted)=0.8027 | F1(macro)=0.7015 | Brier=0.1192
[TEST] Beta  -> F1(min)=0.5067 | F1(maj)=0.8972 | F1(weighted)=0.8031 | F1(macro)=0.7019 | Brier=0.1219
[TestSuite] Final test metrics appended to (seed): training_runs/SPECnopca_control_EP200_PCA1_REWfairness_minID1_majID0_TRJ2000_REAL3000_BIAS0.1_GG202603192300_575706ca/seed_42/final_test_metrics.csv
[TestSuite] Final test metrics appended to (experiment): training_runs/SPECnopca_control_EP200_PCA1_REWfairness_minID1_majID0_TRJ2000_REAL3000_BIAS0.1_GG202603192300_575706ca/final_test_metrics.csv
Total time 2669.48s
[Tracker] Finished. Run folder: training_runs/SPECnopca_control_EP200_PCA1_REWfairness_minID1_majID0_TRJ2000_REAL3000_BIAS0.1_GG202603192300_575706ca/seed_42
