[main] spec=nopca_large_net_control.json device=cuda:0
[main] exp_group=SPEC_nopca_large_net_control_445596eb__G202603192300
[main] seeds=[42]
[main] ---- running seed=42 ----
FFNN Using device: cuda:0
FFNN Using device: cuda:0
[Tracker] Experiment: SPECnopca_large_net_control_EP200_PCA1_REWfairness_minID1_majID0_TRJ2000_REAL3000_BIAS0.1_GG202603192300_c05d0831
[Tracker] Seed folder: training_runs/SPECnopca_large_net_control_EP200_PCA1_REWfairness_minID1_majID0_TRJ2000_REAL3000_BIAS0.1_GG202603192300_c05d0831/seed_42
[Tracker] Run: 2026-03-19_23-00-07_seed42_105049_dc376302
[Tracker] Metrics CSV: training_runs/SPECnopca_large_net_control_EP200_PCA1_REWfairness_minID1_majID0_TRJ2000_REAL3000_BIAS0.1_GG202603192300_c05d0831/seed_42/metrics.csv
[Tracker] Mirroring console to: training_runs/SPECnopca_large_net_control_EP200_PCA1_REWfairness_minID1_majID0_TRJ2000_REAL3000_BIAS0.1_GG202603192300_c05d0831/seed_42/console.log
[TRAIN] size=3000, minority=300 (10.00%)
[VAL] size=5493, minority=549 (9.99%)
[TEST] size=6513, minority=1569 (24.09%)
FFNN Using device: cuda:0
FFNN Using device: cuda:0
Beta will train with: 60.00% real data, 40.00% synthetic data: 
[disadv] group=1 per_g={0: 0.09186093509197235, 1: 0.2662293314933777} worst_4g=1.4447 soft_eo_alpha=0.0565
Anchors: 257 (disadv=1) sigma_anchor=0.8500
[Tracker] Alpha model state_dict saved to training_runs/SPECnopca_large_net_control_EP200_PCA1_REWfairness_minID1_majID0_TRJ2000_REAL3000_BIAS0.1_GG202603192300_c05d0831/seed_42/alpha_state_dict.pt
[Tracker] Alpha model config saved to training_runs/SPECnopca_large_net_control_EP200_PCA1_REWfairness_minID1_majID0_TRJ2000_REAL3000_BIAS0.1_GG202603192300_c05d0831/seed_42/ffnn_meta.json

============================================================
[Phase] Starting phase1_class1 | target_class=1 | episodes=200
============================================================
/home/epigou/envs/rl/lib/python3.10/site-packages/torch/_inductor/compile_fx.py:194: UserWarning:

TensorFloat32 tensor cores for float32 matrix multiplication available but not enabled. Consider setting `torch.set_float32_matmul_precision('high')` for better performance.

[Tracker] CSV header written with 44 columns.
[Tracker] Ep    1 | AvgR 0.0001 | Global 0.2452 | Local 0.1192 | F1_macro 0.7038 | WorstLoss 1.5565
[Tracker] New BEST synthetic [phase1_class1] (by global.global_obj: 0.245154) saved.
[Tracker] BEST β weights [phase1_class1] saved -> training_runs/SPECnopca_large_net_control_EP200_PCA1_REWfairness_minID1_majID0_TRJ2000_REAL3000_BIAS0.1_GG202603192300_c05d0831/seed_42/best_beta_state_dict_phase1_class1.pt
[Tracker] Ep    2 | AvgR 0.0001 | Global 0.2524 | Local 0.1192 | F1_macro 0.7129 | WorstLoss 1.5524
[Tracker] New BEST synthetic [phase1_class1] (by global.global_obj: 0.252385) saved.
[Tracker] BEST β weights [phase1_class1] saved -> training_runs/SPECnopca_large_net_control_EP200_PCA1_REWfairness_minID1_majID0_TRJ2000_REAL3000_BIAS0.1_GG202603192300_c05d0831/seed_42/best_beta_state_dict_phase1_class1.pt
[Tracker] Ep    3 | AvgR 0.0002 | Global 0.3889 | Local 0.1192 | F1_macro 0.7152 | WorstLoss 1.4890
[Tracker] New BEST synthetic [phase1_class1] (by global.global_obj: 0.388883) saved.
[Tracker] BEST β weights [phase1_class1] saved -> training_runs/SPECnopca_large_net_control_EP200_PCA1_REWfairness_minID1_majID0_TRJ2000_REAL3000_BIAS0.1_GG202603192300_c05d0831/seed_42/best_beta_state_dict_phase1_class1.pt
[Tracker] Ep    4 | AvgR 0.0001 | Global 0.2997 | Local 0.1192 | F1_macro 0.7156 | WorstLoss 1.5290
[Tracker] Ep    5 | AvgR 0.0003 | Global 0.5287 | Local 0.1192 | F1_macro 0.7189 | WorstLoss 1.4323
[Tracker] Saved snapshot: ep0005_phase1_class1
[Tracker] New BEST synthetic [phase1_class1] (by global.global_obj: 0.528654) saved.
[Tracker] BEST β weights [phase1_class1] saved -> training_runs/SPECnopca_large_net_control_EP200_PCA1_REWfairness_minID1_majID0_TRJ2000_REAL3000_BIAS0.1_GG202603192300_c05d0831/seed_42/best_beta_state_dict_phase1_class1.pt
[Tracker] Ep    6 | AvgR 0.0002 | Global 0.3554 | Local 0.1192 | F1_macro 0.7127 | WorstLoss 1.5035
[Tracker] Ep    7 | AvgR 0.0002 | Global 0.3682 | Local 0.1192 | F1_macro 0.7087 | WorstLoss 1.4978
[Tracker] Ep    8 | AvgR 0.0001 | Global 0.1252 | Local 0.1192 | F1_macro 0.7133 | WorstLoss 1.6385
[Tracker] Ep    9 | AvgR 0.0003 | Global 0.5209 | Local 0.1192 | F1_macro 0.7259 | WorstLoss 1.4353
[Tracker] Ep   10 | AvgR 0.0001 | Global 0.2453 | Local 0.1192 | F1_macro 0.6991 | WorstLoss 1.5562
[Tracker] Saved snapshot: ep0010_phase1_class1
[Tracker] Ep   11 | AvgR 0.0004 | Global 0.8844 | Local 0.1192 | F1_macro 0.7330 | WorstLoss 1.2360
[Tracker] New BEST synthetic [phase1_class1] (by global.global_obj: 0.884407) saved.
[Tracker] BEST β weights [phase1_class1] saved -> training_runs/SPECnopca_large_net_control_EP200_PCA1_REWfairness_minID1_majID0_TRJ2000_REAL3000_BIAS0.1_GG202603192300_c05d0831/seed_42/best_beta_state_dict_phase1_class1.pt
[Tracker] Ep   12 | AvgR 0.0001 | Global 0.2771 | Local 0.1192 | F1_macro 0.7134 | WorstLoss 1.5398
[Tracker] Ep   13 | AvgR 0.0002 | Global 0.3215 | Local 0.1192 | F1_macro 0.7090 | WorstLoss 1.5186
[Tracker] Ep   14 | AvgR 0.0001 | Global 0.1588 | Local 0.1192 | F1_macro 0.7071 | WorstLoss 1.6109
[Tracker] Ep   15 | AvgR 0.0002 | Global 0.3882 | Local 0.1192 | F1_macro 0.7188 | WorstLoss 1.4893
[Tracker] Saved snapshot: ep0015_phase1_class1
[Tracker] Ep   16 | AvgR 0.0003 | Global 0.5978 | Local 0.1192 | F1_macro 0.7165 | WorstLoss 1.4038
[Tracker] Ep   17 | AvgR 0.0002 | Global 0.3056 | Local 0.1192 | F1_macro 0.7109 | WorstLoss 1.5264
[Tracker] Ep   18 | AvgR 0.0001 | Global 0.2965 | Local 0.1192 | F1_macro 0.7140 | WorstLoss 1.5307
[Tracker] Ep   19 | AvgR 0.0001 | Global 0.1598 | Local 0.1192 | F1_macro 0.7074 | WorstLoss 1.6100
[Tracker] Ep   20 | AvgR 0.0002 | Global 0.4302 | Local 0.1192 | F1_macro 0.7038 | WorstLoss 1.4721
[Tracker] Saved snapshot: ep0020_phase1_class1
[Tracker] Ep   21 | AvgR 0.0002 | Global 0.4698 | Local 0.1192 | F1_macro 0.7221 | WorstLoss 1.4560
[Tracker] Ep   22 | AvgR 0.0003 | Global 0.6006 | Local 0.1192 | F1_macro 0.7161 | WorstLoss 1.4028
[Tracker] Ep   23 | AvgR 0.0002 | Global 0.3915 | Local 0.1192 | F1_macro 0.7223 | WorstLoss 1.4882
[Tracker] Ep   24 | AvgR 0.0003 | Global 0.5324 | Local 0.1192 | F1_macro 0.7240 | WorstLoss 1.4307
[Tracker] Ep   25 | AvgR 0.0000 | Global 0.0899 | Local 0.1192 | F1_macro 0.7021 | WorstLoss 1.6757
[Tracker] Saved snapshot: ep0025_phase1_class1
[Tracker] Ep   26 | AvgR 0.0000 | Global 0.0455 | Local 0.1192 | F1_macro 0.6980 | WorstLoss 1.7486
[Tracker] Ep   27 | AvgR 0.0002 | Global 0.3291 | Local 0.1192 | F1_macro 0.7203 | WorstLoss 1.5156
[Tracker] Ep   28 | AvgR 0.0000 | Global 0.0249 | Local 0.1192 | F1_macro 0.6861 | WorstLoss 1.8111
[Tracker] Ep   29 | AvgR 0.0001 | Global 0.2898 | Local 0.1192 | F1_macro 0.7177 | WorstLoss 1.5338
[Tracker] Ep   30 | AvgR 0.0003 | Global 0.5064 | Local 0.1192 | F1_macro 0.7265 | WorstLoss 1.4418
[Tracker] Saved snapshot: ep0030_phase1_class1
[Tracker] Ep   31 | AvgR 0.0002 | Global 0.3984 | Local 0.1192 | F1_macro 0.7178 | WorstLoss 1.4853
[Tracker] Ep   32 | AvgR 0.0001 | Global 0.1661 | Local 0.1192 | F1_macro 0.6991 | WorstLoss 1.6055
[Tracker] Ep   33 | AvgR 0.0001 | Global 0.2664 | Local 0.1192 | F1_macro 0.7167 | WorstLoss 1.5457
[Tracker] Ep   34 | AvgR 0.0001 | Global 0.2353 | Local 0.1192 | F1_macro 0.7206 | WorstLoss 1.5622
[Tracker] Ep   35 | AvgR 0.0003 | Global 0.5276 | Local 0.1192 | F1_macro 0.7219 | WorstLoss 1.4335
[Tracker] Saved snapshot: ep0035_phase1_class1
[Tracker] Ep   36 | AvgR 0.0003 | Global 0.5678 | Local 0.1192 | F1_macro 0.7290 | WorstLoss 1.4167
[Tracker] Ep   37 | AvgR 0.0001 | Global 0.2681 | Local 0.1192 | F1_macro 0.7207 | WorstLoss 1.5450
[Tracker] Ep   38 | AvgR 0.0000 | Global 0.0610 | Local 0.1192 | F1_macro 0.6927 | WorstLoss 1.7178
[Tracker] Ep   39 | AvgR 0.0001 | Global 0.1705 | Local 0.1192 | F1_macro 0.7127 | WorstLoss 1.6026
[Tracker] Ep   40 | AvgR 0.0001 | Global 0.2412 | Local 0.1192 | F1_macro 0.7153 | WorstLoss 1.5590
[Tracker] Saved snapshot: ep0040_phase1_class1
[Tracker] Ep   41 | AvgR 0.0002 | Global 0.3051 | Local 0.1192 | F1_macro 0.7179 | WorstLoss 1.5265
[Tracker] Ep   42 | AvgR 0.0001 | Global 0.1580 | Local 0.1192 | F1_macro 0.7179 | WorstLoss 1.6118
[Tracker] Ep   43 | AvgR 0.0003 | Global 0.5536 | Local 0.1192 | F1_macro 0.7188 | WorstLoss 1.4228
[Tracker] Ep   44 | AvgR 0.0001 | Global 0.1633 | Local 0.1192 | F1_macro 0.7160 | WorstLoss 1.6078
[Tracker] Ep   45 | AvgR 0.0003 | Global 0.6795 | Local 0.1192 | F1_macro 0.7247 | WorstLoss 1.3691
[Tracker] Saved snapshot: ep0045_phase1_class1
[Tracker] Ep   46 | AvgR 0.0002 | Global 0.3254 | Local 0.1192 | F1_macro 0.7151 | WorstLoss 1.5172
[Tracker] Ep   47 | AvgR 0.0003 | Global 0.5767 | Local 0.1192 | F1_macro 0.7233 | WorstLoss 1.4131
[Tracker] Ep   48 | AvgR 0.0003 | Global 0.5470 | Local 0.1192 | F1_macro 0.7277 | WorstLoss 1.4255
[Tracker] Ep   49 | AvgR 0.0001 | Global 0.1088 | Local 0.1192 | F1_macro 0.7038 | WorstLoss 1.6546
[Tracker] Ep   50 | AvgR 0.0002 | Global 0.4558 | Local 0.1192 | F1_macro 0.7196 | WorstLoss 1.4623
[Tracker] Saved snapshot: ep0050_phase1_class1
[Tracker] Ep   51 | AvgR 0.0001 | Global 0.1562 | Local 0.1192 | F1_macro 0.7103 | WorstLoss 1.6129
[Tracker] Ep   52 | AvgR 0.0001 | Global 0.2703 | Local 0.1192 | F1_macro 0.7112 | WorstLoss 1.5436
[Tracker] Ep   53 | AvgR 0.0002 | Global 0.3730 | Local 0.1192 | F1_macro 0.7205 | WorstLoss 1.4964
[Tracker] Ep   54 | AvgR 0.0001 | Global 0.2853 | Local 0.1192 | F1_macro 0.7095 | WorstLoss 1.5361
[Tracker] Ep   55 | AvgR 0.0002 | Global 0.3624 | Local 0.1192 | F1_macro 0.7171 | WorstLoss 1.5006
[Tracker] Saved snapshot: ep0055_phase1_class1
[Tracker] Ep   56 | AvgR 0.0002 | Global 0.4187 | Local 0.1192 | F1_macro 0.7260 | WorstLoss 1.4773
[Tracker] Ep   57 | AvgR 0.0003 | Global 0.6615 | Local 0.1192 | F1_macro 0.7116 | WorstLoss 1.3772
[Tracker] Ep   58 | AvgR 0.0000 | Global 0.0755 | Local 0.1192 | F1_macro 0.6909 | WorstLoss 1.6950
[Tracker] Ep   59 | AvgR 0.0002 | Global 0.3696 | Local 0.1192 | F1_macro 0.7121 | WorstLoss 1.4977
[Tracker] Ep   60 | AvgR 0.0000 | Global 0.0516 | Local 0.1192 | F1_macro 0.6896 | WorstLoss 1.7353
[Tracker] Saved snapshot: ep0060_phase1_class1
[Tracker] Ep   61 | AvgR 0.0002 | Global 0.4119 | Local 0.1192 | F1_macro 0.7188 | WorstLoss 1.4796
[Tracker] Ep   62 | AvgR 0.0004 | Global 0.7126 | Local 0.1192 | F1_macro 0.7274 | WorstLoss 1.3530
[Tracker] Ep   63 | AvgR 0.0000 | Global 0.0776 | Local 0.1192 | F1_macro 0.7084 | WorstLoss 1.6920
[Tracker] Ep   64 | AvgR 0.0003 | Global 0.6511 | Local 0.1192 | F1_macro 0.7230 | WorstLoss 1.3814
[Tracker] Ep   65 | AvgR 0.0002 | Global 0.3311 | Local 0.1192 | F1_macro 0.7121 | WorstLoss 1.5149
[Tracker] Saved snapshot: ep0065_phase1_class1
[Tracker] Ep   66 | AvgR 0.0001 | Global 0.2279 | Local 0.1192 | F1_macro 0.7067 | WorstLoss 1.5663
[Tracker] Ep   67 | AvgR 0.0001 | Global 0.2843 | Local 0.1192 | F1_macro 0.7191 | WorstLoss 1.5366
[Tracker] Ep   68 | AvgR 0.0003 | Global 0.6701 | Local 0.1192 | F1_macro 0.7307 | WorstLoss 1.3726
[Tracker] Ep   69 | AvgR 0.0002 | Global 0.3502 | Local 0.1192 | F1_macro 0.7058 | WorstLoss 1.5060
[Tracker] Ep   70 | AvgR 0.0000 | Global 0.0455 | Local 0.1192 | F1_macro 0.6885 | WorstLoss 1.7487
[Tracker] Saved snapshot: ep0070_phase1_class1
[Tracker] Ep   71 | AvgR 0.0002 | Global 0.3453 | Local 0.1192 | F1_macro 0.7256 | WorstLoss 1.5081
[Tracker] Ep   72 | AvgR 0.0001 | Global 0.2640 | Local 0.1192 | F1_macro 0.7109 | WorstLoss 1.5468
[Tracker] Ep   73 | AvgR 0.0001 | Global 0.1189 | Local 0.1192 | F1_macro 0.6977 | WorstLoss 1.6444
[Tracker] Ep   74 | AvgR 0.0001 | Global 0.1298 | Local 0.1192 | F1_macro 0.6946 | WorstLoss 1.6346
[Tracker] Ep   75 | AvgR 0.0001 | Global 0.2865 | Local 0.1192 | F1_macro 0.7198 | WorstLoss 1.5355
[Tracker] Saved snapshot: ep0075_phase1_class1
[Tracker] Ep   76 | AvgR 0.0001 | Global 0.1457 | Local 0.1192 | F1_macro 0.6988 | WorstLoss 1.6213
[Tracker] Ep   77 | AvgR 0.0000 | Global 0.0095 | Local 0.1192 | F1_macro 0.6745 | WorstLoss 1.9091
[Tracker] Ep   78 | AvgR 0.0001 | Global 0.2257 | Local 0.1192 | F1_macro 0.7188 | WorstLoss 1.5675
[Tracker] Ep   79 | AvgR 0.0001 | Global 0.1654 | Local 0.1192 | F1_macro 0.6952 | WorstLoss 1.6060
[Tracker] Ep   80 | AvgR 0.0002 | Global 0.3445 | Local 0.1192 | F1_macro 0.7221 | WorstLoss 1.5085
[Tracker] Saved snapshot: ep0080_phase1_class1
[Tracker] Ep   81 | AvgR 0.0004 | Global 0.8295 | Local 0.1192 | F1_macro 0.7229 | WorstLoss 1.2843
[Tracker] Ep   82 | AvgR 0.0004 | Global 0.7948 | Local 0.1192 | F1_macro 0.7246 | WorstLoss 1.3071
[Tracker] Ep   83 | AvgR 0.0002 | Global 0.3841 | Local 0.1192 | F1_macro 0.7184 | WorstLoss 1.4911
[Tracker] Ep   84 | AvgR 0.0001 | Global 0.1662 | Local 0.1192 | F1_macro 0.7078 | WorstLoss 1.6054
[Tracker] Ep   85 | AvgR 0.0003 | Global 0.5812 | Local 0.1192 | F1_macro 0.7237 | WorstLoss 1.4109
[Tracker] Saved snapshot: ep0085_phase1_class1
[Tracker] Ep   86 | AvgR 0.0001 | Global 0.2535 | Local 0.1192 | F1_macro 0.7132 | WorstLoss 1.5521
[Tracker] Ep   87 | AvgR 0.0003 | Global 0.5256 | Local 0.1192 | F1_macro 0.7238 | WorstLoss 1.4335
[Tracker] Ep   88 | AvgR 0.0001 | Global 0.2004 | Local 0.1192 | F1_macro 0.6998 | WorstLoss 1.5825
[Tracker] Ep   89 | AvgR 0.0003 | Global 0.6687 | Local 0.1192 | F1_macro 0.7195 | WorstLoss 1.3735
[Tracker] Ep   90 | AvgR 0.0001 | Global 0.1577 | Local 0.1192 | F1_macro 0.6969 | WorstLoss 1.6116
[Tracker] Saved snapshot: ep0090_phase1_class1
[Tracker] Ep   91 | AvgR 0.0001 | Global 0.2370 | Local 0.1192 | F1_macro 0.7156 | WorstLoss 1.5612
[Tracker] Ep   92 | AvgR 0.0001 | Global 0.1035 | Local 0.1192 | F1_macro 0.7090 | WorstLoss 1.6602
[Tracker] Ep   93 | AvgR 0.0002 | Global 0.4361 | Local 0.1192 | F1_macro 0.7067 | WorstLoss 1.4697
[Tracker] Ep   94 | AvgR 0.0001 | Global 0.2557 | Local 0.1192 | F1_macro 0.7113 | WorstLoss 1.5511
[Tracker] Ep   95 | AvgR 0.0002 | Global 0.4699 | Local 0.1192 | F1_macro 0.7257 | WorstLoss 1.4561
[Tracker] Saved snapshot: ep0095_phase1_class1
[Tracker] Ep   96 | AvgR 0.0002 | Global 0.3088 | Local 0.1192 | F1_macro 0.7165 | WorstLoss 1.5244
[Tracker] Ep   97 | AvgR 0.0002 | Global 0.3439 | Local 0.1192 | F1_macro 0.7191 | WorstLoss 1.5088
[Tracker] Ep   98 | AvgR 0.0002 | Global 0.4712 | Local 0.1192 | F1_macro 0.7115 | WorstLoss 1.4556
[Tracker] Ep   99 | AvgR 0.0003 | Global 0.5221 | Local 0.1192 | F1_macro 0.7180 | WorstLoss 1.4349
[Tracker] Ep  100 | AvgR 0.0002 | Global 0.3784 | Local 0.1192 | F1_macro 0.7089 | WorstLoss 1.4936
[Tracker] Saved snapshot: ep0100_phase1_class1
[Tracker] Ep  101 | AvgR 0.0001 | Global 0.2626 | Local 0.1192 | F1_macro 0.7126 | WorstLoss 1.5474
[Tracker] Ep  102 | AvgR 0.0002 | Global 0.4538 | Local 0.1192 | F1_macro 0.7156 | WorstLoss 1.4626
[Tracker] Ep  103 | AvgR 0.0002 | Global 0.3366 | Local 0.1192 | F1_macro 0.7032 | WorstLoss 1.5121
[Tracker] Ep  104 | AvgR 0.0002 | Global 0.3551 | Local 0.1192 | F1_macro 0.7102 | WorstLoss 1.5038
[Tracker] Ep  105 | AvgR 0.0001 | Global 0.1874 | Local 0.1192 | F1_macro 0.6997 | WorstLoss 1.5908
[Tracker] Saved snapshot: ep0105_phase1_class1
[Tracker] Ep  106 | AvgR 0.0001 | Global 0.1832 | Local 0.1192 | F1_macro 0.7087 | WorstLoss 1.5938
[Tracker] Ep  107 | AvgR 0.0000 | Global 0.0294 | Local 0.1192 | F1_macro 0.6885 | WorstLoss 1.7939
[Tracker] Ep  108 | AvgR 0.0001 | Global 0.2060 | Local 0.1192 | F1_macro 0.6901 | WorstLoss 1.5791
[Tracker] Ep  109 | AvgR 0.0001 | Global 0.1601 | Local 0.1192 | F1_macro 0.7067 | WorstLoss 1.6101
[Tracker] Ep  110 | AvgR 0.0002 | Global 0.3611 | Local 0.1192 | F1_macro 0.6978 | WorstLoss 1.5013
[Tracker] Saved snapshot: ep0110_phase1_class1
[Tracker] Ep  111 | AvgR 0.0002 | Global 0.3345 | Local 0.1192 | F1_macro 0.7158 | WorstLoss 1.5129
[Tracker] Ep  112 | AvgR 0.0000 | Global 0.0482 | Local 0.1192 | F1_macro 0.6794 | WorstLoss 1.7424
[Tracker] Ep  113 | AvgR 0.0001 | Global 0.2434 | Local 0.1192 | F1_macro 0.7105 | WorstLoss 1.5575
[Tracker] Ep  114 | AvgR 0.0004 | Global 0.7407 | Local 0.1192 | F1_macro 0.7153 | WorstLoss 1.3385
[Tracker] Ep  115 | AvgR 0.0002 | Global 0.3768 | Local 0.1192 | F1_macro 0.7216 | WorstLoss 1.4943
[Tracker] Saved snapshot: ep0115_phase1_class1
[Tracker] Ep  116 | AvgR 0.0001 | Global 0.1169 | Local 0.1192 | F1_macro 0.7001 | WorstLoss 1.6464
[Tracker] Ep  117 | AvgR 0.0002 | Global 0.3327 | Local 0.1192 | F1_macro 0.7257 | WorstLoss 1.5137
[Tracker] Ep  118 | AvgR 0.0001 | Global 0.2029 | Local 0.1192 | F1_macro 0.7119 | WorstLoss 1.5810
[Tracker] Ep  119 | AvgR 0.0001 | Global 0.2750 | Local 0.1192 | F1_macro 0.7074 | WorstLoss 1.5410
[Tracker] Ep  120 | AvgR 0.0003 | Global 0.5120 | Local 0.1192 | F1_macro 0.7242 | WorstLoss 1.4391
[Tracker] Saved snapshot: ep0120_phase1_class1
[Tracker] Ep  121 | AvgR 0.0001 | Global 0.1176 | Local 0.1192 | F1_macro 0.6995 | WorstLoss 1.6459
[Tracker] Ep  122 | AvgR 0.0001 | Global 0.1673 | Local 0.1192 | F1_macro 0.6985 | WorstLoss 1.6046
[Tracker] Ep  123 | AvgR 0.0001 | Global 0.1098 | Local 0.1192 | F1_macro 0.6956 | WorstLoss 1.6534
[Tracker] Ep  124 | AvgR 0.0001 | Global 0.2045 | Local 0.1192 | F1_macro 0.7108 | WorstLoss 1.5800
[Tracker] Ep  125 | AvgR 0.0001 | Global 0.1076 | Local 0.1192 | F1_macro 0.6925 | WorstLoss 1.6556
[Tracker] Saved snapshot: ep0125_phase1_class1
[Tracker] Ep  126 | AvgR 0.0001 | Global 0.2765 | Local 0.1192 | F1_macro 0.7058 | WorstLoss 1.5402
[Tracker] Ep  127 | AvgR 0.0002 | Global 0.4103 | Local 0.1192 | F1_macro 0.7133 | WorstLoss 1.4801
[Tracker] Ep  128 | AvgR 0.0001 | Global 0.1458 | Local 0.1192 | F1_macro 0.6827 | WorstLoss 1.6209
[Tracker] Ep  129 | AvgR 0.0001 | Global 0.1506 | Local 0.1192 | F1_macro 0.7054 | WorstLoss 1.6172
[Tracker] Ep  130 | AvgR 0.0003 | Global 0.6622 | Local 0.1192 | F1_macro 0.7277 | WorstLoss 1.3766
[Tracker] Saved snapshot: ep0130_phase1_class1
[Tracker] Ep  131 | AvgR 0.0001 | Global 0.2438 | Local 0.1192 | F1_macro 0.7048 | WorstLoss 1.5573
[Tracker] Ep  132 | AvgR 0.0003 | Global 0.5974 | Local 0.1192 | F1_macro 0.7273 | WorstLoss 1.4045
[Tracker] Ep  133 | AvgR 0.0002 | Global 0.4342 | Local 0.1192 | F1_macro 0.7074 | WorstLoss 1.4702
[Tracker] Ep  134 | AvgR 0.0001 | Global 0.2416 | Local 0.1192 | F1_macro 0.7128 | WorstLoss 1.5585
[Tracker] Ep  135 | AvgR 0.0000 | Global 0.0446 | Local 0.1192 | F1_macro 0.6789 | WorstLoss 1.7505
[Tracker] Saved snapshot: ep0135_phase1_class1
[Tracker] Ep  136 | AvgR 0.0003 | Global 0.5332 | Local 0.1192 | F1_macro 0.7197 | WorstLoss 1.4304
[Tracker] Ep  137 | AvgR 0.0000 | Global 0.0160 | Local 0.1192 | F1_macro 0.6782 | WorstLoss 1.8561
[Tracker] Ep  138 | AvgR 0.0001 | Global 0.1708 | Local 0.1192 | F1_macro 0.7080 | WorstLoss 1.6021
[Tracker] Ep  139 | AvgR 0.0000 | Global 0.0384 | Local 0.1192 | F1_macro 0.6887 | WorstLoss 1.7661
[Tracker] Ep  140 | AvgR 0.0002 | Global 0.4438 | Local 0.1192 | F1_macro 0.7150 | WorstLoss 1.4664
[Tracker] Saved snapshot: ep0140_phase1_class1
[Tracker] Ep  141 | AvgR 0.0002 | Global 0.3846 | Local 0.1192 | F1_macro 0.7191 | WorstLoss 1.4910
[Tracker] Ep  142 | AvgR 0.0003 | Global 0.5408 | Local 0.1192 | F1_macro 0.7172 | WorstLoss 1.4275
[Tracker] Ep  143 | AvgR 0.0000 | Global 0.0232 | Local 0.1192 | F1_macro 0.6809 | WorstLoss 1.8184
[Tracker] Ep  144 | AvgR 0.0001 | Global 0.2990 | Local 0.1192 | F1_macro 0.7250 | WorstLoss 1.5291
[Tracker] Ep  145 | AvgR 0.0001 | Global 0.1801 | Local 0.1192 | F1_macro 0.7032 | WorstLoss 1.5957
[Tracker] Saved snapshot: ep0145_phase1_class1
[Tracker] Ep  146 | AvgR 0.0000 | Global 0.0265 | Local 0.1192 | F1_macro 0.6814 | WorstLoss 1.8045
[Tracker] Ep  147 | AvgR 0.0000 | Global 0.0566 | Local 0.1192 | F1_macro 0.6837 | WorstLoss 1.7254
[Tracker] Ep  148 | AvgR 0.0001 | Global 0.1851 | Local 0.1192 | F1_macro 0.6956 | WorstLoss 1.5923
[Tracker] Ep  149 | AvgR 0.0001 | Global 0.2657 | Local 0.1192 | F1_macro 0.6982 | WorstLoss 1.5460
[Tracker] Ep  150 | AvgR 0.0001 | Global 0.1180 | Local 0.1192 | F1_macro 0.7034 | WorstLoss 1.6454
[Tracker] Saved snapshot: ep0150_phase1_class1
[Tracker] Ep  151 | AvgR 0.0000 | Global 0.0891 | Local 0.1192 | F1_macro 0.6930 | WorstLoss 1.6767
[Tracker] Ep  152 | AvgR 0.0004 | Global 0.7020 | Local 0.1192 | F1_macro 0.7243 | WorstLoss 1.3577
[Tracker] Ep  153 | AvgR 0.0000 | Global 0.0431 | Local 0.1192 | F1_macro 0.6794 | WorstLoss 1.7544
[Tracker] Ep  154 | AvgR 0.0000 | Global 0.0722 | Local 0.1192 | F1_macro 0.6889 | WorstLoss 1.6995
[Tracker] Ep  155 | AvgR 0.0001 | Global 0.2888 | Local 0.1192 | F1_macro 0.6952 | WorstLoss 1.5341
[Tracker] Saved snapshot: ep0155_phase1_class1
[Tracker] Ep  156 | AvgR 0.0004 | Global 0.7209 | Local 0.1192 | F1_macro 0.7220 | WorstLoss 1.3483
[Tracker] Ep  157 | AvgR 0.0000 | Global 0.0946 | Local 0.1192 | F1_macro 0.6899 | WorstLoss 1.6700
[Tracker] Ep  158 | AvgR 0.0002 | Global 0.3406 | Local 0.1192 | F1_macro 0.7105 | WorstLoss 1.5102
[Tracker] Ep  159 | AvgR 0.0002 | Global 0.3025 | Local 0.1192 | F1_macro 0.7110 | WorstLoss 1.5278
[Tracker] Ep  160 | AvgR 0.0004 | Global 0.8726 | Local 0.1192 | F1_macro 0.7343 | WorstLoss 1.2492
[Tracker] Saved snapshot: ep0160_phase1_class1
[Tracker] Ep  161 | AvgR 0.0002 | Global 0.3671 | Local 0.1192 | F1_macro 0.7223 | WorstLoss 1.4986
[Tracker] Ep  162 | AvgR 0.0002 | Global 0.3503 | Local 0.1192 | F1_macro 0.7127 | WorstLoss 1.5058
[Tracker] Ep  163 | AvgR 0.0003 | Global 0.5153 | Local 0.1192 | F1_macro 0.7188 | WorstLoss 1.4377
[Tracker] Ep  164 | AvgR 0.0000 | Global 0.0990 | Local 0.1192 | F1_macro 0.6983 | WorstLoss 1.6652
[Tracker] Ep  165 | AvgR 0.0002 | Global 0.3734 | Local 0.1192 | F1_macro 0.6999 | WorstLoss 1.4957
[Tracker] Saved snapshot: ep0165_phase1_class1
[Tracker] Ep  166 | AvgR 0.0003 | Global 0.6036 | Local 0.1192 | F1_macro 0.7219 | WorstLoss 1.4014
[Tracker] Ep  167 | AvgR 0.0001 | Global 0.2764 | Local 0.1192 | F1_macro 0.7154 | WorstLoss 1.5403
[Tracker] Ep  168 | AvgR 0.0003 | Global 0.6586 | Local 0.1192 | F1_macro 0.7208 | WorstLoss 1.3781
[Tracker] Ep  169 | AvgR 0.0003 | Global 0.6526 | Local 0.1192 | F1_macro 0.7226 | WorstLoss 1.3808
[Tracker] Ep  170 | AvgR 0.0003 | Global 0.6630 | Local 0.1192 | F1_macro 0.7172 | WorstLoss 1.3753
[Tracker] Saved snapshot: ep0170_phase1_class1
[Tracker] Ep  171 | AvgR 0.0002 | Global 0.3135 | Local 0.1192 | F1_macro 0.7051 | WorstLoss 1.5223
[Tracker] Ep  172 | AvgR 0.0002 | Global 0.4641 | Local 0.1192 | F1_macro 0.7201 | WorstLoss 1.4583
[Tracker] Ep  173 | AvgR 0.0001 | Global 0.1037 | Local 0.1192 | F1_macro 0.6996 | WorstLoss 1.6598
[Tracker] Ep  174 | AvgR 0.0002 | Global 0.3205 | Local 0.1192 | F1_macro 0.7112 | WorstLoss 1.5194
[Tracker] Ep  175 | AvgR 0.0002 | Global 0.4235 | Local 0.1192 | F1_macro 0.7022 | WorstLoss 1.4749
[Tracker] Saved snapshot: ep0175_phase1_class1
[Tracker] Ep  176 | AvgR 0.0002 | Global 0.4506 | Local 0.1192 | F1_macro 0.7266 | WorstLoss 1.4637
[Tracker] Ep  177 | AvgR 0.0002 | Global 0.4587 | Local 0.1192 | F1_macro 0.7207 | WorstLoss 1.4605
[Tracker] Ep  178 | AvgR 0.0003 | Global 0.6112 | Local 0.1192 | F1_macro 0.7289 | WorstLoss 1.3984
[Tracker] Ep  179 | AvgR 0.0002 | Global 0.3062 | Local 0.1192 | F1_macro 0.7139 | WorstLoss 1.5258
[Tracker] Ep  180 | AvgR 0.0001 | Global 0.2349 | Local 0.1192 | F1_macro 0.7038 | WorstLoss 1.5623
[Tracker] Saved snapshot: ep0180_phase1_class1
[Tracker] Ep  181 | AvgR 0.0001 | Global 0.1293 | Local 0.1192 | F1_macro 0.6871 | WorstLoss 1.6348
[Tracker] Ep  182 | AvgR 0.0001 | Global 0.1961 | Local 0.1192 | F1_macro 0.7087 | WorstLoss 1.5852
[Tracker] Ep  183 | AvgR 0.0003 | Global 0.5196 | Local 0.1192 | F1_macro 0.7156 | WorstLoss 1.4356
[Tracker] Ep  184 | AvgR 0.0001 | Global 0.1581 | Local 0.1192 | F1_macro 0.6934 | WorstLoss 1.6111
[Tracker] Ep  185 | AvgR 0.0001 | Global 0.2775 | Local 0.1192 | F1_macro 0.7041 | WorstLoss 1.5397
[Tracker] Saved snapshot: ep0185_phase1_class1
[Tracker] Ep  186 | AvgR 0.0005 | Global 0.9194 | Local 0.1192 | F1_macro 0.7267 | WorstLoss 1.1934
[Tracker] New BEST synthetic [phase1_class1] (by global.global_obj: 0.919353) saved.
[Tracker] BEST β weights [phase1_class1] saved -> training_runs/SPECnopca_large_net_control_EP200_PCA1_REWfairness_minID1_majID0_TRJ2000_REAL3000_BIAS0.1_GG202603192300_c05d0831/seed_42/best_beta_state_dict_phase1_class1.pt
[Tracker] Ep  187 | AvgR 0.0003 | Global 0.6055 | Local 0.1192 | F1_macro 0.7299 | WorstLoss 1.4005
[Tracker] Ep  188 | AvgR 0.0002 | Global 0.3376 | Local 0.1192 | F1_macro 0.7074 | WorstLoss 1.5111
[Tracker] Ep  189 | AvgR 0.0002 | Global 0.4240 | Local 0.1192 | F1_macro 0.7157 | WorstLoss 1.4746
[Tracker] Ep  190 | AvgR 0.0003 | Global 0.6720 | Local 0.1192 | F1_macro 0.7303 | WorstLoss 1.3712
[Tracker] Saved snapshot: ep0190_phase1_class1
[Tracker] Ep  191 | AvgR 0.0001 | Global 0.1966 | Local 0.1192 | F1_macro 0.6985 | WorstLoss 1.5847
[Tracker] Ep  192 | AvgR 0.0002 | Global 0.3854 | Local 0.1192 | F1_macro 0.7248 | WorstLoss 1.4906
[Tracker] Ep  193 | AvgR 0.0004 | Global 0.7051 | Local 0.1192 | F1_macro 0.7285 | WorstLoss 1.3558
[Tracker] Ep  194 | AvgR 0.0001 | Global 0.2422 | Local 0.1192 | F1_macro 0.7180 | WorstLoss 1.5581
[Tracker] Ep  195 | AvgR 0.0001 | Global 0.1089 | Local 0.1192 | F1_macro 0.6928 | WorstLoss 1.6542
[Tracker] Saved snapshot: ep0195_phase1_class1
[Tracker] Ep  196 | AvgR 0.0002 | Global 0.4673 | Local 0.1192 | F1_macro 0.7250 | WorstLoss 1.4568
[Tracker] Ep  197 | AvgR 0.0001 | Global 0.1356 | Local 0.1192 | F1_macro 0.7157 | WorstLoss 1.6293
[Tracker] Ep  198 | AvgR 0.0001 | Global 0.1191 | Local 0.1192 | F1_macro 0.6853 | WorstLoss 1.6440
[Tracker] Ep  199 | AvgR 0.0000 | Global 0.0329 | Local 0.1192 | F1_macro 0.6899 | WorstLoss 1.7823
[Tracker] Ep  200 | AvgR 0.0002 | Global 0.4626 | Local 0.1192 | F1_macro 0.7199 | WorstLoss 1.4589
[Tracker] Saved snapshot: ep0200_phase1_class1
[Phase] Finished phase1_class1 | best global_obj=0.9194
Phase 2 anchors: 1617 (y=0 & disadv=1)
FFNN Using device: cuda:0

============================================================
[Phase] Starting phase2_class0 | target_class=0 | episodes=50
============================================================
[Tracker] Ep    1 | AvgR 0.0001 | Global 0.1496 | Local 0.1192 | F1_macro 0.6993 | WorstLoss 1.6178
[Tracker] New BEST synthetic [phase2_class0] (by global.global_obj: 0.149586) saved.
[Tracker] BEST β weights [phase2_class0] saved -> training_runs/SPECnopca_large_net_control_EP200_PCA1_REWfairness_minID1_majID0_TRJ2000_REAL3000_BIAS0.1_GG202603192300_c05d0831/seed_42/best_beta_state_dict_phase2_class0.pt
[Tracker] Ep    2 | AvgR 0.0001 | Global 0.2519 | Local 0.1192 | F1_macro 0.7047 | WorstLoss 1.5524
[Tracker] New BEST synthetic [phase2_class0] (by global.global_obj: 0.251901) saved.
[Tracker] BEST β weights [phase2_class0] saved -> training_runs/SPECnopca_large_net_control_EP200_PCA1_REWfairness_minID1_majID0_TRJ2000_REAL3000_BIAS0.1_GG202603192300_c05d0831/seed_42/best_beta_state_dict_phase2_class0.pt
[Tracker] Ep    3 | AvgR 0.0001 | Global 0.1450 | Local 0.1192 | F1_macro 0.7111 | WorstLoss 1.6213
[Tracker] Ep    4 | AvgR 0.0001 | Global 0.1870 | Local 0.1192 | F1_macro 0.7096 | WorstLoss 1.5909
[Tracker] Ep    5 | AvgR 0.0003 | Global 0.6642 | Local 0.1192 | F1_macro 0.7215 | WorstLoss 1.3740
[Tracker] Saved snapshot: ep0005_phase2_class0
[Tracker] New BEST synthetic [phase2_class0] (by global.global_obj: 0.664241) saved.
[Tracker] BEST β weights [phase2_class0] saved -> training_runs/SPECnopca_large_net_control_EP200_PCA1_REWfairness_minID1_majID0_TRJ2000_REAL3000_BIAS0.1_GG202603192300_c05d0831/seed_42/best_beta_state_dict_phase2_class0.pt
[Tracker] Ep    6 | AvgR 0.0001 | Global 0.2590 | Local 0.1192 | F1_macro 0.7102 | WorstLoss 1.5491
[Tracker] Ep    7 | AvgR 0.0002 | Global 0.4365 | Local 0.1192 | F1_macro 0.7189 | WorstLoss 1.4686
[Tracker] Ep    8 | AvgR 0.0004 | Global 0.7619 | Local 0.1192 | F1_macro 0.7235 | WorstLoss 1.3258
[Tracker] New BEST synthetic [phase2_class0] (by global.global_obj: 0.761909) saved.
[Tracker] BEST β weights [phase2_class0] saved -> training_runs/SPECnopca_large_net_control_EP200_PCA1_REWfairness_minID1_majID0_TRJ2000_REAL3000_BIAS0.1_GG202603192300_c05d0831/seed_42/best_beta_state_dict_phase2_class0.pt
[Tracker] Ep    9 | AvgR 0.0002 | Global 0.4385 | Local 0.1192 | F1_macro 0.7220 | WorstLoss 1.4681
[Tracker] Ep   10 | AvgR 0.0000 | Global 0.0636 | Local 0.1192 | F1_macro 0.7120 | WorstLoss 1.7130
[Tracker] Saved snapshot: ep0010_phase2_class0
[Tracker] Ep   11 | AvgR 0.0002 | Global 0.4021 | Local 0.1192 | F1_macro 0.7079 | WorstLoss 1.4834
[Tracker] Ep   12 | AvgR 0.0000 | Global 0.0990 | Local 0.1192 | F1_macro 0.7084 | WorstLoss 1.6648
[Tracker] Ep   13 | AvgR 0.0001 | Global 0.2323 | Local 0.1192 | F1_macro 0.7103 | WorstLoss 1.5633
[Tracker] Ep   14 | AvgR 0.0000 | Global 0.0351 | Local 0.1192 | F1_macro 0.6788 | WorstLoss 1.7753
[Tracker] Ep   15 | AvgR 0.0000 | Global 0.0303 | Local 0.1192 | F1_macro 0.6936 | WorstLoss 1.7905
[Tracker] Saved snapshot: ep0015_phase2_class0
[Tracker] Ep   16 | AvgR 0.0004 | Global 0.8687 | Local 0.1192 | F1_macro 0.7364 | WorstLoss 1.2518
[Tracker] New BEST synthetic [phase2_class0] (by global.global_obj: 0.868652) saved.
[Tracker] BEST β weights [phase2_class0] saved -> training_runs/SPECnopca_large_net_control_EP200_PCA1_REWfairness_minID1_majID0_TRJ2000_REAL3000_BIAS0.1_GG202603192300_c05d0831/seed_42/best_beta_state_dict_phase2_class0.pt
[Tracker] Ep   17 | AvgR 0.0001 | Global 0.1368 | Local 0.1192 | F1_macro 0.7179 | WorstLoss 1.6281
[Tracker] Ep   18 | AvgR 0.0000 | Global 0.0716 | Local 0.1192 | F1_macro 0.6881 | WorstLoss 1.7002
[Tracker] Ep   19 | AvgR 0.0001 | Global 0.2526 | Local 0.1192 | F1_macro 0.7133 | WorstLoss 1.5526
[Tracker] Ep   20 | AvgR 0.0000 | Global 0.0208 | Local 0.1192 | F1_macro 0.6821 | WorstLoss 1.8291
[Tracker] Saved snapshot: ep0020_phase2_class0
[Tracker] Ep   21 | AvgR 0.0000 | Global 0.0365 | Local 0.1192 | F1_macro 0.6812 | WorstLoss 1.7715
[Tracker] Ep   22 | AvgR 0.0000 | Global 0.0606 | Local 0.1192 | F1_macro 0.6906 | WorstLoss 1.7181
[Tracker] Ep   23 | AvgR 0.0003 | Global 0.6054 | Local 0.1192 | F1_macro 0.7176 | WorstLoss 1.4006
[Tracker] Ep   24 | AvgR 0.0001 | Global 0.2720 | Local 0.1192 | F1_macro 0.7010 | WorstLoss 1.5422
[Tracker] Ep   25 | AvgR 0.0000 | Global 0.0108 | Local 0.1192 | F1_macro 0.6716 | WorstLoss 1.8957
[Tracker] Saved snapshot: ep0025_phase2_class0
[Tracker] Ep   26 | AvgR 0.0001 | Global 0.1978 | Local 0.1192 | F1_macro 0.6890 | WorstLoss 1.5841
[Tracker] Ep   27 | AvgR 0.0002 | Global 0.3129 | Local 0.1192 | F1_macro 0.7102 | WorstLoss 1.5227
[Tracker] Ep   28 | AvgR 0.0001 | Global 0.2574 | Local 0.1192 | F1_macro 0.7169 | WorstLoss 1.5497
[Tracker] Ep   29 | AvgR 0.0002 | Global 0.4290 | Local 0.1192 | F1_macro 0.7048 | WorstLoss 1.4723
[Tracker] Ep   30 | AvgR 0.0000 | Global 0.0368 | Local 0.1192 | F1_macro 0.6893 | WorstLoss 1.7705
[Tracker] Saved snapshot: ep0030_phase2_class0
[Tracker] Ep   31 | AvgR 0.0003 | Global 0.6126 | Local 0.1192 | F1_macro 0.7231 | WorstLoss 1.3980
[Tracker] Ep   32 | AvgR 0.0002 | Global 0.3759 | Local 0.1192 | F1_macro 0.7088 | WorstLoss 1.4946
[Tracker] Ep   33 | AvgR 0.0003 | Global 0.5635 | Local 0.1192 | F1_macro 0.7265 | WorstLoss 1.4179
[Tracker] Ep   34 | AvgR 0.0003 | Global 0.5684 | Local 0.1192 | F1_macro 0.7146 | WorstLoss 1.4158
[Tracker] Ep   35 | AvgR 0.0000 | Global 0.0290 | Local 0.1192 | F1_macro 0.6907 | WorstLoss 1.7954
[Tracker] Saved snapshot: ep0035_phase2_class0
[Tracker] Ep   36 | AvgR 0.0001 | Global 0.1625 | Local 0.1192 | F1_macro 0.6926 | WorstLoss 1.6082
[Tracker] Ep   37 | AvgR 0.0001 | Global 0.2271 | Local 0.1192 | F1_macro 0.7117 | WorstLoss 1.5665
[Tracker] Ep   38 | AvgR 0.0001 | Global 0.2986 | Local 0.1192 | F1_macro 0.7135 | WorstLoss 1.5294
[Tracker] Ep   39 | AvgR 0.0003 | Global 0.5393 | Local 0.1192 | F1_macro 0.7016 | WorstLoss 1.4278
[Tracker] Ep   40 | AvgR 0.0002 | Global 0.4433 | Local 0.1192 | F1_macro 0.7156 | WorstLoss 1.4666
[Tracker] Saved snapshot: ep0040_phase2_class0
[Tracker] Ep   41 | AvgR 0.0001 | Global 0.1251 | Local 0.1192 | F1_macro 0.6916 | WorstLoss 1.6386
[Tracker] Ep   42 | AvgR 0.0003 | Global 0.6200 | Local 0.1192 | F1_macro 0.7058 | WorstLoss 1.3947
[Tracker] Ep   43 | AvgR 0.0000 | Global 0.0432 | Local 0.1192 | F1_macro 0.6792 | WorstLoss 1.7539
[Tracker] Ep   44 | AvgR 0.0003 | Global 0.6929 | Local 0.1192 | F1_macro 0.7315 | WorstLoss 1.3619
[Tracker] Ep   45 | AvgR 0.0001 | Global 0.1938 | Local 0.1192 | F1_macro 0.6987 | WorstLoss 1.5869
[Tracker] Saved snapshot: ep0045_phase2_class0
[Tracker] Ep   46 | AvgR 0.0001 | Global 0.2719 | Local 0.1192 | F1_macro 0.7086 | WorstLoss 1.5425
[Tracker] Ep   47 | AvgR 0.0000 | Global 0.0193 | Local 0.1192 | F1_macro 0.6620 | WorstLoss 1.8370
[Tracker] Ep   48 | AvgR 0.0003 | Global 0.6279 | Local 0.1192 | F1_macro 0.7321 | WorstLoss 1.3914
[Tracker] Ep   49 | AvgR 0.0004 | Global 0.7139 | Local 0.1192 | F1_macro 0.7279 | WorstLoss 1.3522
[Tracker] Ep   50 | AvgR 0.0003 | Global 0.5435 | Local 0.1192 | F1_macro 0.7250 | WorstLoss 1.4269
[Tracker] Saved snapshot: ep0050_phase2_class0
[Phase] Finished phase2_class0 | best global_obj=0.8687
FFNN Using device: cuda:0
[Combined] Saved combined beta -> training_runs/SPECnopca_large_net_control_EP200_PCA1_REWfairness_minID1_majID0_TRJ2000_REAL3000_BIAS0.1_GG202603192300_c05d0831/seed_42/best_beta_state_dict.pt
[Combined] Saved combined synthetic -> training_runs/SPECnopca_large_net_control_EP200_PCA1_REWfairness_minID1_majID0_TRJ2000_REAL3000_BIAS0.1_GG202603192300_c05d0831/seed_42/best_synthetic_combined.npz
FFNN Using device: cuda:0
[TestSuite] Loaded best β weights from: training_runs/SPECnopca_large_net_control_EP200_PCA1_REWfairness_minID1_majID0_TRJ2000_REAL3000_BIAS0.1_GG202603192300_c05d0831/seed_42/best_beta_state_dict.pt

[TEST] Alpha -> F1(min)=0.5064 | F1(maj)=0.8967 | F1(weighted)=0.8027 | F1(macro)=0.7015 | Brier=0.1192
[TEST] Beta  -> F1(min)=0.4884 | F1(maj)=0.8959 | F1(weighted)=0.7977 | F1(macro)=0.6921 | Brier=0.1241
[TestSuite] Final test metrics appended to (seed): training_runs/SPECnopca_large_net_control_EP200_PCA1_REWfairness_minID1_majID0_TRJ2000_REAL3000_BIAS0.1_GG202603192300_c05d0831/seed_42/final_test_metrics.csv
[TestSuite] Final test metrics appended to (experiment): training_runs/SPECnopca_large_net_control_EP200_PCA1_REWfairness_minID1_majID0_TRJ2000_REAL3000_BIAS0.1_GG202603192300_c05d0831/final_test_metrics.csv
Total time 2672.40s
[Tracker] Finished. Run folder: training_runs/SPECnopca_large_net_control_EP200_PCA1_REWfairness_minID1_majID0_TRJ2000_REAL3000_BIAS0.1_GG202603192300_c05d0831/seed_42
