[OTRepair] exp_group=BASELINE_gaussian_ot_repair_compas_race_bias005_otrep_5s_fa60f12e__G202603302034  seed=42
[OTRepair] dataset=compas  feature_dim=16
[OTRepair] ot_config={'lam': 1.0, 'n_groups': 2, 'cov_reg': 1e-05, 'barycenter_iters': 100, 'repair_test': True}
[OTRepair] seed_dir=/lustre09/project/6000743/epigou/cs_9170_project/training_runs/BASELINE_gaussian_ot_repair_compas_race_bias005_otrep_5s_fa60f12e__G202603302034/seed_42
[OTRepair] Group 0: n=803, ||μ||=1.7106, cov_diag=[0.0000, 1.3026]
[OTRepair] Group 1: n=1900, ||μ||=1.6728, cov_diag=[0.0000, 1.3902]
[OTRepair] Barycenter computed. μ* norm=1.4640
[OTRepair] Group 0: A_g computed, ||A_g - I||=352.4428
[OTRepair] Group 1: A_g computed, ||A_g - I||=352.4360
[OTRepair] Test features repaired.
FFNN Using device: cpu
[OTRepair] ERM trained on repaired features.
FFNN Using device: cpu
[OTRepair] Alpha (ERM on original features) trained.
FFNN Using device: cpu
[TestSuite] Loaded best β weights from: /lustre09/project/6000743/epigou/cs_9170_project/training_runs/BASELINE_gaussian_ot_repair_compas_race_bias005_otrep_5s_fa60f12e__G202603302034/seed_42/otrep_model.pt

[TEST] Alpha -> F1(min)=0.5452 | F1(maj)=0.7062 | F1(weighted)=0.6304 | F1(macro)=0.6257 | Brier=0.2717
[TEST] Beta  -> F1(min)=0.5215 | F1(maj)=0.7005 | F1(weighted)=0.6163 | F1(macro)=0.6110 | Brier=0.2687
[TestSuite] Final test metrics appended to (seed): /lustre09/project/6000743/epigou/cs_9170_project/training_runs/BASELINE_gaussian_ot_repair_compas_race_bias005_otrep_5s_fa60f12e__G202603302034/seed_42/final_test_metrics.csv
[TestSuite] Final test metrics appended to (experiment): /lustre09/project/6000743/epigou/cs_9170_project/training_runs/BASELINE_gaussian_ot_repair_compas_race_bias005_otrep_5s_fa60f12e__G202603302034/final_test_metrics.csv
[OTRepair] Done. seed=42 | time=8.6s
[OTRepair] Results in /lustre09/project/6000743/epigou/cs_9170_project/training_runs/BASELINE_gaussian_ot_repair_compas_race_bias005_otrep_5s_fa60f12e__G202603302034/seed_42
