[FairTabDDPM] exp_group=BASELINE_fairtabddpm_compas_race_bias005_fairtabddpm_5s_0546c142__G202603302034  seed=42
[FairTabDDPM] dataset=compas  feature_dim=16
[FairTabDDPM] cfg={'timesteps': 100, 'd_emb': 128, 'n_layers': 4, 'lr': 0.00039, 'weight_decay': 0.0, 'diff_epochs': 1000, 'batch_size': 256, 'n_synthetic': 2000}
[FairTabDDPM] Training diffusion model for 1000 epochs ...
[FairTabDDPM] epoch=    1 | loss=1.01053
[FairTabDDPM] epoch=  100 | loss=0.19302
[FairTabDDPM] epoch=  200 | loss=0.15119
[FairTabDDPM] epoch=  300 | loss=0.12652
[FairTabDDPM] epoch=  400 | loss=0.11266
[FairTabDDPM] epoch=  500 | loss=0.10248
[FairTabDDPM] epoch=  600 | loss=0.09555
[FairTabDDPM] epoch=  700 | loss=0.09266
[FairTabDDPM] epoch=  800 | loss=0.08798
[FairTabDDPM] epoch=  900 | loss=0.08964
[FairTabDDPM] epoch= 1000 | loss=0.08496
[FairTabDDPM] Diffusion done. Best loss=0.07788
[FairTabDDPM] Diffusion training done in 44.2s
[FairTabDDPM] Disadvantaged group: a=0 (pos_g0=40, pos_g1=986)
[FairTabDDPM] Sampling 2000 fair synthetic samples (y=1, a=0) ...
[FairTabDDPM] Got 2000 synthetic samples.
[FairTabDDPM] Augmented: 4703 total (3026 pos)
FFNN Using device: cpu
FFNN Using device: cpu
FFNN Using device: cpu
[TestSuite] Loaded best β weights from: /lustre09/project/6000743/epigou/cs_9170_project/training_runs/BASELINE_fairtabddpm_compas_race_bias005_fairtabddpm_5s_0546c142__G202603302034/seed_42/fairtabddpm_model.pt

[TEST] Alpha -> F1(min)=0.5452 | F1(maj)=0.7062 | F1(weighted)=0.6304 | F1(macro)=0.6257 | Brier=0.2717
[TEST] Beta  -> F1(min)=0.5585 | F1(maj)=0.6950 | F1(weighted)=0.6307 | F1(macro)=0.6267 | Brier=0.2571
[TestSuite] Final test metrics appended to (seed): /lustre09/project/6000743/epigou/cs_9170_project/training_runs/BASELINE_fairtabddpm_compas_race_bias005_fairtabddpm_5s_0546c142__G202603302034/seed_42/final_test_metrics.csv
[TestSuite] Final test metrics appended to (experiment): /lustre09/project/6000743/epigou/cs_9170_project/training_runs/BASELINE_fairtabddpm_compas_race_bias005_fairtabddpm_5s_0546c142__G202603302034/final_test_metrics.csv
[FairTabDDPM] Diffusion metrics -> /lustre09/project/6000743/epigou/cs_9170_project/training_runs/BASELINE_fairtabddpm_compas_race_bias005_fairtabddpm_5s_0546c142__G202603302034/seed_42/diff_metrics.csv
[FairTabDDPM] Done. seed=42 | time=55.7s
