[FLB] exp_group=BASELINE_fairness_loss_balancing_compas_race_bias005_flb_5s_178c694a__G202603302034  seed=2
[FLB] dataset=compas  feature_dim=16
[FLB] flb_config={'lr': 0.001, 'epochs': 200, 'batch_size': 64, 'eta': 0.01, 'n_groups': 4}
[FLB] seed_dir=/lustre09/project/6000743/epigou/cs_9170_project/training_runs/BASELINE_fairness_loss_balancing_compas_race_bias005_flb_5s_178c694a__G202603302034/seed_2
[FLB] Group sizes (a=0/y=0, a=0/y=1, a=1/y=0, a=1/y=1): [769, 40, 908, 984]
[FLB] epoch=  20 | loss=0.8097 | val_worst=0.8824 | p=[0.258,0.241,0.259,0.242]
[FLB] epoch=  40 | loss=0.6766 | val_worst=0.9087 | p=[0.253,0.244,0.257,0.246]
[FLB] epoch=  60 | loss=0.6314 | val_worst=0.8652 | p=[0.248,0.248,0.255,0.249]
[FLB] epoch=  80 | loss=0.5868 | val_worst=0.7616 | p=[0.243,0.252,0.255,0.250]
[FLB] epoch= 100 | loss=0.6048 | val_worst=0.7220 | p=[0.243,0.249,0.259,0.249]
[FLB] epoch= 120 | loss=0.5884 | val_worst=0.8401 | p=[0.240,0.250,0.258,0.252]
[FLB] epoch= 140 | loss=0.6173 | val_worst=0.6853 | p=[0.237,0.251,0.258,0.254]
[FLB] epoch= 160 | loss=0.6424 | val_worst=0.7232 | p=[0.239,0.249,0.260,0.252]
[FLB] epoch= 180 | loss=0.6759 | val_worst=0.7310 | p=[0.235,0.249,0.258,0.258]
[FLB] epoch= 200 | loss=0.5809 | val_worst=0.7105 | p=[0.234,0.247,0.257,0.262]
[FLB] Training done. Best val_worst=0.6685
[FLB] Training metrics -> /lustre09/project/6000743/epigou/cs_9170_project/training_runs/BASELINE_fairness_loss_balancing_compas_race_bias005_flb_5s_178c694a__G202603302034/seed_2/metrics.csv
[FLB] Best model saved -> /lustre09/project/6000743/epigou/cs_9170_project/training_runs/BASELINE_fairness_loss_balancing_compas_race_bias005_flb_5s_178c694a__G202603302034/seed_2/flb_model.pt
FFNN Using device: cpu
FFNN Using device: cpu
FFNN Using device: cpu
[TestSuite] Loaded best β weights from: /lustre09/project/6000743/epigou/cs_9170_project/training_runs/BASELINE_fairness_loss_balancing_compas_race_bias005_flb_5s_178c694a__G202603302034/seed_2/flb_model.pt

[TEST] Alpha -> F1(min)=0.5533 | F1(maj)=0.7079 | F1(weighted)=0.6351 | F1(macro)=0.6306 | Brier=0.2534
[TEST] Beta  -> F1(min)=0.6129 | F1(maj)=0.6486 | F1(weighted)=0.6318 | F1(macro)=0.6308 | Brier=0.2250
[TestSuite] Final test metrics appended to (seed): /lustre09/project/6000743/epigou/cs_9170_project/training_runs/BASELINE_fairness_loss_balancing_compas_race_bias005_flb_5s_178c694a__G202603302034/seed_2/final_test_metrics.csv
[TestSuite] Final test metrics appended to (experiment): /lustre09/project/6000743/epigou/cs_9170_project/training_runs/BASELINE_fairness_loss_balancing_compas_race_bias005_flb_5s_178c694a__G202603302034/final_test_metrics.csv
[FLB] Done. seed=2 | time=4.4s
[FLB] Results in /lustre09/project/6000743/epigou/cs_9170_project/training_runs/BASELINE_fairness_loss_balancing_compas_race_bias005_flb_5s_178c694a__G202603302034/seed_2
