[GroupDRO] exp_group=BASELINE_group_dro_v16_bias010_gdro_credit_3seeds_70d5567c__G202603171827  seed=0
[GroupDRO] dataset=credit_card  feature_dim=33
[GroupDRO] gdro_config={'lr': 0.001, 'epochs': 200, 'batch_size': 64, 'eta': 0.01, 'n_groups': 4}
[GroupDRO] seed_dir=/lustre09/project/6000743/epigou/cs_9170_project/training_runs/BASELINE_group_dro_v16_bias010_gdro_credit_3seeds_70d5567c__G202603171827/seed_0
[GroupDRO] epoch=   1 | dro=0.6504 | val_worst=0.7073 | q=[0.243,0.253,0.245,0.258]
[GroupDRO] epoch=  20 | dro=0.4650 | val_worst=0.9437 | q=[0.234,0.226,0.268,0.273]
[GroupDRO] epoch=  40 | dro=0.4070 | val_worst=1.2596 | q=[0.215,0.204,0.294,0.286]
[GroupDRO] epoch=  60 | dro=0.3512 | val_worst=1.3873 | q=[0.209,0.194,0.309,0.288]
[GroupDRO] epoch=  80 | dro=0.3076 | val_worst=1.5526 | q=[0.219,0.194,0.307,0.280]
[GroupDRO] epoch= 100 | dro=0.2962 | val_worst=2.0983 | q=[0.229,0.198,0.308,0.265]
[GroupDRO] epoch= 120 | dro=0.2558 | val_worst=2.1996 | q=[0.228,0.196,0.313,0.263]
[GroupDRO] epoch= 140 | dro=0.2334 | val_worst=2.5186 | q=[0.237,0.195,0.310,0.258]
[GroupDRO] epoch= 160 | dro=0.2190 | val_worst=2.5081 | q=[0.242,0.196,0.308,0.254]
[GroupDRO] epoch= 180 | dro=0.2197 | val_worst=2.9479 | q=[0.248,0.201,0.308,0.243]
[GroupDRO] epoch= 200 | dro=0.1847 | val_worst=3.2663 | q=[0.258,0.205,0.301,0.236]
[GroupDRO] Training done. Best val_worst=0.7073
[GroupDRO] Training metrics -> /lustre09/project/6000743/epigou/cs_9170_project/training_runs/BASELINE_group_dro_v16_bias010_gdro_credit_3seeds_70d5567c__G202603171827/seed_0/metrics.csv
[GroupDRO] Best model saved -> /lustre09/project/6000743/epigou/cs_9170_project/training_runs/BASELINE_group_dro_v16_bias010_gdro_credit_3seeds_70d5567c__G202603171827/seed_0/gdro_model.pt
FFNN Using device: cpu
FFNN Using device: cpu
FFNN Using device: cpu
[TestSuite] Loaded best β weights from: /lustre09/project/6000743/epigou/cs_9170_project/training_runs/BASELINE_group_dro_v16_bias010_gdro_credit_3seeds_70d5567c__G202603171827/seed_0/gdro_model.pt

[TEST] Alpha -> F1(min)=0.2085 | F1(maj)=0.8831 | F1(weighted)=0.7339 | F1(macro)=0.5458 | Brier=0.1606
[TEST] Beta  -> F1(min)=0.4049 | F1(maj)=0.7127 | F1(weighted)=0.6446 | F1(macro)=0.5588 | Brier=0.2307
[TestSuite] Final test metrics appended to (seed): /lustre09/project/6000743/epigou/cs_9170_project/training_runs/BASELINE_group_dro_v16_bias010_gdro_credit_3seeds_70d5567c__G202603171827/seed_0/final_test_metrics.csv
[TestSuite] Final test metrics appended to (experiment): /lustre09/project/6000743/epigou/cs_9170_project/training_runs/BASELINE_group_dro_v16_bias010_gdro_credit_3seeds_70d5567c__G202603171827/final_test_metrics.csv
[GroupDRO] Done. seed=0 | time=15.2s
[GroupDRO] Results in /lustre09/project/6000743/epigou/cs_9170_project/training_runs/BASELINE_group_dro_v16_bias010_gdro_credit_3seeds_70d5567c__G202603171827/seed_0
