[OTRepair] exp_group=BASELINE_gaussian_ot_repair_v16_bias05_otrep_credit_3seeds_4963d74f__G202603171827  seed=1
[OTRepair] dataset=credit_card  feature_dim=33
[OTRepair] ot_config={'lam': 1.0, 'n_groups': 2, 'cov_reg': 1e-05, 'barycenter_iters': 100, 'repair_test': True}
[OTRepair] seed_dir=/lustre09/project/6000743/epigou/cs_9170_project/training_runs/BASELINE_gaussian_ot_repair_v16_bias05_otrep_credit_3seeds_4963d74f__G202603171827/seed_1
[OTRepair] Group 0: n=1115, ||μ||=1.3727, cov_diag=[0.0000, 1.7701]
[OTRepair] Group 1: n=1885, ||μ||=1.3628, cov_diag=[0.0000, 1.3593]
[OTRepair] Barycenter computed. μ* norm=1.1637
[OTRepair] Group 0: A_g computed, ||A_g - I||=352.5487
[OTRepair] Group 1: A_g computed, ||A_g - I||=315.2389
[OTRepair] Test features repaired.
FFNN Using device: cpu
[OTRepair] ERM trained on repaired features.
FFNN Using device: cpu
[OTRepair] Alpha (ERM on original features) trained.
FFNN Using device: cpu
[TestSuite] Loaded best β weights from: /lustre09/project/6000743/epigou/cs_9170_project/training_runs/BASELINE_gaussian_ot_repair_v16_bias05_otrep_credit_3seeds_4963d74f__G202603171827/seed_1/otrep_model.pt

[TEST] Alpha -> F1(min)=0.1694 | F1(maj)=0.8782 | F1(weighted)=0.7214 | F1(macro)=0.5238 | Brier=0.1879
[TEST] Beta  -> F1(min)=0.1682 | F1(maj)=0.8792 | F1(weighted)=0.7219 | F1(macro)=0.5237 | Brier=0.1862
[TestSuite] Final test metrics appended to (seed): /lustre09/project/6000743/epigou/cs_9170_project/training_runs/BASELINE_gaussian_ot_repair_v16_bias05_otrep_credit_3seeds_4963d74f__G202603171827/seed_1/final_test_metrics.csv
[TestSuite] Final test metrics appended to (experiment): /lustre09/project/6000743/epigou/cs_9170_project/training_runs/BASELINE_gaussian_ot_repair_v16_bias05_otrep_credit_3seeds_4963d74f__G202603171827/final_test_metrics.csv
[OTRepair] Done. seed=1 | time=26.5s
[OTRepair] Results in /lustre09/project/6000743/epigou/cs_9170_project/training_runs/BASELINE_gaussian_ot_repair_v16_bias05_otrep_credit_3seeds_4963d74f__G202603171827/seed_1
