[OTRepair] exp_group=BASELINE_gaussian_ot_repair_v16_bias05_otrep_credit_3seeds_4963d74f__G202603171827  seed=42
[OTRepair] dataset=credit_card  feature_dim=33
[OTRepair] ot_config={'lam': 1.0, 'n_groups': 2, 'cov_reg': 1e-05, 'barycenter_iters': 100, 'repair_test': True}
[OTRepair] seed_dir=/lustre09/project/6000743/epigou/cs_9170_project/training_runs/BASELINE_gaussian_ot_repair_v16_bias05_otrep_credit_3seeds_4963d74f__G202603171827/seed_42
[OTRepair] Group 0: n=1163, ||μ||=1.3792, cov_diag=[0.0000, 1.7318]
[OTRepair] Group 1: n=1837, ||μ||=1.3757, cov_diag=[0.0000, 1.0929]
[OTRepair] Barycenter computed. μ* norm=1.1686
[OTRepair] Group 0: A_g computed, ||A_g - I||=315.2436
[OTRepair] Group 1: A_g computed, ||A_g - I||=315.2841
[OTRepair] Test features repaired.
FFNN Using device: cpu
[OTRepair] ERM trained on repaired features.
FFNN Using device: cpu
[OTRepair] Alpha (ERM on original features) trained.
FFNN Using device: cpu
[TestSuite] Loaded best β weights from: /lustre09/project/6000743/epigou/cs_9170_project/training_runs/BASELINE_gaussian_ot_repair_v16_bias05_otrep_credit_3seeds_4963d74f__G202603171827/seed_42/otrep_model.pt

[TEST] Alpha -> F1(min)=0.1901 | F1(maj)=0.8755 | F1(weighted)=0.7239 | F1(macro)=0.5328 | Brier=0.1787
[TEST] Beta  -> F1(min)=0.1561 | F1(maj)=0.8760 | F1(weighted)=0.7168 | F1(macro)=0.5161 | Brier=0.1830
[TestSuite] Final test metrics appended to (seed): /lustre09/project/6000743/epigou/cs_9170_project/training_runs/BASELINE_gaussian_ot_repair_v16_bias05_otrep_credit_3seeds_4963d74f__G202603171827/seed_42/final_test_metrics.csv
[TestSuite] Final test metrics appended to (experiment): /lustre09/project/6000743/epigou/cs_9170_project/training_runs/BASELINE_gaussian_ot_repair_v16_bias05_otrep_credit_3seeds_4963d74f__G202603171827/final_test_metrics.csv
[OTRepair] Done. seed=42 | time=12.2s
[OTRepair] Results in /lustre09/project/6000743/epigou/cs_9170_project/training_runs/BASELINE_gaussian_ot_repair_v16_bias05_otrep_credit_3seeds_4963d74f__G202603171827/seed_42
