Job started: Mon 29 Dec 2025 03:27:21 PM EST
Host: rg31605
Workdir: /home/epigou/links/projects/def-mcapretz/epigou/cs_9170_project
CUDA_VISIBLE_DEVICES=0,1
Python 3.12.4
Mon Dec 29 15:27:22 2025       
+-----------------------------------------------------------------------------------------+
| NVIDIA-SMI 570.195.03             Driver Version: 570.195.03     CUDA Version: 12.8     |
|-----------------------------------------+------------------------+----------------------+
| GPU  Name                 Persistence-M | Bus-Id          Disp.A | Volatile Uncorr. ECC |
| Fan  Temp   Perf          Pwr:Usage/Cap |           Memory-Usage | GPU-Util  Compute M. |
|                                         |                        |               MIG M. |
|=========================================+========================+======================|
|   0  NVIDIA H100 80GB HBM3          Off |   00000000:5F:00.0 Off |                    0 |
| N/A   44C    P0             73W /  700W |       0MiB /  81559MiB |      0%      Default |
|                                         |                        |             Disabled |
+-----------------------------------------+------------------------+----------------------+
|   1  NVIDIA H100 80GB HBM3          Off |   00000000:DB:00.0 Off |                    0 |
| N/A   46C    P0             74W /  700W |       0MiB /  81559MiB |      0%      Default |
|                                         |                        |             Disabled |
+-----------------------------------------+------------------------+----------------------+
                                                                                         
+-----------------------------------------------------------------------------------------+
| Processes:                                                                              |
|  GPU   GI   CI              PID   Type   Process name                        GPU Memory |
|        ID   ID                                                               Usage      |
|=========================================================================================|
|  No running processes found                                                             |
+-----------------------------------------------------------------------------------------+
[dispatcher-full] Total experiments: 1
[dispatcher-full] Total jobs: 1
[dispatcher-full] CUDA_VISIBLE_DEVICES=0,1
[dispatcher-full] Visible GPU count: 2
[dispatcher-full] cuda:0 receives 1 jobs
[dispatcher-full] cuda:1 receives 0 jobs
[dispatcher-full] Wrote gpu0_jobs.json
[dispatcher-full] Wrote gpu1_jobs.json
[dispatcher] LAUNCH TEST_census_income_PCA4_Bias0.35_Min1_Maj0_Lam0.80-0.80_T500_R1000 (seed=42) on cuda:0 · exp_group=20251229152727__TEST_census_income_PCA4_Bias0.35_Min1_Maj0_Lam0.80-0.80_T500_R1000
FFNN Using device: cuda:0
FFNN Using device: cuda:0
[Tracker] Experiment: EP1_PCA4_REWlocal_gauss_minID1_majID0_TRJ500_REAL1000_BIAS0.35_G202512291527_85b6ac47
[Tracker] Seed folder: training_runs/EP1_PCA4_REWlocal_gauss_minID1_majID0_TRJ500_REAL1000_BIAS0.35_G202512291527_85b6ac47/seed_42
[Tracker] Run: 2025-12-29_15-27-35_seed42_2773748_40094ef2
[Tracker] Metrics CSV: training_runs/EP1_PCA4_REWlocal_gauss_minID1_majID0_TRJ500_REAL1000_BIAS0.35_G202512291527_85b6ac47/seed_42/metrics.csv
[Tracker] Mirroring console to: training_runs/EP1_PCA4_REWlocal_gauss_minID1_majID0_TRJ500_REAL1000_BIAS0.35_G202512291527_85b6ac47/seed_42/console.log
[TRAIN] size=1000, minority=241 (24.10%)
[VAL] size=6512, minority=1568 (24.08%)
[TEST] size=6513, minority=1569 (24.09%)
Beta will train with: 66.67% real data, 33.33% synthetic data: 
[Tracker] Alpha model state_dict saved to training_runs/EP1_PCA4_REWlocal_gauss_minID1_majID0_TRJ500_REAL1000_BIAS0.35_G202512291527_85b6ac47/seed_42/alpha_state_dict.pt
[Tracker] Alpha model config saved to training_runs/EP1_PCA4_REWlocal_gauss_minID1_majID0_TRJ500_REAL1000_BIAS0.35_G202512291527_85b6ac47/seed_42/ffnn_meta.json
