The following modules were not unloaded:
  (Use "module --force purge" to unload all):

  1) CCconfig        6)  ucx/1.14.1         11) flexiblas/3.3.1
  2) gentoo/2023     7)  libfabric/1.18.0   12) aocl-blas/5.1
  3) gcccore/.12.3   8)  pmix/4.2.4         13) aocl-lapack/5.1
  4) gcc/12.3        9)  ucc/1.2.0          14) StdEnv/2023
  5) hwloc/2.9.1     10) openmpi/4.1.5
/lustre09/project/6000743/epigou/cs_9170_project/training.py:4: DeprecationWarning: 'audioop' is deprecated and slated for removal in Python 3.13
  from audioop import bias
Traceback (most recent call last):
  File "/lustre09/project/6000743/epigou/cs_9170_project/worker_entry.py", line 13, in <module>
    main()
  File "/lustre09/project/6000743/epigou/cs_9170_project/worker_entry.py", line 10, in main
    worker(jobs, gpu_id)
  File "/lustre09/project/6000743/epigou/cs_9170_project/worker.py", line 8, in worker
    run_one_experiment(spec, seed, device)
  File "/lustre09/project/6000743/epigou/cs_9170_project/training.py", line 732, in run_one_experiment
    trainer()
  File "/lustre09/project/6000743/epigou/cs_9170_project/training.py", line 416, in __call__
    self.dataset.get_data_splits(
  File "/lustre09/project/6000743/epigou/cs_9170_project/dataset.py", line 455, in get_data_splits
    return self.split_census_income(**kwargs)
           ^^^^^^^^^^^^^^^^^^^^^^^^^^^^^^^^^^
  File "/lustre09/project/6000743/epigou/cs_9170_project/dataset.py", line 57, in split_census_income
    X_df_raw = pd.read_csv(data_path, header=None, names=column_names, na_values="?", skipinitialspace=True)
               ^^^^^^^^^^^^^^^^^^^^^^^^^^^^^^^^^^^^^^^^^^^^^^^^^^^^^^^^^^^^^^^^^^^^^^^^^^^^^^^^^^^^^^^^^^^^^
  File "/home/epigou/envs/rl/lib/python3.12/site-packages/pandas/io/parsers/readers.py", line 1026, in read_csv
    return _read(filepath_or_buffer, kwds)
           ^^^^^^^^^^^^^^^^^^^^^^^^^^^^^^^
  File "/home/epigou/envs/rl/lib/python3.12/site-packages/pandas/io/parsers/readers.py", line 620, in _read
    parser = TextFileReader(filepath_or_buffer, **kwds)
             ^^^^^^^^^^^^^^^^^^^^^^^^^^^^^^^^^^^^^^^^^^
  File "/home/epigou/envs/rl/lib/python3.12/site-packages/pandas/io/parsers/readers.py", line 1620, in __init__
    self._engine = self._make_engine(f, self.engine)
                   ^^^^^^^^^^^^^^^^^^^^^^^^^^^^^^^^^
  File "/home/epigou/envs/rl/lib/python3.12/site-packages/pandas/io/parsers/readers.py", line 1880, in _make_engine
    self.handles = get_handle(
                   ^^^^^^^^^^^
  File "/home/epigou/envs/rl/lib/python3.12/site-packages/pandas/io/common.py", line 873, in get_handle
    handle = open(
             ^^^^^
FileNotFoundError: [Errno 2] No such file or directory: 'datasets/census+income/adult.data'
[dispatcher-full] Worker failure. exit_codes=[1, 0]
srun: error: rg31701: task 0: Exited with exit code 1
