The following modules were not unloaded:
  (Use "module --force purge" to unload all):

  1) CCconfig        6)  ucx/1.14.1         11) flexiblas/3.3.1
  2) gentoo/2023     7)  libfabric/1.18.0   12) aocl-blas/5.1
  3) gcccore/.12.3   8)  pmix/4.2.4         13) aocl-lapack/5.1
  4) gcc/12.3        9)  ucc/1.2.0          14) StdEnv/2023
  5) hwloc/2.9.1     10) openmpi/4.1.5
/lustre09/project/6000743/epigou/cs_9170_project/training.py:4: DeprecationWarning: 'audioop' is deprecated and slated for removal in Python 3.13
  from audioop import bias
Traceback (most recent call last):
  File "/lustre09/project/6000743/epigou/cs_9170_project/worker_entry.py", line 13, in <module>
    main()
  File "/lustre09/project/6000743/epigou/cs_9170_project/worker_entry.py", line 10, in main
    worker(jobs, gpu_id)
  File "/lustre09/project/6000743/epigou/cs_9170_project/worker.py", line 8, in worker
    run_one_experiment(spec, seed, device)
  File "/lustre09/project/6000743/epigou/cs_9170_project/training.py", line 732, in run_one_experiment
    trainer()
  File "/lustre09/project/6000743/epigou/cs_9170_project/training.py", line 526, in __call__
    action = self.agent.predict(state)
             ^^^^^^^^^^^^^^^^^^^^^^^^^
  File "/lustre09/project/6000743/epigou/cs_9170_project/agents/reinforce_agent.py", line 119, in predict
    mean, log_std = policy(state_t)                          # [1, action_size] each
                    ^^^^^^^^^^^^^^^
  File "/home/epigou/envs/rl/lib/python3.12/site-packages/torch/_dynamo/eval_frame.py", line 414, in __call__
    return super().__call__(*args, **kwargs)
           ^^^^^^^^^^^^^^^^^^^^^^^^^^^^^^^^^
  File "/home/epigou/envs/rl/lib/python3.12/site-packages/torch/nn/modules/module.py", line 1775, in _wrapped_call_impl
    return self._call_impl(*args, **kwargs)
           ^^^^^^^^^^^^^^^^^^^^^^^^^^^^^^^^
  File "/home/epigou/envs/rl/lib/python3.12/site-packages/torch/nn/modules/module.py", line 1786, in _call_impl
    return forward_call(*args, **kwargs)
           ^^^^^^^^^^^^^^^^^^^^^^^^^^^^^
  File "/home/epigou/envs/rl/lib/python3.12/site-packages/torch/_dynamo/eval_frame.py", line 845, in compile_wrapper
    raise e.remove_dynamo_frames() from None  # see TORCHDYNAMO_VERBOSE=1
    ^^^^^^^^^^^^^^^^^^^^^^^^^^^^^^^^^^^^^^^^
  File "/home/epigou/envs/rl/lib/python3.12/site-packages/torch/_inductor/scheduler.py", line 4590, in create_backend
    raise TritonMissing(inspect.currentframe())
torch._inductor.exc.TritonMissing: Cannot find a working triton installation. Either the package is not installed or it is too old. More information on installing Triton can be found at: https://github.com/triton-lang/triton

Set TORCHDYNAMO_VERBOSE=1 for the internal stack trace (please do this especially if you're reporting a bug to PyTorch). For even more developer context, set TORCH_LOGS="+dynamo"

[dispatcher-full] Worker failure. exit_codes=[1, 0]
srun: error: rg31605: task 0: Exited with exit code 1
