[run_baseline] baseline=group_dro
[run_baseline] spec=experiment_specs/baseline_gdro_census_seed42.json
[run_baseline] device=cuda:0
[run_baseline] exp_group=BASELINE_group_dro_baseline_gdro_census_seed42_7d9629d9__G202603161801
[run_baseline] seeds=[42]

[run_baseline] ---- seed=42 ----
[TRAIN] size=3000, minority=722 (24.07%)
[VAL] size=6512, minority=1568 (24.08%)
[TEST] size=6513, minority=1569 (24.09%)
[GroupDRO] exp_group=BASELINE_group_dro_baseline_gdro_census_seed42_7d9629d9__G202603161801  seed=42
[GroupDRO] dataset=census_income  feature_dim=10
[GroupDRO] gdro_config={'lr': 0.001, 'epochs': 200, 'batch_size': 64, 'eta': 0.01, 'n_groups': 4}
[GroupDRO] seed_dir=/home/epigou/cs_9170_project/training_runs/BASELINE_group_dro_baseline_gdro_census_seed42_7d9629d9__G202603161801/seed_42
[GroupDRO] epoch=   1 | dro=0.7354 | val_worst=0.7522 | q=[0.214,0.278,0.237,0.271]
[GroupDRO] epoch=  20 | dro=0.3892 | val_worst=0.4590 | q=[0.151,0.164,0.356,0.329]
[GroupDRO] epoch=  40 | dro=0.3834 | val_worst=0.5008 | q=[0.065,0.072,0.450,0.413]
[GroupDRO] epoch=  60 | dro=0.3849 | val_worst=0.5144 | q=[0.025,0.031,0.494,0.450]
[GroupDRO] epoch=  80 | dro=0.3711 | val_worst=0.5704 | q=[0.011,0.014,0.511,0.463]
[GroupDRO] epoch= 100 | dro=0.3555 | val_worst=0.5090 | q=[0.005,0.008,0.517,0.470]
[GroupDRO] epoch= 120 | dro=0.3398 | val_worst=0.5278 | q=[0.003,0.006,0.523,0.469]
[GroupDRO] epoch= 140 | dro=0.3343 | val_worst=0.6156 | q=[0.002,0.006,0.526,0.466]
[GroupDRO] epoch= 160 | dro=0.3209 | val_worst=0.6037 | q=[0.003,0.006,0.527,0.464]
[GroupDRO] epoch= 180 | dro=0.3111 | val_worst=0.6530 | q=[0.004,0.007,0.528,0.461]
[GroupDRO] epoch= 200 | dro=0.2990 | val_worst=0.5668 | q=[0.009,0.011,0.524,0.457]
[GroupDRO] Training done. Best val_worst=0.4402
[GroupDRO] Training metrics -> /home/epigou/cs_9170_project/training_runs/BASELINE_group_dro_baseline_gdro_census_seed42_7d9629d9__G202603161801/seed_42/metrics.csv
[GroupDRO] Best model saved -> /home/epigou/cs_9170_project/training_runs/BASELINE_group_dro_baseline_gdro_census_seed42_7d9629d9__G202603161801/seed_42/gdro_model.pt
FFNN Using device: cuda:0
FFNN Using device: cuda:0
FFNN Using device: cuda:0
[TestSuite] Loaded best β weights from: /home/epigou/cs_9170_project/training_runs/BASELINE_group_dro_baseline_gdro_census_seed42_7d9629d9__G202603161801/seed_42/gdro_model.pt

[TEST] Alpha -> F1(min)=0.6172 | F1(maj)=0.8981 | F1(weighted)=0.8305 | F1(macro)=0.7577 | Brier=0.1121
[TEST] Beta  -> F1(min)=0.6592 | F1(maj)=0.8575 | F1(weighted)=0.8097 | F1(macro)=0.7583 | Brier=0.1342
[TestSuite] Final test metrics appended to (seed): /home/epigou/cs_9170_project/training_runs/BASELINE_group_dro_baseline_gdro_census_seed42_7d9629d9__G202603161801/seed_42/final_test_metrics.csv
[TestSuite] Final test metrics appended to (experiment): /home/epigou/cs_9170_project/training_runs/BASELINE_group_dro_baseline_gdro_census_seed42_7d9629d9__G202603161801/final_test_metrics.csv
[GroupDRO] Done. seed=42 | time=53.4s
[GroupDRO] Results in /home/epigou/cs_9170_project/training_runs/BASELINE_group_dro_baseline_gdro_census_seed42_7d9629d9__G202603161801/seed_42
