[run_baseline] baseline=gaussian_ot_repair
[run_baseline] spec=experiment_specs/baseline_otrep_census_seed42.json
[run_baseline] device=cuda:0
[run_baseline] exp_group=BASELINE_gaussian_ot_repair_baseline_otrep_census_seed42_c861f183__G202603161804
[run_baseline] seeds=[42]

[run_baseline] ---- seed=42 ----
[TRAIN] size=3000, minority=722 (24.07%)
[VAL] size=6512, minority=1568 (24.08%)
[TEST] size=6513, minority=1569 (24.09%)
[OTRepair] exp_group=BASELINE_gaussian_ot_repair_baseline_otrep_census_seed42_c861f183__G202603161804  seed=42
[OTRepair] dataset=census_income  feature_dim=10
[OTRepair] ot_config={'lam': 1.0, 'n_groups': 2, 'cov_reg': 1e-05, 'barycenter_iters': 100, 'repair_test': False}
[OTRepair] seed_dir=/home/epigou/cs_9170_project/training_runs/BASELINE_gaussian_ot_repair_baseline_otrep_census_seed42_c861f183__G202603161804/seed_42
[OTRepair] Group 0: n=1010, ||μ||=1.1746, cov_diag=[0.2102, 1.0714]
[OTRepair] Group 1: n=1990, ||μ||=0.5962, cov_diag=[0.2332, 1.5569]
[OTRepair] Barycenter computed. μ* norm=0.2892
[OTRepair] Group 0: A_g computed, ||A_g - I||=0.7090
[OTRepair] Group 1: A_g computed, ||A_g - I||=0.4560
[OTRepair] Test features NOT repaired (repair_test=False or no a_test).
FFNN Using device: cuda:0
[OTRepair] ERM trained on repaired features.
FFNN Using device: cuda:0
[OTRepair] Alpha (ERM on original features) trained.
FFNN Using device: cuda:0
[TestSuite] Loaded best β weights from: /home/epigou/cs_9170_project/training_runs/BASELINE_gaussian_ot_repair_baseline_otrep_census_seed42_c861f183__G202603161804/seed_42/otrep_model.pt

[TEST] Alpha -> F1(min)=0.6172 | F1(maj)=0.8981 | F1(weighted)=0.8305 | F1(macro)=0.7577 | Brier=0.1121
[TEST] Beta  -> F1(min)=0.6072 | F1(maj)=0.8711 | F1(weighted)=0.8075 | F1(macro)=0.7392 | Brier=0.1268
[TestSuite] Final test metrics appended to (seed): /home/epigou/cs_9170_project/training_runs/BASELINE_gaussian_ot_repair_baseline_otrep_census_seed42_c861f183__G202603161804/seed_42/final_test_metrics.csv
[TestSuite] Final test metrics appended to (experiment): /home/epigou/cs_9170_project/training_runs/BASELINE_gaussian_ot_repair_baseline_otrep_census_seed42_c861f183__G202603161804/final_test_metrics.csv
[OTRepair] Done. seed=42 | time=4.2s
[OTRepair] Results in /home/epigou/cs_9170_project/training_runs/BASELINE_gaussian_ot_repair_baseline_otrep_census_seed42_c861f183__G202603161804/seed_42
