[run_baseline] baseline=ctgan
[run_baseline] spec=experiment_specs/capture24_rand10_baselines/ctgan_fold4.yaml
[run_baseline] device=cuda:1
[run_baseline] exp_group=BASELINE_ctgan_ctgan_fold4_0dfd6d22__G202606041527
[run_baseline] seeds=[42]
[run_baseline] k-fold mode: fold_idx=4, n_folds=5

[run_baseline] ---- seed=42 ----
[capture24-kfold] Cache: 992,430 windows, 40 subjects, fold 4/5
[TRAIN] size=4,000, MVPA=145 (3.6%), female=2,007, female_MVPA=60, male_MVPA=85
[VAL] size=4,000, MVPA=197 (4.9%), female=1,938, female_MVPA=117, male_MVPA=80
[TEST] size=118,657, MVPA=5,840 (4.9%), female=57,476, female_MVPA=3,460, male_MVPA=2,380
fold_idx=4 | held_out_subs=[np.int64(8), np.int64(11), np.int64(16), np.int64(10), np.int64(28), np.int64(30), np.int64(21), np.int64(35)] | theta_dim=15
[CTGAN] exp_group=BASELINE_ctgan_ctgan_fold4_0dfd6d22__G202606041527  seed=42
[CTGAN] dataset=capture24  feature_dim=15
[CTGAN] ctgan_config={'epochs': 300, 'batch_size': 500, 'n_synthetic': 2000, 'label_col': '__y__', 'group_col': '__a__'}
[CTGAN] seed_dir=/home/epigou/cs_9170_project/training_runs/BASELINE_ctgan_ctgan_fold4_0dfd6d22__G202606041527/seed_42
[CTGAN] Training set: n_pos=145, n_neg=3855, n_disadvantaged_pos=60, total=4000
[CTGAN] Fitting CTGAN for 300 epochs …
/home/epigou/envs/rl/lib/python3.10/site-packages/sdv/single_table/base.py:168: FutureWarning:

The 'SingleTableMetadata' is deprecated. Please use the new 'Metadata' class for synthesizers.

/home/epigou/envs/rl/lib/python3.10/site-packages/sdv/single_table/base.py:134: UserWarning:

We strongly recommend saving the metadata using 'save_to_json' for replicability in future SDV versions.

/home/epigou/envs/rl/lib/python3.10/site-packages/joblib/externals/loky/backend/resource_tracker.py:299: UserWarning: resource_tracker: There appear to be 70 leaked semlock objects to clean up at shutdown
  warnings.warn(
/home/epigou/envs/rl/lib/python3.10/site-packages/joblib/externals/loky/backend/resource_tracker.py:299: UserWarning: resource_tracker: There appear to be 1 leaked folder objects to clean up at shutdown
  warnings.warn(
9| 1981/2000 [00:38<00:00, 51.86it/s]Sampling conditions: 100%|##########| 2000/2000 [00:39<00:00, 49.15it/s]Sampling conditions: 100%|##########| 2000/2000 [00:39<00:00, 50.38it/s]
[CTGAN] Got 2000 synthetic disadvantaged-positive samples.
[CTGAN] Augmented set: n_pos=2145, total=6000
FFNN Using device: cuda:1
[CTGAN] ERM trained on augmented features.
FFNN Using device: cuda:1
[CTGAN] Alpha (ERM on original biased data) trained.
FFNN Using device: cuda:1
[TestSuite] Loaded best β weights from: /home/epigou/cs_9170_project/training_runs/BASELINE_ctgan_ctgan_fold4_0dfd6d22__G202606041525/seed_42/ctgan_model.pt

[TEST] Alpha -> F1(min)=0.2910 | F1(maj)=0.9729 | F1(weighted)=0.9393 | F1(macro)=0.6319 | Brier=0.0409
[TEST] Beta  -> F1(min)=0.3959 | F1(maj)=0.9513 | F1(weighted)=0.9240 | F1(macro)=0.6736 | Brier=0.0648
[TestSuite] Final test metrics appended to (seed): /home/epigou/cs_9170_project/training_runs/BASELINE_ctgan_ctgan_fold4_0dfd6d22__G202606041525/seed_42/final_test_metrics.csv
[TestSuite] Final test metrics appended to (experiment): /home/epigou/cs_9170_project/training_runs/BASELINE_ctgan_ctgan_fold4_0dfd6d22__G202606041525/final_test_metrics.csv
[CTGAN] Done. seed=42 | time=506.2s
[CTGAN] Results in /home/epigou/cs_9170_project/training_runs/BASELINE_ctgan_ctgan_fold4_0dfd6d22__G202606041525/seed_42
