[run_baseline] baseline=alpha
[run_baseline] spec=experiment_specs/capture24_rand10_baselines/alpha_fold3.yaml
[run_baseline] device=cpu
[run_baseline] exp_group=BASELINE_alpha_alpha_fold3_25dad6d2__G202606041813
[run_baseline] seeds=[42]
[run_baseline] k-fold mode: fold_idx=3, n_folds=5

[run_baseline] ---- seed=42 ----
[capture24-kfold] Cache: 992,430 windows, 40 subjects, fold 3/5
[TRAIN] size=4,000, MVPA=141 (3.5%), female=2,033, female_MVPA=60, male_MVPA=81
[VAL] size=4,000, MVPA=111 (2.8%), female=1,985, female_MVPA=57, male_MVPA=54
[TEST] size=113,490, MVPA=3,170 (2.8%), female=56,311, female_MVPA=1,626, male_MVPA=1,544
fold_idx=3 | held_out_subs=[np.int64(6), np.int64(4), np.int64(0), np.int64(9), np.int64(34), np.int64(23), np.int64(24), np.int64(38)] | theta_dim=15
[Alpha] exp_group=BASELINE_alpha_alpha_fold3_25dad6d2__G202606041813  seed=42
[Alpha] dataset=capture24  feature_dim=15
[Alpha] ffnn_config epochs=10 lr=0.00024106501268706255
FFNN Using device: cpu
FFNN Using device: cpu
[TestSuite] Loaded best β weights from: /home/epigou/cs_9170_project/training_runs/BASELINE_alpha_alpha_fold3_25dad6d2__G202606041813/seed_42/alpha_model.pt

[TEST] Alpha -> F1(min)=0.1823 | F1(maj)=0.9848 | F1(weighted)=0.9624 | F1(macro)=0.5836 | Brier=0.0237
[TEST] Beta  -> F1(min)=0.1823 | F1(maj)=0.9848 | F1(weighted)=0.9624 | F1(macro)=0.5836 | Brier=0.0237
[TestSuite] Final test metrics appended to (seed): /home/epigou/cs_9170_project/training_runs/BASELINE_alpha_alpha_fold3_25dad6d2__G202606041813/seed_42/final_test_metrics.csv
[TestSuite] Final test metrics appended to (experiment): /home/epigou/cs_9170_project/training_runs/BASELINE_alpha_alpha_fold3_25dad6d2__G202606041813/final_test_metrics.csv
[Alpha] Done. seed=42 | time=235.5s
[Alpha] Results in /home/epigou/cs_9170_project/training_runs/BASELINE_alpha_alpha_fold3_25dad6d2__G202606041813/seed_42
