[run_baseline] baseline=fairness_loss_balancing
[run_baseline] spec=experiment_specs/capture24_rand10_baselines/fairness_loss_balancing_fold4.yaml
[run_baseline] device=cpu
[run_baseline] exp_group=BASELINE_fairness_loss_balancing_fairness_loss_balancing_fold4_4256fa6a__G202606041525
[run_baseline] seeds=[42]
[run_baseline] k-fold mode: fold_idx=4, n_folds=5

[run_baseline] ---- seed=42 ----
[capture24-kfold] Cache: 992,430 windows, 40 subjects, fold 4/5
[TRAIN] size=4,000, MVPA=145 (3.6%), female=2,007, female_MVPA=60, male_MVPA=85
[VAL] size=4,000, MVPA=197 (4.9%), female=1,938, female_MVPA=117, male_MVPA=80
[TEST] size=118,657, MVPA=5,840 (4.9%), female=57,476, female_MVPA=3,460, male_MVPA=2,380
fold_idx=4 | held_out_subs=[np.int64(8), np.int64(11), np.int64(16), np.int64(10), np.int64(28), np.int64(30), np.int64(21), np.int64(35)] | theta_dim=15
[FLB] exp_group=BASELINE_fairness_loss_balancing_fairness_loss_balancing_fold4_4256fa6a__G202606041525  seed=42
[FLB] dataset=capture24  feature_dim=15
[FLB] flb_config={'lr': 0.001, 'epochs': 200, 'batch_size': 64, 'beta': 1.0, 'eta': 0.01, 'n_groups': 4}
[FLB] seed_dir=/home/epigou/cs_9170_project/training_runs/BASELINE_fairness_loss_balancing_fairness_loss_balancing_fold4_4256fa6a__G202606041525/seed_42
[FLB] Group sizes (a=0/y=0, a=0/y=1, a=1/y=0, a=1/y=1): [1908, 85, 1947, 60]
[FLB] epoch=   1 | loss=0.4976 | bsp=[0.371,0.153,0.310,0.165]
[FLB] epoch=  20 | loss=0.0843 | bsp=[0.459,0.097,0.390,0.054]
[FLB] epoch=  40 | loss=0.0579 | bsp=[0.428,0.088,0.424,0.060]
[FLB] epoch=  60 | loss=0.0328 | bsp=[0.473,0.071,0.403,0.053]
[FLB] epoch=  80 | loss=0.0207 | bsp=[0.442,0.055,0.450,0.053]
[FLB] epoch= 100 | loss=0.0122 | bsp=[0.496,0.054,0.396,0.054]
[FLB] epoch= 120 | loss=0.0082 | bsp=[0.441,0.057,0.452,0.049]
[FLB] epoch= 140 | loss=0.0067 | bsp=[0.451,0.049,0.440,0.059]
[FLB] epoch= 160 | loss=0.0024 | bsp=[0.463,0.043,0.434,0.060]
[FLB] epoch= 180 | loss=0.0012 | bsp=[0.434,0.061,0.445,0.060]
[FLB] epoch= 200 | loss=0.0009 | bsp=[0.441,0.055,0.440,0.063]
[FLB] Training done. Reporting final-epoch model (no val selection).
[FLB] Training metrics -> /home/epigou/cs_9170_project/training_runs/BASELINE_fairness_loss_balancing_fairness_loss_balancing_fold4_4256fa6a__G202606041525/seed_42/metrics.csv
[FLB] Final model saved -> /home/epigou/cs_9170_project/training_runs/BASELINE_fairness_loss_balancing_fairness_loss_balancing_fold4_4256fa6a__G202606041525/seed_42/flb_model.pt
FFNN Using device: cpu
FFNN Using device: cpu
FFNN Using device: cpu
[TestSuite] Loaded best β weights from: /home/epigou/cs_9170_project/training_runs/BASELINE_fairness_loss_balancing_fairness_loss_balancing_fold4_4256fa6a__G202606041525/seed_42/flb_model.pt

[TEST] Alpha -> F1(min)=0.2910 | F1(maj)=0.9729 | F1(weighted)=0.9393 | F1(macro)=0.6319 | Brier=0.0409
[TEST] Beta  -> F1(min)=0.4840 | F1(maj)=0.9744 | F1(weighted)=0.9503 | F1(macro)=0.7292 | Brier=0.0438
[TestSuite] Final test metrics appended to (seed): /home/epigou/cs_9170_project/training_runs/BASELINE_fairness_loss_balancing_fairness_loss_balancing_fold4_4256fa6a__G202606041525/seed_42/final_test_metrics.csv
[TestSuite] Final test metrics appended to (experiment): /home/epigou/cs_9170_project/training_runs/BASELINE_fairness_loss_balancing_fairness_loss_balancing_fold4_4256fa6a__G202606041525/final_test_metrics.csv
[FLB] Done. seed=42 | time=9039.3s
[FLB] Results in /home/epigou/cs_9170_project/training_runs/BASELINE_fairness_loss_balancing_fairness_loss_balancing_fold4_4256fa6a__G202606041525/seed_42
