[run_baseline] baseline=gaussian_ot_repair
[run_baseline] spec=experiment_specs/capture24_rand10_baselines/gaussian_ot_repair_fold1.yaml
[run_baseline] device=cpu
[run_baseline] exp_group=BASELINE_gaussian_ot_repair_gaussian_ot_repair_fold1_c9fc6bc0__G202606041525
[run_baseline] seeds=[42]
[run_baseline] k-fold mode: fold_idx=1, n_folds=5

[run_baseline] ---- seed=42 ----
[capture24-kfold] Cache: 992,430 windows, 40 subjects, fold 1/5
[TRAIN] size=4,000, MVPA=134 (3.4%), female=2,107, female_MVPA=60, male_MVPA=74
[VAL] size=4,000, MVPA=260 (6.5%), female=1,899, female_MVPA=169, male_MVPA=91
[TEST] size=123,988, MVPA=8,048 (6.5%), female=58,862, female_MVPA=5,230, male_MVPA=2,818
fold_idx=1 | held_out_subs=[np.int64(7), np.int64(15), np.int64(1), np.int64(19), np.int64(37), np.int64(33), np.int64(20), np.int64(25)] | theta_dim=15
[OTRepair] exp_group=BASELINE_gaussian_ot_repair_gaussian_ot_repair_fold1_c9fc6bc0__G202606041525  seed=42
[OTRepair] dataset=capture24  feature_dim=15
[OTRepair] ot_config={'lam': 1.0, 'n_groups': 2, 'cov_reg': 1e-05, 'barycenter_iters': 100, 'repair_test': True, 'include_val_in_train': False}
[OTRepair] seed_dir=/home/epigou/cs_9170_project/training_runs/BASELINE_gaussian_ot_repair_gaussian_ot_repair_fold1_c9fc6bc0__G202606041525/seed_42
[OTRepair] Group 0: n=1893, ||μ||=1.0938, cov_diag=[0.1052, 11.0029]
[OTRepair] Group 1: n=2107, ||μ||=0.9827, cov_diag=[0.1054, 12.3637]
[OTRepair] Barycenter computed. μ* norm=0.0555
[OTRepair] Group 0: A_g computed, ||A_g - I||=107.0957
[OTRepair] Group 1: A_g computed, ||A_g - I||=101.6607
[OTRepair] Test features repaired.
FFNN Using device: cpu
[OTRepair] ERM trained on repaired features.
FFNN Using device: cpu
[OTRepair] Alpha (ERM on original features) trained.
FFNN Using device: cpu
[TestSuite] Loaded best β weights from: /home/epigou/cs_9170_project/training_runs/BASELINE_gaussian_ot_repair_gaussian_ot_repair_fold1_c9fc6bc0__G202606041525/seed_42/otrep_model.pt

[TEST] Alpha -> F1(min)=0.0613 | F1(maj)=0.9668 | F1(weighted)=0.9080 | F1(macro)=0.5140 | Brier=0.0512
[TEST] Beta  -> F1(min)=0.0678 | F1(maj)=0.9668 | F1(weighted)=0.9084 | F1(macro)=0.5173 | Brier=0.0514
[TestSuite] Final test metrics appended to (seed): /home/epigou/cs_9170_project/training_runs/BASELINE_gaussian_ot_repair_gaussian_ot_repair_fold1_c9fc6bc0__G202606041525/seed_42/final_test_metrics.csv
[TestSuite] Final test metrics appended to (experiment): /home/epigou/cs_9170_project/training_runs/BASELINE_gaussian_ot_repair_gaussian_ot_repair_fold1_c9fc6bc0__G202606041525/final_test_metrics.csv
[OTRepair] Done. seed=42 | time=1864.0s
[OTRepair] Results in /home/epigou/cs_9170_project/training_runs/BASELINE_gaussian_ot_repair_gaussian_ot_repair_fold1_c9fc6bc0__G202606041525/seed_42
