[run_baseline] baseline=ctgan
[run_baseline] spec=experiment_specs/capture24_rand10_baselines/ctgan_fold2.yaml
[run_baseline] device=cuda:0
[run_baseline] exp_group=BASELINE_ctgan_ctgan_fold2_eff331b8__G202606041527
[run_baseline] seeds=[42]
[run_baseline] k-fold mode: fold_idx=2, n_folds=5

[run_baseline] ---- seed=42 ----
[capture24-kfold] Cache: 992,430 windows, 40 subjects, fold 2/5
[TRAIN] size=4,000, MVPA=137 (3.4%), female=2,022, female_MVPA=60, male_MVPA=77
[VAL] size=4,000, MVPA=229 (5.7%), female=2,109, female_MVPA=134, male_MVPA=95
[TEST] size=130,942, MVPA=7,497 (5.7%), female=69,058, female_MVPA=4,393, male_MVPA=3,104
fold_idx=2 | held_out_subs=[np.int64(5), np.int64(14), np.int64(18), np.int64(3), np.int64(27), np.int64(32), np.int64(39), np.int64(31)] | theta_dim=15
[CTGAN] exp_group=BASELINE_ctgan_ctgan_fold2_eff331b8__G202606041527  seed=42
[CTGAN] dataset=capture24  feature_dim=15
[CTGAN] ctgan_config={'epochs': 300, 'batch_size': 500, 'n_synthetic': 2000, 'label_col': '__y__', 'group_col': '__a__'}
[CTGAN] seed_dir=/home/epigou/cs_9170_project/training_runs/BASELINE_ctgan_ctgan_fold2_eff331b8__G202606041527/seed_42
[CTGAN] Training set: n_pos=137, n_neg=3863, n_disadvantaged_pos=60, total=4000
[CTGAN] Fitting CTGAN for 300 epochs …
/home/epigou/envs/rl/lib/python3.10/site-packages/sdv/single_table/base.py:168: FutureWarning:

The 'SingleTableMetadata' is deprecated. Please use the new 'Metadata' class for synthesizers.

/home/epigou/envs/rl/lib/python3.10/site-packages/sdv/single_table/base.py:134: UserWarning:

We strongly recommend saving the metadata using 'save_to_json' for replicability in future SDV versions.

/home/epigou/envs/rl/lib/python3.10/site-packages/joblib/externals/loky/backend/resource_tracker.py:299: UserWarning: resource_tracker: There appear to be 70 leaked semlock objects to clean up at shutdown
  warnings.warn(
/home/epigou/envs/rl/lib/python3.10/site-packages/joblib/externals/loky/backend/resource_tracker.py:299: UserWarning: resource_tracker: There appear to be 1 leaked folder objects to clean up at shutdown
  warnings.warn(
####| 2000/2000 [00:20<00:00, 96.89it/s]
[CTGAN] Got 2000 synthetic disadvantaged-positive samples.
[CTGAN] Augmented set: n_pos=2137, total=6000
FFNN Using device: cuda:0
[CTGAN] ERM trained on augmented features.
FFNN Using device: cuda:0
[CTGAN] Alpha (ERM on original biased data) trained.
FFNN Using device: cuda:0
[TestSuite] Loaded best β weights from: /home/epigou/cs_9170_project/training_runs/BASELINE_ctgan_ctgan_fold2_eff331b8__G202606041525/seed_42/ctgan_model.pt

[TEST] Alpha -> F1(min)=0.0019 | F1(maj)=0.9703 | F1(weighted)=0.9149 | F1(macro)=0.4861 | Brier=0.0491
[TEST] Beta  -> F1(min)=0.4605 | F1(maj)=0.9545 | F1(weighted)=0.9262 | F1(macro)=0.7075 | Brier=0.0584
[TestSuite] Final test metrics appended to (seed): /home/epigou/cs_9170_project/training_runs/BASELINE_ctgan_ctgan_fold2_eff331b8__G202606041525/seed_42/final_test_metrics.csv
[TestSuite] Final test metrics appended to (experiment): /home/epigou/cs_9170_project/training_runs/BASELINE_ctgan_ctgan_fold2_eff331b8__G202606041525/final_test_metrics.csv
[CTGAN] Done. seed=42 | time=491.1s
[CTGAN] Results in /home/epigou/cs_9170_project/training_runs/BASELINE_ctgan_ctgan_fold2_eff331b8__G202606041525/seed_42
