[run_baseline] baseline=ctgan
[run_baseline] spec=experiment_specs/capture24_rand10_baselines/ctgan_fold3.yaml
[run_baseline] device=cuda:1
[run_baseline] exp_group=BASELINE_ctgan_ctgan_fold3_ff2471cf__G202606041527
[run_baseline] seeds=[42]
[run_baseline] k-fold mode: fold_idx=3, n_folds=5

[run_baseline] ---- seed=42 ----
[capture24-kfold] Cache: 992,430 windows, 40 subjects, fold 3/5
[TRAIN] size=4,000, MVPA=141 (3.5%), female=2,033, female_MVPA=60, male_MVPA=81
[VAL] size=4,000, MVPA=111 (2.8%), female=1,985, female_MVPA=57, male_MVPA=54
[TEST] size=113,490, MVPA=3,170 (2.8%), female=56,311, female_MVPA=1,626, male_MVPA=1,544
fold_idx=3 | held_out_subs=[np.int64(6), np.int64(4), np.int64(0), np.int64(9), np.int64(34), np.int64(23), np.int64(24), np.int64(38)] | theta_dim=15
[CTGAN] exp_group=BASELINE_ctgan_ctgan_fold3_ff2471cf__G202606041527  seed=42
[CTGAN] dataset=capture24  feature_dim=15
[CTGAN] ctgan_config={'epochs': 300, 'batch_size': 500, 'n_synthetic': 2000, 'label_col': '__y__', 'group_col': '__a__'}
[CTGAN] seed_dir=/home/epigou/cs_9170_project/training_runs/BASELINE_ctgan_ctgan_fold3_ff2471cf__G202606041527/seed_42
[CTGAN] Training set: n_pos=141, n_neg=3859, n_disadvantaged_pos=60, total=4000
[CTGAN] Fitting CTGAN for 300 epochs …
/home/epigou/envs/rl/lib/python3.10/site-packages/sdv/single_table/base.py:168: FutureWarning:

The 'SingleTableMetadata' is deprecated. Please use the new 'Metadata' class for synthesizers.

/home/epigou/envs/rl/lib/python3.10/site-packages/sdv/single_table/base.py:134: UserWarning:

We strongly recommend saving the metadata using 'save_to_json' for replicability in future SDV versions.

/home/epigou/envs/rl/lib/python3.10/site-packages/joblib/externals/loky/backend/resource_tracker.py:299: UserWarning: resource_tracker: There appear to be 70 leaked semlock objects to clean up at shutdown
  warnings.warn(
/home/epigou/envs/rl/lib/python3.10/site-packages/joblib/externals/loky/backend/resource_tracker.py:299: UserWarning: resource_tracker: There appear to be 1 leaked folder objects to clean up at shutdown
  warnings.warn(
#| 2000/2000 [00:35<00:00, 56.48it/s]
[CTGAN] Got 2000 synthetic disadvantaged-positive samples.
[CTGAN] Augmented set: n_pos=2141, total=6000
FFNN Using device: cuda:1
[CTGAN] ERM trained on augmented features.
FFNN Using device: cuda:1
[CTGAN] Alpha (ERM on original biased data) trained.
FFNN Using device: cuda:1
[TestSuite] Loaded best β weights from: /home/epigou/cs_9170_project/training_runs/BASELINE_ctgan_ctgan_fold3_ff2471cf__G202606041525/seed_42/ctgan_model.pt

[TEST] Alpha -> F1(min)=0.1823 | F1(maj)=0.9848 | F1(weighted)=0.9624 | F1(macro)=0.5836 | Brier=0.0237
[TEST] Beta  -> F1(min)=0.3593 | F1(maj)=0.9563 | F1(weighted)=0.9397 | F1(macro)=0.6578 | Brier=0.0583
[TestSuite] Final test metrics appended to (seed): /home/epigou/cs_9170_project/training_runs/BASELINE_ctgan_ctgan_fold3_ff2471cf__G202606041525/seed_42/final_test_metrics.csv
[TestSuite] Final test metrics appended to (experiment): /home/epigou/cs_9170_project/training_runs/BASELINE_ctgan_ctgan_fold3_ff2471cf__G202606041525/final_test_metrics.csv
[CTGAN] Done. seed=42 | time=485.9s
[CTGAN] Results in /home/epigou/cs_9170_project/training_runs/BASELINE_ctgan_ctgan_fold3_ff2471cf__G202606041525/seed_42
