[run_baseline] baseline=smote
[run_baseline] spec=experiment_specs/capture24_rand10_baselines/smote_fold1.yaml
[run_baseline] device=cpu
[run_baseline] exp_group=BASELINE_smote_smote_fold1_964ee035__G202606041525
[run_baseline] seeds=[42]
[run_baseline] k-fold mode: fold_idx=1, n_folds=5

[run_baseline] ---- seed=42 ----
[capture24-kfold] Cache: 992,430 windows, 40 subjects, fold 1/5
[TRAIN] size=4,000, MVPA=134 (3.4%), female=2,107, female_MVPA=60, male_MVPA=74
[VAL] size=4,000, MVPA=260 (6.5%), female=1,899, female_MVPA=169, male_MVPA=91
[TEST] size=123,988, MVPA=8,048 (6.5%), female=58,862, female_MVPA=5,230, male_MVPA=2,818
fold_idx=1 | held_out_subs=[np.int64(7), np.int64(15), np.int64(1), np.int64(19), np.int64(37), np.int64(33), np.int64(20), np.int64(25)] | theta_dim=15
[SMOTE] exp_group=BASELINE_smote_smote_fold1_964ee035__G202606041525  seed=42
[SMOTE] dataset=capture24  feature_dim=15
[SMOTE] smote_config={'n_synthetic': 1000, 'two_phase': True, 'epochs': 100, 'lr': 0.001, 'batch_size': 64, 'include_val_in_train': False}
[SMOTE] seed_dir=/home/epigou/cs_9170_project/training_runs/BASELINE_smote_smote_fold1_964ee035__G202606041525/seed_42
[SMOTE] Phase-1 synthetic (minority y=1): 1000 samples
[SMOTE] Phase-2 synthetic (majority y=0): 1000 samples
[SMOTE] Combined training set: 6000 samples (real=4000, syn1=1000, syn0=1000)
FFNN Using device: cpu
[SMOTE] Model saved -> /home/epigou/cs_9170_project/training_runs/BASELINE_smote_smote_fold1_964ee035__G202606041525/seed_42/smote_model.pt
FFNN Using device: cpu
FFNN Using device: cpu
[TestSuite] Loaded best β weights from: /home/epigou/cs_9170_project/training_runs/BASELINE_smote_smote_fold1_964ee035__G202606041525/seed_42/smote_model.pt

[TEST] Alpha -> F1(min)=0.0613 | F1(maj)=0.9668 | F1(weighted)=0.9080 | F1(macro)=0.5140 | Brier=0.0512
[TEST] Beta  -> F1(min)=0.5194 | F1(maj)=0.9651 | F1(weighted)=0.9361 | F1(macro)=0.7422 | Brier=0.0477
[TestSuite] Final test metrics appended to (seed): /home/epigou/cs_9170_project/training_runs/BASELINE_smote_smote_fold1_964ee035__G202606041525/seed_42/final_test_metrics.csv
[TestSuite] Final test metrics appended to (experiment): /home/epigou/cs_9170_project/training_runs/BASELINE_smote_smote_fold1_964ee035__G202606041525/final_test_metrics.csv
[SMOTE] Done. seed=42 | time=2124.2s
[SMOTE] Results in /home/epigou/cs_9170_project/training_runs/BASELINE_smote_smote_fold1_964ee035__G202606041525/seed_42
