[run_baseline] baseline=fairtabddpm
[run_baseline] spec=experiment_specs/capture24_rand10_baselines/fairtabddpm_fold3.yaml
[run_baseline] device=cuda:1
[run_baseline] exp_group=BASELINE_fairtabddpm_fairtabddpm_fold3_47e7f74d__G202606041527
[run_baseline] seeds=[42]
[run_baseline] k-fold mode: fold_idx=3, n_folds=5

[run_baseline] ---- seed=42 ----
[capture24-kfold] Cache: 992,430 windows, 40 subjects, fold 3/5
[TRAIN] size=4,000, MVPA=141 (3.5%), female=2,033, female_MVPA=60, male_MVPA=81
[VAL] size=4,000, MVPA=111 (2.8%), female=1,985, female_MVPA=57, male_MVPA=54
[TEST] size=113,490, MVPA=3,170 (2.8%), female=56,311, female_MVPA=1,626, male_MVPA=1,544
fold_idx=3 | held_out_subs=[np.int64(6), np.int64(4), np.int64(0), np.int64(9), np.int64(34), np.int64(23), np.int64(24), np.int64(38)] | theta_dim=15
[FairTabDDPM] exp_group=BASELINE_fairtabddpm_fairtabddpm_fold3_47e7f74d__G202606041527  seed=42
[FairTabDDPM] dataset=capture24  feature_dim=15
[FairTabDDPM] cfg={'timesteps': 100, 'd_emb': 128, 'n_layers': 4, 'lr': 0.00039, 'weight_decay': 0.0, 'diff_epochs': 1000, 'batch_size': 256, 'n_synthetic': 2000, 'overall_guid_weight': 1.0, 'cond_guid_weight': 1.0, 'cond_guid_threshold': 0.1, 'warmup_steps': 10}
[FairTabDDPM] Training diffusion model for 1000 epochs ...
[FairTabDDPM] epoch=    1 | loss=1.25274
[FairTabDDPM] epoch=  100 | loss=0.11003
[FairTabDDPM] epoch=  200 | loss=0.10142
[FairTabDDPM] epoch=  300 | loss=0.09634
[FairTabDDPM] epoch=  400 | loss=0.08601
[FairTabDDPM] epoch=  500 | loss=0.08633
[FairTabDDPM] epoch=  600 | loss=0.08654
[FairTabDDPM] epoch=  700 | loss=0.08658
[FairTabDDPM] epoch=  800 | loss=0.08781
[FairTabDDPM] epoch=  900 | loss=0.08364
[FairTabDDPM] epoch= 1000 | loss=0.08218
[FairTabDDPM] Diffusion done. Best loss=0.08031
[FairTabDDPM] Diffusion training done in 771.9s
[FairTabDDPM] Disadvantaged group: a=1 (pos_g0=81, pos_g1=60)
[FairTabDDPM] Sampling 2000 fair synthetic samples (y=1, a=1) ...
[FairTabDDPM] Got 2000 synthetic samples.
[FairTabDDPM] Augmented: 6000 total (2141 pos)
FFNN Using device: cuda:1
FFNN Using device: cuda:1
FFNN Using device: cuda:1
[TestSuite] Loaded best β weights from: /home/epigou/cs_9170_project/training_runs/BASELINE_fairtabddpm_fairtabddpm_fold3_47e7f74d__G202606041525/seed_42/fairtabddpm_model.pt

[TEST] Alpha -> F1(min)=0.1823 | F1(maj)=0.9848 | F1(weighted)=0.9624 | F1(macro)=0.5836 | Brier=0.0237
[TEST] Beta  -> F1(min)=0.4358 | F1(maj)=0.9695 | F1(weighted)=0.9546 | F1(macro)=0.7027 | Brier=0.0452
[TestSuite] Final test metrics appended to (seed): /home/epigou/cs_9170_project/training_runs/BASELINE_fairtabddpm_fairtabddpm_fold3_47e7f74d__G202606041525/seed_42/final_test_metrics.csv
[TestSuite] Final test metrics appended to (experiment): /home/epigou/cs_9170_project/training_runs/BASELINE_fairtabddpm_fairtabddpm_fold3_47e7f74d__G202606041525/final_test_metrics.csv
[FairTabDDPM] Diffusion metrics -> /home/epigou/cs_9170_project/training_runs/BASELINE_fairtabddpm_fairtabddpm_fold3_47e7f74d__G202606041525/seed_42/diff_metrics.csv
[FairTabDDPM] Done. seed=42 | time=802.1s
