[run_baseline] baseline=fairtabddpm
[run_baseline] spec=experiment_specs/capture24_rand10_baselines/fairtabddpm_fold1.yaml
[run_baseline] device=cuda:0
[run_baseline] exp_group=BASELINE_fairtabddpm_fairtabddpm_fold1_1c27d9d9__G202606041527
[run_baseline] seeds=[42]
[run_baseline] k-fold mode: fold_idx=1, n_folds=5

[run_baseline] ---- seed=42 ----
[capture24-kfold] Cache: 992,430 windows, 40 subjects, fold 1/5
[TRAIN] size=4,000, MVPA=134 (3.4%), female=2,107, female_MVPA=60, male_MVPA=74
[VAL] size=4,000, MVPA=260 (6.5%), female=1,899, female_MVPA=169, male_MVPA=91
[TEST] size=123,988, MVPA=8,048 (6.5%), female=58,862, female_MVPA=5,230, male_MVPA=2,818
fold_idx=1 | held_out_subs=[np.int64(7), np.int64(15), np.int64(1), np.int64(19), np.int64(37), np.int64(33), np.int64(20), np.int64(25)] | theta_dim=15
[FairTabDDPM] exp_group=BASELINE_fairtabddpm_fairtabddpm_fold1_1c27d9d9__G202606041527  seed=42
[FairTabDDPM] dataset=capture24  feature_dim=15
[FairTabDDPM] cfg={'timesteps': 100, 'd_emb': 128, 'n_layers': 4, 'lr': 0.00039, 'weight_decay': 0.0, 'diff_epochs': 1000, 'batch_size': 256, 'n_synthetic': 2000, 'overall_guid_weight': 1.0, 'cond_guid_weight': 1.0, 'cond_guid_threshold': 0.1, 'warmup_steps': 10}
[FairTabDDPM] Training diffusion model for 1000 epochs ...
[FairTabDDPM] epoch=    1 | loss=1.24698
[FairTabDDPM] epoch=  100 | loss=0.11564
[FairTabDDPM] epoch=  200 | loss=0.10281
[FairTabDDPM] epoch=  300 | loss=0.10387
[FairTabDDPM] epoch=  400 | loss=0.08780
[FairTabDDPM] epoch=  500 | loss=0.08865
[FairTabDDPM] epoch=  600 | loss=0.08932
[FairTabDDPM] epoch=  700 | loss=0.08894
[FairTabDDPM] epoch=  800 | loss=0.08692
[FairTabDDPM] epoch=  900 | loss=0.08601
[FairTabDDPM] epoch= 1000 | loss=0.08765
[FairTabDDPM] Diffusion done. Best loss=0.08206
[FairTabDDPM] Diffusion training done in 741.7s
[FairTabDDPM] Disadvantaged group: a=1 (pos_g0=74, pos_g1=60)
[FairTabDDPM] Sampling 2000 fair synthetic samples (y=1, a=1) ...
[FairTabDDPM] Got 2000 synthetic samples.
[FairTabDDPM] Augmented: 6000 total (2134 pos)
FFNN Using device: cuda:0
FFNN Using device: cuda:0
FFNN Using device: cuda:0
[TestSuite] Loaded best β weights from: /home/epigou/cs_9170_project/training_runs/BASELINE_fairtabddpm_fairtabddpm_fold1_1c27d9d9__G202606041525/seed_42/fairtabddpm_model.pt

[TEST] Alpha -> F1(min)=0.0613 | F1(maj)=0.9668 | F1(weighted)=0.9080 | F1(macro)=0.5140 | Brier=0.0512
[TEST] Beta  -> F1(min)=0.5761 | F1(maj)=0.9607 | F1(weighted)=0.9357 | F1(macro)=0.7684 | Brier=0.0535
[TestSuite] Final test metrics appended to (seed): /home/epigou/cs_9170_project/training_runs/BASELINE_fairtabddpm_fairtabddpm_fold1_1c27d9d9__G202606041525/seed_42/final_test_metrics.csv
[TestSuite] Final test metrics appended to (experiment): /home/epigou/cs_9170_project/training_runs/BASELINE_fairtabddpm_fairtabddpm_fold1_1c27d9d9__G202606041525/final_test_metrics.csv
[FairTabDDPM] Diffusion metrics -> /home/epigou/cs_9170_project/training_runs/BASELINE_fairtabddpm_fairtabddpm_fold1_1c27d9d9__G202606041525/seed_42/diff_metrics.csv
[FairTabDDPM] Done. seed=42 | time=778.2s
