[run_baseline] baseline=fairtabddpm
[run_baseline] spec=experiment_specs/capture24_rand10_baselines/fairtabddpm_fold4.yaml
[run_baseline] device=cuda:1
[run_baseline] exp_group=BASELINE_fairtabddpm_fairtabddpm_fold4_a8f9c33d__G202606041527
[run_baseline] seeds=[42]
[run_baseline] k-fold mode: fold_idx=4, n_folds=5

[run_baseline] ---- seed=42 ----
[capture24-kfold] Cache: 992,430 windows, 40 subjects, fold 4/5
[TRAIN] size=4,000, MVPA=145 (3.6%), female=2,007, female_MVPA=60, male_MVPA=85
[VAL] size=4,000, MVPA=197 (4.9%), female=1,938, female_MVPA=117, male_MVPA=80
[TEST] size=118,657, MVPA=5,840 (4.9%), female=57,476, female_MVPA=3,460, male_MVPA=2,380
fold_idx=4 | held_out_subs=[np.int64(8), np.int64(11), np.int64(16), np.int64(10), np.int64(28), np.int64(30), np.int64(21), np.int64(35)] | theta_dim=15
[FairTabDDPM] exp_group=BASELINE_fairtabddpm_fairtabddpm_fold4_a8f9c33d__G202606041527  seed=42
[FairTabDDPM] dataset=capture24  feature_dim=15
[FairTabDDPM] cfg={'timesteps': 100, 'd_emb': 128, 'n_layers': 4, 'lr': 0.00039, 'weight_decay': 0.0, 'diff_epochs': 1000, 'batch_size': 256, 'n_synthetic': 2000, 'overall_guid_weight': 1.0, 'cond_guid_weight': 1.0, 'cond_guid_threshold': 0.1, 'warmup_steps': 10}
[FairTabDDPM] Training diffusion model for 1000 epochs ...
[FairTabDDPM] epoch=    1 | loss=1.27997
[FairTabDDPM] epoch=  100 | loss=0.11813
[FairTabDDPM] epoch=  200 | loss=0.10309
[FairTabDDPM] epoch=  300 | loss=0.10210
[FairTabDDPM] epoch=  400 | loss=0.08833
[FairTabDDPM] epoch=  500 | loss=0.09149
[FairTabDDPM] epoch=  600 | loss=0.09089
[FairTabDDPM] epoch=  700 | loss=0.08890
[FairTabDDPM] epoch=  800 | loss=0.08811
[FairTabDDPM] epoch=  900 | loss=0.08374
[FairTabDDPM] epoch= 1000 | loss=0.08719
[FairTabDDPM] Diffusion done. Best loss=0.08256
[FairTabDDPM] Diffusion training done in 753.2s
[FairTabDDPM] Disadvantaged group: a=1 (pos_g0=85, pos_g1=60)
[FairTabDDPM] Sampling 2000 fair synthetic samples (y=1, a=1) ...
[FairTabDDPM] Got 2000 synthetic samples.
[FairTabDDPM] Augmented: 6000 total (2145 pos)
FFNN Using device: cuda:1
FFNN Using device: cuda:1
FFNN Using device: cuda:1
[TestSuite] Loaded best β weights from: /home/epigou/cs_9170_project/training_runs/BASELINE_fairtabddpm_fairtabddpm_fold4_a8f9c33d__G202606041525/seed_42/fairtabddpm_model.pt

[TEST] Alpha -> F1(min)=0.2910 | F1(maj)=0.9729 | F1(weighted)=0.9393 | F1(macro)=0.6319 | Brier=0.0409
[TEST] Beta  -> F1(min)=0.4168 | F1(maj)=0.9315 | F1(weighted)=0.9062 | F1(macro)=0.6742 | Brier=0.0842
[TestSuite] Final test metrics appended to (seed): /home/epigou/cs_9170_project/training_runs/BASELINE_fairtabddpm_fairtabddpm_fold4_a8f9c33d__G202606041525/seed_42/final_test_metrics.csv
[TestSuite] Final test metrics appended to (experiment): /home/epigou/cs_9170_project/training_runs/BASELINE_fairtabddpm_fairtabddpm_fold4_a8f9c33d__G202606041525/final_test_metrics.csv
[FairTabDDPM] Diffusion metrics -> /home/epigou/cs_9170_project/training_runs/BASELINE_fairtabddpm_fairtabddpm_fold4_a8f9c33d__G202606041525/seed_42/diff_metrics.csv
[FairTabDDPM] Done. seed=42 | time=792.3s
