[run_baseline] baseline=alpha
[run_baseline] spec=experiment_specs/capture24_rand10_baselines/alpha_fold4.yaml
[run_baseline] device=cpu
[run_baseline] exp_group=BASELINE_alpha_alpha_fold4_30250b5c__G202606041813
[run_baseline] seeds=[42]
[run_baseline] k-fold mode: fold_idx=4, n_folds=5

[run_baseline] ---- seed=42 ----
[capture24-kfold] Cache: 992,430 windows, 40 subjects, fold 4/5
[TRAIN] size=4,000, MVPA=145 (3.6%), female=2,007, female_MVPA=60, male_MVPA=85
[VAL] size=4,000, MVPA=197 (4.9%), female=1,938, female_MVPA=117, male_MVPA=80
[TEST] size=118,657, MVPA=5,840 (4.9%), female=57,476, female_MVPA=3,460, male_MVPA=2,380
fold_idx=4 | held_out_subs=[np.int64(8), np.int64(11), np.int64(16), np.int64(10), np.int64(28), np.int64(30), np.int64(21), np.int64(35)] | theta_dim=15
[Alpha] exp_group=BASELINE_alpha_alpha_fold4_30250b5c__G202606041813  seed=42
[Alpha] dataset=capture24  feature_dim=15
[Alpha] ffnn_config epochs=10 lr=0.00024106501268706255
FFNN Using device: cpu
FFNN Using device: cpu
[TestSuite] Loaded best β weights from: /home/epigou/cs_9170_project/training_runs/BASELINE_alpha_alpha_fold4_30250b5c__G202606041813/seed_42/alpha_model.pt

[TEST] Alpha -> F1(min)=0.2910 | F1(maj)=0.9729 | F1(weighted)=0.9393 | F1(macro)=0.6319 | Brier=0.0409
[TEST] Beta  -> F1(min)=0.2910 | F1(maj)=0.9729 | F1(weighted)=0.9393 | F1(macro)=0.6319 | Brier=0.0409
[TestSuite] Final test metrics appended to (seed): /home/epigou/cs_9170_project/training_runs/BASELINE_alpha_alpha_fold4_30250b5c__G202606041813/seed_42/final_test_metrics.csv
[TestSuite] Final test metrics appended to (experiment): /home/epigou/cs_9170_project/training_runs/BASELINE_alpha_alpha_fold4_30250b5c__G202606041813/final_test_metrics.csv
[Alpha] Done. seed=42 | time=235.4s
[Alpha] Results in /home/epigou/cs_9170_project/training_runs/BASELINE_alpha_alpha_fold4_30250b5c__G202606041813/seed_42
