[run_baseline] baseline=group_dro
[run_baseline] spec=experiment_specs/capture24_rand10_baselines/group_dro_fold0.yaml
[run_baseline] device=cpu
[run_baseline] exp_group=BASELINE_group_dro_group_dro_fold0_05518d87__G202606041525
[run_baseline] seeds=[42]
[run_baseline] k-fold mode: fold_idx=0, n_folds=5

[run_baseline] ---- seed=42 ----
[capture24-kfold] Cache: 992,430 windows, 40 subjects, fold 0/5
[TRAIN] size=4,000, MVPA=150 (3.8%), female=1,927, female_MVPA=60, male_MVPA=90
[VAL] size=4,000, MVPA=142 (3.5%), female=2,276, female_MVPA=85, male_MVPA=57
[TEST] size=108,395, MVPA=3,840 (3.5%), female=61,677, female_MVPA=2,300, male_MVPA=1,540
fold_idx=0 | held_out_subs=[np.int64(17), np.int64(2), np.int64(12), np.int64(13), np.int64(29), np.int64(26), np.int64(22), np.int64(36)] | theta_dim=15
[GroupDRO] exp_group=BASELINE_group_dro_group_dro_fold0_05518d87__G202606041525  seed=42
[GroupDRO] dataset=capture24  feature_dim=15
[GroupDRO] gdro_config={'lr': 0.001, 'epochs': 200, 'batch_size': 64, 'eta': 0.01, 'n_groups': 4}
[GroupDRO] seed_dir=/home/epigou/cs_9170_project/training_runs/BASELINE_group_dro_group_dro_fold0_05518d87__G202606041525/seed_42
[GroupDRO] epoch=   1 | dro=0.6973 | val_worst=0.8332 | q=[0.246,0.269,0.268,0.217]
[GroupDRO] epoch=  20 | dro=0.1639 | val_worst=0.7808 | q=[0.242,0.233,0.283,0.242]
[GroupDRO] epoch=  40 | dro=0.1210 | val_worst=0.7577 | q=[0.307,0.233,0.252,0.208]
[GroupDRO] epoch=  60 | dro=0.1019 | val_worst=1.2735 | q=[0.350,0.251,0.226,0.172]
[GroupDRO] epoch=  80 | dro=0.0728 | val_worst=2.0163 | q=[0.376,0.262,0.211,0.151]
[GroupDRO] epoch= 100 | dro=0.0563 | val_worst=1.8609 | q=[0.389,0.268,0.205,0.138]
[GroupDRO] epoch= 120 | dro=0.0439 | val_worst=2.8769 | q=[0.394,0.267,0.206,0.133]
[GroupDRO] epoch= 140 | dro=0.0328 | val_worst=3.3869 | q=[0.389,0.268,0.213,0.130]
[GroupDRO] epoch= 160 | dro=0.0230 | val_worst=3.4862 | q=[0.381,0.267,0.221,0.131]
[GroupDRO] epoch= 180 | dro=0.0192 | val_worst=4.6058 | q=[0.376,0.270,0.224,0.130]
[GroupDRO] epoch= 200 | dro=0.0119 | val_worst=4.8844 | q=[0.373,0.273,0.223,0.131]
[GroupDRO] Training done. Best val_worst=0.5227
[GroupDRO] Training metrics -> /home/epigou/cs_9170_project/training_runs/BASELINE_group_dro_group_dro_fold0_05518d87__G202606041525/seed_42/metrics.csv
[GroupDRO] Best model saved -> /home/epigou/cs_9170_project/training_runs/BASELINE_group_dro_group_dro_fold0_05518d87__G202606041525/seed_42/gdro_model.pt
FFNN Using device: cpu
FFNN Using device: cpu
FFNN Using device: cpu
[TestSuite] Loaded best β weights from: /home/epigou/cs_9170_project/training_runs/BASELINE_group_dro_group_dro_fold0_05518d87__G202606041525/seed_42/gdro_model.pt

[TEST] Alpha -> F1(min)=0.3216 | F1(maj)=0.9844 | F1(weighted)=0.9609 | F1(macro)=0.6530 | Brier=0.0268
[TEST] Beta  -> F1(min)=0.3699 | F1(maj)=0.9476 | F1(weighted)=0.9272 | F1(macro)=0.6588 | Brier=0.0706
[TestSuite] Final test metrics appended to (seed): /home/epigou/cs_9170_project/training_runs/BASELINE_group_dro_group_dro_fold0_05518d87__G202606041525/seed_42/final_test_metrics.csv
[TestSuite] Final test metrics appended to (experiment): /home/epigou/cs_9170_project/training_runs/BASELINE_group_dro_group_dro_fold0_05518d87__G202606041525/final_test_metrics.csv
[GroupDRO] Done. seed=42 | time=9121.8s
[GroupDRO] Results in /home/epigou/cs_9170_project/training_runs/BASELINE_group_dro_group_dro_fold0_05518d87__G202606041525/seed_42
