[run_baseline] baseline=alpha
[run_baseline] spec=experiment_specs/capture24_rand10_baselines/alpha_fold2.yaml
[run_baseline] device=cpu
[run_baseline] exp_group=BASELINE_alpha_alpha_fold2_f56efb8b__G202606041813
[run_baseline] seeds=[42]
[run_baseline] k-fold mode: fold_idx=2, n_folds=5

[run_baseline] ---- seed=42 ----
[capture24-kfold] Cache: 992,430 windows, 40 subjects, fold 2/5
[TRAIN] size=4,000, MVPA=137 (3.4%), female=2,022, female_MVPA=60, male_MVPA=77
[VAL] size=4,000, MVPA=229 (5.7%), female=2,109, female_MVPA=134, male_MVPA=95
[TEST] size=130,942, MVPA=7,497 (5.7%), female=69,058, female_MVPA=4,393, male_MVPA=3,104
fold_idx=2 | held_out_subs=[np.int64(5), np.int64(14), np.int64(18), np.int64(3), np.int64(27), np.int64(32), np.int64(39), np.int64(31)] | theta_dim=15
[Alpha] exp_group=BASELINE_alpha_alpha_fold2_f56efb8b__G202606041813  seed=42
[Alpha] dataset=capture24  feature_dim=15
[Alpha] ffnn_config epochs=10 lr=0.00024106501268706255
FFNN Using device: cpu
FFNN Using device: cpu
[TestSuite] Loaded best β weights from: /home/epigou/cs_9170_project/training_runs/BASELINE_alpha_alpha_fold2_f56efb8b__G202606041813/seed_42/alpha_model.pt

[TEST] Alpha -> F1(min)=0.0019 | F1(maj)=0.9703 | F1(weighted)=0.9149 | F1(macro)=0.4861 | Brier=0.0491
[TEST] Beta  -> F1(min)=0.0019 | F1(maj)=0.9703 | F1(weighted)=0.9149 | F1(macro)=0.4861 | Brier=0.0491
[TestSuite] Final test metrics appended to (seed): /home/epigou/cs_9170_project/training_runs/BASELINE_alpha_alpha_fold2_f56efb8b__G202606041813/seed_42/final_test_metrics.csv
[TestSuite] Final test metrics appended to (experiment): /home/epigou/cs_9170_project/training_runs/BASELINE_alpha_alpha_fold2_f56efb8b__G202606041813/final_test_metrics.csv
[Alpha] Done. seed=42 | time=235.5s
[Alpha] Results in /home/epigou/cs_9170_project/training_runs/BASELINE_alpha_alpha_fold2_f56efb8b__G202606041813/seed_42
