[run_baseline] baseline=gaussian_ot_repair
[run_baseline] spec=experiment_specs/capture24_rand10_baselines/gaussian_ot_repair_fold4.yaml
[run_baseline] device=cpu
[run_baseline] exp_group=BASELINE_gaussian_ot_repair_gaussian_ot_repair_fold4_a99c17a1__G202606041525
[run_baseline] seeds=[42]
[run_baseline] k-fold mode: fold_idx=4, n_folds=5

[run_baseline] ---- seed=42 ----
[capture24-kfold] Cache: 992,430 windows, 40 subjects, fold 4/5
[TRAIN] size=4,000, MVPA=145 (3.6%), female=2,007, female_MVPA=60, male_MVPA=85
[VAL] size=4,000, MVPA=197 (4.9%), female=1,938, female_MVPA=117, male_MVPA=80
[TEST] size=118,657, MVPA=5,840 (4.9%), female=57,476, female_MVPA=3,460, male_MVPA=2,380
fold_idx=4 | held_out_subs=[np.int64(8), np.int64(11), np.int64(16), np.int64(10), np.int64(28), np.int64(30), np.int64(21), np.int64(35)] | theta_dim=15
[OTRepair] exp_group=BASELINE_gaussian_ot_repair_gaussian_ot_repair_fold4_a99c17a1__G202606041525  seed=42
[OTRepair] dataset=capture24  feature_dim=15
[OTRepair] ot_config={'lam': 1.0, 'n_groups': 2, 'cov_reg': 1e-05, 'barycenter_iters': 100, 'repair_test': True, 'include_val_in_train': False}
[OTRepair] seed_dir=/home/epigou/cs_9170_project/training_runs/BASELINE_gaussian_ot_repair_gaussian_ot_repair_fold4_a99c17a1__G202606041525/seed_42
[OTRepair] Group 0: n=1993, ||μ||=1.0575, cov_diag=[0.0759, 12.8673]
[OTRepair] Group 1: n=2007, ||μ||=1.0501, cov_diag=[0.0848, 10.9361]
[OTRepair] Barycenter computed. μ* norm=0.0037
[OTRepair] Group 0: A_g computed, ||A_g - I||=108.1296
[OTRepair] Group 1: A_g computed, ||A_g - I||=119.6764
[OTRepair] Test features repaired.
FFNN Using device: cpu
[OTRepair] ERM trained on repaired features.
FFNN Using device: cpu
[OTRepair] Alpha (ERM on original features) trained.
FFNN Using device: cpu
[TestSuite] Loaded best β weights from: /home/epigou/cs_9170_project/training_runs/BASELINE_gaussian_ot_repair_gaussian_ot_repair_fold4_a99c17a1__G202606041525/seed_42/otrep_model.pt

[TEST] Alpha -> F1(min)=0.2910 | F1(maj)=0.9729 | F1(weighted)=0.9393 | F1(macro)=0.6319 | Brier=0.0409
[TEST] Beta  -> F1(min)=0.3018 | F1(maj)=0.9739 | F1(weighted)=0.9408 | F1(macro)=0.6378 | Brier=0.0400
[TestSuite] Final test metrics appended to (seed): /home/epigou/cs_9170_project/training_runs/BASELINE_gaussian_ot_repair_gaussian_ot_repair_fold4_a99c17a1__G202606041525/seed_42/final_test_metrics.csv
[TestSuite] Final test metrics appended to (experiment): /home/epigou/cs_9170_project/training_runs/BASELINE_gaussian_ot_repair_gaussian_ot_repair_fold4_a99c17a1__G202606041525/final_test_metrics.csv
[OTRepair] Done. seed=42 | time=1809.3s
[OTRepair] Results in /home/epigou/cs_9170_project/training_runs/BASELINE_gaussian_ot_repair_gaussian_ot_repair_fold4_a99c17a1__G202606041525/seed_42
