[run_baseline] baseline=fairtabddpm
[run_baseline] spec=experiment_specs/capture24_rand10_baselines/fairtabddpm_fold2.yaml
[run_baseline] device=cuda:0
[run_baseline] exp_group=BASELINE_fairtabddpm_fairtabddpm_fold2_869108c0__G202606041527
[run_baseline] seeds=[42]
[run_baseline] k-fold mode: fold_idx=2, n_folds=5

[run_baseline] ---- seed=42 ----
[capture24-kfold] Cache: 992,430 windows, 40 subjects, fold 2/5
[TRAIN] size=4,000, MVPA=137 (3.4%), female=2,022, female_MVPA=60, male_MVPA=77
[VAL] size=4,000, MVPA=229 (5.7%), female=2,109, female_MVPA=134, male_MVPA=95
[TEST] size=130,942, MVPA=7,497 (5.7%), female=69,058, female_MVPA=4,393, male_MVPA=3,104
fold_idx=2 | held_out_subs=[np.int64(5), np.int64(14), np.int64(18), np.int64(3), np.int64(27), np.int64(32), np.int64(39), np.int64(31)] | theta_dim=15
[FairTabDDPM] exp_group=BASELINE_fairtabddpm_fairtabddpm_fold2_869108c0__G202606041527  seed=42
[FairTabDDPM] dataset=capture24  feature_dim=15
[FairTabDDPM] cfg={'timesteps': 100, 'd_emb': 128, 'n_layers': 4, 'lr': 0.00039, 'weight_decay': 0.0, 'diff_epochs': 1000, 'batch_size': 256, 'n_synthetic': 2000, 'overall_guid_weight': 1.0, 'cond_guid_weight': 1.0, 'cond_guid_threshold': 0.1, 'warmup_steps': 10}
[FairTabDDPM] Training diffusion model for 1000 epochs ...
[FairTabDDPM] epoch=    1 | loss=1.26272
[FairTabDDPM] epoch=  100 | loss=0.11186
[FairTabDDPM] epoch=  200 | loss=0.10121
[FairTabDDPM] epoch=  300 | loss=0.09742
[FairTabDDPM] epoch=  400 | loss=0.09242
[FairTabDDPM] epoch=  500 | loss=0.09167
[FairTabDDPM] epoch=  600 | loss=0.08792
[FairTabDDPM] epoch=  700 | loss=0.08930
[FairTabDDPM] epoch=  800 | loss=0.08801
[FairTabDDPM] epoch=  900 | loss=0.08320
[FairTabDDPM] epoch= 1000 | loss=0.08679
[FairTabDDPM] Diffusion done. Best loss=0.08191
[FairTabDDPM] Diffusion training done in 735.3s
[FairTabDDPM] Disadvantaged group: a=1 (pos_g0=77, pos_g1=60)
[FairTabDDPM] Sampling 2000 fair synthetic samples (y=1, a=1) ...
[FairTabDDPM] Got 2000 synthetic samples.
[FairTabDDPM] Augmented: 6000 total (2137 pos)
FFNN Using device: cuda:0
FFNN Using device: cuda:0
FFNN Using device: cuda:0
[TestSuite] Loaded best β weights from: /home/epigou/cs_9170_project/training_runs/BASELINE_fairtabddpm_fairtabddpm_fold2_869108c0__G202606041525/seed_42/fairtabddpm_model.pt

[TEST] Alpha -> F1(min)=0.0019 | F1(maj)=0.9703 | F1(weighted)=0.9149 | F1(macro)=0.4861 | Brier=0.0491
[TEST] Beta  -> F1(min)=0.4885 | F1(maj)=0.9498 | F1(weighted)=0.9234 | F1(macro)=0.7192 | Brier=0.0628
[TestSuite] Final test metrics appended to (seed): /home/epigou/cs_9170_project/training_runs/BASELINE_fairtabddpm_fairtabddpm_fold2_869108c0__G202606041525/seed_42/final_test_metrics.csv
[TestSuite] Final test metrics appended to (experiment): /home/epigou/cs_9170_project/training_runs/BASELINE_fairtabddpm_fairtabddpm_fold2_869108c0__G202606041525/final_test_metrics.csv
[FairTabDDPM] Diffusion metrics -> /home/epigou/cs_9170_project/training_runs/BASELINE_fairtabddpm_fairtabddpm_fold2_869108c0__G202606041525/seed_42/diff_metrics.csv
[FairTabDDPM] Done. seed=42 | time=769.2s
