[run_baseline] baseline=smote
[run_baseline] spec=experiment_specs/capture24_rand10_baselines/smote_fold0.yaml
[run_baseline] device=cpu
[run_baseline] exp_group=BASELINE_smote_smote_fold0_7c9d1cd4__G202606041525
[run_baseline] seeds=[42]
[run_baseline] k-fold mode: fold_idx=0, n_folds=5

[run_baseline] ---- seed=42 ----
[capture24-kfold] Cache: 992,430 windows, 40 subjects, fold 0/5
[TRAIN] size=4,000, MVPA=150 (3.8%), female=1,927, female_MVPA=60, male_MVPA=90
[VAL] size=4,000, MVPA=142 (3.5%), female=2,276, female_MVPA=85, male_MVPA=57
[TEST] size=108,395, MVPA=3,840 (3.5%), female=61,677, female_MVPA=2,300, male_MVPA=1,540
fold_idx=0 | held_out_subs=[np.int64(17), np.int64(2), np.int64(12), np.int64(13), np.int64(29), np.int64(26), np.int64(22), np.int64(36)] | theta_dim=15
[SMOTE] exp_group=BASELINE_smote_smote_fold0_7c9d1cd4__G202606041525  seed=42
[SMOTE] dataset=capture24  feature_dim=15
[SMOTE] smote_config={'n_synthetic': 1000, 'two_phase': True, 'epochs': 100, 'lr': 0.001, 'batch_size': 64, 'include_val_in_train': False}
[SMOTE] seed_dir=/home/epigou/cs_9170_project/training_runs/BASELINE_smote_smote_fold0_7c9d1cd4__G202606041525/seed_42
[SMOTE] Phase-1 synthetic (minority y=1): 1000 samples
[SMOTE] Phase-2 synthetic (majority y=0): 1000 samples
[SMOTE] Combined training set: 6000 samples (real=4000, syn1=1000, syn0=1000)
FFNN Using device: cpu
[SMOTE] Model saved -> /home/epigou/cs_9170_project/training_runs/BASELINE_smote_smote_fold0_7c9d1cd4__G202606041525/seed_42/smote_model.pt
FFNN Using device: cpu
FFNN Using device: cpu
[TestSuite] Loaded best β weights from: /home/epigou/cs_9170_project/training_runs/BASELINE_smote_smote_fold0_7c9d1cd4__G202606041525/seed_42/smote_model.pt

[TEST] Alpha -> F1(min)=0.3216 | F1(maj)=0.9844 | F1(weighted)=0.9609 | F1(macro)=0.6530 | Brier=0.0268
[TEST] Beta  -> F1(min)=0.4062 | F1(maj)=0.9769 | F1(weighted)=0.9567 | F1(macro)=0.6915 | Brier=0.0333
[TestSuite] Final test metrics appended to (seed): /home/epigou/cs_9170_project/training_runs/BASELINE_smote_smote_fold0_7c9d1cd4__G202606041525/seed_42/final_test_metrics.csv
[TestSuite] Final test metrics appended to (experiment): /home/epigou/cs_9170_project/training_runs/BASELINE_smote_smote_fold0_7c9d1cd4__G202606041525/final_test_metrics.csv
[SMOTE] Done. seed=42 | time=2096.1s
[SMOTE] Results in /home/epigou/cs_9170_project/training_runs/BASELINE_smote_smote_fold0_7c9d1cd4__G202606041525/seed_42
