[run_baseline] baseline=smote
[run_baseline] spec=experiment_specs/census_val_train_test/smote.yaml
[run_baseline] device=cuda:1
[run_baseline] exp_group=BASELINE_smote_smote_20806d25__G202606041524
[run_baseline] seeds=[0, 1, 2, 3, 42]

[run_baseline] ---- seed=0 ----
[TRAIN] size=3000, minority=689 (22.97%)
[VAL] size=6032, minority=1501 (24.88%)
[TEST] size=6033, minority=1502 (24.90%)
[SMOTE] exp_group=BASELINE_smote_smote_20806d25__G202606041524  seed=0
[SMOTE] dataset=census_income  feature_dim=10
[SMOTE] smote_config={'n_synthetic': 2000, 'two_phase': True, 'epochs': 100, 'lr': 0.001, 'batch_size': 64, 'include_val_in_train': False}
[SMOTE] seed_dir=/home/epigou/cs_9170_project/training_runs/BASELINE_smote_smote_20806d25__G202606041524/seed_0
[SMOTE] Phase-1 synthetic (minority y=1): 2000 samples
[SMOTE] Phase-2 synthetic (majority y=0): 2000 samples
[SMOTE] Combined training set: 7000 samples (real=3000, syn1=2000, syn0=2000)
FFNN Using device: cuda:1
[SMOTE] Model saved -> /home/epigou/cs_9170_project/training_runs/BASELINE_smote_smote_20806d25__G202606041524/seed_0/smote_model.pt
FFNN Using device: cuda:1
FFNN Using device: cuda:1
[TestSuite] Loaded best β weights from: /home/epigou/cs_9170_project/training_runs/BASELINE_smote_smote_20806d25__G202606041524/seed_0/smote_model.pt

[TEST] Alpha -> F1(min)=0.6150 | F1(maj)=0.8967 | F1(weighted)=0.8265 | F1(macro)=0.7558 | Brier=0.1149
[TEST] Beta  -> F1(min)=0.5085 | F1(maj)=0.8773 | F1(weighted)=0.7855 | F1(macro)=0.6929 | Brier=0.1406
[TestSuite] Final test metrics appended to (seed): /home/epigou/cs_9170_project/training_runs/BASELINE_smote_smote_20806d25__G202606041524/seed_0/final_test_metrics.csv
[TestSuite] Final test metrics appended to (experiment): /home/epigou/cs_9170_project/training_runs/BASELINE_smote_smote_20806d25__G202606041524/final_test_metrics.csv
[SMOTE] Done. seed=0 | time=10.9s
[SMOTE] Results in /home/epigou/cs_9170_project/training_runs/BASELINE_smote_smote_20806d25__G202606041524/seed_0

[run_baseline] ---- seed=1 ----
[TRAIN] size=3000, minority=712 (23.73%)
[VAL] size=6032, minority=1501 (24.88%)
[TEST] size=6033, minority=1502 (24.90%)
[SMOTE] exp_group=BASELINE_smote_smote_20806d25__G202606041524  seed=1
[SMOTE] dataset=census_income  feature_dim=10
[SMOTE] smote_config={'n_synthetic': 2000, 'two_phase': True, 'epochs': 100, 'lr': 0.001, 'batch_size': 64, 'include_val_in_train': False}
[SMOTE] seed_dir=/home/epigou/cs_9170_project/training_runs/BASELINE_smote_smote_20806d25__G202606041524/seed_1
[SMOTE] Phase-1 synthetic (minority y=1): 2000 samples
[SMOTE] Phase-2 synthetic (majority y=0): 2000 samples
[SMOTE] Combined training set: 7000 samples (real=3000, syn1=2000, syn0=2000)
FFNN Using device: cuda:1
[SMOTE] Model saved -> /home/epigou/cs_9170_project/training_runs/BASELINE_smote_smote_20806d25__G202606041524/seed_1/smote_model.pt
FFNN Using device: cuda:1
FFNN Using device: cuda:1
[TestSuite] Loaded best β weights from: /home/epigou/cs_9170_project/training_runs/BASELINE_smote_smote_20806d25__G202606041524/seed_1/smote_model.pt

[TEST] Alpha -> F1(min)=0.6227 | F1(maj)=0.8951 | F1(weighted)=0.8273 | F1(macro)=0.7589 | Brier=0.1125
[TEST] Beta  -> F1(min)=0.5556 | F1(maj)=0.8780 | F1(weighted)=0.7977 | F1(macro)=0.7168 | Brier=0.1359
[TestSuite] Final test metrics appended to (seed): /home/epigou/cs_9170_project/training_runs/BASELINE_smote_smote_20806d25__G202606041524/seed_1/final_test_metrics.csv
[TestSuite] Final test metrics appended to (experiment): /home/epigou/cs_9170_project/training_runs/BASELINE_smote_smote_20806d25__G202606041524/final_test_metrics.csv
[SMOTE] Done. seed=1 | time=9.4s
[SMOTE] Results in /home/epigou/cs_9170_project/training_runs/BASELINE_smote_smote_20806d25__G202606041524/seed_1

[run_baseline] ---- seed=2 ----
[TRAIN] size=3000, minority=742 (24.73%)
[VAL] size=6032, minority=1501 (24.88%)
[TEST] size=6033, minority=1502 (24.90%)
[SMOTE] exp_group=BASELINE_smote_smote_20806d25__G202606041524  seed=2
[SMOTE] dataset=census_income  feature_dim=10
[SMOTE] smote_config={'n_synthetic': 2000, 'two_phase': True, 'epochs': 100, 'lr': 0.001, 'batch_size': 64, 'include_val_in_train': False}
[SMOTE] seed_dir=/home/epigou/cs_9170_project/training_runs/BASELINE_smote_smote_20806d25__G202606041524/seed_2
[SMOTE] Phase-1 synthetic (minority y=1): 2000 samples
[SMOTE] Phase-2 synthetic (majority y=0): 2000 samples
[SMOTE] Combined training set: 7000 samples (real=3000, syn1=2000, syn0=2000)
FFNN Using device: cuda:1
[SMOTE] Model saved -> /home/epigou/cs_9170_project/training_runs/BASELINE_smote_smote_20806d25__G202606041524/seed_2/smote_model.pt
FFNN Using device: cuda:1
FFNN Using device: cuda:1
[TestSuite] Loaded best β weights from: /home/epigou/cs_9170_project/training_runs/BASELINE_smote_smote_20806d25__G202606041524/seed_2/smote_model.pt

[TEST] Alpha -> F1(min)=0.6424 | F1(maj)=0.9013 | F1(weighted)=0.8369 | F1(macro)=0.7719 | Brier=0.1102
[TEST] Beta  -> F1(min)=0.5748 | F1(maj)=0.8903 | F1(weighted)=0.8118 | F1(macro)=0.7326 | Brier=0.1274
[TestSuite] Final test metrics appended to (seed): /home/epigou/cs_9170_project/training_runs/BASELINE_smote_smote_20806d25__G202606041524/seed_2/final_test_metrics.csv
[TestSuite] Final test metrics appended to (experiment): /home/epigou/cs_9170_project/training_runs/BASELINE_smote_smote_20806d25__G202606041524/final_test_metrics.csv
[SMOTE] Done. seed=2 | time=9.0s
[SMOTE] Results in /home/epigou/cs_9170_project/training_runs/BASELINE_smote_smote_20806d25__G202606041524/seed_2

[run_baseline] ---- seed=3 ----
[TRAIN] size=3000, minority=748 (24.93%)
[VAL] size=6032, minority=1501 (24.88%)
[TEST] size=6033, minority=1502 (24.90%)
[SMOTE] exp_group=BASELINE_smote_smote_20806d25__G202606041524  seed=3
[SMOTE] dataset=census_income  feature_dim=10
[SMOTE] smote_config={'n_synthetic': 2000, 'two_phase': True, 'epochs': 100, 'lr': 0.001, 'batch_size': 64, 'include_val_in_train': False}
[SMOTE] seed_dir=/home/epigou/cs_9170_project/training_runs/BASELINE_smote_smote_20806d25__G202606041524/seed_3
[SMOTE] Phase-1 synthetic (minority y=1): 2000 samples
[SMOTE] Phase-2 synthetic (majority y=0): 2000 samples
[SMOTE] Combined training set: 7000 samples (real=3000, syn1=2000, syn0=2000)
FFNN Using device: cuda:1
[SMOTE] Model saved -> /home/epigou/cs_9170_project/training_runs/BASELINE_smote_smote_20806d25__G202606041524/seed_3/smote_model.pt
FFNN Using device: cuda:1
FFNN Using device: cuda:1
[TestSuite] Loaded best β weights from: /home/epigou/cs_9170_project/training_runs/BASELINE_smote_smote_20806d25__G202606041524/seed_3/smote_model.pt

[TEST] Alpha -> F1(min)=0.6539 | F1(maj)=0.8947 | F1(weighted)=0.8348 | F1(macro)=0.7743 | Brier=0.1124
[TEST] Beta  -> F1(min)=0.5496 | F1(maj)=0.8864 | F1(weighted)=0.8025 | F1(macro)=0.7180 | Brier=0.1267
[TestSuite] Final test metrics appended to (seed): /home/epigou/cs_9170_project/training_runs/BASELINE_smote_smote_20806d25__G202606041524/seed_3/final_test_metrics.csv
[TestSuite] Final test metrics appended to (experiment): /home/epigou/cs_9170_project/training_runs/BASELINE_smote_smote_20806d25__G202606041524/final_test_metrics.csv
[SMOTE] Done. seed=3 | time=9.3s
[SMOTE] Results in /home/epigou/cs_9170_project/training_runs/BASELINE_smote_smote_20806d25__G202606041524/seed_3

[run_baseline] ---- seed=42 ----
[TRAIN] size=3000, minority=666 (22.20%)
[VAL] size=6032, minority=1501 (24.88%)
[TEST] size=6033, minority=1502 (24.90%)
[SMOTE] exp_group=BASELINE_smote_smote_20806d25__G202606041524  seed=42
[SMOTE] dataset=census_income  feature_dim=10
[SMOTE] smote_config={'n_synthetic': 2000, 'two_phase': True, 'epochs': 100, 'lr': 0.001, 'batch_size': 64, 'include_val_in_train': False}
[SMOTE] seed_dir=/home/epigou/cs_9170_project/training_runs/BASELINE_smote_smote_20806d25__G202606041524/seed_42
[SMOTE] Phase-1 synthetic (minority y=1): 2000 samples
[SMOTE] Phase-2 synthetic (majority y=0): 2000 samples
[SMOTE] Combined training set: 7000 samples (real=3000, syn1=2000, syn0=2000)
FFNN Using device: cuda:1
[SMOTE] Model saved -> /home/epigou/cs_9170_project/training_runs/BASELINE_smote_smote_20806d25__G202606041524/seed_42/smote_model.pt
FFNN Using device: cuda:1
FFNN Using device: cuda:1
[TestSuite] Loaded best β weights from: /home/epigou/cs_9170_project/training_runs/BASELINE_smote_smote_20806d25__G202606041524/seed_42/smote_model.pt

[TEST] Alpha -> F1(min)=0.6302 | F1(maj)=0.8948 | F1(weighted)=0.8290 | F1(macro)=0.7625 | Brier=0.1143
[TEST] Beta  -> F1(min)=0.5443 | F1(maj)=0.8799 | F1(weighted)=0.7963 | F1(macro)=0.7121 | Brier=0.1347
[TestSuite] Final test metrics appended to (seed): /home/epigou/cs_9170_project/training_runs/BASELINE_smote_smote_20806d25__G202606041524/seed_42/final_test_metrics.csv
[TestSuite] Final test metrics appended to (experiment): /home/epigou/cs_9170_project/training_runs/BASELINE_smote_smote_20806d25__G202606041524/final_test_metrics.csv
[SMOTE] Done. seed=42 | time=9.4s
[SMOTE] Results in /home/epigou/cs_9170_project/training_runs/BASELINE_smote_smote_20806d25__G202606041524/seed_42
