[run_baseline] baseline=alpha
[run_baseline] spec=experiment_specs/census_val_train_test/alpha.yaml
[run_baseline] device=cpu
[run_baseline] exp_group=BASELINE_alpha_alpha_fefff56b__G202606041813
[run_baseline] seeds=[0, 1, 2, 3, 42]

[run_baseline] ---- seed=0 ----
[TRAIN] size=3000, minority=689 (22.97%)
[VAL] size=6032, minority=1501 (24.88%)
[TEST] size=6033, minority=1502 (24.90%)
[Alpha] exp_group=BASELINE_alpha_alpha_fefff56b__G202606041813  seed=0
[Alpha] dataset=census_income  feature_dim=10
[Alpha] ffnn_config epochs=30 lr=0.001
FFNN Using device: cpu
FFNN Using device: cpu
[TestSuite] Loaded best β weights from: /home/epigou/cs_9170_project/training_runs/BASELINE_alpha_alpha_fefff56b__G202606041813/seed_0/alpha_model.pt

[TEST] Alpha -> F1(min)=0.6150 | F1(maj)=0.8967 | F1(weighted)=0.8265 | F1(macro)=0.7558 | Brier=0.1149
[TEST] Beta  -> F1(min)=0.6150 | F1(maj)=0.8967 | F1(weighted)=0.8265 | F1(macro)=0.7558 | Brier=0.1149
[TestSuite] Final test metrics appended to (seed): /home/epigou/cs_9170_project/training_runs/BASELINE_alpha_alpha_fefff56b__G202606041813/seed_0/final_test_metrics.csv
[TestSuite] Final test metrics appended to (experiment): /home/epigou/cs_9170_project/training_runs/BASELINE_alpha_alpha_fefff56b__G202606041813/final_test_metrics.csv
[Alpha] Done. seed=0 | time=185.9s
[Alpha] Results in /home/epigou/cs_9170_project/training_runs/BASELINE_alpha_alpha_fefff56b__G202606041813/seed_0

[run_baseline] ---- seed=1 ----
[TRAIN] size=3000, minority=712 (23.73%)
[VAL] size=6032, minority=1501 (24.88%)
[TEST] size=6033, minority=1502 (24.90%)
[Alpha] exp_group=BASELINE_alpha_alpha_fefff56b__G202606041813  seed=1
[Alpha] dataset=census_income  feature_dim=10
[Alpha] ffnn_config epochs=30 lr=0.001
FFNN Using device: cpu
FFNN Using device: cpu
[TestSuite] Loaded best β weights from: /home/epigou/cs_9170_project/training_runs/BASELINE_alpha_alpha_fefff56b__G202606041813/seed_1/alpha_model.pt

[TEST] Alpha -> F1(min)=0.6227 | F1(maj)=0.8951 | F1(weighted)=0.8273 | F1(macro)=0.7589 | Brier=0.1125
[TEST] Beta  -> F1(min)=0.6227 | F1(maj)=0.8951 | F1(weighted)=0.8273 | F1(macro)=0.7589 | Brier=0.1125
[TestSuite] Final test metrics appended to (seed): /home/epigou/cs_9170_project/training_runs/BASELINE_alpha_alpha_fefff56b__G202606041813/seed_1/final_test_metrics.csv
[TestSuite] Final test metrics appended to (experiment): /home/epigou/cs_9170_project/training_runs/BASELINE_alpha_alpha_fefff56b__G202606041813/final_test_metrics.csv
[Alpha] Done. seed=1 | time=51.5s
[Alpha] Results in /home/epigou/cs_9170_project/training_runs/BASELINE_alpha_alpha_fefff56b__G202606041813/seed_1

[run_baseline] ---- seed=2 ----
[TRAIN] size=3000, minority=742 (24.73%)
[VAL] size=6032, minority=1501 (24.88%)
[TEST] size=6033, minority=1502 (24.90%)
[Alpha] exp_group=BASELINE_alpha_alpha_fefff56b__G202606041813  seed=2
[Alpha] dataset=census_income  feature_dim=10
[Alpha] ffnn_config epochs=30 lr=0.001
FFNN Using device: cpu
FFNN Using device: cpu
[TestSuite] Loaded best β weights from: /home/epigou/cs_9170_project/training_runs/BASELINE_alpha_alpha_fefff56b__G202606041813/seed_2/alpha_model.pt

[TEST] Alpha -> F1(min)=0.6424 | F1(maj)=0.9013 | F1(weighted)=0.8369 | F1(macro)=0.7719 | Brier=0.1102
[TEST] Beta  -> F1(min)=0.6424 | F1(maj)=0.9013 | F1(weighted)=0.8369 | F1(macro)=0.7719 | Brier=0.1102
[TestSuite] Final test metrics appended to (seed): /home/epigou/cs_9170_project/training_runs/BASELINE_alpha_alpha_fefff56b__G202606041813/seed_2/final_test_metrics.csv
[TestSuite] Final test metrics appended to (experiment): /home/epigou/cs_9170_project/training_runs/BASELINE_alpha_alpha_fefff56b__G202606041813/final_test_metrics.csv
[Alpha] Done. seed=2 | time=2.1s
[Alpha] Results in /home/epigou/cs_9170_project/training_runs/BASELINE_alpha_alpha_fefff56b__G202606041813/seed_2

[run_baseline] ---- seed=3 ----
[TRAIN] size=3000, minority=748 (24.93%)
[VAL] size=6032, minority=1501 (24.88%)
[TEST] size=6033, minority=1502 (24.90%)
[Alpha] exp_group=BASELINE_alpha_alpha_fefff56b__G202606041813  seed=3
[Alpha] dataset=census_income  feature_dim=10
[Alpha] ffnn_config epochs=30 lr=0.001
FFNN Using device: cpu
FFNN Using device: cpu
[TestSuite] Loaded best β weights from: /home/epigou/cs_9170_project/training_runs/BASELINE_alpha_alpha_fefff56b__G202606041813/seed_3/alpha_model.pt

[TEST] Alpha -> F1(min)=0.6539 | F1(maj)=0.8947 | F1(weighted)=0.8348 | F1(macro)=0.7743 | Brier=0.1124
[TEST] Beta  -> F1(min)=0.6539 | F1(maj)=0.8947 | F1(weighted)=0.8348 | F1(macro)=0.7743 | Brier=0.1124
[TestSuite] Final test metrics appended to (seed): /home/epigou/cs_9170_project/training_runs/BASELINE_alpha_alpha_fefff56b__G202606041813/seed_3/final_test_metrics.csv
[TestSuite] Final test metrics appended to (experiment): /home/epigou/cs_9170_project/training_runs/BASELINE_alpha_alpha_fefff56b__G202606041813/final_test_metrics.csv
[Alpha] Done. seed=3 | time=2.1s
[Alpha] Results in /home/epigou/cs_9170_project/training_runs/BASELINE_alpha_alpha_fefff56b__G202606041813/seed_3

[run_baseline] ---- seed=42 ----
[TRAIN] size=3000, minority=666 (22.20%)
[VAL] size=6032, minority=1501 (24.88%)
[TEST] size=6033, minority=1502 (24.90%)
[Alpha] exp_group=BASELINE_alpha_alpha_fefff56b__G202606041813  seed=42
[Alpha] dataset=census_income  feature_dim=10
[Alpha] ffnn_config epochs=30 lr=0.001
FFNN Using device: cpu
FFNN Using device: cpu
[TestSuite] Loaded best β weights from: /home/epigou/cs_9170_project/training_runs/BASELINE_alpha_alpha_fefff56b__G202606041813/seed_42/alpha_model.pt

[TEST] Alpha -> F1(min)=0.6308 | F1(maj)=0.8949 | F1(weighted)=0.8292 | F1(macro)=0.7628 | Brier=0.1143
[TEST] Beta  -> F1(min)=0.6308 | F1(maj)=0.8949 | F1(weighted)=0.8292 | F1(macro)=0.7628 | Brier=0.1143
[TestSuite] Final test metrics appended to (seed): /home/epigou/cs_9170_project/training_runs/BASELINE_alpha_alpha_fefff56b__G202606041813/seed_42/final_test_metrics.csv
[TestSuite] Final test metrics appended to (experiment): /home/epigou/cs_9170_project/training_runs/BASELINE_alpha_alpha_fefff56b__G202606041813/final_test_metrics.csv
[Alpha] Done. seed=42 | time=2.1s
[Alpha] Results in /home/epigou/cs_9170_project/training_runs/BASELINE_alpha_alpha_fefff56b__G202606041813/seed_42
