[run_baseline] baseline=fairtabddpm
[run_baseline] spec=experiment_specs/census_val_train_test/fairtabddpm.yaml
[run_baseline] device=cuda:1
[run_baseline] exp_group=BASELINE_fairtabddpm_fairtabddpm_354ee8f1__G202606041527
[run_baseline] seeds=[0, 1, 2, 3, 42]

[run_baseline] ---- seed=0 ----
[TRAIN] size=3000, minority=689 (22.97%)
[VAL] size=6032, minority=1501 (24.88%)
[TEST] size=6033, minority=1502 (24.90%)
[FairTabDDPM] exp_group=BASELINE_fairtabddpm_fairtabddpm_354ee8f1__G202606041527  seed=0
[FairTabDDPM] dataset=census_income  feature_dim=10
[FairTabDDPM] cfg={'timesteps': 100, 'd_emb': 128, 'n_layers': 4, 'lr': 0.00039, 'weight_decay': 0.0, 'diff_epochs': 1000, 'batch_size': 256, 'n_synthetic': 2000, 'overall_guid_weight': 1.0, 'cond_guid_weight': 1.0, 'cond_guid_threshold': 0.1, 'warmup_steps': 10}
[FairTabDDPM] Training diffusion model for 1000 epochs ...
[FairTabDDPM] epoch=    1 | loss=1.09581
[FairTabDDPM] epoch=  100 | loss=0.19365
[FairTabDDPM] epoch=  200 | loss=0.17550
[FairTabDDPM] epoch=  300 | loss=0.14971
[FairTabDDPM] epoch=  400 | loss=0.14696
[FairTabDDPM] epoch=  500 | loss=0.14487
[FairTabDDPM] epoch=  600 | loss=0.14446
[FairTabDDPM] epoch=  700 | loss=0.13613
[FairTabDDPM] epoch=  800 | loss=0.14191
[FairTabDDPM] epoch=  900 | loss=0.13893
[FairTabDDPM] epoch= 1000 | loss=0.13335
[FairTabDDPM] Diffusion done. Best loss=0.12532
[FairTabDDPM] Diffusion training done in 556.7s
[FairTabDDPM] Disadvantaged group: a=0 (pos_g0=43, pos_g1=646)
[FairTabDDPM] Sampling 2000 fair synthetic samples (y=1, a=0) ...
[FairTabDDPM] Got 2000 synthetic samples.
[FairTabDDPM] Augmented: 5000 total (2689 pos)
FFNN Using device: cuda:1
FFNN Using device: cuda:1
FFNN Using device: cuda:1
[TestSuite] Loaded best β weights from: /home/epigou/cs_9170_project/training_runs/BASELINE_fairtabddpm_fairtabddpm_354ee8f1__G202606041527/seed_0/fairtabddpm_model.pt

[TEST] Alpha -> F1(min)=0.6150 | F1(maj)=0.8967 | F1(weighted)=0.8265 | F1(macro)=0.7558 | Brier=0.1149
[TEST] Beta  -> F1(min)=0.6229 | F1(maj)=0.8457 | F1(weighted)=0.7903 | F1(macro)=0.7343 | Brier=0.1469
[TestSuite] Final test metrics appended to (seed): /home/epigou/cs_9170_project/training_runs/BASELINE_fairtabddpm_fairtabddpm_354ee8f1__G202606041527/seed_0/final_test_metrics.csv
[TestSuite] Final test metrics appended to (experiment): /home/epigou/cs_9170_project/training_runs/BASELINE_fairtabddpm_fairtabddpm_354ee8f1__G202606041527/final_test_metrics.csv
[FairTabDDPM] Diffusion metrics -> /home/epigou/cs_9170_project/training_runs/BASELINE_fairtabddpm_fairtabddpm_354ee8f1__G202606041527/seed_0/diff_metrics.csv
[FairTabDDPM] Done. seed=0 | time=624.1s

[run_baseline] ---- seed=1 ----
[TRAIN] size=3000, minority=712 (23.73%)
[VAL] size=6032, minority=1501 (24.88%)
[TEST] size=6033, minority=1502 (24.90%)
[FairTabDDPM] exp_group=BASELINE_fairtabddpm_fairtabddpm_354ee8f1__G202606041527  seed=1
[FairTabDDPM] dataset=census_income  feature_dim=10
[FairTabDDPM] cfg={'timesteps': 100, 'd_emb': 128, 'n_layers': 4, 'lr': 0.00039, 'weight_decay': 0.0, 'diff_epochs': 1000, 'batch_size': 256, 'n_synthetic': 2000, 'overall_guid_weight': 1.0, 'cond_guid_weight': 1.0, 'cond_guid_threshold': 0.1, 'warmup_steps': 10}
[FairTabDDPM] Training diffusion model for 1000 epochs ...
[FairTabDDPM] epoch=    1 | loss=1.17629
[FairTabDDPM] epoch=  100 | loss=0.16431
[FairTabDDPM] epoch=  200 | loss=0.15548
[FairTabDDPM] epoch=  300 | loss=0.15408
[FairTabDDPM] epoch=  400 | loss=0.14340
[FairTabDDPM] epoch=  500 | loss=0.14473
[FairTabDDPM] epoch=  600 | loss=0.14394
[FairTabDDPM] epoch=  700 | loss=0.14854
[FairTabDDPM] epoch=  800 | loss=0.13983
[FairTabDDPM] epoch=  900 | loss=0.14196
[FairTabDDPM] epoch= 1000 | loss=0.14029
[FairTabDDPM] Diffusion done. Best loss=0.12732
[FairTabDDPM] Diffusion training done in 499.6s
[FairTabDDPM] Disadvantaged group: a=0 (pos_g0=43, pos_g1=669)
[FairTabDDPM] Sampling 2000 fair synthetic samples (y=1, a=0) ...
[FairTabDDPM] Got 2000 synthetic samples.
[FairTabDDPM] Augmented: 5000 total (2712 pos)
FFNN Using device: cuda:1
FFNN Using device: cuda:1
Traceback (most recent call last):
  File "/home/epigou/cs_9170_project/run_baseline.py", line 367, in <module>
    main()
  File "/home/epigou/cs_9170_project/run_baseline.py", line 363, in main
    run_baseline_all_seeds(args.spec, device)
  File "/home/epigou/cs_9170_project/run_baseline.py", line 340, in run_baseline_all_seeds
    trainer()
  File "/home/epigou/cs_9170_project/benchmarks/fairtabddpm_baseline.py", line 440, in __call__
    torch.save(beta_agent.model.state_dict(), model_path)
  File "/home/epigou/envs/rl/lib/python3.10/site-packages/torch/serialization.py", line 943, in save
    with _open_zipfile_writer(f) as opened_zipfile:
  File "/home/epigou/envs/rl/lib/python3.10/site-packages/torch/serialization.py", line 810, in _open_zipfile_writer
    return container(name_or_buffer)
  File "/home/epigou/envs/rl/lib/python3.10/site-packages/torch/serialization.py", line 781, in __init__
    super().__init__(torch._C.PyTorchFileWriter(self.name, _compute_crc32))
RuntimeError: Parent directory /home/epigou/cs_9170_project/training_runs/BASELINE_fairtabddpm_fairtabddpm_354ee8f1__G202606041527/seed_1 does not exist.
