[chain] Starting: experiment_specs/p1_capture24_bias002_gdro_5s.json
[run_baseline] baseline=group_dro
[run_baseline] spec=experiment_specs/p1_capture24_bias002_gdro_5s.json
[run_baseline] device=cuda:0
[run_baseline] exp_group=BASELINE_group_dro_p1_capture24_bias002_gdro_5s_cf3e96ec__G202603261354
[run_baseline] seeds=[42, 0, 1, 2, 3]

[run_baseline] ---- seed=42 ----
[capture24] Cache: 992,430 windows, 40 participants
[capture24] MVPA=47,324  (4.8%),  female=505,628  (50.9%)
[TRAIN] size=3,000, MVPA=60 (2.0%), female=1,567, female_MVPA=45, male_MVPA=15
[VAL] size=3,000, MVPA=60 (2.0%), female=1,635, female_MVPA=24, male_MVPA=36
[TEST] size=211,857, MVPA=11,454 (5.4%), female=97,271, female_MVPA=5,441, male_MVPA=6,013
use_pca=False | theta_dim=32
[GroupDRO] exp_group=BASELINE_group_dro_p1_capture24_bias002_gdro_5s_cf3e96ec__G202603261354  seed=42
[GroupDRO] dataset=capture24  feature_dim=32
[GroupDRO] gdro_config={'lr': 0.001, 'epochs': 200, 'batch_size': 64, 'eta': 0.01, 'n_groups': 4}
[GroupDRO] seed_dir=/home/epigou/cs_9170_project/training_runs/BASELINE_group_dro_p1_capture24_bias002_gdro_5s_cf3e96ec__G202603261354/seed_42
[GroupDRO] epoch=   1 | dro=0.5161 | val_worst=0.5801 | q=[0.246,0.217,0.260,0.277]
[GroupDRO] epoch=  20 | dro=0.1094 | val_worst=0.8431 | q=[0.216,0.157,0.328,0.298]
[GroupDRO] epoch=  40 | dro=0.0640 | val_worst=1.1304 | q=[0.202,0.160,0.352,0.287]
[GroupDRO] epoch=  60 | dro=0.0321 | val_worst=2.5595 | q=[0.199,0.162,0.366,0.273]
[GroupDRO] epoch=  80 | dro=0.0177 | val_worst=4.0255 | q=[0.199,0.164,0.370,0.267]
[GroupDRO] epoch= 100 | dro=0.0105 | val_worst=5.4996 | q=[0.204,0.165,0.368,0.263]
[GroupDRO] epoch= 120 | dro=0.0082 | val_worst=6.6996 | q=[0.207,0.155,0.371,0.268]
[GroupDRO] epoch= 140 | dro=0.0047 | val_worst=7.7392 | q=[0.213,0.154,0.366,0.267]
[GroupDRO] epoch= 160 | dro=0.0033 | val_worst=8.9926 | q=[0.219,0.154,0.361,0.267]
[GroupDRO] epoch= 180 | dro=0.0020 | val_worst=9.8407 | q=[0.224,0.153,0.357,0.266]
[GroupDRO] epoch= 200 | dro=0.0012 | val_worst=9.8011 | q=[0.228,0.152,0.354,0.266]
[GroupDRO] Training done. Best val_worst=0.4250
[GroupDRO] Training metrics -> /home/epigou/cs_9170_project/training_runs/BASELINE_group_dro_p1_capture24_bias002_gdro_5s_cf3e96ec__G202603261354/seed_42/metrics.csv
[GroupDRO] Best model saved -> /home/epigou/cs_9170_project/training_runs/BASELINE_group_dro_p1_capture24_bias002_gdro_5s_cf3e96ec__G202603261354/seed_42/gdro_model.pt
FFNN Using device: cuda:0
FFNN Using device: cuda:0
FFNN Using device: cuda:0
[TestSuite] Loaded best β weights from: /home/epigou/cs_9170_project/training_runs/BASELINE_group_dro_p1_capture24_bias002_gdro_5s_cf3e96ec__G202603261354/seed_42/gdro_model.pt

[TEST] Alpha -> F1(min)=0.2723 | F1(maj)=0.9742 | F1(weighted)=0.9362 | F1(macro)=0.6233 | Brier=0.0439
[TEST] Beta  -> F1(min)=0.3205 | F1(maj)=0.9139 | F1(weighted)=0.8818 | F1(macro)=0.6172 | Brier=0.0904
[TestSuite] Final test metrics appended to (seed): /home/epigou/cs_9170_project/training_runs/BASELINE_group_dro_p1_capture24_bias002_gdro_5s_cf3e96ec__G202603261354/seed_42/final_test_metrics.csv
[TestSuite] Final test metrics appended to (experiment): /home/epigou/cs_9170_project/training_runs/BASELINE_group_dro_p1_capture24_bias002_gdro_5s_cf3e96ec__G202603261354/final_test_metrics.csv
[GroupDRO] Done. seed=42 | time=47.7s
[GroupDRO] Results in /home/epigou/cs_9170_project/training_runs/BASELINE_group_dro_p1_capture24_bias002_gdro_5s_cf3e96ec__G202603261354/seed_42

[run_baseline] ---- seed=0 ----
[capture24] Cache: 992,430 windows, 40 participants
[capture24] MVPA=47,324  (4.8%),  female=505,628  (50.9%)
[TRAIN] size=3,000, MVPA=60 (2.0%), female=1,513, female_MVPA=29, male_MVPA=31
[VAL] size=3,000, MVPA=60 (2.0%), female=1,496, female_MVPA=42, male_MVPA=18
[TEST] size=219,212, MVPA=6,406 (2.9%), female=112,606, female_MVPA=3,006, male_MVPA=3,400
use_pca=False | theta_dim=32
[GroupDRO] exp_group=BASELINE_group_dro_p1_capture24_bias002_gdro_5s_cf3e96ec__G202603261354  seed=0
[GroupDRO] dataset=capture24  feature_dim=32
[GroupDRO] gdro_config={'lr': 0.001, 'epochs': 200, 'batch_size': 64, 'eta': 0.01, 'n_groups': 4}
[GroupDRO] seed_dir=/home/epigou/cs_9170_project/training_runs/BASELINE_group_dro_p1_capture24_bias002_gdro_5s_cf3e96ec__G202603261354/seed_0
[GroupDRO] epoch=   1 | dro=0.2925 | val_worst=0.9432 | q=[0.258,0.246,0.262,0.235]
[GroupDRO] epoch=  20 | dro=0.0823 | val_worst=2.2184 | q=[0.256,0.291,0.290,0.163]
[GroupDRO] epoch=  40 | dro=0.0453 | val_worst=3.3364 | q=[0.275,0.278,0.303,0.144]
[GroupDRO] epoch=  60 | dro=0.0275 | val_worst=4.4604 | q=[0.291,0.269,0.303,0.137]
[GroupDRO] epoch=  80 | dro=0.0141 | val_worst=6.0702 | q=[0.307,0.264,0.295,0.135]
[GroupDRO] epoch= 100 | dro=0.0092 | val_worst=6.7976 | q=[0.317,0.261,0.287,0.134]
[GroupDRO] epoch= 120 | dro=0.0056 | val_worst=7.6559 | q=[0.325,0.261,0.282,0.132]
[GroupDRO] epoch= 140 | dro=0.0184 | val_worst=7.3617 | q=[0.331,0.259,0.278,0.131]
[GroupDRO] epoch= 160 | dro=0.0033 | val_worst=8.2225 | q=[0.336,0.256,0.277,0.131]
[GroupDRO] epoch= 180 | dro=0.0021 | val_worst=8.6831 | q=[0.342,0.254,0.273,0.131]
[GroupDRO] epoch= 200 | dro=0.0013 | val_worst=9.0891 | q=[0.345,0.254,0.270,0.131]
[GroupDRO] Training done. Best val_worst=0.9432
[GroupDRO] Training metrics -> /home/epigou/cs_9170_project/training_runs/BASELINE_group_dro_p1_capture24_bias002_gdro_5s_cf3e96ec__G202603261354/seed_0/metrics.csv
[GroupDRO] Best model saved -> /home/epigou/cs_9170_project/training_runs/BASELINE_group_dro_p1_capture24_bias002_gdro_5s_cf3e96ec__G202603261354/seed_0/gdro_model.pt
FFNN Using device: cuda:0
FFNN Using device: cuda:0
FFNN Using device: cuda:0
[TestSuite] Loaded best β weights from: /home/epigou/cs_9170_project/training_runs/BASELINE_group_dro_p1_capture24_bias002_gdro_5s_cf3e96ec__G202603261354/seed_0/gdro_model.pt

[TEST] Alpha -> F1(min)=0.2945 | F1(maj)=0.9858 | F1(weighted)=0.9656 | F1(macro)=0.6402 | Brier=0.0250
[TEST] Beta  -> F1(min)=0.3030 | F1(maj)=0.9497 | F1(weighted)=0.9308 | F1(macro)=0.6263 | Brier=0.0702
[TestSuite] Final test metrics appended to (seed): /home/epigou/cs_9170_project/training_runs/BASELINE_group_dro_p1_capture24_bias002_gdro_5s_cf3e96ec__G202603261354/seed_0/final_test_metrics.csv
[TestSuite] Final test metrics appended to (experiment): /home/epigou/cs_9170_project/training_runs/BASELINE_group_dro_p1_capture24_bias002_gdro_5s_cf3e96ec__G202603261354/final_test_metrics.csv
[GroupDRO] Done. seed=0 | time=47.4s
[GroupDRO] Results in /home/epigou/cs_9170_project/training_runs/BASELINE_group_dro_p1_capture24_bias002_gdro_5s_cf3e96ec__G202603261354/seed_0

[run_baseline] ---- seed=1 ----
[capture24] Cache: 992,430 windows, 40 participants
[capture24] MVPA=47,324  (4.8%),  female=505,628  (50.9%)
[TRAIN] size=3,000, MVPA=60 (2.0%), female=1,452, female_MVPA=31, male_MVPA=29
[VAL] size=3,000, MVPA=60 (2.0%), female=1,562, female_MVPA=36, male_MVPA=24
[TEST] size=203,563, MVPA=9,123 (4.5%), female=108,338, female_MVPA=7,061, male_MVPA=2,062
use_pca=False | theta_dim=32
[GroupDRO] exp_group=BASELINE_group_dro_p1_capture24_bias002_gdro_5s_cf3e96ec__G202603261354  seed=1
[GroupDRO] dataset=capture24  feature_dim=32
[GroupDRO] gdro_config={'lr': 0.001, 'epochs': 200, 'batch_size': 64, 'eta': 0.01, 'n_groups': 4}
[GroupDRO] seed_dir=/home/epigou/cs_9170_project/training_runs/BASELINE_group_dro_p1_capture24_bias002_gdro_5s_cf3e96ec__G202603261354/seed_1
[GroupDRO] epoch=   1 | dro=0.3548 | val_worst=0.9427 | q=[0.254,0.226,0.266,0.253]
[GroupDRO] epoch=  20 | dro=0.1209 | val_worst=1.3051 | q=[0.250,0.115,0.266,0.368]
[GroupDRO] epoch=  40 | dro=0.0745 | val_worst=1.8685 | q=[0.286,0.138,0.250,0.326]
[GroupDRO] epoch=  60 | dro=0.0499 | val_worst=3.1869 | q=[0.330,0.157,0.226,0.286]
[GroupDRO] epoch=  80 | dro=0.0398 | val_worst=3.0982 | q=[0.367,0.174,0.207,0.252]
[GroupDRO] epoch= 100 | dro=0.0260 | val_worst=4.9647 | q=[0.395,0.187,0.193,0.225]
[GroupDRO] epoch= 120 | dro=0.0295 | val_worst=5.0486 | q=[0.415,0.200,0.183,0.202]
[GroupDRO] epoch= 140 | dro=0.0178 | val_worst=6.0295 | q=[0.431,0.210,0.177,0.182]
[GroupDRO] epoch= 160 | dro=0.0144 | val_worst=6.2067 | q=[0.443,0.219,0.170,0.168]
[GroupDRO] epoch= 180 | dro=0.0134 | val_worst=6.7189 | q=[0.456,0.228,0.164,0.152]
[GroupDRO] epoch= 200 | dro=0.0114 | val_worst=7.0642 | q=[0.464,0.235,0.159,0.142]
[GroupDRO] Training done. Best val_worst=0.6941
[GroupDRO] Training metrics -> /home/epigou/cs_9170_project/training_runs/BASELINE_group_dro_p1_capture24_bias002_gdro_5s_cf3e96ec__G202603261354/seed_1/metrics.csv
[GroupDRO] Best model saved -> /home/epigou/cs_9170_project/training_runs/BASELINE_group_dro_p1_capture24_bias002_gdro_5s_cf3e96ec__G202603261354/seed_1/gdro_model.pt
FFNN Using device: cuda:0
FFNN Using device: cuda:0
FFNN Using device: cuda:0
[TestSuite] Loaded best β weights from: /home/epigou/cs_9170_project/training_runs/BASELINE_group_dro_p1_capture24_bias002_gdro_5s_cf3e96ec__G202603261354/seed_1/gdro_model.pt

[TEST] Alpha -> F1(min)=0.3155 | F1(maj)=0.9769 | F1(weighted)=0.9473 | F1(macro)=0.6462 | Brier=0.0392
[TEST] Beta  -> F1(min)=0.4717 | F1(maj)=0.9553 | F1(weighted)=0.9337 | F1(macro)=0.7135 | Brier=0.0600
[TestSuite] Final test metrics appended to (seed): /home/epigou/cs_9170_project/training_runs/BASELINE_group_dro_p1_capture24_bias002_gdro_5s_cf3e96ec__G202603261354/seed_1/final_test_metrics.csv
[TestSuite] Final test metrics appended to (experiment): /home/epigou/cs_9170_project/training_runs/BASELINE_group_dro_p1_capture24_bias002_gdro_5s_cf3e96ec__G202603261354/final_test_metrics.csv
[GroupDRO] Done. seed=1 | time=44.1s
[GroupDRO] Results in /home/epigou/cs_9170_project/training_runs/BASELINE_group_dro_p1_capture24_bias002_gdro_5s_cf3e96ec__G202603261354/seed_1

[run_baseline] ---- seed=2 ----
[capture24] Cache: 992,430 windows, 40 participants
[capture24] MVPA=47,324  (4.8%),  female=505,628  (50.9%)
[TRAIN] size=3,000, MVPA=60 (2.0%), female=1,487, female_MVPA=37, male_MVPA=23
[VAL] size=3,000, MVPA=60 (2.0%), female=1,451, female_MVPA=46, male_MVPA=14
[TEST] size=180,868, MVPA=7,917 (4.4%), female=97,728, female_MVPA=3,587, male_MVPA=4,330
use_pca=False | theta_dim=32
[GroupDRO] exp_group=BASELINE_group_dro_p1_capture24_bias002_gdro_5s_cf3e96ec__G202603261354  seed=2
[GroupDRO] dataset=capture24  feature_dim=32
[GroupDRO] gdro_config={'lr': 0.001, 'epochs': 200, 'batch_size': 64, 'eta': 0.01, 'n_groups': 4}
[GroupDRO] seed_dir=/home/epigou/cs_9170_project/training_runs/BASELINE_group_dro_p1_capture24_bias002_gdro_5s_cf3e96ec__G202603261354/seed_2
[GroupDRO] epoch=   1 | dro=0.4462 | val_worst=0.6196 | q=[0.236,0.238,0.234,0.292]
[GroupDRO] epoch=  20 | dro=0.0817 | val_worst=1.1064 | q=[0.268,0.208,0.243,0.281]
[GroupDRO] epoch=  40 | dro=0.0501 | val_worst=4.0482 | q=[0.317,0.188,0.233,0.262]
[GroupDRO] epoch=  60 | dro=0.0274 | val_worst=5.8865 | q=[0.348,0.175,0.223,0.254]
[GroupDRO] epoch=  80 | dro=0.0154 | val_worst=7.5526 | q=[0.364,0.169,0.217,0.251]
[GroupDRO] epoch= 100 | dro=0.0086 | val_worst=8.4921 | q=[0.373,0.167,0.213,0.246]
[GroupDRO] epoch= 120 | dro=0.0039 | val_worst=9.7957 | q=[0.377,0.168,0.212,0.243]
[GroupDRO] epoch= 140 | dro=0.0037 | val_worst=9.9219 | q=[0.378,0.169,0.211,0.242]
[GroupDRO] epoch= 160 | dro=0.0010 | val_worst=11.4810 | q=[0.380,0.170,0.209,0.241]
[GroupDRO] epoch= 180 | dro=0.0005 | val_worst=11.5776 | q=[0.379,0.170,0.209,0.241]
[GroupDRO] epoch= 200 | dro=0.0003 | val_worst=12.0472 | q=[0.379,0.171,0.208,0.242]
[GroupDRO] Training done. Best val_worst=0.4849
[GroupDRO] Training metrics -> /home/epigou/cs_9170_project/training_runs/BASELINE_group_dro_p1_capture24_bias002_gdro_5s_cf3e96ec__G202603261354/seed_2/metrics.csv
[GroupDRO] Best model saved -> /home/epigou/cs_9170_project/training_runs/BASELINE_group_dro_p1_capture24_bias002_gdro_5s_cf3e96ec__G202603261354/seed_2/gdro_model.pt
FFNN Using device: cuda:0
FFNN Using device: cuda:0
FFNN Using device: cuda:0
[TestSuite] Loaded best β weights from: /home/epigou/cs_9170_project/training_runs/BASELINE_group_dro_p1_capture24_bias002_gdro_5s_cf3e96ec__G202603261354/seed_2/gdro_model.pt

[TEST] Alpha -> F1(min)=0.3423 | F1(maj)=0.9789 | F1(weighted)=0.9510 | F1(macro)=0.6606 | Brier=0.0361
[TEST] Beta  -> F1(min)=0.5382 | F1(maj)=0.9622 | F1(weighted)=0.9437 | F1(macro)=0.7502 | Brier=0.0495
[TestSuite] Final test metrics appended to (seed): /home/epigou/cs_9170_project/training_runs/BASELINE_group_dro_p1_capture24_bias002_gdro_5s_cf3e96ec__G202603261354/seed_2/final_test_metrics.csv
[TestSuite] Final test metrics appended to (experiment): /home/epigou/cs_9170_project/training_runs/BASELINE_group_dro_p1_capture24_bias002_gdro_5s_cf3e96ec__G202603261354/final_test_metrics.csv
[GroupDRO] Done. seed=2 | time=45.0s
[GroupDRO] Results in /home/epigou/cs_9170_project/training_runs/BASELINE_group_dro_p1_capture24_bias002_gdro_5s_cf3e96ec__G202603261354/seed_2

[run_baseline] ---- seed=3 ----
[capture24] Cache: 992,430 windows, 40 participants
[capture24] MVPA=47,324  (4.8%),  female=505,628  (50.9%)
[TRAIN] size=3,000, MVPA=60 (2.0%), female=1,509, female_MVPA=18, male_MVPA=42
[VAL] size=3,000, MVPA=60 (2.0%), female=1,652, female_MVPA=37, male_MVPA=23
[TEST] size=195,666, MVPA=17,024 (8.7%), female=101,357, female_MVPA=13,672, male_MVPA=3,352
use_pca=False | theta_dim=32
[GroupDRO] exp_group=BASELINE_group_dro_p1_capture24_bias002_gdro_5s_cf3e96ec__G202603261354  seed=3
[GroupDRO] dataset=capture24  feature_dim=32
[GroupDRO] gdro_config={'lr': 0.001, 'epochs': 200, 'batch_size': 64, 'eta': 0.01, 'n_groups': 4}
[GroupDRO] seed_dir=/home/epigou/cs_9170_project/training_runs/BASELINE_group_dro_p1_capture24_bias002_gdro_5s_cf3e96ec__G202603261354/seed_3
[GroupDRO] epoch=   1 | dro=0.3785 | val_worst=0.5528 | q=[0.262,0.243,0.264,0.232]
[GroupDRO] epoch=  20 | dro=0.0420 | val_worst=2.2499 | q=[0.310,0.272,0.250,0.168]
[GroupDRO] epoch=  40 | dro=0.0325 | val_worst=3.2303 | q=[0.363,0.281,0.218,0.139]
[GroupDRO] epoch=  60 | dro=0.0299 | val_worst=2.7862 | q=[0.405,0.281,0.193,0.122]
[GroupDRO] epoch=  80 | dro=0.0196 | val_worst=7.3513 | q=[0.437,0.280,0.174,0.110]
[GroupDRO] epoch= 100 | dro=0.0137 | val_worst=8.3422 | q=[0.458,0.283,0.160,0.099]
[GroupDRO] epoch= 120 | dro=0.0129 | val_worst=10.4089 | q=[0.473,0.287,0.147,0.093]
[GroupDRO] epoch= 140 | dro=0.0089 | val_worst=11.2830 | q=[0.481,0.291,0.138,0.090]
[GroupDRO] epoch= 160 | dro=0.0040 | val_worst=11.7185 | q=[0.485,0.295,0.132,0.087]
[GroupDRO] epoch= 180 | dro=0.0037 | val_worst=11.8710 | q=[0.478,0.292,0.149,0.081]
[GroupDRO] epoch= 200 | dro=0.0063 | val_worst=11.7487 | q=[0.479,0.294,0.146,0.080]
[GroupDRO] Training done. Best val_worst=0.5528
[GroupDRO] Training metrics -> /home/epigou/cs_9170_project/training_runs/BASELINE_group_dro_p1_capture24_bias002_gdro_5s_cf3e96ec__G202603261354/seed_3/metrics.csv
[GroupDRO] Best model saved -> /home/epigou/cs_9170_project/training_runs/BASELINE_group_dro_p1_capture24_bias002_gdro_5s_cf3e96ec__G202603261354/seed_3/gdro_model.pt
FFNN Using device: cuda:0
FFNN Using device: cuda:0
FFNN Using device: cuda:0
[TestSuite] Loaded best β weights from: /home/epigou/cs_9170_project/training_runs/BASELINE_group_dro_p1_capture24_bias002_gdro_5s_cf3e96ec__G202603261354/seed_3/gdro_model.pt

[TEST] Alpha -> F1(min)=0.3678 | F1(maj)=0.9610 | F1(weighted)=0.9094 | F1(macro)=0.6644 | Brier=0.0661
[TEST] Beta  -> F1(min)=0.5184 | F1(maj)=0.9343 | F1(weighted)=0.8981 | F1(macro)=0.7264 | Brier=0.1045
[TestSuite] Final test metrics appended to (seed): /home/epigou/cs_9170_project/training_runs/BASELINE_group_dro_p1_capture24_bias002_gdro_5s_cf3e96ec__G202603261354/seed_3/final_test_metrics.csv
[TestSuite] Final test metrics appended to (experiment): /home/epigou/cs_9170_project/training_runs/BASELINE_group_dro_p1_capture24_bias002_gdro_5s_cf3e96ec__G202603261354/final_test_metrics.csv
[GroupDRO] Done. seed=3 | time=44.4s
[GroupDRO] Results in /home/epigou/cs_9170_project/training_runs/BASELINE_group_dro_p1_capture24_bias002_gdro_5s_cf3e96ec__G202603261354/seed_3
[chain] Done: experiment_specs/p1_capture24_bias002_gdro_5s.json
[chain] Starting: experiment_specs/p1_capture24_bias002_otrep_5s.json
[run_baseline] baseline=gaussian_ot_repair
[run_baseline] spec=experiment_specs/p1_capture24_bias002_otrep_5s.json
[run_baseline] device=cuda:0
[run_baseline] exp_group=BASELINE_gaussian_ot_repair_p1_capture24_bias002_otrep_5s_ff220b37__G202603261358
[run_baseline] seeds=[42, 0, 1, 2, 3]

[run_baseline] ---- seed=42 ----
[capture24] Cache: 992,430 windows, 40 participants
[capture24] MVPA=47,324  (4.8%),  female=505,628  (50.9%)
[TRAIN] size=3,000, MVPA=60 (2.0%), female=1,567, female_MVPA=45, male_MVPA=15
[VAL] size=3,000, MVPA=60 (2.0%), female=1,635, female_MVPA=24, male_MVPA=36
[TEST] size=211,857, MVPA=11,454 (5.4%), female=97,271, female_MVPA=5,441, male_MVPA=6,013
use_pca=False | theta_dim=32
[OTRepair] exp_group=BASELINE_gaussian_ot_repair_p1_capture24_bias002_otrep_5s_ff220b37__G202603261358  seed=42
[OTRepair] dataset=capture24  feature_dim=32
[OTRepair] ot_config={'lam': 1.0, 'n_groups': 2, 'cov_reg': 1e-05, 'barycenter_iters': 100, 'repair_test': True}
[OTRepair] seed_dir=/home/epigou/cs_9170_project/training_runs/BASELINE_gaussian_ot_repair_p1_capture24_bias002_otrep_5s_ff220b37__G202603261358/seed_42
[OTRepair] Group 0: n=1433, ||μ||=0.4722, cov_diag=[0.4834, 1.0265]
[OTRepair] Group 1: n=1567, ||μ||=0.4318, cov_diag=[0.9320, 1.4688]
[OTRepair] Barycenter computed. μ* norm=0.0202
[OTRepair] Group 0: A_g computed, ||A_g - I||=315.3905
[OTRepair] Group 1: A_g computed, ||A_g - I||=315.2908
[OTRepair] Test features repaired.
FFNN Using device: cuda:0
[OTRepair] ERM trained on repaired features.
FFNN Using device: cuda:0
[OTRepair] Alpha (ERM on original features) trained.
FFNN Using device: cuda:0
[TestSuite] Loaded best β weights from: /home/epigou/cs_9170_project/training_runs/BASELINE_gaussian_ot_repair_p1_capture24_bias002_otrep_5s_ff220b37__G202603261358/seed_42/otrep_model.pt

[TEST] Alpha -> F1(min)=0.3136 | F1(maj)=0.9745 | F1(weighted)=0.9387 | F1(macro)=0.6440 | Brier=0.0435
[TEST] Beta  -> F1(min)=0.3196 | F1(maj)=0.9731 | F1(weighted)=0.9377 | F1(macro)=0.6463 | Brier=0.0428
[TestSuite] Final test metrics appended to (seed): /home/epigou/cs_9170_project/training_runs/BASELINE_gaussian_ot_repair_p1_capture24_bias002_otrep_5s_ff220b37__G202603261358/seed_42/final_test_metrics.csv
[TestSuite] Final test metrics appended to (experiment): /home/epigou/cs_9170_project/training_runs/BASELINE_gaussian_ot_repair_p1_capture24_bias002_otrep_5s_ff220b37__G202603261358/final_test_metrics.csv
[OTRepair] Done. seed=42 | time=20.5s
[OTRepair] Results in /home/epigou/cs_9170_project/training_runs/BASELINE_gaussian_ot_repair_p1_capture24_bias002_otrep_5s_ff220b37__G202603261358/seed_42

[run_baseline] ---- seed=0 ----
[capture24] Cache: 992,430 windows, 40 participants
[capture24] MVPA=47,324  (4.8%),  female=505,628  (50.9%)
[TRAIN] size=3,000, MVPA=60 (2.0%), female=1,513, female_MVPA=29, male_MVPA=31
[VAL] size=3,000, MVPA=60 (2.0%), female=1,496, female_MVPA=42, male_MVPA=18
[TEST] size=219,212, MVPA=6,406 (2.9%), female=112,606, female_MVPA=3,006, male_MVPA=3,400
use_pca=False | theta_dim=32
[OTRepair] exp_group=BASELINE_gaussian_ot_repair_p1_capture24_bias002_otrep_5s_ff220b37__G202603261358  seed=0
[OTRepair] dataset=capture24  feature_dim=32
[OTRepair] ot_config={'lam': 1.0, 'n_groups': 2, 'cov_reg': 1e-05, 'barycenter_iters': 100, 'repair_test': True}
[OTRepair] seed_dir=/home/epigou/cs_9170_project/training_runs/BASELINE_gaussian_ot_repair_p1_capture24_bias002_otrep_5s_ff220b37__G202603261358/seed_0
[OTRepair] Group 0: n=1487, ||μ||=0.3031, cov_diag=[0.7658, 1.0281]
[OTRepair] Group 1: n=1513, ||μ||=0.2979, cov_diag=[0.9569, 1.2180]
[OTRepair] Barycenter computed. μ* norm=0.0026
[OTRepair] Group 0: A_g computed, ||A_g - I||=315.3376
[OTRepair] Group 1: A_g computed, ||A_g - I||=315.3253
[OTRepair] Test features repaired.
FFNN Using device: cuda:0
[OTRepair] ERM trained on repaired features.
FFNN Using device: cuda:0
[OTRepair] Alpha (ERM on original features) trained.
FFNN Using device: cuda:0
[TestSuite] Loaded best β weights from: /home/epigou/cs_9170_project/training_runs/BASELINE_gaussian_ot_repair_p1_capture24_bias002_otrep_5s_ff220b37__G202603261358/seed_0/otrep_model.pt

[TEST] Alpha -> F1(min)=0.2951 | F1(maj)=0.9858 | F1(weighted)=0.9656 | F1(macro)=0.6405 | Brier=0.0250
[TEST] Beta  -> F1(min)=0.2523 | F1(maj)=0.9854 | F1(weighted)=0.9640 | F1(macro)=0.6189 | Brier=0.0260
[TestSuite] Final test metrics appended to (seed): /home/epigou/cs_9170_project/training_runs/BASELINE_gaussian_ot_repair_p1_capture24_bias002_otrep_5s_ff220b37__G202603261358/seed_0/final_test_metrics.csv
[TestSuite] Final test metrics appended to (experiment): /home/epigou/cs_9170_project/training_runs/BASELINE_gaussian_ot_repair_p1_capture24_bias002_otrep_5s_ff220b37__G202603261358/final_test_metrics.csv
[OTRepair] Done. seed=0 | time=19.0s
[OTRepair] Results in /home/epigou/cs_9170_project/training_runs/BASELINE_gaussian_ot_repair_p1_capture24_bias002_otrep_5s_ff220b37__G202603261358/seed_0

[run_baseline] ---- seed=1 ----
[capture24] Cache: 992,430 windows, 40 participants
[capture24] MVPA=47,324  (4.8%),  female=505,628  (50.9%)
[TRAIN] size=3,000, MVPA=60 (2.0%), female=1,452, female_MVPA=31, male_MVPA=29
[VAL] size=3,000, MVPA=60 (2.0%), female=1,562, female_MVPA=36, male_MVPA=24
[TEST] size=203,563, MVPA=9,123 (4.5%), female=108,338, female_MVPA=7,061, male_MVPA=2,062
use_pca=False | theta_dim=32
[OTRepair] exp_group=BASELINE_gaussian_ot_repair_p1_capture24_bias002_otrep_5s_ff220b37__G202603261358  seed=1
[OTRepair] dataset=capture24  feature_dim=32
[OTRepair] ot_config={'lam': 1.0, 'n_groups': 2, 'cov_reg': 1e-05, 'barycenter_iters': 100, 'repair_test': True}
[OTRepair] seed_dir=/home/epigou/cs_9170_project/training_runs/BASELINE_gaussian_ot_repair_p1_capture24_bias002_otrep_5s_ff220b37__G202603261358/seed_1
[OTRepair] Group 0: n=1548, ||μ||=0.3497, cov_diag=[0.7034, 1.0588]
[OTRepair] Group 1: n=1452, ||μ||=0.3728, cov_diag=[0.9331, 1.3172]
[OTRepair] Barycenter computed. μ* norm=0.0116
[OTRepair] Group 0: A_g computed, ||A_g - I||=315.3750
[OTRepair] Group 1: A_g computed, ||A_g - I||=315.4315
[OTRepair] Test features repaired.
FFNN Using device: cuda:0
[OTRepair] ERM trained on repaired features.
FFNN Using device: cuda:0
[OTRepair] Alpha (ERM on original features) trained.
FFNN Using device: cuda:0
[TestSuite] Loaded best β weights from: /home/epigou/cs_9170_project/training_runs/BASELINE_gaussian_ot_repair_p1_capture24_bias002_otrep_5s_ff220b37__G202603261358/seed_1/otrep_model.pt

[TEST] Alpha -> F1(min)=0.2769 | F1(maj)=0.9764 | F1(weighted)=0.9451 | F1(macro)=0.6267 | Brier=0.0393
[TEST] Beta  -> F1(min)=0.3849 | F1(maj)=0.9785 | F1(weighted)=0.9519 | F1(macro)=0.6817 | Brier=0.0348
[TestSuite] Final test metrics appended to (seed): /home/epigou/cs_9170_project/training_runs/BASELINE_gaussian_ot_repair_p1_capture24_bias002_otrep_5s_ff220b37__G202603261358/seed_1/final_test_metrics.csv
[TestSuite] Final test metrics appended to (experiment): /home/epigou/cs_9170_project/training_runs/BASELINE_gaussian_ot_repair_p1_capture24_bias002_otrep_5s_ff220b37__G202603261358/final_test_metrics.csv
[OTRepair] Done. seed=1 | time=19.0s
[OTRepair] Results in /home/epigou/cs_9170_project/training_runs/BASELINE_gaussian_ot_repair_p1_capture24_bias002_otrep_5s_ff220b37__G202603261358/seed_1

[run_baseline] ---- seed=2 ----
[capture24] Cache: 992,430 windows, 40 participants
[capture24] MVPA=47,324  (4.8%),  female=505,628  (50.9%)
[TRAIN] size=3,000, MVPA=60 (2.0%), female=1,487, female_MVPA=37, male_MVPA=23
[VAL] size=3,000, MVPA=60 (2.0%), female=1,451, female_MVPA=46, male_MVPA=14
[TEST] size=180,868, MVPA=7,917 (4.4%), female=97,728, female_MVPA=3,587, male_MVPA=4,330
use_pca=False | theta_dim=32
[OTRepair] exp_group=BASELINE_gaussian_ot_repair_p1_capture24_bias002_otrep_5s_ff220b37__G202603261358  seed=2
[OTRepair] dataset=capture24  feature_dim=32
[OTRepair] ot_config={'lam': 1.0, 'n_groups': 2, 'cov_reg': 1e-05, 'barycenter_iters': 100, 'repair_test': True}
[OTRepair] seed_dir=/home/epigou/cs_9170_project/training_runs/BASELINE_gaussian_ot_repair_p1_capture24_bias002_otrep_5s_ff220b37__G202603261358/seed_2
[OTRepair] Group 0: n=1513, ||μ||=0.2659, cov_diag=[0.5690, 1.0032]
[OTRepair] Group 1: n=1487, ||μ||=0.2706, cov_diag=[0.9953, 1.4307]
[OTRepair] Barycenter computed. μ* norm=0.0023
[OTRepair] Group 0: A_g computed, ||A_g - I||=315.3091
[OTRepair] Group 1: A_g computed, ||A_g - I||=315.3764
[OTRepair] Test features repaired.
FFNN Using device: cuda:0
[OTRepair] ERM trained on repaired features.
FFNN Using device: cuda:0
[OTRepair] Alpha (ERM on original features) trained.
FFNN Using device: cuda:0
[TestSuite] Loaded best β weights from: /home/epigou/cs_9170_project/training_runs/BASELINE_gaussian_ot_repair_p1_capture24_bias002_otrep_5s_ff220b37__G202603261358/seed_2/otrep_model.pt

[TEST] Alpha -> F1(min)=0.3032 | F1(maj)=0.9779 | F1(weighted)=0.9484 | F1(macro)=0.6406 | Brier=0.0385
[TEST] Beta  -> F1(min)=0.3354 | F1(maj)=0.9784 | F1(weighted)=0.9502 | F1(macro)=0.6569 | Brier=0.0369
[TestSuite] Final test metrics appended to (seed): /home/epigou/cs_9170_project/training_runs/BASELINE_gaussian_ot_repair_p1_capture24_bias002_otrep_5s_ff220b37__G202603261358/seed_2/final_test_metrics.csv
[TestSuite] Final test metrics appended to (experiment): /home/epigou/cs_9170_project/training_runs/BASELINE_gaussian_ot_repair_p1_capture24_bias002_otrep_5s_ff220b37__G202603261358/final_test_metrics.csv
[OTRepair] Done. seed=2 | time=19.1s
[OTRepair] Results in /home/epigou/cs_9170_project/training_runs/BASELINE_gaussian_ot_repair_p1_capture24_bias002_otrep_5s_ff220b37__G202603261358/seed_2

[run_baseline] ---- seed=3 ----
[capture24] Cache: 992,430 windows, 40 participants
[capture24] MVPA=47,324  (4.8%),  female=505,628  (50.9%)
[TRAIN] size=3,000, MVPA=60 (2.0%), female=1,509, female_MVPA=18, male_MVPA=42
[VAL] size=3,000, MVPA=60 (2.0%), female=1,652, female_MVPA=37, male_MVPA=23
[TEST] size=195,666, MVPA=17,024 (8.7%), female=101,357, female_MVPA=13,672, male_MVPA=3,352
use_pca=False | theta_dim=32
[OTRepair] exp_group=BASELINE_gaussian_ot_repair_p1_capture24_bias002_otrep_5s_ff220b37__G202603261358  seed=3
[OTRepair] dataset=capture24  feature_dim=32
[OTRepair] ot_config={'lam': 1.0, 'n_groups': 2, 'cov_reg': 1e-05, 'barycenter_iters': 100, 'repair_test': True}
[OTRepair] seed_dir=/home/epigou/cs_9170_project/training_runs/BASELINE_gaussian_ot_repair_p1_capture24_bias002_otrep_5s_ff220b37__G202603261358/seed_3
[OTRepair] Group 0: n=1491, ||μ||=0.3196, cov_diag=[0.6124, 1.1109]
[OTRepair] Group 1: n=1509, ||μ||=0.3158, cov_diag=[0.8917, 1.3810]
[OTRepair] Barycenter computed. μ* norm=0.0019
[OTRepair] Group 0: A_g computed, ||A_g - I||=315.3795
[OTRepair] Group 1: A_g computed, ||A_g - I||=315.3275
[OTRepair] Test features repaired.
FFNN Using device: cuda:0
[OTRepair] ERM trained on repaired features.
FFNN Using device: cuda:0
[OTRepair] Alpha (ERM on original features) trained.
FFNN Using device: cuda:0
[TestSuite] Loaded best β weights from: /home/epigou/cs_9170_project/training_runs/BASELINE_gaussian_ot_repair_p1_capture24_bias002_otrep_5s_ff220b37__G202603261358/seed_3/otrep_model.pt

[TEST] Alpha -> F1(min)=0.3781 | F1(maj)=0.9616 | F1(weighted)=0.9108 | F1(macro)=0.6698 | Brier=0.0649
[TEST] Beta  -> F1(min)=0.3950 | F1(maj)=0.9620 | F1(weighted)=0.9127 | F1(macro)=0.6785 | Brier=0.0648
[TestSuite] Final test metrics appended to (seed): /home/epigou/cs_9170_project/training_runs/BASELINE_gaussian_ot_repair_p1_capture24_bias002_otrep_5s_ff220b37__G202603261358/seed_3/final_test_metrics.csv
[TestSuite] Final test metrics appended to (experiment): /home/epigou/cs_9170_project/training_runs/BASELINE_gaussian_ot_repair_p1_capture24_bias002_otrep_5s_ff220b37__G202603261358/final_test_metrics.csv
[OTRepair] Done. seed=3 | time=19.2s
[OTRepair] Results in /home/epigou/cs_9170_project/training_runs/BASELINE_gaussian_ot_repair_p1_capture24_bias002_otrep_5s_ff220b37__G202603261358/seed_3
[chain] Done: experiment_specs/p1_capture24_bias002_otrep_5s.json
[chain] Starting: experiment_specs/p1_capture24_bias002_ctgan_5s.json
[run_baseline] baseline=ctgan
[run_baseline] spec=experiment_specs/p1_capture24_bias002_ctgan_5s.json
[run_baseline] device=cuda:0
[run_baseline] exp_group=BASELINE_ctgan_p1_capture24_bias002_ctgan_5s_716ece6e__G202603261359
[run_baseline] seeds=[42, 0, 1, 2, 3]

[run_baseline] ---- seed=42 ----
[capture24] Cache: 992,430 windows, 40 participants
[capture24] MVPA=47,324  (4.8%),  female=505,628  (50.9%)
[TRAIN] size=3,000, MVPA=60 (2.0%), female=1,567, female_MVPA=45, male_MVPA=15
[VAL] size=3,000, MVPA=60 (2.0%), female=1,635, female_MVPA=24, male_MVPA=36
[TEST] size=211,857, MVPA=11,454 (5.4%), female=97,271, female_MVPA=5,441, male_MVPA=6,013
use_pca=False | theta_dim=32
[CTGAN] exp_group=BASELINE_ctgan_p1_capture24_bias002_ctgan_5s_716ece6e__G202603261359  seed=42
[CTGAN] dataset=capture24  feature_dim=32
[CTGAN] ctgan_config={'epochs': 300, 'batch_size': 500, 'n_synthetic': 2000, 'label_col': '__y__'}
[CTGAN] seed_dir=/home/epigou/cs_9170_project/training_runs/BASELINE_ctgan_p1_capture24_bias002_ctgan_5s_716ece6e__G202603261359/seed_42
[CTGAN] Training set: n_pos=60, n_neg=2940, total=3000
[CTGAN] Fitting CTGAN for 300 epochs …
/home/epigou/envs/rl/lib/python3.10/site-packages/sdv/single_table/base.py:168: FutureWarning:

The 'SingleTableMetadata' is deprecated. Please use the new 'Metadata' class for synthesizers.

/home/epigou/envs/rl/lib/python3.10/site-packages/sdv/single_table/base.py:134: UserWarning:

We strongly recommend saving the metadata using 'save_to_json' for replicability in future SDV versions.

[CTGAN] CTGAN fitted in 101.0s
[CTGAN] Sampling 2000 synthetic minority samples …
  0%|          | 0/2000 [00:00<?, ?it/s]Sampling conditions:   0%|          | 0/2000 [00:00<?, ?it/s]Sampling conditions:  33%|###3      | 665/2000 [00:00<00:00, 2432.43it/s]Sampling conditions: 100%|##########| 2000/2000 [00:00<00:00, 4053.07it/s]Sampling conditions: 100%|##########| 2000/2000 [00:00<00:00, 3787.53it/s]
[CTGAN] Got 2000 synthetic minority samples.
[CTGAN] Augmented set: n_pos=2060, total=5000
FFNN Using device: cuda:0
[CTGAN] ERM trained on augmented features.
FFNN Using device: cuda:0
[CTGAN] Alpha (ERM on original biased data) trained.
FFNN Using device: cuda:0
[TestSuite] Loaded best β weights from: /home/epigou/cs_9170_project/training_runs/BASELINE_ctgan_p1_capture24_bias002_ctgan_5s_716ece6e__G202603261359/seed_42/ctgan_model.pt

[TEST] Alpha -> F1(min)=0.2723 | F1(maj)=0.9742 | F1(weighted)=0.9362 | F1(macro)=0.6233 | Brier=0.0439
[TEST] Beta  -> F1(min)=0.5356 | F1(maj)=0.9767 | F1(weighted)=0.9529 | F1(macro)=0.7562 | Brier=0.0376
[TestSuite] Final test metrics appended to (seed): /home/epigou/cs_9170_project/training_runs/BASELINE_ctgan_p1_capture24_bias002_ctgan_5s_716ece6e__G202603261359/seed_42/final_test_metrics.csv
[TestSuite] Final test metrics appended to (experiment): /home/epigou/cs_9170_project/training_runs/BASELINE_ctgan_p1_capture24_bias002_ctgan_5s_716ece6e__G202603261359/final_test_metrics.csv
[CTGAN] Done. seed=42 | time=126.2s
[CTGAN] Results in /home/epigou/cs_9170_project/training_runs/BASELINE_ctgan_p1_capture24_bias002_ctgan_5s_716ece6e__G202603261359/seed_42

[run_baseline] ---- seed=0 ----
[capture24] Cache: 992,430 windows, 40 participants
[capture24] MVPA=47,324  (4.8%),  female=505,628  (50.9%)
[TRAIN] size=3,000, MVPA=60 (2.0%), female=1,513, female_MVPA=29, male_MVPA=31
[VAL] size=3,000, MVPA=60 (2.0%), female=1,496, female_MVPA=42, male_MVPA=18
[TEST] size=219,212, MVPA=6,406 (2.9%), female=112,606, female_MVPA=3,006, male_MVPA=3,400
use_pca=False | theta_dim=32
[CTGAN] exp_group=BASELINE_ctgan_p1_capture24_bias002_ctgan_5s_716ece6e__G202603261359  seed=0
[CTGAN] dataset=capture24  feature_dim=32
[CTGAN] ctgan_config={'epochs': 300, 'batch_size': 500, 'n_synthetic': 2000, 'label_col': '__y__'}
[CTGAN] seed_dir=/home/epigou/cs_9170_project/training_runs/BASELINE_ctgan_p1_capture24_bias002_ctgan_5s_716ece6e__G202603261359/seed_0
[CTGAN] Training set: n_pos=60, n_neg=2940, total=3000
[CTGAN] Fitting CTGAN for 300 epochs …
/home/epigou/envs/rl/lib/python3.10/site-packages/sdv/single_table/base.py:168: FutureWarning:

The 'SingleTableMetadata' is deprecated. Please use the new 'Metadata' class for synthesizers.

/home/epigou/envs/rl/lib/python3.10/site-packages/sdv/single_table/base.py:134: UserWarning:

We strongly recommend saving the metadata using 'save_to_json' for replicability in future SDV versions.

[CTGAN] CTGAN fitted in 96.5s
[CTGAN] Sampling 2000 synthetic minority samples …
  0%|          | 0/2000 [00:00<?, ?it/s]Sampling conditions:   0%|          | 0/2000 [00:00<?, ?it/s]Sampling conditions:  33%|###3      | 665/2000 [00:00<00:00, 2474.05it/s]Sampling conditions: 100%|##########| 2000/2000 [00:00<00:00, 4136.02it/s]Sampling conditions: 100%|##########| 2000/2000 [00:00<00:00, 3863.33it/s]
[CTGAN] Got 2000 synthetic minority samples.
[CTGAN] Augmented set: n_pos=2060, total=5000
FFNN Using device: cuda:0
[CTGAN] ERM trained on augmented features.
FFNN Using device: cuda:0
[CTGAN] Alpha (ERM on original biased data) trained.
FFNN Using device: cuda:0
[TestSuite] Loaded best β weights from: /home/epigou/cs_9170_project/training_runs/BASELINE_ctgan_p1_capture24_bias002_ctgan_5s_716ece6e__G202603261359/seed_0/ctgan_model.pt

[TEST] Alpha -> F1(min)=0.2945 | F1(maj)=0.9858 | F1(weighted)=0.9656 | F1(macro)=0.6402 | Brier=0.0250
[TEST] Beta  -> F1(min)=0.3477 | F1(maj)=0.9853 | F1(weighted)=0.9667 | F1(macro)=0.6665 | Brier=0.0258
[TestSuite] Final test metrics appended to (seed): /home/epigou/cs_9170_project/training_runs/BASELINE_ctgan_p1_capture24_bias002_ctgan_5s_716ece6e__G202603261359/seed_0/final_test_metrics.csv
[TestSuite] Final test metrics appended to (experiment): /home/epigou/cs_9170_project/training_runs/BASELINE_ctgan_p1_capture24_bias002_ctgan_5s_716ece6e__G202603261359/final_test_metrics.csv
[CTGAN] Done. seed=0 | time=121.5s
[CTGAN] Results in /home/epigou/cs_9170_project/training_runs/BASELINE_ctgan_p1_capture24_bias002_ctgan_5s_716ece6e__G202603261359/seed_0

[run_baseline] ---- seed=1 ----
[capture24] Cache: 992,430 windows, 40 participants
[capture24] MVPA=47,324  (4.8%),  female=505,628  (50.9%)
[TRAIN] size=3,000, MVPA=60 (2.0%), female=1,452, female_MVPA=31, male_MVPA=29
[VAL] size=3,000, MVPA=60 (2.0%), female=1,562, female_MVPA=36, male_MVPA=24
[TEST] size=203,563, MVPA=9,123 (4.5%), female=108,338, female_MVPA=7,061, male_MVPA=2,062
use_pca=False | theta_dim=32
[CTGAN] exp_group=BASELINE_ctgan_p1_capture24_bias002_ctgan_5s_716ece6e__G202603261359  seed=1
[CTGAN] dataset=capture24  feature_dim=32
[CTGAN] ctgan_config={'epochs': 300, 'batch_size': 500, 'n_synthetic': 2000, 'label_col': '__y__'}
[CTGAN] seed_dir=/home/epigou/cs_9170_project/training_runs/BASELINE_ctgan_p1_capture24_bias002_ctgan_5s_716ece6e__G202603261359/seed_1
[CTGAN] Training set: n_pos=60, n_neg=2940, total=3000
[CTGAN] Fitting CTGAN for 300 epochs …
/home/epigou/envs/rl/lib/python3.10/site-packages/sdv/single_table/base.py:168: FutureWarning:

The 'SingleTableMetadata' is deprecated. Please use the new 'Metadata' class for synthesizers.

/home/epigou/envs/rl/lib/python3.10/site-packages/sdv/single_table/base.py:134: UserWarning:

We strongly recommend saving the metadata using 'save_to_json' for replicability in future SDV versions.

[CTGAN] CTGAN fitted in 93.3s
[CTGAN] Sampling 2000 synthetic minority samples …
  0%|          | 0/2000 [00:00<?, ?it/s]Sampling conditions:   0%|          | 0/2000 [00:00<?, ?it/s]Sampling conditions:  33%|###3      | 665/2000 [00:00<00:00, 2454.38it/s]Sampling conditions: 100%|##########| 2000/2000 [00:00<00:00, 4132.46it/s]Sampling conditions: 100%|##########| 2000/2000 [00:00<00:00, 3856.05it/s]
[CTGAN] Got 2000 synthetic minority samples.
[CTGAN] Augmented set: n_pos=2060, total=5000
FFNN Using device: cuda:0
[CTGAN] ERM trained on augmented features.
FFNN Using device: cuda:0
[CTGAN] Alpha (ERM on original biased data) trained.
FFNN Using device: cuda:0
[TestSuite] Loaded best β weights from: /home/epigou/cs_9170_project/training_runs/BASELINE_ctgan_p1_capture24_bias002_ctgan_5s_716ece6e__G202603261359/seed_1/ctgan_model.pt

[TEST] Alpha -> F1(min)=0.3155 | F1(maj)=0.9769 | F1(weighted)=0.9473 | F1(macro)=0.6462 | Brier=0.0392
[TEST] Beta  -> F1(min)=0.4559 | F1(maj)=0.9797 | F1(weighted)=0.9562 | F1(macro)=0.7178 | Brier=0.0343
[TestSuite] Final test metrics appended to (seed): /home/epigou/cs_9170_project/training_runs/BASELINE_ctgan_p1_capture24_bias002_ctgan_5s_716ece6e__G202603261359/seed_1/final_test_metrics.csv
[TestSuite] Final test metrics appended to (experiment): /home/epigou/cs_9170_project/training_runs/BASELINE_ctgan_p1_capture24_bias002_ctgan_5s_716ece6e__G202603261359/final_test_metrics.csv
[CTGAN] Done. seed=1 | time=118.5s
[CTGAN] Results in /home/epigou/cs_9170_project/training_runs/BASELINE_ctgan_p1_capture24_bias002_ctgan_5s_716ece6e__G202603261359/seed_1

[run_baseline] ---- seed=2 ----
[capture24] Cache: 992,430 windows, 40 participants
[capture24] MVPA=47,324  (4.8%),  female=505,628  (50.9%)
[TRAIN] size=3,000, MVPA=60 (2.0%), female=1,487, female_MVPA=37, male_MVPA=23
[VAL] size=3,000, MVPA=60 (2.0%), female=1,451, female_MVPA=46, male_MVPA=14
[TEST] size=180,868, MVPA=7,917 (4.4%), female=97,728, female_MVPA=3,587, male_MVPA=4,330
use_pca=False | theta_dim=32
[CTGAN] exp_group=BASELINE_ctgan_p1_capture24_bias002_ctgan_5s_716ece6e__G202603261359  seed=2
[CTGAN] dataset=capture24  feature_dim=32
[CTGAN] ctgan_config={'epochs': 300, 'batch_size': 500, 'n_synthetic': 2000, 'label_col': '__y__'}
[CTGAN] seed_dir=/home/epigou/cs_9170_project/training_runs/BASELINE_ctgan_p1_capture24_bias002_ctgan_5s_716ece6e__G202603261359/seed_2
[CTGAN] Training set: n_pos=60, n_neg=2940, total=3000
[CTGAN] Fitting CTGAN for 300 epochs …
/home/epigou/envs/rl/lib/python3.10/site-packages/sdv/single_table/base.py:168: FutureWarning:

The 'SingleTableMetadata' is deprecated. Please use the new 'Metadata' class for synthesizers.

/home/epigou/envs/rl/lib/python3.10/site-packages/sdv/single_table/base.py:134: UserWarning:

We strongly recommend saving the metadata using 'save_to_json' for replicability in future SDV versions.

[CTGAN] CTGAN fitted in 94.1s
[CTGAN] Sampling 2000 synthetic minority samples …
  0%|          | 0/2000 [00:00<?, ?it/s]Sampling conditions:   0%|          | 0/2000 [00:00<?, ?it/s]Sampling conditions:  33%|###3      | 665/2000 [00:00<00:00, 2506.05it/s]Sampling conditions: 100%|##########| 2000/2000 [00:00<00:00, 4136.85it/s]Sampling conditions: 100%|##########| 2000/2000 [00:00<00:00, 3871.99it/s]
[CTGAN] Got 2000 synthetic minority samples.
[CTGAN] Augmented set: n_pos=2060, total=5000
FFNN Using device: cuda:0
[CTGAN] ERM trained on augmented features.
FFNN Using device: cuda:0
[CTGAN] Alpha (ERM on original biased data) trained.
FFNN Using device: cuda:0
[TestSuite] Loaded best β weights from: /home/epigou/cs_9170_project/training_runs/BASELINE_ctgan_p1_capture24_bias002_ctgan_5s_716ece6e__G202603261359/seed_2/ctgan_model.pt

[TEST] Alpha -> F1(min)=0.3423 | F1(maj)=0.9789 | F1(weighted)=0.9510 | F1(macro)=0.6606 | Brier=0.0361
[TEST] Beta  -> F1(min)=0.4650 | F1(maj)=0.9808 | F1(weighted)=0.9582 | F1(macro)=0.7229 | Brier=0.0326
[TestSuite] Final test metrics appended to (seed): /home/epigou/cs_9170_project/training_runs/BASELINE_ctgan_p1_capture24_bias002_ctgan_5s_716ece6e__G202603261359/seed_2/final_test_metrics.csv
[TestSuite] Final test metrics appended to (experiment): /home/epigou/cs_9170_project/training_runs/BASELINE_ctgan_p1_capture24_bias002_ctgan_5s_716ece6e__G202603261359/final_test_metrics.csv
[CTGAN] Done. seed=2 | time=119.2s
[CTGAN] Results in /home/epigou/cs_9170_project/training_runs/BASELINE_ctgan_p1_capture24_bias002_ctgan_5s_716ece6e__G202603261359/seed_2

[run_baseline] ---- seed=3 ----
[capture24] Cache: 992,430 windows, 40 participants
[capture24] MVPA=47,324  (4.8%),  female=505,628  (50.9%)
[TRAIN] size=3,000, MVPA=60 (2.0%), female=1,509, female_MVPA=18, male_MVPA=42
[VAL] size=3,000, MVPA=60 (2.0%), female=1,652, female_MVPA=37, male_MVPA=23
[TEST] size=195,666, MVPA=17,024 (8.7%), female=101,357, female_MVPA=13,672, male_MVPA=3,352
use_pca=False | theta_dim=32
[CTGAN] exp_group=BASELINE_ctgan_p1_capture24_bias002_ctgan_5s_716ece6e__G202603261359  seed=3
[CTGAN] dataset=capture24  feature_dim=32
[CTGAN] ctgan_config={'epochs': 300, 'batch_size': 500, 'n_synthetic': 2000, 'label_col': '__y__'}
[CTGAN] seed_dir=/home/epigou/cs_9170_project/training_runs/BASELINE_ctgan_p1_capture24_bias002_ctgan_5s_716ece6e__G202603261359/seed_3
[CTGAN] Training set: n_pos=60, n_neg=2940, total=3000
[CTGAN] Fitting CTGAN for 300 epochs …
/home/epigou/envs/rl/lib/python3.10/site-packages/sdv/single_table/base.py:168: FutureWarning:

The 'SingleTableMetadata' is deprecated. Please use the new 'Metadata' class for synthesizers.

/home/epigou/envs/rl/lib/python3.10/site-packages/sdv/single_table/base.py:134: UserWarning:

We strongly recommend saving the metadata using 'save_to_json' for replicability in future SDV versions.

[CTGAN] CTGAN fitted in 94.0s
[CTGAN] Sampling 2000 synthetic minority samples …
  0%|          | 0/2000 [00:00<?, ?it/s]Sampling conditions:   0%|          | 0/2000 [00:00<?, ?it/s]Sampling conditions:  33%|###3      | 665/2000 [00:00<00:00, 2470.43it/s]Sampling conditions: 100%|##########| 2000/2000 [00:00<00:00, 4122.66it/s]Sampling conditions: 100%|##########| 2000/2000 [00:00<00:00, 3852.18it/s]
[CTGAN] Got 2000 synthetic minority samples.
[CTGAN] Augmented set: n_pos=2060, total=5000
FFNN Using device: cuda:0
[CTGAN] ERM trained on augmented features.
FFNN Using device: cuda:0
[CTGAN] Alpha (ERM on original biased data) trained.
FFNN Using device: cuda:0
[TestSuite] Loaded best β weights from: /home/epigou/cs_9170_project/training_runs/BASELINE_ctgan_p1_capture24_bias002_ctgan_5s_716ece6e__G202603261359/seed_3/ctgan_model.pt

[TEST] Alpha -> F1(min)=0.3678 | F1(maj)=0.9610 | F1(weighted)=0.9094 | F1(macro)=0.6644 | Brier=0.0661
[TEST] Beta  -> F1(min)=0.4113 | F1(maj)=0.9620 | F1(weighted)=0.9141 | F1(macro)=0.6867 | Brier=0.0635
[TestSuite] Final test metrics appended to (seed): /home/epigou/cs_9170_project/training_runs/BASELINE_ctgan_p1_capture24_bias002_ctgan_5s_716ece6e__G202603261359/seed_3/final_test_metrics.csv
[TestSuite] Final test metrics appended to (experiment): /home/epigou/cs_9170_project/training_runs/BASELINE_ctgan_p1_capture24_bias002_ctgan_5s_716ece6e__G202603261359/final_test_metrics.csv
[CTGAN] Done. seed=3 | time=119.1s
[CTGAN] Results in /home/epigou/cs_9170_project/training_runs/BASELINE_ctgan_p1_capture24_bias002_ctgan_5s_716ece6e__G202603261359/seed_3
[chain] Done: experiment_specs/p1_capture24_bias002_ctgan_5s.json
[chain] Starting: experiment_specs/p1_capture24_bias002_flb_5s.json
[run_baseline] baseline=fairness_loss_balancing
[run_baseline] spec=experiment_specs/p1_capture24_bias002_flb_5s.json
[run_baseline] device=cuda:0
[run_baseline] exp_group=BASELINE_fairness_loss_balancing_p1_capture24_bias002_flb_5s_f925a6cd__G202603261410
[run_baseline] seeds=[42, 0, 1, 2, 3]

[run_baseline] ---- seed=42 ----
[capture24] Cache: 992,430 windows, 40 participants
[capture24] MVPA=47,324  (4.8%),  female=505,628  (50.9%)
[TRAIN] size=3,000, MVPA=60 (2.0%), female=1,567, female_MVPA=45, male_MVPA=15
[VAL] size=3,000, MVPA=60 (2.0%), female=1,635, female_MVPA=24, male_MVPA=36
[TEST] size=211,857, MVPA=11,454 (5.4%), female=97,271, female_MVPA=5,441, male_MVPA=6,013
use_pca=False | theta_dim=32
[FLB] exp_group=BASELINE_fairness_loss_balancing_p1_capture24_bias002_flb_5s_f925a6cd__G202603261410  seed=42
[FLB] dataset=capture24  feature_dim=32
[FLB] flb_config={'lr': 0.001, 'epochs': 200, 'batch_size': 64, 'eta': 0.01, 'n_groups': 4}
[FLB] seed_dir=/home/epigou/cs_9170_project/training_runs/BASELINE_fairness_loss_balancing_p1_capture24_bias002_flb_5s_f925a6cd__G202603261410/seed_42
[FLB] Group sizes (a=0/y=0, a=0/y=1, a=1/y=0, a=1/y=1): [1418, 15, 1522, 45]
[FLB] epoch=  20 | loss=0.4039 | val_worst=0.7087 | p=[0.249,0.234,0.260,0.257]
[FLB] epoch=  40 | loss=0.5069 | val_worst=0.4612 | p=[0.254,0.223,0.276,0.247]
[FLB] epoch=  60 | loss=0.4472 | val_worst=0.3256 | p=[0.256,0.218,0.281,0.244]
[FLB] epoch=  80 | loss=0.2071 | val_worst=0.3060 | p=[0.257,0.216,0.285,0.242]
[FLB] epoch= 100 | loss=0.2117 | val_worst=0.2970 | p=[0.258,0.216,0.285,0.241]
[FLB] epoch= 120 | loss=0.2331 | val_worst=0.3257 | p=[0.256,0.213,0.289,0.241]
[FLB] epoch= 140 | loss=0.2888 | val_worst=0.2847 | p=[0.256,0.212,0.290,0.242]
[FLB] epoch= 160 | loss=0.1881 | val_worst=0.3468 | p=[0.256,0.210,0.292,0.243]
[FLB] epoch= 180 | loss=0.2113 | val_worst=0.3555 | p=[0.254,0.208,0.297,0.240]
[FLB] epoch= 200 | loss=0.1336 | val_worst=0.3561 | p=[0.252,0.208,0.298,0.241]
[FLB] Training done. Best val_worst=0.2807
[FLB] Training metrics -> /home/epigou/cs_9170_project/training_runs/BASELINE_fairness_loss_balancing_p1_capture24_bias002_flb_5s_f925a6cd__G202603261410/seed_42/metrics.csv
[FLB] Best model saved -> /home/epigou/cs_9170_project/training_runs/BASELINE_fairness_loss_balancing_p1_capture24_bias002_flb_5s_f925a6cd__G202603261410/seed_42/flb_model.pt
FFNN Using device: cuda:0
FFNN Using device: cuda:0
FFNN Using device: cuda:0
[TestSuite] Loaded best β weights from: /home/epigou/cs_9170_project/training_runs/BASELINE_fairness_loss_balancing_p1_capture24_bias002_flb_5s_f925a6cd__G202603261410/seed_42/flb_model.pt

[TEST] Alpha -> F1(min)=0.2723 | F1(maj)=0.9742 | F1(weighted)=0.9362 | F1(macro)=0.6233 | Brier=0.0439
[TEST] Beta  -> F1(min)=0.4851 | F1(maj)=0.9455 | F1(weighted)=0.9206 | F1(macro)=0.7153 | Brier=0.0730
[TestSuite] Final test metrics appended to (seed): /home/epigou/cs_9170_project/training_runs/BASELINE_fairness_loss_balancing_p1_capture24_bias002_flb_5s_f925a6cd__G202603261410/seed_42/final_test_metrics.csv
[TestSuite] Final test metrics appended to (experiment): /home/epigou/cs_9170_project/training_runs/BASELINE_fairness_loss_balancing_p1_capture24_bias002_flb_5s_f925a6cd__G202603261410/final_test_metrics.csv
[FLB] Done. seed=42 | time=12.1s
[FLB] Results in /home/epigou/cs_9170_project/training_runs/BASELINE_fairness_loss_balancing_p1_capture24_bias002_flb_5s_f925a6cd__G202603261410/seed_42

[run_baseline] ---- seed=0 ----
[capture24] Cache: 992,430 windows, 40 participants
[capture24] MVPA=47,324  (4.8%),  female=505,628  (50.9%)
[TRAIN] size=3,000, MVPA=60 (2.0%), female=1,513, female_MVPA=29, male_MVPA=31
[VAL] size=3,000, MVPA=60 (2.0%), female=1,496, female_MVPA=42, male_MVPA=18
[TEST] size=219,212, MVPA=6,406 (2.9%), female=112,606, female_MVPA=3,006, male_MVPA=3,400
use_pca=False | theta_dim=32
[FLB] exp_group=BASELINE_fairness_loss_balancing_p1_capture24_bias002_flb_5s_f925a6cd__G202603261410  seed=0
[FLB] dataset=capture24  feature_dim=32
[FLB] flb_config={'lr': 0.001, 'epochs': 200, 'batch_size': 64, 'eta': 0.01, 'n_groups': 4}
[FLB] seed_dir=/home/epigou/cs_9170_project/training_runs/BASELINE_fairness_loss_balancing_p1_capture24_bias002_flb_5s_f925a6cd__G202603261410/seed_0
[FLB] Group sizes (a=0/y=0, a=0/y=1, a=1/y=0, a=1/y=1): [1456, 31, 1484, 29]
[FLB] epoch=  20 | loss=0.4808 | val_worst=0.6467 | p=[0.258,0.244,0.261,0.237]
[FLB] epoch=  40 | loss=0.2467 | val_worst=0.8944 | p=[0.259,0.244,0.264,0.232]
[FLB] epoch=  60 | loss=0.2872 | val_worst=0.9589 | p=[0.260,0.246,0.266,0.228]
[FLB] epoch=  80 | loss=0.2042 | val_worst=1.1010 | p=[0.259,0.248,0.267,0.225]
[FLB] epoch= 100 | loss=0.1495 | val_worst=1.0681 | p=[0.259,0.252,0.268,0.221]
[FLB] epoch= 120 | loss=0.2253 | val_worst=1.1751 | p=[0.259,0.254,0.269,0.218]
[FLB] epoch= 140 | loss=0.1217 | val_worst=1.1696 | p=[0.260,0.255,0.271,0.215]
[FLB] epoch= 160 | loss=0.3341 | val_worst=1.2354 | p=[0.262,0.254,0.271,0.212]
[FLB] epoch= 180 | loss=0.1384 | val_worst=1.2994 | p=[0.263,0.255,0.272,0.211]
[FLB] epoch= 200 | loss=0.1025 | val_worst=1.5099 | p=[0.264,0.255,0.272,0.208]
[FLB] Training done. Best val_worst=0.5867
[FLB] Training metrics -> /home/epigou/cs_9170_project/training_runs/BASELINE_fairness_loss_balancing_p1_capture24_bias002_flb_5s_f925a6cd__G202603261410/seed_0/metrics.csv
[FLB] Best model saved -> /home/epigou/cs_9170_project/training_runs/BASELINE_fairness_loss_balancing_p1_capture24_bias002_flb_5s_f925a6cd__G202603261410/seed_0/flb_model.pt
FFNN Using device: cuda:0
FFNN Using device: cuda:0
FFNN Using device: cuda:0
[TestSuite] Loaded best β weights from: /home/epigou/cs_9170_project/training_runs/BASELINE_fairness_loss_balancing_p1_capture24_bias002_flb_5s_f925a6cd__G202603261410/seed_0/flb_model.pt

[TEST] Alpha -> F1(min)=0.2945 | F1(maj)=0.9858 | F1(weighted)=0.9656 | F1(macro)=0.6402 | Brier=0.0250
[TEST] Beta  -> F1(min)=0.2355 | F1(maj)=0.9127 | F1(weighted)=0.8929 | F1(macro)=0.5741 | Brier=0.1557
[TestSuite] Final test metrics appended to (seed): /home/epigou/cs_9170_project/training_runs/BASELINE_fairness_loss_balancing_p1_capture24_bias002_flb_5s_f925a6cd__G202603261410/seed_0/final_test_metrics.csv
[TestSuite] Final test metrics appended to (experiment): /home/epigou/cs_9170_project/training_runs/BASELINE_fairness_loss_balancing_p1_capture24_bias002_flb_5s_f925a6cd__G202603261410/final_test_metrics.csv
[FLB] Done. seed=0 | time=10.9s
[FLB] Results in /home/epigou/cs_9170_project/training_runs/BASELINE_fairness_loss_balancing_p1_capture24_bias002_flb_5s_f925a6cd__G202603261410/seed_0

[run_baseline] ---- seed=1 ----
[capture24] Cache: 992,430 windows, 40 participants
[capture24] MVPA=47,324  (4.8%),  female=505,628  (50.9%)
[TRAIN] size=3,000, MVPA=60 (2.0%), female=1,452, female_MVPA=31, male_MVPA=29
[VAL] size=3,000, MVPA=60 (2.0%), female=1,562, female_MVPA=36, male_MVPA=24
[TEST] size=203,563, MVPA=9,123 (4.5%), female=108,338, female_MVPA=7,061, male_MVPA=2,062
use_pca=False | theta_dim=32
[FLB] exp_group=BASELINE_fairness_loss_balancing_p1_capture24_bias002_flb_5s_f925a6cd__G202603261410  seed=1
[FLB] dataset=capture24  feature_dim=32
[FLB] flb_config={'lr': 0.001, 'epochs': 200, 'batch_size': 64, 'eta': 0.01, 'n_groups': 4}
[FLB] seed_dir=/home/epigou/cs_9170_project/training_runs/BASELINE_fairness_loss_balancing_p1_capture24_bias002_flb_5s_f925a6cd__G202603261410/seed_1
[FLB] Group sizes (a=0/y=0, a=0/y=1, a=1/y=0, a=1/y=1): [1519, 29, 1421, 31]
[FLB] epoch=  20 | loss=0.5972 | val_worst=0.6904 | p=[0.252,0.236,0.259,0.253]
[FLB] epoch=  40 | loss=0.1930 | val_worst=0.8210 | p=[0.255,0.223,0.267,0.254]
[FLB] epoch=  60 | loss=0.2515 | val_worst=0.7279 | p=[0.255,0.215,0.267,0.264]
[FLB] epoch=  80 | loss=0.2594 | val_worst=0.7026 | p=[0.256,0.207,0.268,0.269]
[FLB] epoch= 100 | loss=0.2727 | val_worst=0.7112 | p=[0.256,0.199,0.267,0.278]
[FLB] epoch= 120 | loss=0.1629 | val_worst=0.7052 | p=[0.257,0.192,0.267,0.283]
[FLB] epoch= 140 | loss=0.2909 | val_worst=0.5437 | p=[0.258,0.186,0.267,0.289]
[FLB] epoch= 160 | loss=0.2390 | val_worst=0.6283 | p=[0.259,0.180,0.270,0.291]
[FLB] epoch= 180 | loss=0.3272 | val_worst=0.6200 | p=[0.260,0.174,0.273,0.293]
[FLB] epoch= 200 | loss=0.2087 | val_worst=0.6382 | p=[0.260,0.171,0.276,0.294]
[FLB] Training done. Best val_worst=0.5271
[FLB] Training metrics -> /home/epigou/cs_9170_project/training_runs/BASELINE_fairness_loss_balancing_p1_capture24_bias002_flb_5s_f925a6cd__G202603261410/seed_1/metrics.csv
[FLB] Best model saved -> /home/epigou/cs_9170_project/training_runs/BASELINE_fairness_loss_balancing_p1_capture24_bias002_flb_5s_f925a6cd__G202603261410/seed_1/flb_model.pt
FFNN Using device: cuda:0
FFNN Using device: cuda:0
FFNN Using device: cuda:0
[TestSuite] Loaded best β weights from: /home/epigou/cs_9170_project/training_runs/BASELINE_fairness_loss_balancing_p1_capture24_bias002_flb_5s_f925a6cd__G202603261410/seed_1/flb_model.pt

[TEST] Alpha -> F1(min)=0.3155 | F1(maj)=0.9769 | F1(weighted)=0.9473 | F1(macro)=0.6462 | Brier=0.0392
[TEST] Beta  -> F1(min)=0.3852 | F1(maj)=0.9316 | F1(weighted)=0.9071 | F1(macro)=0.6584 | Brier=0.0852
[TestSuite] Final test metrics appended to (seed): /home/epigou/cs_9170_project/training_runs/BASELINE_fairness_loss_balancing_p1_capture24_bias002_flb_5s_f925a6cd__G202603261410/seed_1/final_test_metrics.csv
[TestSuite] Final test metrics appended to (experiment): /home/epigou/cs_9170_project/training_runs/BASELINE_fairness_loss_balancing_p1_capture24_bias002_flb_5s_f925a6cd__G202603261410/final_test_metrics.csv
[FLB] Done. seed=1 | time=10.9s
[FLB] Results in /home/epigou/cs_9170_project/training_runs/BASELINE_fairness_loss_balancing_p1_capture24_bias002_flb_5s_f925a6cd__G202603261410/seed_1

[run_baseline] ---- seed=2 ----
[capture24] Cache: 992,430 windows, 40 participants
[capture24] MVPA=47,324  (4.8%),  female=505,628  (50.9%)
[TRAIN] size=3,000, MVPA=60 (2.0%), female=1,487, female_MVPA=37, male_MVPA=23
[VAL] size=3,000, MVPA=60 (2.0%), female=1,451, female_MVPA=46, male_MVPA=14
[TEST] size=180,868, MVPA=7,917 (4.4%), female=97,728, female_MVPA=3,587, male_MVPA=4,330
use_pca=False | theta_dim=32
[FLB] exp_group=BASELINE_fairness_loss_balancing_p1_capture24_bias002_flb_5s_f925a6cd__G202603261410  seed=2
[FLB] dataset=capture24  feature_dim=32
[FLB] flb_config={'lr': 0.001, 'epochs': 200, 'batch_size': 64, 'eta': 0.01, 'n_groups': 4}
[FLB] seed_dir=/home/epigou/cs_9170_project/training_runs/BASELINE_fairness_loss_balancing_p1_capture24_bias002_flb_5s_f925a6cd__G202603261410/seed_2
[FLB] Group sizes (a=0/y=0, a=0/y=1, a=1/y=0, a=1/y=1): [1490, 23, 1450, 37]
[FLB] epoch=  20 | loss=0.5402 | val_worst=0.5571 | p=[0.233,0.263,0.231,0.273]
[FLB] epoch=  40 | loss=0.3710 | val_worst=0.4514 | p=[0.232,0.260,0.234,0.275]
[FLB] epoch=  60 | loss=0.2488 | val_worst=0.3772 | p=[0.236,0.254,0.240,0.271]
[FLB] epoch=  80 | loss=0.2379 | val_worst=0.3257 | p=[0.238,0.251,0.242,0.269]
[FLB] epoch= 100 | loss=0.2684 | val_worst=0.3000 | p=[0.239,0.250,0.243,0.268]
[FLB] epoch= 120 | loss=0.1286 | val_worst=0.3196 | p=[0.241,0.247,0.246,0.266]
[FLB] epoch= 140 | loss=0.2587 | val_worst=0.3212 | p=[0.242,0.246,0.247,0.265]
[FLB] epoch= 160 | loss=0.2377 | val_worst=0.3207 | p=[0.244,0.246,0.249,0.262]
[FLB] epoch= 180 | loss=0.1364 | val_worst=0.3789 | p=[0.245,0.245,0.250,0.260]
[FLB] epoch= 200 | loss=0.2215 | val_worst=0.4282 | p=[0.247,0.244,0.251,0.258]
[FLB] Training done. Best val_worst=0.2879
[FLB] Training metrics -> /home/epigou/cs_9170_project/training_runs/BASELINE_fairness_loss_balancing_p1_capture24_bias002_flb_5s_f925a6cd__G202603261410/seed_2/metrics.csv
[FLB] Best model saved -> /home/epigou/cs_9170_project/training_runs/BASELINE_fairness_loss_balancing_p1_capture24_bias002_flb_5s_f925a6cd__G202603261410/seed_2/flb_model.pt
FFNN Using device: cuda:0
FFNN Using device: cuda:0
FFNN Using device: cuda:0
[TestSuite] Loaded best β weights from: /home/epigou/cs_9170_project/training_runs/BASELINE_fairness_loss_balancing_p1_capture24_bias002_flb_5s_f925a6cd__G202603261410/seed_2/flb_model.pt

[TEST] Alpha -> F1(min)=0.3423 | F1(maj)=0.9789 | F1(weighted)=0.9510 | F1(macro)=0.6606 | Brier=0.0361
[TEST] Beta  -> F1(min)=0.4500 | F1(maj)=0.9439 | F1(weighted)=0.9223 | F1(macro)=0.6970 | Brier=0.0709
[TestSuite] Final test metrics appended to (seed): /home/epigou/cs_9170_project/training_runs/BASELINE_fairness_loss_balancing_p1_capture24_bias002_flb_5s_f925a6cd__G202603261410/seed_2/final_test_metrics.csv
[TestSuite] Final test metrics appended to (experiment): /home/epigou/cs_9170_project/training_runs/BASELINE_fairness_loss_balancing_p1_capture24_bias002_flb_5s_f925a6cd__G202603261410/final_test_metrics.csv
[FLB] Done. seed=2 | time=10.9s
[FLB] Results in /home/epigou/cs_9170_project/training_runs/BASELINE_fairness_loss_balancing_p1_capture24_bias002_flb_5s_f925a6cd__G202603261410/seed_2

[run_baseline] ---- seed=3 ----
[capture24] Cache: 992,430 windows, 40 participants
[capture24] MVPA=47,324  (4.8%),  female=505,628  (50.9%)
[TRAIN] size=3,000, MVPA=60 (2.0%), female=1,509, female_MVPA=18, male_MVPA=42
[VAL] size=3,000, MVPA=60 (2.0%), female=1,652, female_MVPA=37, male_MVPA=23
[TEST] size=195,666, MVPA=17,024 (8.7%), female=101,357, female_MVPA=13,672, male_MVPA=3,352
use_pca=False | theta_dim=32
[FLB] exp_group=BASELINE_fairness_loss_balancing_p1_capture24_bias002_flb_5s_f925a6cd__G202603261410  seed=3
[FLB] dataset=capture24  feature_dim=32
[FLB] flb_config={'lr': 0.001, 'epochs': 200, 'batch_size': 64, 'eta': 0.01, 'n_groups': 4}
[FLB] seed_dir=/home/epigou/cs_9170_project/training_runs/BASELINE_fairness_loss_balancing_p1_capture24_bias002_flb_5s_f925a6cd__G202603261410/seed_3
[FLB] Group sizes (a=0/y=0, a=0/y=1, a=1/y=0, a=1/y=1): [1449, 42, 1491, 18]
[FLB] epoch=  20 | loss=0.5202 | val_worst=0.6660 | p=[0.249,0.246,0.254,0.250]
[FLB] epoch=  40 | loss=0.3073 | val_worst=0.4102 | p=[0.258,0.238,0.267,0.238]
[FLB] epoch=  60 | loss=0.1832 | val_worst=0.5277 | p=[0.261,0.235,0.275,0.230]
[FLB] epoch=  80 | loss=0.2161 | val_worst=0.5526 | p=[0.263,0.235,0.276,0.225]
[FLB] epoch= 100 | loss=0.2004 | val_worst=0.6466 | p=[0.266,0.235,0.276,0.222]
[FLB] epoch= 120 | loss=0.0979 | val_worst=0.7379 | p=[0.267,0.236,0.276,0.220]
[FLB] epoch= 140 | loss=0.0804 | val_worst=0.8888 | p=[0.269,0.237,0.277,0.217]
[FLB] epoch= 160 | loss=0.1172 | val_worst=0.9252 | p=[0.270,0.239,0.276,0.215]
[FLB] epoch= 180 | loss=0.0802 | val_worst=1.0496 | p=[0.274,0.238,0.275,0.213]
[FLB] epoch= 200 | loss=0.0757 | val_worst=1.0477 | p=[0.273,0.240,0.276,0.212]
[FLB] Training done. Best val_worst=0.3721
[FLB] Training metrics -> /home/epigou/cs_9170_project/training_runs/BASELINE_fairness_loss_balancing_p1_capture24_bias002_flb_5s_f925a6cd__G202603261410/seed_3/metrics.csv
[FLB] Best model saved -> /home/epigou/cs_9170_project/training_runs/BASELINE_fairness_loss_balancing_p1_capture24_bias002_flb_5s_f925a6cd__G202603261410/seed_3/flb_model.pt
FFNN Using device: cuda:0
FFNN Using device: cuda:0
FFNN Using device: cuda:0
[TestSuite] Loaded best β weights from: /home/epigou/cs_9170_project/training_runs/BASELINE_fairness_loss_balancing_p1_capture24_bias002_flb_5s_f925a6cd__G202603261410/seed_3/flb_model.pt

[TEST] Alpha -> F1(min)=0.3678 | F1(maj)=0.9610 | F1(weighted)=0.9094 | F1(macro)=0.6644 | Brier=0.0661
[TEST] Beta  -> F1(min)=0.5157 | F1(maj)=0.9262 | F1(weighted)=0.8905 | F1(macro)=0.7210 | Brier=0.1085
[TestSuite] Final test metrics appended to (seed): /home/epigou/cs_9170_project/training_runs/BASELINE_fairness_loss_balancing_p1_capture24_bias002_flb_5s_f925a6cd__G202603261410/seed_3/final_test_metrics.csv
[TestSuite] Final test metrics appended to (experiment): /home/epigou/cs_9170_project/training_runs/BASELINE_fairness_loss_balancing_p1_capture24_bias002_flb_5s_f925a6cd__G202603261410/final_test_metrics.csv
[FLB] Done. seed=3 | time=10.9s
[FLB] Results in /home/epigou/cs_9170_project/training_runs/BASELINE_fairness_loss_balancing_p1_capture24_bias002_flb_5s_f925a6cd__G202603261410/seed_3
[chain] Done: experiment_specs/p1_capture24_bias002_flb_5s.json
[chain] Starting: experiment_specs/p1_capture24_bias002_fairtabddpm_5s.json
[run_baseline] baseline=fairtabddpm
[run_baseline] spec=experiment_specs/p1_capture24_bias002_fairtabddpm_5s.json
[run_baseline] device=cuda:0
[run_baseline] exp_group=BASELINE_fairtabddpm_p1_capture24_bias002_fairtabddpm_5s_b0c3e054__G202603261411
[run_baseline] seeds=[42, 0, 1, 2, 3]

[run_baseline] ---- seed=42 ----
[capture24] Cache: 992,430 windows, 40 participants
[capture24] MVPA=47,324  (4.8%),  female=505,628  (50.9%)
[TRAIN] size=3,000, MVPA=60 (2.0%), female=1,567, female_MVPA=45, male_MVPA=15
[VAL] size=3,000, MVPA=60 (2.0%), female=1,635, female_MVPA=24, male_MVPA=36
[TEST] size=211,857, MVPA=11,454 (5.4%), female=97,271, female_MVPA=5,441, male_MVPA=6,013
use_pca=False | theta_dim=32
[FairTabDDPM] exp_group=BASELINE_fairtabddpm_p1_capture24_bias002_fairtabddpm_5s_b0c3e054__G202603261411  seed=42
[FairTabDDPM] dataset=capture24  feature_dim=32
[FairTabDDPM] cfg={'timesteps': 100, 'd_emb': 128, 'n_layers': 4, 'lr': 0.00039, 'weight_decay': 0.0, 'diff_epochs': 1000, 'batch_size': 256, 'n_synthetic': 2000}
[FairTabDDPM] Training diffusion model for 1000 epochs ...
[FairTabDDPM] epoch=    1 | loss=1.00815
[FairTabDDPM] epoch=  100 | loss=0.18415
[FairTabDDPM] epoch=  200 | loss=0.15034
[FairTabDDPM] epoch=  300 | loss=0.12768
[FairTabDDPM] epoch=  400 | loss=0.12589
[FairTabDDPM] epoch=  500 | loss=0.10902
[FairTabDDPM] epoch=  600 | loss=0.11038
[FairTabDDPM] epoch=  700 | loss=0.10457
[FairTabDDPM] epoch=  800 | loss=0.10008
[FairTabDDPM] epoch=  900 | loss=0.10291
[FairTabDDPM] epoch= 1000 | loss=0.09572
[FairTabDDPM] Diffusion done. Best loss=0.08919
[FairTabDDPM] Diffusion training done in 60.2s
[FairTabDDPM] Sampling 2000 fair synthetic samples (y=1, a=1) ...
[FairTabDDPM] Got 2000 synthetic samples.
[FairTabDDPM] Augmented: 5000 total (2060 pos)
FFNN Using device: cuda:0
FFNN Using device: cuda:0
FFNN Using device: cuda:0
[TestSuite] Loaded best β weights from: /home/epigou/cs_9170_project/training_runs/BASELINE_fairtabddpm_p1_capture24_bias002_fairtabddpm_5s_b0c3e054__G202603261411/seed_42/fairtabddpm_model.pt

[TEST] Alpha -> F1(min)=0.2723 | F1(maj)=0.9742 | F1(weighted)=0.9362 | F1(macro)=0.6233 | Brier=0.0439
[TEST] Beta  -> F1(min)=0.5520 | F1(maj)=0.9705 | F1(weighted)=0.9479 | F1(macro)=0.7613 | Brier=0.0443
[TestSuite] Final test metrics appended to (seed): /home/epigou/cs_9170_project/training_runs/BASELINE_fairtabddpm_p1_capture24_bias002_fairtabddpm_5s_b0c3e054__G202603261411/seed_42/final_test_metrics.csv
[TestSuite] Final test metrics appended to (experiment): /home/epigou/cs_9170_project/training_runs/BASELINE_fairtabddpm_p1_capture24_bias002_fairtabddpm_5s_b0c3e054__G202603261411/final_test_metrics.csv
[FairTabDDPM] Diffusion metrics -> /home/epigou/cs_9170_project/training_runs/BASELINE_fairtabddpm_p1_capture24_bias002_fairtabddpm_5s_b0c3e054__G202603261411/seed_42/diff_metrics.csv
[FairTabDDPM] Done. seed=42 | time=85.1s

[run_baseline] ---- seed=0 ----
[capture24] Cache: 992,430 windows, 40 participants
[capture24] MVPA=47,324  (4.8%),  female=505,628  (50.9%)
[TRAIN] size=3,000, MVPA=60 (2.0%), female=1,513, female_MVPA=29, male_MVPA=31
[VAL] size=3,000, MVPA=60 (2.0%), female=1,496, female_MVPA=42, male_MVPA=18
[TEST] size=219,212, MVPA=6,406 (2.9%), female=112,606, female_MVPA=3,006, male_MVPA=3,400
use_pca=False | theta_dim=32
[FairTabDDPM] exp_group=BASELINE_fairtabddpm_p1_capture24_bias002_fairtabddpm_5s_b0c3e054__G202603261411  seed=0
[FairTabDDPM] dataset=capture24  feature_dim=32
[FairTabDDPM] cfg={'timesteps': 100, 'd_emb': 128, 'n_layers': 4, 'lr': 0.00039, 'weight_decay': 0.0, 'diff_epochs': 1000, 'batch_size': 256, 'n_synthetic': 2000}
[FairTabDDPM] Training diffusion model for 1000 epochs ...
[FairTabDDPM] epoch=    1 | loss=1.00845
[FairTabDDPM] epoch=  100 | loss=0.20076
[FairTabDDPM] epoch=  200 | loss=0.16179
[FairTabDDPM] epoch=  300 | loss=0.13515
[FairTabDDPM] epoch=  400 | loss=0.12779
[FairTabDDPM] epoch=  500 | loss=0.11725
[FairTabDDPM] epoch=  600 | loss=0.11377
[FairTabDDPM] epoch=  700 | loss=0.11458
[FairTabDDPM] epoch=  800 | loss=0.10406
[FairTabDDPM] epoch=  900 | loss=0.10283
[FairTabDDPM] epoch= 1000 | loss=0.09878
[FairTabDDPM] Diffusion done. Best loss=0.09599
[FairTabDDPM] Diffusion training done in 58.1s
[FairTabDDPM] Sampling 2000 fair synthetic samples (y=1, a=1) ...
[FairTabDDPM] Got 2000 synthetic samples.
[FairTabDDPM] Augmented: 5000 total (2060 pos)
FFNN Using device: cuda:0
FFNN Using device: cuda:0
FFNN Using device: cuda:0
[TestSuite] Loaded best β weights from: /home/epigou/cs_9170_project/training_runs/BASELINE_fairtabddpm_p1_capture24_bias002_fairtabddpm_5s_b0c3e054__G202603261411/seed_0/fairtabddpm_model.pt

[TEST] Alpha -> F1(min)=0.2945 | F1(maj)=0.9858 | F1(weighted)=0.9656 | F1(macro)=0.6402 | Brier=0.0250
[TEST] Beta  -> F1(min)=0.4590 | F1(maj)=0.9822 | F1(weighted)=0.9669 | F1(macro)=0.7206 | Brier=0.0296
[TestSuite] Final test metrics appended to (seed): /home/epigou/cs_9170_project/training_runs/BASELINE_fairtabddpm_p1_capture24_bias002_fairtabddpm_5s_b0c3e054__G202603261411/seed_0/final_test_metrics.csv
[TestSuite] Final test metrics appended to (experiment): /home/epigou/cs_9170_project/training_runs/BASELINE_fairtabddpm_p1_capture24_bias002_fairtabddpm_5s_b0c3e054__G202603261411/final_test_metrics.csv
[FairTabDDPM] Diffusion metrics -> /home/epigou/cs_9170_project/training_runs/BASELINE_fairtabddpm_p1_capture24_bias002_fairtabddpm_5s_b0c3e054__G202603261411/seed_0/diff_metrics.csv
[FairTabDDPM] Done. seed=0 | time=82.9s

[run_baseline] ---- seed=1 ----
[capture24] Cache: 992,430 windows, 40 participants
[capture24] MVPA=47,324  (4.8%),  female=505,628  (50.9%)
[TRAIN] size=3,000, MVPA=60 (2.0%), female=1,452, female_MVPA=31, male_MVPA=29
[VAL] size=3,000, MVPA=60 (2.0%), female=1,562, female_MVPA=36, male_MVPA=24
[TEST] size=203,563, MVPA=9,123 (4.5%), female=108,338, female_MVPA=7,061, male_MVPA=2,062
use_pca=False | theta_dim=32
[FairTabDDPM] exp_group=BASELINE_fairtabddpm_p1_capture24_bias002_fairtabddpm_5s_b0c3e054__G202603261411  seed=1
[FairTabDDPM] dataset=capture24  feature_dim=32
[FairTabDDPM] cfg={'timesteps': 100, 'd_emb': 128, 'n_layers': 4, 'lr': 0.00039, 'weight_decay': 0.0, 'diff_epochs': 1000, 'batch_size': 256, 'n_synthetic': 2000}
[FairTabDDPM] Training diffusion model for 1000 epochs ...
[FairTabDDPM] epoch=    1 | loss=1.00793
[FairTabDDPM] epoch=  100 | loss=0.18142
[FairTabDDPM] epoch=  200 | loss=0.14812
[FairTabDDPM] epoch=  300 | loss=0.13058
[FairTabDDPM] epoch=  400 | loss=0.12354
[FairTabDDPM] epoch=  500 | loss=0.11592
[FairTabDDPM] epoch=  600 | loss=0.11518
[FairTabDDPM] epoch=  700 | loss=0.11187
[FairTabDDPM] epoch=  800 | loss=0.10759
[FairTabDDPM] epoch=  900 | loss=0.10417
[FairTabDDPM] epoch= 1000 | loss=0.10121
[FairTabDDPM] Diffusion done. Best loss=0.09400
[FairTabDDPM] Diffusion training done in 57.6s
[FairTabDDPM] Sampling 2000 fair synthetic samples (y=1, a=1) ...
[FairTabDDPM] Got 2000 synthetic samples.
[FairTabDDPM] Augmented: 5000 total (2060 pos)
FFNN Using device: cuda:0
FFNN Using device: cuda:0
FFNN Using device: cuda:0
[TestSuite] Loaded best β weights from: /home/epigou/cs_9170_project/training_runs/BASELINE_fairtabddpm_p1_capture24_bias002_fairtabddpm_5s_b0c3e054__G202603261411/seed_1/fairtabddpm_model.pt

[TEST] Alpha -> F1(min)=0.3155 | F1(maj)=0.9769 | F1(weighted)=0.9473 | F1(macro)=0.6462 | Brier=0.0392
[TEST] Beta  -> F1(min)=0.4499 | F1(maj)=0.9737 | F1(weighted)=0.9502 | F1(macro)=0.7118 | Brier=0.0435
[TestSuite] Final test metrics appended to (seed): /home/epigou/cs_9170_project/training_runs/BASELINE_fairtabddpm_p1_capture24_bias002_fairtabddpm_5s_b0c3e054__G202603261411/seed_1/final_test_metrics.csv
[TestSuite] Final test metrics appended to (experiment): /home/epigou/cs_9170_project/training_runs/BASELINE_fairtabddpm_p1_capture24_bias002_fairtabddpm_5s_b0c3e054__G202603261411/final_test_metrics.csv
[FairTabDDPM] Diffusion metrics -> /home/epigou/cs_9170_project/training_runs/BASELINE_fairtabddpm_p1_capture24_bias002_fairtabddpm_5s_b0c3e054__G202603261411/seed_1/diff_metrics.csv
[FairTabDDPM] Done. seed=1 | time=82.4s

[run_baseline] ---- seed=2 ----
[capture24] Cache: 992,430 windows, 40 participants
[capture24] MVPA=47,324  (4.8%),  female=505,628  (50.9%)
[TRAIN] size=3,000, MVPA=60 (2.0%), female=1,487, female_MVPA=37, male_MVPA=23
[VAL] size=3,000, MVPA=60 (2.0%), female=1,451, female_MVPA=46, male_MVPA=14
[TEST] size=180,868, MVPA=7,917 (4.4%), female=97,728, female_MVPA=3,587, male_MVPA=4,330
use_pca=False | theta_dim=32
[FairTabDDPM] exp_group=BASELINE_fairtabddpm_p1_capture24_bias002_fairtabddpm_5s_b0c3e054__G202603261411  seed=2
[FairTabDDPM] dataset=capture24  feature_dim=32
[FairTabDDPM] cfg={'timesteps': 100, 'd_emb': 128, 'n_layers': 4, 'lr': 0.00039, 'weight_decay': 0.0, 'diff_epochs': 1000, 'batch_size': 256, 'n_synthetic': 2000}
[FairTabDDPM] Training diffusion model for 1000 epochs ...
[FairTabDDPM] epoch=    1 | loss=1.00131
[FairTabDDPM] epoch=  100 | loss=0.17531
[FairTabDDPM] epoch=  200 | loss=0.15240
[FairTabDDPM] epoch=  300 | loss=0.12503
[FairTabDDPM] epoch=  400 | loss=0.11477
[FairTabDDPM] epoch=  500 | loss=0.10939
[FairTabDDPM] epoch=  600 | loss=0.11239
[FairTabDDPM] epoch=  700 | loss=0.11148
[FairTabDDPM] epoch=  800 | loss=0.10469
[FairTabDDPM] epoch=  900 | loss=0.10565
[FairTabDDPM] epoch= 1000 | loss=0.09849
[FairTabDDPM] Diffusion done. Best loss=0.09447
[FairTabDDPM] Diffusion training done in 57.8s
[FairTabDDPM] Sampling 2000 fair synthetic samples (y=1, a=1) ...
[FairTabDDPM] Got 2000 synthetic samples.
[FairTabDDPM] Augmented: 5000 total (2060 pos)
FFNN Using device: cuda:0
FFNN Using device: cuda:0
FFNN Using device: cuda:0
[TestSuite] Loaded best β weights from: /home/epigou/cs_9170_project/training_runs/BASELINE_fairtabddpm_p1_capture24_bias002_fairtabddpm_5s_b0c3e054__G202603261411/seed_2/fairtabddpm_model.pt

[TEST] Alpha -> F1(min)=0.3423 | F1(maj)=0.9789 | F1(weighted)=0.9510 | F1(macro)=0.6606 | Brier=0.0361
[TEST] Beta  -> F1(min)=0.5327 | F1(maj)=0.9807 | F1(weighted)=0.9611 | F1(macro)=0.7567 | Brier=0.0333
[TestSuite] Final test metrics appended to (seed): /home/epigou/cs_9170_project/training_runs/BASELINE_fairtabddpm_p1_capture24_bias002_fairtabddpm_5s_b0c3e054__G202603261411/seed_2/final_test_metrics.csv
[TestSuite] Final test metrics appended to (experiment): /home/epigou/cs_9170_project/training_runs/BASELINE_fairtabddpm_p1_capture24_bias002_fairtabddpm_5s_b0c3e054__G202603261411/final_test_metrics.csv
[FairTabDDPM] Diffusion metrics -> /home/epigou/cs_9170_project/training_runs/BASELINE_fairtabddpm_p1_capture24_bias002_fairtabddpm_5s_b0c3e054__G202603261411/seed_2/diff_metrics.csv
[FairTabDDPM] Done. seed=2 | time=82.9s

[run_baseline] ---- seed=3 ----
[capture24] Cache: 992,430 windows, 40 participants
[capture24] MVPA=47,324  (4.8%),  female=505,628  (50.9%)
[TRAIN] size=3,000, MVPA=60 (2.0%), female=1,509, female_MVPA=18, male_MVPA=42
[VAL] size=3,000, MVPA=60 (2.0%), female=1,652, female_MVPA=37, male_MVPA=23
[TEST] size=195,666, MVPA=17,024 (8.7%), female=101,357, female_MVPA=13,672, male_MVPA=3,352
use_pca=False | theta_dim=32
[FairTabDDPM] exp_group=BASELINE_fairtabddpm_p1_capture24_bias002_fairtabddpm_5s_b0c3e054__G202603261411  seed=3
[FairTabDDPM] dataset=capture24  feature_dim=32
[FairTabDDPM] cfg={'timesteps': 100, 'd_emb': 128, 'n_layers': 4, 'lr': 0.00039, 'weight_decay': 0.0, 'diff_epochs': 1000, 'batch_size': 256, 'n_synthetic': 2000}
[FairTabDDPM] Training diffusion model for 1000 epochs ...
[FairTabDDPM] epoch=    1 | loss=1.00520
[FairTabDDPM] epoch=  100 | loss=0.19561
[FairTabDDPM] epoch=  200 | loss=0.15332
[FairTabDDPM] epoch=  300 | loss=0.13652
[FairTabDDPM] epoch=  400 | loss=0.12354
[FairTabDDPM] epoch=  500 | loss=0.12174
[FairTabDDPM] epoch=  600 | loss=0.11423
[FairTabDDPM] epoch=  700 | loss=0.11123
[FairTabDDPM] epoch=  800 | loss=0.10907
[FairTabDDPM] epoch=  900 | loss=0.10784
[FairTabDDPM] epoch= 1000 | loss=0.10239
[FairTabDDPM] Diffusion done. Best loss=0.09469
[FairTabDDPM] Diffusion training done in 57.8s
[FairTabDDPM] Sampling 2000 fair synthetic samples (y=1, a=1) ...
[FairTabDDPM] Got 2000 synthetic samples.
[FairTabDDPM] Augmented: 5000 total (2060 pos)
FFNN Using device: cuda:0
FFNN Using device: cuda:0
FFNN Using device: cuda:0
[TestSuite] Loaded best β weights from: /home/epigou/cs_9170_project/training_runs/BASELINE_fairtabddpm_p1_capture24_bias002_fairtabddpm_5s_b0c3e054__G202603261411/seed_3/fairtabddpm_model.pt

[TEST] Alpha -> F1(min)=0.3678 | F1(maj)=0.9610 | F1(weighted)=0.9094 | F1(macro)=0.6644 | Brier=0.0661
[TEST] Beta  -> F1(min)=0.5606 | F1(maj)=0.9641 | F1(weighted)=0.9290 | F1(macro)=0.7623 | Brier=0.0589
[TestSuite] Final test metrics appended to (seed): /home/epigou/cs_9170_project/training_runs/BASELINE_fairtabddpm_p1_capture24_bias002_fairtabddpm_5s_b0c3e054__G202603261411/seed_3/final_test_metrics.csv
[TestSuite] Final test metrics appended to (experiment): /home/epigou/cs_9170_project/training_runs/BASELINE_fairtabddpm_p1_capture24_bias002_fairtabddpm_5s_b0c3e054__G202603261411/final_test_metrics.csv
[FairTabDDPM] Diffusion metrics -> /home/epigou/cs_9170_project/training_runs/BASELINE_fairtabddpm_p1_capture24_bias002_fairtabddpm_5s_b0c3e054__G202603261411/seed_3/diff_metrics.csv
[FairTabDDPM] Done. seed=3 | time=82.6s
[chain] Done: experiment_specs/p1_capture24_bias002_fairtabddpm_5s.json
[chain] GPU0 chain complete
