[OTRepair] exp_group=BASELINE_gaussian_ot_repair_v16_bias05_otrep_credit_3seeds_4963d74f__G202603171827  seed=0
[OTRepair] dataset=credit_card  feature_dim=33
[OTRepair] ot_config={'lam': 1.0, 'n_groups': 2, 'cov_reg': 1e-05, 'barycenter_iters': 100, 'repair_test': True}
[OTRepair] seed_dir=/lustre09/project/6000743/epigou/cs_9170_project/training_runs/BASELINE_gaussian_ot_repair_v16_bias05_otrep_credit_3seeds_4963d74f__G202603171827/seed_0
[OTRepair] Group 0: n=1138, ||μ||=1.3778, cov_diag=[0.0000, 1.4682]
[OTRepair] Group 1: n=1862, ||μ||=1.3673, cov_diag=[0.0000, 1.2804]
[OTRepair] Barycenter computed. μ* norm=1.1656
[OTRepair] Group 0: A_g computed, ||A_g - I||=315.2483
[OTRepair] Group 1: A_g computed, ||A_g - I||=315.2734
[OTRepair] Test features repaired.
FFNN Using device: cpu
[OTRepair] ERM trained on repaired features.
FFNN Using device: cpu
[OTRepair] Alpha (ERM on original features) trained.
FFNN Using device: cpu
[TestSuite] Loaded best β weights from: /lustre09/project/6000743/epigou/cs_9170_project/training_runs/BASELINE_gaussian_ot_repair_v16_bias05_otrep_credit_3seeds_4963d74f__G202603171827/seed_0/otrep_model.pt

[TEST] Alpha -> F1(min)=0.2039 | F1(maj)=0.8794 | F1(weighted)=0.7300 | F1(macro)=0.5417 | Brier=0.1829
[TEST] Beta  -> F1(min)=0.2097 | F1(maj)=0.8799 | F1(weighted)=0.7317 | F1(macro)=0.5448 | Brier=0.1828
[TestSuite] Final test metrics appended to (seed): /lustre09/project/6000743/epigou/cs_9170_project/training_runs/BASELINE_gaussian_ot_repair_v16_bias05_otrep_credit_3seeds_4963d74f__G202603171827/seed_0/final_test_metrics.csv
[TestSuite] Final test metrics appended to (experiment): /lustre09/project/6000743/epigou/cs_9170_project/training_runs/BASELINE_gaussian_ot_repair_v16_bias05_otrep_credit_3seeds_4963d74f__G202603171827/final_test_metrics.csv
[OTRepair] Done. seed=0 | time=10.2s
[OTRepair] Results in /lustre09/project/6000743/epigou/cs_9170_project/training_runs/BASELINE_gaussian_ot_repair_v16_bias05_otrep_credit_3seeds_4963d74f__G202603171827/seed_0
