[OTRepair] exp_group=BASELINE_gaussian_ot_repair_compas_race_bias005_otrep_5s_fa60f12e__G202603302034  seed=2
[OTRepair] dataset=compas  feature_dim=16
[OTRepair] ot_config={'lam': 1.0, 'n_groups': 2, 'cov_reg': 1e-05, 'barycenter_iters': 100, 'repair_test': True}
[OTRepair] seed_dir=/lustre09/project/6000743/epigou/cs_9170_project/training_runs/BASELINE_gaussian_ot_repair_compas_race_bias005_otrep_5s_fa60f12e__G202603302034/seed_2
[OTRepair] Group 0: n=809, ||μ||=1.7067, cov_diag=[0.0000, 1.2308]
[OTRepair] Group 1: n=1892, ||μ||=1.6759, cov_diag=[0.0000, 1.3817]
[OTRepair] Barycenter computed. μ* norm=1.4638
[OTRepair] Group 0: A_g computed, ||A_g - I||=352.4397
[OTRepair] Group 1: A_g computed, ||A_g - I||=352.4359
[OTRepair] Test features repaired.
FFNN Using device: cpu
[OTRepair] ERM trained on repaired features.
FFNN Using device: cpu
[OTRepair] Alpha (ERM on original features) trained.
FFNN Using device: cpu
[TestSuite] Loaded best β weights from: /lustre09/project/6000743/epigou/cs_9170_project/training_runs/BASELINE_gaussian_ot_repair_compas_race_bias005_otrep_5s_fa60f12e__G202603302034/seed_2/otrep_model.pt

[TEST] Alpha -> F1(min)=0.5533 | F1(maj)=0.7079 | F1(weighted)=0.6351 | F1(macro)=0.6306 | Brier=0.2534
[TEST] Beta  -> F1(min)=0.5589 | F1(maj)=0.7184 | F1(weighted)=0.6433 | F1(macro)=0.6387 | Brier=0.2519
[TestSuite] Final test metrics appended to (seed): /lustre09/project/6000743/epigou/cs_9170_project/training_runs/BASELINE_gaussian_ot_repair_compas_race_bias005_otrep_5s_fa60f12e__G202603302034/seed_2/final_test_metrics.csv
[TestSuite] Final test metrics appended to (experiment): /lustre09/project/6000743/epigou/cs_9170_project/training_runs/BASELINE_gaussian_ot_repair_compas_race_bias005_otrep_5s_fa60f12e__G202603302034/final_test_metrics.csv
[OTRepair] Done. seed=2 | time=8.4s
[OTRepair] Results in /lustre09/project/6000743/epigou/cs_9170_project/training_runs/BASELINE_gaussian_ot_repair_compas_race_bias005_otrep_5s_fa60f12e__G202603302034/seed_2
