[GroupDRO] exp_group=BASELINE_group_dro_compas_race_bias005_gdro_5s_06fc1233__G202603302034  seed=5
[GroupDRO] dataset=compas  feature_dim=16
[GroupDRO] gdro_config={'lr': 0.001, 'epochs': 200, 'batch_size': 64, 'eta': 0.01, 'n_groups': 4}
[GroupDRO] seed_dir=/lustre09/project/6000743/epigou/cs_9170_project/training_runs/BASELINE_group_dro_compas_race_bias005_gdro_5s_06fc1233__G202603302034/seed_5
[GroupDRO] epoch=   1 | dro=0.6349 | val_worst=0.7836 | q=[0.263,0.222,0.264,0.251]
[GroupDRO] epoch=  20 | dro=0.5561 | val_worst=0.8920 | q=[0.099,0.117,0.392,0.392]
[GroupDRO] epoch=  40 | dro=0.5584 | val_worst=0.9938 | q=[0.029,0.030,0.466,0.474]
[GroupDRO] epoch=  60 | dro=0.5580 | val_worst=0.9841 | q=[0.007,0.008,0.487,0.498]
[GroupDRO] epoch=  80 | dro=0.5520 | val_worst=0.9450 | q=[0.002,0.002,0.494,0.502]
[GroupDRO] epoch= 100 | dro=0.5405 | val_worst=0.8813 | q=[0.001,0.001,0.491,0.507]
[GroupDRO] epoch= 120 | dro=0.5344 | val_worst=0.8810 | q=[0.000,0.000,0.494,0.506]
[GroupDRO] epoch= 140 | dro=0.5256 | val_worst=0.8600 | q=[0.000,0.000,0.493,0.507]
[GroupDRO] epoch= 160 | dro=0.5211 | val_worst=0.8778 | q=[0.000,0.000,0.493,0.506]
[GroupDRO] epoch= 180 | dro=0.5186 | val_worst=0.9099 | q=[0.000,0.000,0.491,0.509]
[GroupDRO] epoch= 200 | dro=0.5127 | val_worst=0.9228 | q=[0.000,0.000,0.493,0.507]
[GroupDRO] Training done. Best val_worst=0.7836
[GroupDRO] Training metrics -> /lustre09/project/6000743/epigou/cs_9170_project/training_runs/BASELINE_group_dro_compas_race_bias005_gdro_5s_06fc1233__G202603302034/seed_5/metrics.csv
[GroupDRO] Best model saved -> /lustre09/project/6000743/epigou/cs_9170_project/training_runs/BASELINE_group_dro_compas_race_bias005_gdro_5s_06fc1233__G202603302034/seed_5/gdro_model.pt
FFNN Using device: cpu
FFNN Using device: cpu
FFNN Using device: cpu
[TestSuite] Loaded best β weights from: /lustre09/project/6000743/epigou/cs_9170_project/training_runs/BASELINE_group_dro_compas_race_bias005_gdro_5s_06fc1233__G202603302034/seed_5/gdro_model.pt

[TEST] Alpha -> F1(min)=0.5101 | F1(maj)=0.7061 | F1(weighted)=0.6138 | F1(macro)=0.6081 | Brier=0.2670
[TEST] Beta  -> F1(min)=0.5118 | F1(maj)=0.6725 | F1(weighted)=0.5968 | F1(macro)=0.5921 | Brier=0.2432
[TestSuite] Final test metrics appended to (seed): /lustre09/project/6000743/epigou/cs_9170_project/training_runs/BASELINE_group_dro_compas_race_bias005_gdro_5s_06fc1233__G202603302034/seed_5/final_test_metrics.csv
[TestSuite] Final test metrics appended to (experiment): /lustre09/project/6000743/epigou/cs_9170_project/training_runs/BASELINE_group_dro_compas_race_bias005_gdro_5s_06fc1233__G202603302034/final_test_metrics.csv
[GroupDRO] Done. seed=5 | time=17.3s
[GroupDRO] Results in /lustre09/project/6000743/epigou/cs_9170_project/training_runs/BASELINE_group_dro_compas_race_bias005_gdro_5s_06fc1233__G202603302034/seed_5
