[run_baseline] baseline=ctgan
[run_baseline] spec=paper_specs_v2/v2_compas_ctgan_5s.json
[run_baseline] device=cuda:1
[run_baseline] exp_group=BASELINE_ctgan_v2_compas_ctgan_5s_1a8b22e1__G202603280037
[run_baseline] seeds=[42, 0, 1, 2, 3]
[run_baseline] eo_guard_threshold=0.1 (fallback pool: [4, 5, 6, 7, 8]...)

[run_baseline] ---- seed=42 ----
[compas] Label distribution: {0: 3363, 1: 2809}
[compas/TRAIN] size=2346, minority=328 (13.98%)
[compas/VAL] size=781, minority=109 (13.96%)
[compas/TEST] size=1235, minority=562 (45.51%)
FFNN Using device: cuda:1
/home/epigou/envs/rl/lib/python3.10/site-packages/torch/nn/modules/loss.py:610: UserWarning: Using a target size (torch.Size([64])) that is different to the input size (torch.Size([64, 2])). This will likely lead to incorrect results due to broadcasting. Please ensure they have the same size.
  return F.mse_loss(input, target, reduction=self.reduction)
Traceback (most recent call last):
  File "/home/epigou/cs_9170_project/run_baseline.py", line 280, in <module>
    main()
  File "/home/epigou/cs_9170_project/run_baseline.py", line 276, in main
    run_baseline_all_seeds(args.spec, device)
  File "/home/epigou/cs_9170_project/run_baseline.py", line 127, in run_baseline_all_seeds
    eo = _compute_alpha_eo(spec, seed, device)
  File "/home/epigou/cs_9170_project/run_baseline.py", line 85, in _compute_alpha_eo
    alpha.train(loader)
  File "/home/epigou/cs_9170_project/agents/ffnn_agent2.py", line 171, in train
    loss = self.criterion(outputs, batch_targets)
  File "/home/epigou/envs/rl/lib/python3.10/site-packages/torch/nn/modules/module.py", line 1739, in _wrapped_call_impl
    return self._call_impl(*args, **kwargs)
  File "/home/epigou/envs/rl/lib/python3.10/site-packages/torch/nn/modules/module.py", line 1750, in _call_impl
    return forward_call(*args, **kwargs)
  File "/home/epigou/envs/rl/lib/python3.10/site-packages/torch/nn/modules/loss.py", line 610, in forward
    return F.mse_loss(input, target, reduction=self.reduction)
  File "/home/epigou/envs/rl/lib/python3.10/site-packages/torch/nn/functional.py", line 3884, in mse_loss
    expanded_input, expanded_target = torch.broadcast_tensors(input, target)
  File "/home/epigou/envs/rl/lib/python3.10/site-packages/torch/functional.py", line 76, in broadcast_tensors
    return _VF.broadcast_tensors(tensors)  # type: ignore[attr-defined]
RuntimeError: The size of tensor a (2) must match the size of tensor b (64) at non-singleton dimension 1
