[OTRepair] exp_group=BASELINE_gaussian_ot_repair_compas_race_bias005_otrep_5s_fa60f12e__G202603302034  seed=3
[OTRepair] dataset=compas  feature_dim=16
[OTRepair] ot_config={'lam': 1.0, 'n_groups': 2, 'cov_reg': 1e-05, 'barycenter_iters': 100, 'repair_test': True}
[OTRepair] seed_dir=/lustre09/project/6000743/epigou/cs_9170_project/training_runs/BASELINE_gaussian_ot_repair_compas_race_bias005_otrep_5s_fa60f12e__G202603302034/seed_3
[OTRepair] Group 0: n=795, ||μ||=1.7010, cov_diag=[0.0000, 1.2384]
[OTRepair] Group 1: n=1914, ||μ||=1.6717, cov_diag=[0.0000, 1.3490]
[OTRepair] Barycenter computed. μ* norm=1.4637
[OTRepair] Group 0: A_g computed, ||A_g - I||=352.4380
[OTRepair] Group 1: A_g computed, ||A_g - I||=352.4359
[OTRepair] Test features repaired.
FFNN Using device: cpu
[OTRepair] ERM trained on repaired features.
FFNN Using device: cpu
[OTRepair] Alpha (ERM on original features) trained.
FFNN Using device: cpu
[TestSuite] Loaded best β weights from: /lustre09/project/6000743/epigou/cs_9170_project/training_runs/BASELINE_gaussian_ot_repair_compas_race_bias005_otrep_5s_fa60f12e__G202603302034/seed_3/otrep_model.pt

[TEST] Alpha -> F1(min)=0.5647 | F1(maj)=0.7108 | F1(weighted)=0.6420 | F1(macro)=0.6377 | Brier=0.2627
[TEST] Beta  -> F1(min)=0.5795 | F1(maj)=0.6997 | F1(weighted)=0.6431 | F1(macro)=0.6396 | Brier=0.2570
[TestSuite] Final test metrics appended to (seed): /lustre09/project/6000743/epigou/cs_9170_project/training_runs/BASELINE_gaussian_ot_repair_compas_race_bias005_otrep_5s_fa60f12e__G202603302034/seed_3/final_test_metrics.csv
[TestSuite] Final test metrics appended to (experiment): /lustre09/project/6000743/epigou/cs_9170_project/training_runs/BASELINE_gaussian_ot_repair_compas_race_bias005_otrep_5s_fa60f12e__G202603302034/final_test_metrics.csv
[OTRepair] Done. seed=3 | time=8.4s
[OTRepair] Results in /lustre09/project/6000743/epigou/cs_9170_project/training_runs/BASELINE_gaussian_ot_repair_compas_race_bias005_otrep_5s_fa60f12e__G202603302034/seed_3
