[FairTabDDPM] exp_group=BASELINE_fairtabddpm_compas_race_bias005_fairtabddpm_5s_0546c142__G202603302034  seed=3
[FairTabDDPM] dataset=compas  feature_dim=16
[FairTabDDPM] cfg={'timesteps': 100, 'd_emb': 128, 'n_layers': 4, 'lr': 0.00039, 'weight_decay': 0.0, 'diff_epochs': 1000, 'batch_size': 256, 'n_synthetic': 2000}
[FairTabDDPM] Training diffusion model for 1000 epochs ...
[FairTabDDPM] epoch=    1 | loss=1.00171
[FairTabDDPM] epoch=  100 | loss=0.18702
[FairTabDDPM] epoch=  200 | loss=0.15835
[FairTabDDPM] epoch=  300 | loss=0.14014
[FairTabDDPM] epoch=  400 | loss=0.12012
[FairTabDDPM] epoch=  500 | loss=0.10454
[FairTabDDPM] epoch=  600 | loss=0.09592
[FairTabDDPM] epoch=  700 | loss=0.09695
[FairTabDDPM] epoch=  800 | loss=0.08789
[FairTabDDPM] epoch=  900 | loss=0.09450
[FairTabDDPM] epoch= 1000 | loss=0.08821
[FairTabDDPM] Diffusion done. Best loss=0.08135
[FairTabDDPM] Diffusion training done in 44.4s
[FairTabDDPM] Disadvantaged group: a=0 (pos_g0=39, pos_g1=993)
[FairTabDDPM] Sampling 2000 fair synthetic samples (y=1, a=0) ...
[FairTabDDPM] Got 2000 synthetic samples.
[FairTabDDPM] Augmented: 4709 total (3032 pos)
FFNN Using device: cpu
FFNN Using device: cpu
FFNN Using device: cpu
[TestSuite] Loaded best β weights from: /lustre09/project/6000743/epigou/cs_9170_project/training_runs/BASELINE_fairtabddpm_compas_race_bias005_fairtabddpm_5s_0546c142__G202603302034/seed_3/fairtabddpm_model.pt

[TEST] Alpha -> F1(min)=0.5647 | F1(maj)=0.7108 | F1(weighted)=0.6420 | F1(macro)=0.6377 | Brier=0.2627
[TEST] Beta  -> F1(min)=0.5943 | F1(maj)=0.7130 | F1(weighted)=0.6571 | F1(macro)=0.6537 | Brier=0.2444
[TestSuite] Final test metrics appended to (seed): /lustre09/project/6000743/epigou/cs_9170_project/training_runs/BASELINE_fairtabddpm_compas_race_bias005_fairtabddpm_5s_0546c142__G202603302034/seed_3/final_test_metrics.csv
[TestSuite] Final test metrics appended to (experiment): /lustre09/project/6000743/epigou/cs_9170_project/training_runs/BASELINE_fairtabddpm_compas_race_bias005_fairtabddpm_5s_0546c142__G202603302034/final_test_metrics.csv
[FairTabDDPM] Diffusion metrics -> /lustre09/project/6000743/epigou/cs_9170_project/training_runs/BASELINE_fairtabddpm_compas_race_bias005_fairtabddpm_5s_0546c142__G202603302034/seed_3/diff_metrics.csv
[FairTabDDPM] Done. seed=3 | time=56.0s
