[FairTabDDPM] exp_group=BASELINE_fairtabddpm_compas_race_bias005_fairtabddpm_5s_0546c142__G202603302034  seed=0
[FairTabDDPM] dataset=compas  feature_dim=16
[FairTabDDPM] cfg={'timesteps': 100, 'd_emb': 128, 'n_layers': 4, 'lr': 0.00039, 'weight_decay': 0.0, 'diff_epochs': 1000, 'batch_size': 256, 'n_synthetic': 2000}
[FairTabDDPM] Training diffusion model for 1000 epochs ...
[FairTabDDPM] epoch=    1 | loss=0.99647
[FairTabDDPM] epoch=  100 | loss=0.17358
[FairTabDDPM] epoch=  200 | loss=0.15482
[FairTabDDPM] epoch=  300 | loss=0.14383
[FairTabDDPM] epoch=  400 | loss=0.12196
[FairTabDDPM] epoch=  500 | loss=0.11413
[FairTabDDPM] epoch=  600 | loss=0.10793
[FairTabDDPM] epoch=  700 | loss=0.09367
[FairTabDDPM] epoch=  800 | loss=0.09176
[FairTabDDPM] epoch=  900 | loss=0.09040
[FairTabDDPM] epoch= 1000 | loss=0.08548
[FairTabDDPM] Diffusion done. Best loss=0.08256
[FairTabDDPM] Diffusion training done in 46.6s
[FairTabDDPM] Disadvantaged group: a=0 (pos_g0=41, pos_g1=990)
[FairTabDDPM] Sampling 2000 fair synthetic samples (y=1, a=0) ...
[FairTabDDPM] Got 2000 synthetic samples.
[FairTabDDPM] Augmented: 4708 total (3031 pos)
FFNN Using device: cpu
FFNN Using device: cpu
FFNN Using device: cpu
[TestSuite] Loaded best β weights from: /lustre09/project/6000743/epigou/cs_9170_project/training_runs/BASELINE_fairtabddpm_compas_race_bias005_fairtabddpm_5s_0546c142__G202603302034/seed_0/fairtabddpm_model.pt

[TEST] Alpha -> F1(min)=0.5851 | F1(maj)=0.7065 | F1(weighted)=0.6494 | F1(macro)=0.6458 | Brier=0.2538
[TEST] Beta  -> F1(min)=0.5745 | F1(maj)=0.7234 | F1(weighted)=0.6533 | F1(macro)=0.6490 | Brier=0.2494
[TestSuite] Final test metrics appended to (seed): /lustre09/project/6000743/epigou/cs_9170_project/training_runs/BASELINE_fairtabddpm_compas_race_bias005_fairtabddpm_5s_0546c142__G202603302034/seed_0/final_test_metrics.csv
[TestSuite] Final test metrics appended to (experiment): /lustre09/project/6000743/epigou/cs_9170_project/training_runs/BASELINE_fairtabddpm_compas_race_bias005_fairtabddpm_5s_0546c142__G202603302034/final_test_metrics.csv
[FairTabDDPM] Diffusion metrics -> /lustre09/project/6000743/epigou/cs_9170_project/training_runs/BASELINE_fairtabddpm_compas_race_bias005_fairtabddpm_5s_0546c142__G202603302034/seed_0/diff_metrics.csv
[FairTabDDPM] Done. seed=0 | time=58.3s
