[GroupDRO] exp_group=BASELINE_group_dro_compas_race_bias005_gdro_5s_06fc1233__G202603302034  seed=2
[GroupDRO] dataset=compas  feature_dim=16
[GroupDRO] gdro_config={'lr': 0.001, 'epochs': 200, 'batch_size': 64, 'eta': 0.01, 'n_groups': 4}
[GroupDRO] seed_dir=/lustre09/project/6000743/epigou/cs_9170_project/training_runs/BASELINE_group_dro_compas_race_bias005_gdro_5s_06fc1233__G202603302034/seed_2
[GroupDRO] epoch=   1 | dro=0.7108 | val_worst=1.0568 | q=[0.256,0.225,0.260,0.259]
[GroupDRO] epoch=  20 | dro=0.5591 | val_worst=0.8754 | q=[0.091,0.107,0.397,0.405]
[GroupDRO] epoch=  40 | dro=0.5608 | val_worst=0.9127 | q=[0.029,0.032,0.463,0.477]
[GroupDRO] epoch=  60 | dro=0.5593 | val_worst=1.0906 | q=[0.009,0.009,0.485,0.498]
[GroupDRO] epoch=  80 | dro=0.5531 | val_worst=1.0382 | q=[0.002,0.003,0.489,0.506]
[GroupDRO] epoch= 100 | dro=0.5477 | val_worst=0.9681 | q=[0.001,0.001,0.491,0.507]
[GroupDRO] epoch= 120 | dro=0.5381 | val_worst=1.0237 | q=[0.000,0.000,0.491,0.508]
[GroupDRO] epoch= 140 | dro=0.5344 | val_worst=1.1302 | q=[0.000,0.000,0.493,0.507]
[GroupDRO] epoch= 160 | dro=0.5308 | val_worst=1.1456 | q=[0.000,0.000,0.491,0.509]
[GroupDRO] epoch= 180 | dro=0.5255 | val_worst=1.0976 | q=[0.000,0.000,0.491,0.508]
[GroupDRO] epoch= 200 | dro=0.5178 | val_worst=1.0385 | q=[0.000,0.000,0.491,0.508]
[GroupDRO] Training done. Best val_worst=0.8754
[GroupDRO] Training metrics -> /lustre09/project/6000743/epigou/cs_9170_project/training_runs/BASELINE_group_dro_compas_race_bias005_gdro_5s_06fc1233__G202603302034/seed_2/metrics.csv
[GroupDRO] Best model saved -> /lustre09/project/6000743/epigou/cs_9170_project/training_runs/BASELINE_group_dro_compas_race_bias005_gdro_5s_06fc1233__G202603302034/seed_2/gdro_model.pt
FFNN Using device: cpu
FFNN Using device: cpu
FFNN Using device: cpu
[TestSuite] Loaded best β weights from: /lustre09/project/6000743/epigou/cs_9170_project/training_runs/BASELINE_group_dro_compas_race_bias005_gdro_5s_06fc1233__G202603302034/seed_2/gdro_model.pt

[TEST] Alpha -> F1(min)=0.5533 | F1(maj)=0.7079 | F1(weighted)=0.6351 | F1(macro)=0.6306 | Brier=0.2534
[TEST] Beta  -> F1(min)=0.6142 | F1(maj)=0.7051 | F1(weighted)=0.6623 | F1(macro)=0.6597 | Brier=0.2124
[TestSuite] Final test metrics appended to (seed): /lustre09/project/6000743/epigou/cs_9170_project/training_runs/BASELINE_group_dro_compas_race_bias005_gdro_5s_06fc1233__G202603302034/seed_2/final_test_metrics.csv
[TestSuite] Final test metrics appended to (experiment): /lustre09/project/6000743/epigou/cs_9170_project/training_runs/BASELINE_group_dro_compas_race_bias005_gdro_5s_06fc1233__G202603302034/final_test_metrics.csv
[GroupDRO] Done. seed=2 | time=17.5s
[GroupDRO] Results in /lustre09/project/6000743/epigou/cs_9170_project/training_runs/BASELINE_group_dro_compas_race_bias005_gdro_5s_06fc1233__G202603302034/seed_2
