[run_baseline] baseline=fairness_loss_balancing
[run_baseline] spec=experiment_specs/diabetes130/local/flb_cpu.yaml
[run_baseline] device=cpu
[run_baseline] exp_group=BASELINE_fairness_loss_balancing_flb_cpu_259d27bc__G202605012104
[run_baseline] seeds=[42, 0]

[run_baseline] ---- seed=42 ----
[diabetes] young(<45): n=4515  old(>=65): n=47659
[diabetes/TRAIN] DA+ (young, readmit<30): 17 of 259 young train examples
[diabetes/TRAIN] n=3000, readmit<30=282 (9.4%), DA+(young)=17, AA+(old)=265
[diabetes/VAL] n=10435, readmit<30=982 (9.4%), DA+(young)=60, AA+(old)=922
[diabetes/TEST] n=10435, readmit<30=981 (9.4%), DA+(young)=60, AA+(old)=921
[FLB] exp_group=BASELINE_fairness_loss_balancing_flb_cpu_259d27bc__G202605012104  seed=42
[FLB] dataset=diabetes130  feature_dim=10
[FLB] flb_config={'lr': 0.001, 'epochs': 200, 'batch_size': 64, 'eta': 0.01, 'n_groups': 4}
[FLB] seed_dir=/home/epigou/cs_9170_project/training_runs/BASELINE_fairness_loss_balancing_flb_cpu_259d27bc__G202605012104/seed_42
[FLB] Group sizes (a=0/y=0, a=0/y=1, a=1/y=0, a=1/y=1): [242, 17, 2476, 265]
[FLB] epoch=  20 | loss=1.0052 | val_worst=0.9903 | p=[0.217,0.290,0.218,0.275]
[FLB] epoch=  40 | loss=0.7812 | val_worst=1.2382 | p=[0.232,0.278,0.217,0.273]
[FLB] epoch=  60 | loss=0.7153 | val_worst=0.9712 | p=[0.246,0.262,0.223,0.268]
[FLB] epoch=  80 | loss=0.7412 | val_worst=0.8489 | p=[0.252,0.254,0.224,0.270]
[FLB] epoch= 100 | loss=0.6601 | val_worst=0.8165 | p=[0.257,0.247,0.227,0.269]
[FLB] epoch= 120 | loss=0.6495 | val_worst=0.7943 | p=[0.261,0.240,0.229,0.270]
[FLB] epoch= 140 | loss=0.6742 | val_worst=0.7579 | p=[0.265,0.232,0.232,0.270]
[FLB] epoch= 160 | loss=0.6185 | val_worst=0.7869 | p=[0.266,0.227,0.235,0.272]
[FLB] epoch= 180 | loss=0.6486 | val_worst=0.7701 | p=[0.264,0.222,0.236,0.278]
[FLB] epoch= 200 | loss=0.6498 | val_worst=0.7411 | p=[0.263,0.216,0.239,0.282]
[FLB] Training done. Best val_worst=0.7411
[FLB] Training metrics -> /home/epigou/cs_9170_project/training_runs/BASELINE_fairness_loss_balancing_flb_cpu_259d27bc__G202605012104/seed_42/metrics.csv
[FLB] Best model saved -> /home/epigou/cs_9170_project/training_runs/BASELINE_fairness_loss_balancing_flb_cpu_259d27bc__G202605012104/seed_42/flb_model.pt
FFNN Using device: cpu
FFNN Using device: cpu
FFNN Using device: cpu
[TestSuite] Loaded best β weights from: /home/epigou/cs_9170_project/training_runs/BASELINE_fairness_loss_balancing_flb_cpu_259d27bc__G202605012104/seed_42/flb_model.pt

[TEST] Alpha -> F1(min)=0.0000 | F1(maj)=0.9503 | F1(weighted)=0.8610 | F1(macro)=0.4752 | Brier=0.0875
[TEST] Beta  -> F1(min)=0.1726 | F1(maj)=0.6802 | F1(weighted)=0.6325 | F1(macro)=0.4264 | Brier=0.2604
[TestSuite] Final test metrics appended to (seed): /home/epigou/cs_9170_project/training_runs/BASELINE_fairness_loss_balancing_flb_cpu_259d27bc__G202605012104/seed_42/final_test_metrics.csv
[TestSuite] Final test metrics appended to (experiment): /home/epigou/cs_9170_project/training_runs/BASELINE_fairness_loss_balancing_flb_cpu_259d27bc__G202605012104/final_test_metrics.csv
[FLB] Done. seed=42 | time=75.5s
[FLB] Results in /home/epigou/cs_9170_project/training_runs/BASELINE_fairness_loss_balancing_flb_cpu_259d27bc__G202605012104/seed_42

[run_baseline] ---- seed=0 ----
[diabetes] young(<45): n=4515  old(>=65): n=47659
[diabetes/TRAIN] DA+ (young, readmit<30): 17 of 259 young train examples
[diabetes/TRAIN] n=3000, readmit<30=282 (9.4%), DA+(young)=17, AA+(old)=265
[diabetes/VAL] n=10435, readmit<30=982 (9.4%), DA+(young)=60, AA+(old)=922
[diabetes/TEST] n=10435, readmit<30=981 (9.4%), DA+(young)=60, AA+(old)=921
[FLB] exp_group=BASELINE_fairness_loss_balancing_flb_cpu_259d27bc__G202605012104  seed=0
[FLB] dataset=diabetes130  feature_dim=10
[FLB] flb_config={'lr': 0.001, 'epochs': 200, 'batch_size': 64, 'eta': 0.01, 'n_groups': 4}
[FLB] seed_dir=/home/epigou/cs_9170_project/training_runs/BASELINE_fairness_loss_balancing_flb_cpu_259d27bc__G202605012104/seed_0
[FLB] Group sizes (a=0/y=0, a=0/y=1, a=1/y=0, a=1/y=1): [242, 17, 2476, 265]
[FLB] epoch=  20 | loss=0.6805 | val_worst=0.8709 | p=[0.247,0.251,0.248,0.254]
[FLB] epoch=  40 | loss=0.6576 | val_worst=0.7600 | p=[0.247,0.246,0.251,0.256]
[FLB] epoch=  60 | loss=0.6952 | val_worst=0.8670 | p=[0.245,0.244,0.252,0.259]
[FLB] epoch=  80 | loss=0.6357 | val_worst=0.8522 | p=[0.241,0.241,0.251,0.267]
[FLB] epoch= 100 | loss=0.6506 | val_worst=0.7919 | p=[0.238,0.236,0.254,0.272]
[FLB] epoch= 120 | loss=0.6122 | val_worst=0.8541 | p=[0.235,0.230,0.259,0.276]
[FLB] epoch= 140 | loss=0.6301 | val_worst=0.7940 | p=[0.232,0.224,0.264,0.280]
[FLB] epoch= 160 | loss=0.6069 | val_worst=0.9308 | p=[0.230,0.218,0.271,0.281]
[FLB] epoch= 180 | loss=0.6017 | val_worst=0.7711 | p=[0.225,0.214,0.273,0.287]
[FLB] epoch= 200 | loss=0.6087 | val_worst=0.8311 | p=[0.224,0.206,0.280,0.290]
[FLB] Training done. Best val_worst=0.7529
[FLB] Training metrics -> /home/epigou/cs_9170_project/training_runs/BASELINE_fairness_loss_balancing_flb_cpu_259d27bc__G202605012104/seed_0/metrics.csv
[FLB] Best model saved -> /home/epigou/cs_9170_project/training_runs/BASELINE_fairness_loss_balancing_flb_cpu_259d27bc__G202605012104/seed_0/flb_model.pt
FFNN Using device: cpu
FFNN Using device: cpu
FFNN Using device: cpu
[TestSuite] Loaded best β weights from: /home/epigou/cs_9170_project/training_runs/BASELINE_fairness_loss_balancing_flb_cpu_259d27bc__G202605012104/seed_0/flb_model.pt

[TEST] Alpha -> F1(min)=0.0000 | F1(maj)=0.9507 | F1(weighted)=0.8613 | F1(macro)=0.4753 | Brier=0.0870
[TEST] Beta  -> F1(min)=0.1583 | F1(maj)=0.6229 | F1(weighted)=0.5792 | F1(macro)=0.3906 | Brier=0.2708
[TestSuite] Final test metrics appended to (seed): /home/epigou/cs_9170_project/training_runs/BASELINE_fairness_loss_balancing_flb_cpu_259d27bc__G202605012104/seed_0/final_test_metrics.csv
[TestSuite] Final test metrics appended to (experiment): /home/epigou/cs_9170_project/training_runs/BASELINE_fairness_loss_balancing_flb_cpu_259d27bc__G202605012104/final_test_metrics.csv
[FLB] Done. seed=0 | time=226.3s
[FLB] Results in /home/epigou/cs_9170_project/training_runs/BASELINE_fairness_loss_balancing_flb_cpu_259d27bc__G202605012104/seed_0
