[run_baseline] baseline=group_dro
[run_baseline] spec=experiment_specs/diabetes130/local/gdro_cpu.yaml
[run_baseline] device=cpu
[run_baseline] exp_group=BASELINE_group_dro_gdro_cpu_8e025d8c__G202605012104
[run_baseline] seeds=[42, 0]

[run_baseline] ---- seed=42 ----
[diabetes] young(<45): n=4515  old(>=65): n=47659
[diabetes/TRAIN] DA+ (young, readmit<30): 17 of 259 young train examples
[diabetes/TRAIN] n=3000, readmit<30=282 (9.4%), DA+(young)=17, AA+(old)=265
[diabetes/VAL] n=10435, readmit<30=982 (9.4%), DA+(young)=60, AA+(old)=922
[diabetes/TEST] n=10435, readmit<30=981 (9.4%), DA+(young)=60, AA+(old)=921
[GroupDRO] exp_group=BASELINE_group_dro_gdro_cpu_8e025d8c__G202605012104  seed=42
[GroupDRO] dataset=diabetes130  feature_dim=10
[GroupDRO] gdro_config={'lr': 0.001, 'epochs': 200, 'batch_size': 64, 'eta': 0.01, 'n_groups': 4}
[GroupDRO] seed_dir=/home/epigou/cs_9170_project/training_runs/BASELINE_group_dro_gdro_cpu_8e025d8c__G202605012104/seed_42
[GroupDRO] epoch=   1 | dro=0.7832 | val_worst=0.8057 | q=[0.212,0.224,0.218,0.346]
[GroupDRO] epoch=  20 | dro=0.6257 | val_worst=0.8380 | q=[0.067,0.016,0.430,0.486]
[GroupDRO] epoch=  40 | dro=0.5580 | val_worst=1.0171 | q=[0.015,0.002,0.484,0.499]
[GroupDRO] epoch=  60 | dro=0.5175 | val_worst=1.0343 | q=[0.004,0.000,0.500,0.496]
[GroupDRO] epoch=  80 | dro=0.4745 | val_worst=1.3000 | q=[0.001,0.000,0.516,0.483]
[GroupDRO] epoch= 100 | dro=0.4323 | val_worst=1.4956 | q=[0.000,0.002,0.516,0.482]
[GroupDRO] epoch= 120 | dro=0.4068 | val_worst=1.6021 | q=[0.000,0.016,0.521,0.463]
[GroupDRO] epoch= 140 | dro=0.3926 | val_worst=1.8215 | q=[0.000,0.056,0.517,0.427]
[GroupDRO] epoch= 160 | dro=0.3725 | val_worst=2.0907 | q=[0.001,0.049,0.523,0.428]
[GroupDRO] epoch= 180 | dro=0.3489 | val_worst=2.2505 | q=[0.002,0.044,0.526,0.428]
[GroupDRO] epoch= 200 | dro=0.3225 | val_worst=2.4919 | q=[0.005,0.039,0.527,0.429]
[GroupDRO] Training done. Best val_worst=0.8019
[GroupDRO] Training metrics -> /home/epigou/cs_9170_project/training_runs/BASELINE_group_dro_gdro_cpu_8e025d8c__G202605012104/seed_42/metrics.csv
[GroupDRO] Best model saved -> /home/epigou/cs_9170_project/training_runs/BASELINE_group_dro_gdro_cpu_8e025d8c__G202605012104/seed_42/gdro_model.pt
FFNN Using device: cpu
FFNN Using device: cpu
FFNN Using device: cpu
[TestSuite] Loaded best β weights from: /home/epigou/cs_9170_project/training_runs/BASELINE_group_dro_gdro_cpu_8e025d8c__G202605012104/seed_42/gdro_model.pt

[TEST] Alpha -> F1(min)=0.0000 | F1(maj)=0.9503 | F1(weighted)=0.8610 | F1(macro)=0.4752 | Brier=0.0875
[TEST] Beta  -> F1(min)=0.1742 | F1(maj)=0.6584 | F1(weighted)=0.6129 | F1(macro)=0.4163 | Brier=0.2651
[TestSuite] Final test metrics appended to (seed): /home/epigou/cs_9170_project/training_runs/BASELINE_group_dro_gdro_cpu_8e025d8c__G202605012104/seed_42/final_test_metrics.csv
[TestSuite] Final test metrics appended to (experiment): /home/epigou/cs_9170_project/training_runs/BASELINE_group_dro_gdro_cpu_8e025d8c__G202605012104/final_test_metrics.csv
[GroupDRO] Done. seed=42 | time=396.2s
[GroupDRO] Results in /home/epigou/cs_9170_project/training_runs/BASELINE_group_dro_gdro_cpu_8e025d8c__G202605012104/seed_42

[run_baseline] ---- seed=0 ----
[diabetes] young(<45): n=4515  old(>=65): n=47659
[diabetes/TRAIN] DA+ (young, readmit<30): 17 of 259 young train examples
[diabetes/TRAIN] n=3000, readmit<30=282 (9.4%), DA+(young)=17, AA+(old)=265
[diabetes/VAL] n=10435, readmit<30=982 (9.4%), DA+(young)=60, AA+(old)=922
[diabetes/TEST] n=10435, readmit<30=981 (9.4%), DA+(young)=60, AA+(old)=921
[GroupDRO] exp_group=BASELINE_group_dro_gdro_cpu_8e025d8c__G202605012104  seed=0
[GroupDRO] dataset=diabetes130  feature_dim=10
[GroupDRO] gdro_config={'lr': 0.001, 'epochs': 200, 'batch_size': 64, 'eta': 0.01, 'n_groups': 4}
[GroupDRO] seed_dir=/home/epigou/cs_9170_project/training_runs/BASELINE_group_dro_gdro_cpu_8e025d8c__G202605012104/seed_0
[GroupDRO] epoch=   1 | dro=0.6242 | val_worst=1.1355 | q=[0.242,0.215,0.244,0.299]
[GroupDRO] epoch=  20 | dro=0.6251 | val_worst=1.0051 | q=[0.053,0.009,0.447,0.491]
[GroupDRO] epoch=  40 | dro=0.5510 | val_worst=0.9938 | q=[0.014,0.001,0.495,0.490]
[GroupDRO] epoch=  60 | dro=0.4982 | val_worst=1.2360 | q=[0.007,0.000,0.511,0.482]
[GroupDRO] epoch=  80 | dro=0.4404 | val_worst=1.4716 | q=[0.004,0.000,0.520,0.476]
[GroupDRO] epoch= 100 | dro=0.4129 | val_worst=1.8255 | q=[0.004,0.000,0.531,0.466]
[GroupDRO] epoch= 120 | dro=0.3720 | val_worst=2.0446 | q=[0.004,0.002,0.535,0.460]
[GroupDRO] epoch= 140 | dro=0.3515 | val_worst=2.2745 | q=[0.007,0.023,0.528,0.442]
[GroupDRO] epoch= 160 | dro=0.3301 | val_worst=2.4631 | q=[0.020,0.052,0.514,0.413]
[GroupDRO] epoch= 180 | dro=0.3258 | val_worst=2.5666 | q=[0.033,0.044,0.507,0.417]
[GroupDRO] epoch= 200 | dro=0.3034 | val_worst=2.9168 | q=[0.034,0.038,0.509,0.419]
[GroupDRO] Training done. Best val_worst=0.8784
[GroupDRO] Training metrics -> /home/epigou/cs_9170_project/training_runs/BASELINE_group_dro_gdro_cpu_8e025d8c__G202605012104/seed_0/metrics.csv
[GroupDRO] Best model saved -> /home/epigou/cs_9170_project/training_runs/BASELINE_group_dro_gdro_cpu_8e025d8c__G202605012104/seed_0/gdro_model.pt
FFNN Using device: cpu
FFNN Using device: cpu
FFNN Using device: cpu
[TestSuite] Loaded best β weights from: /home/epigou/cs_9170_project/training_runs/BASELINE_group_dro_gdro_cpu_8e025d8c__G202605012104/seed_0/gdro_model.pt

[TEST] Alpha -> F1(min)=0.0000 | F1(maj)=0.9507 | F1(weighted)=0.8613 | F1(macro)=0.4753 | Brier=0.0870
[TEST] Beta  -> F1(min)=0.1638 | F1(maj)=0.7055 | F1(weighted)=0.6546 | F1(macro)=0.4346 | Brier=0.2450
[TestSuite] Final test metrics appended to (seed): /home/epigou/cs_9170_project/training_runs/BASELINE_group_dro_gdro_cpu_8e025d8c__G202605012104/seed_0/final_test_metrics.csv
[TestSuite] Final test metrics appended to (experiment): /home/epigou/cs_9170_project/training_runs/BASELINE_group_dro_gdro_cpu_8e025d8c__G202605012104/final_test_metrics.csv
[GroupDRO] Done. seed=0 | time=37.2s
[GroupDRO] Results in /home/epigou/cs_9170_project/training_runs/BASELINE_group_dro_gdro_cpu_8e025d8c__G202605012104/seed_0
