[run_baseline] baseline=gaussian_ot_repair
[run_baseline] spec=experiment_specs/diabetes130/local/ot_repair_cpu.yaml
[run_baseline] device=cpu
[run_baseline] exp_group=BASELINE_gaussian_ot_repair_ot_repair_cpu_d3a344ce__G202605012104
[run_baseline] seeds=[42, 0]

[run_baseline] ---- seed=42 ----
[diabetes] young(<45): n=4515  old(>=65): n=47659
[diabetes/TRAIN] DA+ (young, readmit<30): 17 of 259 young train examples
[diabetes/TRAIN] n=3000, readmit<30=282 (9.4%), DA+(young)=17, AA+(old)=265
[diabetes/VAL] n=10435, readmit<30=982 (9.4%), DA+(young)=60, AA+(old)=922
[diabetes/TEST] n=10435, readmit<30=981 (9.4%), DA+(young)=60, AA+(old)=921
[OTRepair] exp_group=BASELINE_gaussian_ot_repair_ot_repair_cpu_d3a344ce__G202605012104  seed=42
[OTRepair] dataset=diabetes130  feature_dim=10
[OTRepair] ot_config={'lam': 1.0, 'n_groups': 2, 'cov_reg': 1e-05, 'barycenter_iters': 100, 'repair_test': True}
[OTRepair] seed_dir=/home/epigou/cs_9170_project/training_runs/BASELINE_gaussian_ot_repair_ot_repair_cpu_d3a344ce__G202605012104/seed_42
[OTRepair] Group 0: n=259, ||μ||=2.0111, cov_diag=[1.0737, 2.6793]
[OTRepair] Group 1: n=2741, ||μ||=0.1900, cov_diag=[1.3652, 2.7874]
[OTRepair] Barycenter computed. μ* norm=0.9105
[OTRepair] Group 0: A_g computed, ||A_g - I||=0.7461
[OTRepair] Group 1: A_g computed, ||A_g - I||=0.6241
[OTRepair] Test features repaired.
FFNN Using device: cpu
[OTRepair] ERM trained on repaired features.
FFNN Using device: cpu
[OTRepair] Alpha (ERM on original features) trained.
FFNN Using device: cpu
[TestSuite] Loaded best β weights from: /home/epigou/cs_9170_project/training_runs/BASELINE_gaussian_ot_repair_ot_repair_cpu_d3a344ce__G202605012104/seed_42/otrep_model.pt

[TEST] Alpha -> F1(min)=0.0000 | F1(maj)=0.9503 | F1(weighted)=0.8610 | F1(macro)=0.4752 | Brier=0.0875
[TEST] Beta  -> F1(min)=0.0020 | F1(maj)=0.9503 | F1(weighted)=0.8612 | F1(macro)=0.4762 | Brier=0.0874
[TestSuite] Final test metrics appended to (seed): /home/epigou/cs_9170_project/training_runs/BASELINE_gaussian_ot_repair_ot_repair_cpu_d3a344ce__G202605012104/seed_42/final_test_metrics.csv
[TestSuite] Final test metrics appended to (experiment): /home/epigou/cs_9170_project/training_runs/BASELINE_gaussian_ot_repair_ot_repair_cpu_d3a344ce__G202605012104/final_test_metrics.csv
[OTRepair] Done. seed=42 | time=153.9s
[OTRepair] Results in /home/epigou/cs_9170_project/training_runs/BASELINE_gaussian_ot_repair_ot_repair_cpu_d3a344ce__G202605012104/seed_42

[run_baseline] ---- seed=0 ----
[diabetes] young(<45): n=4515  old(>=65): n=47659
[diabetes/TRAIN] DA+ (young, readmit<30): 17 of 259 young train examples
[diabetes/TRAIN] n=3000, readmit<30=282 (9.4%), DA+(young)=17, AA+(old)=265
[diabetes/VAL] n=10435, readmit<30=982 (9.4%), DA+(young)=60, AA+(old)=922
[diabetes/TEST] n=10435, readmit<30=981 (9.4%), DA+(young)=60, AA+(old)=921
[OTRepair] exp_group=BASELINE_gaussian_ot_repair_ot_repair_cpu_d3a344ce__G202605012104  seed=0
[OTRepair] dataset=diabetes130  feature_dim=10
[OTRepair] ot_config={'lam': 1.0, 'n_groups': 2, 'cov_reg': 1e-05, 'barycenter_iters': 100, 'repair_test': True}
[OTRepair] seed_dir=/home/epigou/cs_9170_project/training_runs/BASELINE_gaussian_ot_repair_ot_repair_cpu_d3a344ce__G202605012104/seed_0
[OTRepair] Group 0: n=259, ||μ||=1.9413, cov_diag=[1.1641, 2.5853]
[OTRepair] Group 1: n=2741, ||μ||=0.1834, cov_diag=[1.2629, 2.6948]
[OTRepair] Barycenter computed. μ* norm=0.8789
[OTRepair] Group 0: A_g computed, ||A_g - I||=0.6412
[OTRepair] Group 1: A_g computed, ||A_g - I||=0.5718
[OTRepair] Test features repaired.
FFNN Using device: cpu
[OTRepair] ERM trained on repaired features.
FFNN Using device: cpu
[OTRepair] Alpha (ERM on original features) trained.
FFNN Using device: cpu
[TestSuite] Loaded best β weights from: /home/epigou/cs_9170_project/training_runs/BASELINE_gaussian_ot_repair_ot_repair_cpu_d3a344ce__G202605012104/seed_0/otrep_model.pt

[TEST] Alpha -> F1(min)=0.0000 | F1(maj)=0.9507 | F1(weighted)=0.8613 | F1(macro)=0.4753 | Brier=0.0870
[TEST] Beta  -> F1(min)=0.0000 | F1(maj)=0.9507 | F1(weighted)=0.8613 | F1(macro)=0.4753 | Brier=0.0873
[TestSuite] Final test metrics appended to (seed): /home/epigou/cs_9170_project/training_runs/BASELINE_gaussian_ot_repair_ot_repair_cpu_d3a344ce__G202605012104/seed_0/final_test_metrics.csv
[TestSuite] Final test metrics appended to (experiment): /home/epigou/cs_9170_project/training_runs/BASELINE_gaussian_ot_repair_ot_repair_cpu_d3a344ce__G202605012104/final_test_metrics.csv
[OTRepair] Done. seed=0 | time=213.6s
[OTRepair] Results in /home/epigou/cs_9170_project/training_runs/BASELINE_gaussian_ot_repair_ot_repair_cpu_d3a344ce__G202605012104/seed_0
