======================================================================
STEP 1: DA+ scan across scarcity values and seeds
  dataset=sepsis  minority_id=0  majority_id=1  dp_col=None
======================================================================
       param     value   seed    DA+   n_disadv  val_disadv_pos  test_disadv_pos
--------------------------------------------------------------------------------
[sepsis] Loaded 40258 patients from cache.
[sepsis] Total=40258, sepsis=2922 (7.3%)
[sepsis] Female(a=0): n=17735, sepsis=1191 (6.7%)
[sepsis] Male  (a=1): n=22523,   sepsis=1731 (7.7%)
[sepsis/TRAIN] DA+ (female, sepsis=1): 142 of 9973 female train examples
[sepsis/TRAIN] n=3000, sepsis=148 (4.9%), DA+(female)=14, AA+(male)=134
[sepsis/VAL] n=8052, sepsis=585 (7.3%), DA+(female)=234, AA+(male)=351
[sepsis/TEST] n=8052, sepsis=584 (7.3%), DA+(female)=221, AA+(male)=363
      da_pct   0.01433     42     14       1291             234              221
[sepsis] Loaded 40258 patients from cache.
[sepsis] Total=40258, sepsis=2922 (7.3%)
[sepsis] Female(a=0): n=17735, sepsis=1191 (6.7%)
[sepsis] Male  (a=1): n=22523,   sepsis=1731 (7.7%)
[sepsis/TRAIN] DA+ (female, sepsis=1): 143 of 10013 female train examples
[sepsis/TRAIN] n=3000, sepsis=151 (5.0%), DA+(female)=14, AA+(male)=137
[sepsis/VAL] n=8052, sepsis=585 (7.3%), DA+(female)=241, AA+(male)=344
[sepsis/TEST] n=8052, sepsis=584 (7.3%), DA+(female)=243, AA+(male)=341
      da_pct   0.01433      0     14       1302             241              243
[sepsis] Loaded 40258 patients from cache.
[sepsis] Total=40258, sepsis=2922 (7.3%)
[sepsis] Female(a=0): n=17735, sepsis=1191 (6.7%)
[sepsis] Male  (a=1): n=22523,   sepsis=1731 (7.7%)
[sepsis/TRAIN] DA+ (female, sepsis=1): 144 of 10104 female train examples
[sepsis/TRAIN] n=3000, sepsis=151 (5.0%), DA+(female)=21, AA+(male)=130
[sepsis/VAL] n=8052, sepsis=584 (7.3%), DA+(female)=242, AA+(male)=342
[sepsis/TEST] n=8052, sepsis=585 (7.3%), DA+(female)=236, AA+(male)=349
      da_pct   0.01433      1     21       1319             242              236

======================================================================
STEP 2: Alpha-EO baseline
  da_pcts=[0.01433]  bias_pcts=None  seeds=[42, 0, 1]
======================================================================
       param     value   seed    DA+   val_EO   test_EO      AUC      F1w
--------------------------------------------------------------------------------
[sepsis] Loaded 40258 patients from cache.
[sepsis] Total=40258, sepsis=2922 (7.3%)
[sepsis] Female(a=0): n=17735, sepsis=1191 (6.7%)
[sepsis] Male  (a=1): n=22523,   sepsis=1731 (7.7%)
[sepsis/TRAIN] DA+ (female, sepsis=1): 142 of 9973 female train examples
[sepsis/TRAIN] n=3000, sepsis=148 (4.9%), DA+(female)=14, AA+(male)=134
[sepsis/VAL] n=8052, sepsis=585 (7.3%), DA+(female)=234, AA+(male)=351
[sepsis/TEST] n=8052, sepsis=584 (7.3%), DA+(female)=221, AA+(male)=363
FFNN Using device: cpu
      da_pct   0.01433     42     14   0.0028    0.0303   0.7116   0.3874
[sepsis] Loaded 40258 patients from cache.
[sepsis] Total=40258, sepsis=2922 (7.3%)
[sepsis] Female(a=0): n=17735, sepsis=1191 (6.7%)
[sepsis] Male  (a=1): n=22523,   sepsis=1731 (7.7%)
[sepsis/TRAIN] DA+ (female, sepsis=1): 143 of 10013 female train examples
[sepsis/TRAIN] n=3000, sepsis=151 (5.0%), DA+(female)=14, AA+(male)=137
[sepsis/VAL] n=8052, sepsis=585 (7.3%), DA+(female)=241, AA+(male)=344
[sepsis/TEST] n=8052, sepsis=584 (7.3%), DA+(female)=243, AA+(male)=341
FFNN Using device: cpu
      da_pct   0.01433      0     14   0.0266    0.0133   0.7337   0.3688
[sepsis] Loaded 40258 patients from cache.
[sepsis] Total=40258, sepsis=2922 (7.3%)
[sepsis] Female(a=0): n=17735, sepsis=1191 (6.7%)
[sepsis] Male  (a=1): n=22523,   sepsis=1731 (7.7%)
[sepsis/TRAIN] DA+ (female, sepsis=1): 144 of 10104 female train examples
[sepsis/TRAIN] n=3000, sepsis=151 (5.0%), DA+(female)=21, AA+(male)=130
[sepsis/VAL] n=8052, sepsis=584 (7.3%), DA+(female)=242, AA+(male)=342
[sepsis/TEST] n=8052, sepsis=585 (7.3%), DA+(female)=236, AA+(male)=349
FFNN Using device: cpu
      da_pct   0.01433      1     21   0.0173    0.0268   0.7205   0.4200

======================================================================
STEP 3: Feature separability (PCA space, seed=42, no bias)
  Checks if disadvantaged-positive and advantaged-positive
  subgroups are spatially distinct — prerequisite for RL signal.
======================================================================
[sepsis] Loaded 40258 patients from cache.
[sepsis] Total=40258, sepsis=2922 (7.3%)
[sepsis] Female(a=0): n=17735, sepsis=1191 (6.7%)
[sepsis] Male  (a=1): n=22523,   sepsis=1731 (7.7%)
[sepsis/TRAIN] DA+ (female, sepsis=1): 736 of 10567 female train examples
[sepsis/TRAIN] n=3000, sepsis=218 (7.3%), DA+(female)=94, AA+(male)=124
[sepsis/VAL] n=8052, sepsis=585 (7.3%), DA+(female)=234, AA+(male)=351
[sepsis/TEST] n=8052, sepsis=584 (7.3%), DA+(female)=221, AA+(male)=363
  Test subgroup sizes:
    disadv_pos=221  adv_pos=363  disadv_neg=3381  adv_neg=4087

  Centroid distance (disadv_pos vs adv_pos): 0.3704
  Within-group spread: disadv=2.2346  adv=2.1674
  Separability ratio (between/within):       0.1657
  Cosine similarity of discriminant vectors: 0.9770
    (1.0 = identical; <0.7 = group-specific structure)

  Interpretation:
  sep_ratio=0.17 — groups overlap heavily in PCA space. RL may not be able to carry group-specific signal.

======================================================================
SUMMARY — Pass/Fail against paper criteria
======================================================================
  Best val_disadv_pos:  242  PASS
  Best test_disadv_pos: 243  PASS
  Best val alpha-EO:    0.0266  FAIL
  Best test alpha-EO:   0.0303

  Overall: ONE OR MORE CRITERIA FAIL — investigate before committing.

