======================================================================
STEP 1: DA+ scan across scarcity values and seeds
  dataset=brfss  minority_id=0  majority_id=1  dp_col=None
======================================================================
       param     value   seed    DA+   n_disadv  val_disadv_pos  test_disadv_pos
--------------------------------------------------------------------------------
[brfss] Parsing datasets/brfss/LLCP2022.XPT  — this may take a few minutes...
[brfss] Loaded 445132 raw records.
[brfss] Feature cache saved: 445132 records, 27 features → datasets/brfss/brfss_features.parquet
[brfss/addepev3] Total=445132, pos=91410 (20.5%)
[brfss/addepev3] Female(a=0): n=235894, pos=60292 (25.6%)
[brfss/addepev3] Male  (a=1): n=209238,   pos=31118 (14.9%)
[brfss/TRAIN] DA+ (female, addepev3=1): 43 of 1380 female train examples
[brfss/TRAIN] n=3000, addepev3=277 (9.2%), DA+(female)=43, AA+(male)=234
[brfss/VAL] n=89026, addepev3=18282 (20.5%), DA+(female)=12101, AA+(male)=6181
[brfss/TEST] n=89027, addepev3=18282 (20.5%), DA+(female)=12080, AA+(male)=6202
      da_pct   0.01433     42     43       1380           12101            12080
[brfss] Loaded 445132 records from cache.
[brfss/addepev3] Total=445132, pos=91410 (20.5%)
[brfss/addepev3] Female(a=0): n=235894, pos=60292 (25.6%)
[brfss/addepev3] Male  (a=1): n=209238,   pos=31118 (14.9%)
[brfss/TRAIN] DA+ (female, addepev3=1): 43 of 1411 female train examples
[brfss/TRAIN] n=3000, addepev3=287 (9.6%), DA+(female)=43, AA+(male)=244
[brfss/VAL] n=89026, addepev3=18282 (20.5%), DA+(female)=12074, AA+(male)=6208
[brfss/TEST] n=89027, addepev3=18282 (20.5%), DA+(female)=12092, AA+(male)=6190
      da_pct   0.01433      0     43       1411           12074            12092
[brfss] Loaded 445132 records from cache.
[brfss/addepev3] Total=445132, pos=91410 (20.5%)
[brfss/addepev3] Female(a=0): n=235894, pos=60292 (25.6%)
[brfss/addepev3] Male  (a=1): n=209238,   pos=31118 (14.9%)
[brfss/TRAIN] DA+ (female, addepev3=1): 43 of 1399 female train examples
[brfss/TRAIN] n=3000, addepev3=282 (9.4%), DA+(female)=43, AA+(male)=239
[brfss/VAL] n=89026, addepev3=18282 (20.5%), DA+(female)=12099, AA+(male)=6183
[brfss/TEST] n=89027, addepev3=18282 (20.5%), DA+(female)=12007, AA+(male)=6275
      da_pct   0.01433      1     43       1399           12099            12007

======================================================================
STEP 2: Alpha-EO baseline
  da_pcts=[0.01433]  bias_pcts=None  seeds=[42, 0, 1]
======================================================================
       param     value   seed    DA+   val_EO   test_EO      AUC      F1w
--------------------------------------------------------------------------------
[brfss] Loaded 445132 records from cache.
[brfss/addepev3] Total=445132, pos=91410 (20.5%)
[brfss/addepev3] Female(a=0): n=235894, pos=60292 (25.6%)
[brfss/addepev3] Male  (a=1): n=209238,   pos=31118 (14.9%)
[brfss/TRAIN] DA+ (female, addepev3=1): 43 of 1380 female train examples
[brfss/TRAIN] n=3000, addepev3=277 (9.2%), DA+(female)=43, AA+(male)=234
[brfss/VAL] n=89026, addepev3=18282 (20.5%), DA+(female)=12101, AA+(male)=6181
[brfss/TEST] n=89027, addepev3=18282 (20.5%), DA+(female)=12080, AA+(male)=6202
FFNN Using device: cpu
      da_pct   0.01433     42     43   0.0121    0.0126   0.7288   0.3174
[brfss] Loaded 445132 records from cache.
[brfss/addepev3] Total=445132, pos=91410 (20.5%)
[brfss/addepev3] Female(a=0): n=235894, pos=60292 (25.6%)
[brfss/addepev3] Male  (a=1): n=209238,   pos=31118 (14.9%)
[brfss/TRAIN] DA+ (female, addepev3=1): 43 of 1411 female train examples
[brfss/TRAIN] n=3000, addepev3=287 (9.6%), DA+(female)=43, AA+(male)=244
[brfss/VAL] n=89026, addepev3=18282 (20.5%), DA+(female)=12074, AA+(male)=6208
[brfss/TEST] n=89027, addepev3=18282 (20.5%), DA+(female)=12092, AA+(male)=6190
FFNN Using device: cpu
      da_pct   0.01433      0     43   0.0001    0.0093   0.7025   0.1950
[brfss] Loaded 445132 records from cache.
[brfss/addepev3] Total=445132, pos=91410 (20.5%)
[brfss/addepev3] Female(a=0): n=235894, pos=60292 (25.6%)
[brfss/addepev3] Male  (a=1): n=209238,   pos=31118 (14.9%)
[brfss/TRAIN] DA+ (female, addepev3=1): 43 of 1399 female train examples
[brfss/TRAIN] n=3000, addepev3=282 (9.4%), DA+(female)=43, AA+(male)=239
[brfss/VAL] n=89026, addepev3=18282 (20.5%), DA+(female)=12099, AA+(male)=6183
[brfss/TEST] n=89027, addepev3=18282 (20.5%), DA+(female)=12007, AA+(male)=6275
FFNN Using device: cpu
      da_pct   0.01433      1     43   0.0050    0.0007   0.6932   0.2560

======================================================================
STEP 3: Feature separability (PCA space, seed=42, no bias)
  Checks if disadvantaged-positive and advantaged-positive
  subgroups are spatially distinct — prerequisite for RL signal.
======================================================================
[brfss] Loaded 445132 records from cache.
[brfss/addepev3] Total=445132, pos=91410 (20.5%)
[brfss/addepev3] Female(a=0): n=235894, pos=60292 (25.6%)
[brfss/addepev3] Male  (a=1): n=209238,   pos=31118 (14.9%)
[brfss/TRAIN] DA+ (female, addepev3=1): 36111 of 141322 female train examples
[brfss/TRAIN] n=3000, addepev3=616 (20.5%), DA+(female)=414, AA+(male)=202
[brfss/VAL] n=89026, addepev3=18282 (20.5%), DA+(female)=12101, AA+(male)=6181
[brfss/TEST] n=89027, addepev3=18282 (20.5%), DA+(female)=12080, AA+(male)=6202
  Test subgroup sizes:
    disadv_pos=12080  adv_pos=6202  disadv_neg=35241  adv_neg=35504

  Centroid distance (disadv_pos vs adv_pos): 0.4950
  Within-group spread: disadv=1.3304  adv=1.3796
  Separability ratio (between/within):       0.3588
  Cosine similarity of discriminant vectors: 0.9891
    (1.0 = identical; <0.7 = group-specific structure)

  Interpretation:
  sep_ratio=0.36 — groups overlap heavily in PCA space. RL may not be able to carry group-specific signal.

======================================================================
SUMMARY — Pass/Fail against paper criteria
======================================================================
  Best val_disadv_pos:  12101  PASS
  Best test_disadv_pos: 12092  PASS
  Best val alpha-EO:    0.0121  FAIL
  Best test alpha-EO:   0.0126

  Overall: ONE OR MORE CRITERIA FAIL — investigate before committing.

