======================================================================
STEP 1: DA+ scan across scarcity values and seeds
  dataset=brfss  minority_id=0  majority_id=1  dp_col=race
======================================================================
       param     value   seed    DA+   n_disadv  val_disadv_pos  test_disadv_pos
--------------------------------------------------------------------------------
[brfss] Parsing datasets/brfss/LLCP2022.XPT  — this may take a few minutes...
[brfss] Loaded 445132 raw records.
[brfss] Feature cache saved: 445132 records, 28 features → datasets/brfss/brfss_features.parquet
[brfss/cvdinfr4] Total=369390, pos=21831 (5.9%)
[brfss/cvdinfr4] Black(a=0): n=35876, pos=1700 (4.7%)
[brfss/cvdinfr4] White(a=1):   n=333514,   pos=20131 (6.0%)
[brfss/TRAIN] DA+ (female, cvdinfr4=1): 43 of 310 female train examples
[brfss/TRAIN] n=3000, cvdinfr4=209 (7.0%), DA+(female)=43, AA+(male)=166
[brfss/VAL] n=73878, cvdinfr4=4366 (5.9%), DA+(female)=351, AA+(male)=4015
[brfss/TEST] n=73878, cvdinfr4=4366 (5.9%), DA+(female)=358, AA+(male)=4008
      da_pct   0.01433     42     43        310             351              358
[brfss] Loaded 445132 records from cache.
[brfss/cvdinfr4] Total=369390, pos=21831 (5.9%)
[brfss/cvdinfr4] Black(a=0): n=35876, pos=1700 (4.7%)
[brfss/cvdinfr4] White(a=1):   n=333514,   pos=20131 (6.0%)
[brfss/TRAIN] DA+ (female, cvdinfr4=1): 43 of 328 female train examples
[brfss/TRAIN] n=3000, cvdinfr4=211 (7.0%), DA+(female)=43, AA+(male)=168
[brfss/VAL] n=73878, cvdinfr4=4366 (5.9%), DA+(female)=363, AA+(male)=4003
[brfss/TEST] n=73878, cvdinfr4=4366 (5.9%), DA+(female)=333, AA+(male)=4033
      da_pct   0.01433      0     43        328             363              333
[brfss] Loaded 445132 records from cache.
[brfss/cvdinfr4] Total=369390, pos=21831 (5.9%)
[brfss/cvdinfr4] Black(a=0): n=35876, pos=1700 (4.7%)
[brfss/cvdinfr4] White(a=1):   n=333514,   pos=20131 (6.0%)
[brfss/TRAIN] DA+ (female, cvdinfr4=1): 43 of 286 female train examples
[brfss/TRAIN] n=3000, cvdinfr4=198 (6.6%), DA+(female)=43, AA+(male)=155
[brfss/VAL] n=73878, cvdinfr4=4366 (5.9%), DA+(female)=340, AA+(male)=4026
[brfss/TEST] n=73878, cvdinfr4=4366 (5.9%), DA+(female)=376, AA+(male)=3990
      da_pct   0.01433      1     43        286             340              376

======================================================================
STEP 2: Alpha-EO baseline
  da_pcts=[0.01433]  bias_pcts=None  seeds=[42, 0, 1]
======================================================================
       param     value   seed    DA+   val_EO   test_EO      AUC      F1w
--------------------------------------------------------------------------------
[brfss] Loaded 445132 records from cache.
[brfss/cvdinfr4] Total=369390, pos=21831 (5.9%)
[brfss/cvdinfr4] Black(a=0): n=35876, pos=1700 (4.7%)
[brfss/cvdinfr4] White(a=1):   n=333514,   pos=20131 (6.0%)
[brfss/TRAIN] DA+ (female, cvdinfr4=1): 43 of 310 female train examples
[brfss/TRAIN] n=3000, cvdinfr4=209 (7.0%), DA+(female)=43, AA+(male)=166
[brfss/VAL] n=73878, cvdinfr4=4366 (5.9%), DA+(female)=351, AA+(male)=4015
[brfss/TEST] n=73878, cvdinfr4=4366 (5.9%), DA+(female)=358, AA+(male)=4008
FFNN Using device: cpu
      da_pct   0.01433     42     43   0.0325    0.0206   0.8114   0.4304
[brfss] Loaded 445132 records from cache.
[brfss/cvdinfr4] Total=369390, pos=21831 (5.9%)
[brfss/cvdinfr4] Black(a=0): n=35876, pos=1700 (4.7%)
[brfss/cvdinfr4] White(a=1):   n=333514,   pos=20131 (6.0%)
[brfss/TRAIN] DA+ (female, cvdinfr4=1): 43 of 328 female train examples
[brfss/TRAIN] n=3000, cvdinfr4=211 (7.0%), DA+(female)=43, AA+(male)=168
[brfss/VAL] n=73878, cvdinfr4=4366 (5.9%), DA+(female)=363, AA+(male)=4003
[brfss/TEST] n=73878, cvdinfr4=4366 (5.9%), DA+(female)=333, AA+(male)=4033
FFNN Using device: cpu
      da_pct   0.01433      0     43   0.0039    0.0053   0.7699   0.2601
[brfss] Loaded 445132 records from cache.
[brfss/cvdinfr4] Total=369390, pos=21831 (5.9%)
[brfss/cvdinfr4] Black(a=0): n=35876, pos=1700 (4.7%)
[brfss/cvdinfr4] White(a=1):   n=333514,   pos=20131 (6.0%)
[brfss/TRAIN] DA+ (female, cvdinfr4=1): 43 of 286 female train examples
[brfss/TRAIN] n=3000, cvdinfr4=198 (6.6%), DA+(female)=43, AA+(male)=155
[brfss/VAL] n=73878, cvdinfr4=4366 (5.9%), DA+(female)=340, AA+(male)=4026
[brfss/TEST] n=73878, cvdinfr4=4366 (5.9%), DA+(female)=376, AA+(male)=3990
FFNN Using device: cpu
      da_pct   0.01433      1     43   0.0271    0.0094   0.7929   0.3386

======================================================================
STEP 3: Feature separability (PCA space, seed=42, no bias)
  Checks if disadvantaged-positive and advantaged-positive
  subgroups are spatially distinct — prerequisite for RL signal.
======================================================================
[brfss] Loaded 445132 records from cache.
[brfss/cvdinfr4] Total=369390, pos=21831 (5.9%)
[brfss/cvdinfr4] Black(a=0): n=35876, pos=1700 (4.7%)
[brfss/cvdinfr4] White(a=1):   n=333514,   pos=20131 (6.0%)
[brfss/TRAIN] DA+ (female, cvdinfr4=1): 991 of 21320 female train examples
[brfss/TRAIN] n=3000, cvdinfr4=177 (5.9%), DA+(female)=14, AA+(male)=163
[brfss/VAL] n=73878, cvdinfr4=4366 (5.9%), DA+(female)=351, AA+(male)=4015
[brfss/TEST] n=73878, cvdinfr4=4366 (5.9%), DA+(female)=358, AA+(male)=4008
  Test subgroup sizes:
    disadv_pos=358  adv_pos=4008  disadv_neg=6904  adv_neg=62608

  Centroid distance (disadv_pos vs adv_pos): 0.8514
  Within-group spread: disadv=1.4313  adv=1.3514
  Separability ratio (between/within):       0.5948
  Cosine similarity of discriminant vectors: 0.9966
    (1.0 = identical; <0.7 = group-specific structure)

  Interpretation:
  sep_ratio=0.59 — groups are spatially distinct. RL signal likely viable.

======================================================================
SUMMARY — Pass/Fail against paper criteria
======================================================================
  Best val_disadv_pos:  363  PASS
  Best test_disadv_pos: 376  PASS
  Best val alpha-EO:    0.0325  FAIL
  Best test alpha-EO:   0.0206

  Overall: ONE OR MORE CRITERIA FAIL — investigate before committing.

