[FairTabDDPM] exp_group=BASELINE_fairtabddpm_compas_race_bias005_fairtabddpm_5s_0546c142__G202603302034  seed=5
[FairTabDDPM] dataset=compas  feature_dim=16
[FairTabDDPM] cfg={'timesteps': 100, 'd_emb': 128, 'n_layers': 4, 'lr': 0.00039, 'weight_decay': 0.0, 'diff_epochs': 1000, 'batch_size': 256, 'n_synthetic': 2000}
[FairTabDDPM] Training diffusion model for 1000 epochs ...
[FairTabDDPM] epoch=    1 | loss=0.99718
[FairTabDDPM] epoch=  100 | loss=0.18930
[FairTabDDPM] epoch=  200 | loss=0.15560
[FairTabDDPM] epoch=  300 | loss=0.13201
[FairTabDDPM] epoch=  400 | loss=0.12603
[FairTabDDPM] epoch=  500 | loss=0.11123
[FairTabDDPM] epoch=  600 | loss=0.10041
[FairTabDDPM] epoch=  700 | loss=0.09794
[FairTabDDPM] epoch=  800 | loss=0.08837
[FairTabDDPM] epoch=  900 | loss=0.08594
[FairTabDDPM] epoch= 1000 | loss=0.08321
[FairTabDDPM] Diffusion done. Best loss=0.08150
[FairTabDDPM] Diffusion training done in 44.0s
[FairTabDDPM] Disadvantaged group: a=0 (pos_g0=40, pos_g1=968)
[FairTabDDPM] Sampling 2000 fair synthetic samples (y=1, a=0) ...
[FairTabDDPM] Got 2000 synthetic samples.
[FairTabDDPM] Augmented: 4685 total (3008 pos)
FFNN Using device: cpu
FFNN Using device: cpu
FFNN Using device: cpu
[TestSuite] Loaded best β weights from: /lustre09/project/6000743/epigou/cs_9170_project/training_runs/BASELINE_fairtabddpm_compas_race_bias005_fairtabddpm_5s_0546c142__G202603302034/seed_5/fairtabddpm_model.pt

[TEST] Alpha -> F1(min)=0.5101 | F1(maj)=0.7061 | F1(weighted)=0.6138 | F1(macro)=0.6081 | Brier=0.2670
[TEST] Beta  -> F1(min)=0.5684 | F1(maj)=0.7104 | F1(weighted)=0.6436 | F1(macro)=0.6394 | Brier=0.2508
[TestSuite] Final test metrics appended to (seed): /lustre09/project/6000743/epigou/cs_9170_project/training_runs/BASELINE_fairtabddpm_compas_race_bias005_fairtabddpm_5s_0546c142__G202603302034/seed_5/final_test_metrics.csv
[TestSuite] Final test metrics appended to (experiment): /lustre09/project/6000743/epigou/cs_9170_project/training_runs/BASELINE_fairtabddpm_compas_race_bias005_fairtabddpm_5s_0546c142__G202603302034/final_test_metrics.csv
[FairTabDDPM] Diffusion metrics -> /lustre09/project/6000743/epigou/cs_9170_project/training_runs/BASELINE_fairtabddpm_compas_race_bias005_fairtabddpm_5s_0546c142__G202603302034/seed_5/diff_metrics.csv
[FairTabDDPM] Done. seed=5 | time=55.5s
