[FLB] exp_group=BASELINE_fairness_loss_balancing_compas_race_bias005_flb_5s_178c694a__G202603302034  seed=0
[FLB] dataset=compas  feature_dim=16
[FLB] flb_config={'lr': 0.001, 'epochs': 200, 'batch_size': 64, 'eta': 0.01, 'n_groups': 4}
[FLB] seed_dir=/lustre09/project/6000743/epigou/cs_9170_project/training_runs/BASELINE_fairness_loss_balancing_compas_race_bias005_flb_5s_178c694a__G202603302034/seed_0
[FLB] Group sizes (a=0/y=0, a=0/y=1, a=1/y=0, a=1/y=1): [781, 41, 896, 990]
[FLB] epoch=  20 | loss=0.6677 | val_worst=0.7423 | p=[0.258,0.242,0.255,0.245]
[FLB] epoch=  40 | loss=0.6734 | val_worst=0.7979 | p=[0.254,0.245,0.252,0.249]
[FLB] epoch=  60 | loss=0.6977 | val_worst=0.7124 | p=[0.251,0.246,0.250,0.253]
[FLB] epoch=  80 | loss=0.6603 | val_worst=0.6874 | p=[0.248,0.246,0.251,0.255]
[FLB] epoch= 100 | loss=0.6414 | val_worst=0.7260 | p=[0.246,0.246,0.253,0.255]
[FLB] epoch= 120 | loss=0.6685 | val_worst=0.7142 | p=[0.244,0.246,0.252,0.258]
[FLB] epoch= 140 | loss=0.5826 | val_worst=0.7508 | p=[0.244,0.245,0.250,0.261]
[FLB] epoch= 160 | loss=0.6022 | val_worst=0.6865 | p=[0.243,0.244,0.250,0.263]
[FLB] epoch= 180 | loss=0.5733 | val_worst=0.7261 | p=[0.244,0.241,0.252,0.262]
[FLB] epoch= 200 | loss=0.5925 | val_worst=0.7749 | p=[0.242,0.242,0.252,0.265]
[FLB] Training done. Best val_worst=0.6657
[FLB] Training metrics -> /lustre09/project/6000743/epigou/cs_9170_project/training_runs/BASELINE_fairness_loss_balancing_compas_race_bias005_flb_5s_178c694a__G202603302034/seed_0/metrics.csv
[FLB] Best model saved -> /lustre09/project/6000743/epigou/cs_9170_project/training_runs/BASELINE_fairness_loss_balancing_compas_race_bias005_flb_5s_178c694a__G202603302034/seed_0/flb_model.pt
FFNN Using device: cpu
FFNN Using device: cpu
FFNN Using device: cpu
[TestSuite] Loaded best β weights from: /lustre09/project/6000743/epigou/cs_9170_project/training_runs/BASELINE_fairness_loss_balancing_compas_race_bias005_flb_5s_178c694a__G202603302034/seed_0/flb_model.pt

[TEST] Alpha -> F1(min)=0.5851 | F1(maj)=0.7065 | F1(weighted)=0.6494 | F1(macro)=0.6458 | Brier=0.2538
[TEST] Beta  -> F1(min)=0.6290 | F1(maj)=0.6488 | F1(weighted)=0.6395 | F1(macro)=0.6389 | Brier=0.2261
[TestSuite] Final test metrics appended to (seed): /lustre09/project/6000743/epigou/cs_9170_project/training_runs/BASELINE_fairness_loss_balancing_compas_race_bias005_flb_5s_178c694a__G202603302034/seed_0/final_test_metrics.csv
[TestSuite] Final test metrics appended to (experiment): /lustre09/project/6000743/epigou/cs_9170_project/training_runs/BASELINE_fairness_loss_balancing_compas_race_bias005_flb_5s_178c694a__G202603302034/final_test_metrics.csv
[FLB] Done. seed=0 | time=6.6s
[FLB] Results in /lustre09/project/6000743/epigou/cs_9170_project/training_runs/BASELINE_fairness_loss_balancing_compas_race_bias005_flb_5s_178c694a__G202603302034/seed_0
