[run_baseline] baseline=group_dro
[run_baseline] spec=paper_specs_v1/p1_credit_bias010_gdro_5s.json
[run_baseline] device=cpu
[run_baseline] exp_group=BASELINE_group_dro_p1_credit_bias010_gdro_5s_dcca27f2__G202603211552
[run_baseline] seeds=[42, 0, 1, 2, 3]

[run_baseline] ---- seed=42 ----
/home/epigou/cs_9170_project/dataset.py:669: FutureWarning:

errors='ignore' is deprecated and will raise in a future version. Use to_numeric without passing `errors` and catch exceptions explicitly instead

Label distribution: {0: 23364, 1: 6636}
[TRAIN] size=3000, minority=300 (10.00%)
[VAL] size=5192, minority=519 (10.00%)
[TEST] size=6000, minority=1327 (22.12%)
[GroupDRO] exp_group=BASELINE_group_dro_p1_credit_bias010_gdro_5s_dcca27f2__G202603211552  seed=42
[GroupDRO] dataset=credit_card  feature_dim=33
[GroupDRO] gdro_config={'lr': 0.001, 'epochs': 200, 'batch_size': 64, 'eta': 0.01, 'n_groups': 4}
[GroupDRO] seed_dir=/home/epigou/cs_9170_project/training_runs/BASELINE_group_dro_p1_credit_bias010_gdro_5s_dcca27f2__G202603211552/seed_42
[GroupDRO] epoch=   1 | dro=0.6844 | val_worst=0.7565 | q=[0.262,0.237,0.255,0.246]
[GroupDRO] epoch=  20 | dro=0.4967 | val_worst=0.9339 | q=[0.242,0.238,0.261,0.259]
[GroupDRO] epoch=  40 | dro=0.4110 | val_worst=1.0551 | q=[0.252,0.250,0.257,0.241]
[GroupDRO] epoch=  60 | dro=0.3500 | val_worst=1.5152 | q=[0.280,0.261,0.241,0.218]
[GroupDRO] epoch=  80 | dro=0.3133 | val_worst=1.9919 | q=[0.296,0.268,0.235,0.201]
[GroupDRO] epoch= 100 | dro=0.2869 | val_worst=2.3368 | q=[0.302,0.268,0.232,0.197]
[GroupDRO] epoch= 120 | dro=0.2611 | val_worst=2.3631 | q=[0.304,0.266,0.231,0.198]
[GroupDRO] epoch= 140 | dro=0.2411 | val_worst=2.8584 | q=[0.291,0.253,0.252,0.204]
[GroupDRO] epoch= 160 | dro=0.2270 | val_worst=3.0099 | q=[0.278,0.242,0.270,0.209]
[GroupDRO] epoch= 180 | dro=0.2010 | val_worst=3.0069 | q=[0.269,0.231,0.283,0.217]
[GroupDRO] epoch= 200 | dro=0.1836 | val_worst=3.5582 | q=[0.258,0.223,0.298,0.221]
[GroupDRO] Training done. Best val_worst=0.6573
[GroupDRO] Training metrics -> /home/epigou/cs_9170_project/training_runs/BASELINE_group_dro_p1_credit_bias010_gdro_5s_dcca27f2__G202603211552/seed_42/metrics.csv
[GroupDRO] Best model saved -> /home/epigou/cs_9170_project/training_runs/BASELINE_group_dro_p1_credit_bias010_gdro_5s_dcca27f2__G202603211552/seed_42/gdro_model.pt
FFNN Using device: cpu
FFNN Using device: cpu
FFNN Using device: cpu
[TestSuite] Loaded best β weights from: /home/epigou/cs_9170_project/training_runs/BASELINE_group_dro_p1_credit_bias010_gdro_5s_dcca27f2__G202603211552/seed_42/gdro_model.pt

[TEST] Alpha -> F1(min)=0.1787 | F1(maj)=0.8827 | F1(weighted)=0.7270 | F1(macro)=0.5307 | Brier=0.1560
[TEST] Beta  -> F1(min)=0.4945 | F1(maj)=0.7950 | F1(weighted)=0.7286 | F1(macro)=0.6448 | Brier=0.1997
[TestSuite] Final test metrics appended to (seed): /home/epigou/cs_9170_project/training_runs/BASELINE_group_dro_p1_credit_bias010_gdro_5s_dcca27f2__G202603211552/seed_42/final_test_metrics.csv
[TestSuite] Final test metrics appended to (experiment): /home/epigou/cs_9170_project/training_runs/BASELINE_group_dro_p1_credit_bias010_gdro_5s_dcca27f2__G202603211552/final_test_metrics.csv
[GroupDRO] Done. seed=42 | time=102.1s
[GroupDRO] Results in /home/epigou/cs_9170_project/training_runs/BASELINE_group_dro_p1_credit_bias010_gdro_5s_dcca27f2__G202603211552/seed_42

[run_baseline] ---- seed=0 ----
/home/epigou/cs_9170_project/dataset.py:669: FutureWarning:

errors='ignore' is deprecated and will raise in a future version. Use to_numeric without passing `errors` and catch exceptions explicitly instead

Label distribution: {0: 23364, 1: 6636}
[TRAIN] size=3000, minority=300 (10.00%)
[VAL] size=5192, minority=519 (10.00%)
[TEST] size=6000, minority=1327 (22.12%)
[GroupDRO] exp_group=BASELINE_group_dro_p1_credit_bias010_gdro_5s_dcca27f2__G202603211552  seed=0
[GroupDRO] dataset=credit_card  feature_dim=33
[GroupDRO] gdro_config={'lr': 0.001, 'epochs': 200, 'batch_size': 64, 'eta': 0.01, 'n_groups': 4}
[GroupDRO] seed_dir=/home/epigou/cs_9170_project/training_runs/BASELINE_group_dro_p1_credit_bias010_gdro_5s_dcca27f2__G202603211552/seed_0
[GroupDRO] epoch=   1 | dro=0.6504 | val_worst=0.7073 | q=[0.243,0.253,0.245,0.258]
[GroupDRO] epoch=  20 | dro=0.4650 | val_worst=0.9437 | q=[0.234,0.226,0.268,0.273]
[GroupDRO] epoch=  40 | dro=0.4070 | val_worst=1.2596 | q=[0.215,0.204,0.294,0.286]
[GroupDRO] epoch=  60 | dro=0.3513 | val_worst=1.3983 | q=[0.210,0.194,0.309,0.288]
[GroupDRO] epoch=  80 | dro=0.3077 | val_worst=1.5343 | q=[0.219,0.195,0.307,0.278]
[GroupDRO] epoch= 100 | dro=0.2943 | val_worst=2.0707 | q=[0.230,0.198,0.307,0.265]
[GroupDRO] epoch= 120 | dro=0.2575 | val_worst=2.1711 | q=[0.233,0.197,0.309,0.261]
[GroupDRO] epoch= 140 | dro=0.2341 | val_worst=2.4419 | q=[0.240,0.197,0.306,0.256]
[GroupDRO] epoch= 160 | dro=0.2200 | val_worst=2.4421 | q=[0.246,0.201,0.302,0.251]
[GroupDRO] epoch= 180 | dro=0.2194 | val_worst=2.8457 | q=[0.251,0.205,0.304,0.240]
[GroupDRO] epoch= 200 | dro=0.1846 | val_worst=3.1538 | q=[0.256,0.204,0.302,0.237]
[GroupDRO] Training done. Best val_worst=0.7073
[GroupDRO] Training metrics -> /home/epigou/cs_9170_project/training_runs/BASELINE_group_dro_p1_credit_bias010_gdro_5s_dcca27f2__G202603211552/seed_0/metrics.csv
[GroupDRO] Best model saved -> /home/epigou/cs_9170_project/training_runs/BASELINE_group_dro_p1_credit_bias010_gdro_5s_dcca27f2__G202603211552/seed_0/gdro_model.pt
FFNN Using device: cpu
FFNN Using device: cpu
FFNN Using device: cpu
[TestSuite] Loaded best β weights from: /home/epigou/cs_9170_project/training_runs/BASELINE_group_dro_p1_credit_bias010_gdro_5s_dcca27f2__G202603211552/seed_0/gdro_model.pt

[TEST] Alpha -> F1(min)=0.2478 | F1(maj)=0.8838 | F1(weighted)=0.7431 | F1(macro)=0.5658 | Brier=0.1594
[TEST] Beta  -> F1(min)=0.4049 | F1(maj)=0.7127 | F1(weighted)=0.6446 | F1(macro)=0.5588 | Brier=0.2307
[TestSuite] Final test metrics appended to (seed): /home/epigou/cs_9170_project/training_runs/BASELINE_group_dro_p1_credit_bias010_gdro_5s_dcca27f2__G202603211552/seed_0/final_test_metrics.csv
[TestSuite] Final test metrics appended to (experiment): /home/epigou/cs_9170_project/training_runs/BASELINE_group_dro_p1_credit_bias010_gdro_5s_dcca27f2__G202603211552/final_test_metrics.csv
[GroupDRO] Done. seed=0 | time=22.3s
[GroupDRO] Results in /home/epigou/cs_9170_project/training_runs/BASELINE_group_dro_p1_credit_bias010_gdro_5s_dcca27f2__G202603211552/seed_0

[run_baseline] ---- seed=1 ----
/home/epigou/cs_9170_project/dataset.py:669: FutureWarning:

errors='ignore' is deprecated and will raise in a future version. Use to_numeric without passing `errors` and catch exceptions explicitly instead

Label distribution: {0: 23364, 1: 6636}
[TRAIN] size=3000, minority=300 (10.00%)
[VAL] size=5192, minority=519 (10.00%)
[TEST] size=6000, minority=1327 (22.12%)
[GroupDRO] exp_group=BASELINE_group_dro_p1_credit_bias010_gdro_5s_dcca27f2__G202603211552  seed=1
[GroupDRO] dataset=credit_card  feature_dim=32
[GroupDRO] gdro_config={'lr': 0.001, 'epochs': 200, 'batch_size': 64, 'eta': 0.01, 'n_groups': 4}
[GroupDRO] seed_dir=/home/epigou/cs_9170_project/training_runs/BASELINE_group_dro_p1_credit_bias010_gdro_5s_dcca27f2__G202603211552/seed_1
[GroupDRO] epoch=   1 | dro=0.7463 | val_worst=0.7446 | q=[0.250,0.252,0.235,0.263]
[GroupDRO] epoch=  20 | dro=0.5149 | val_worst=0.6678 | q=[0.221,0.215,0.284,0.280]
[GroupDRO] epoch=  40 | dro=0.4345 | val_worst=0.8717 | q=[0.202,0.197,0.303,0.298]
[GroupDRO] epoch=  60 | dro=0.4011 | val_worst=1.0655 | q=[0.188,0.181,0.318,0.313]
[GroupDRO] epoch=  80 | dro=0.3593 | val_worst=1.1813 | q=[0.177,0.163,0.333,0.327]
[GroupDRO] epoch= 100 | dro=0.3109 | val_worst=1.4611 | q=[0.163,0.147,0.358,0.333]
[GroupDRO] epoch= 120 | dro=0.2799 | val_worst=1.5878 | q=[0.155,0.136,0.370,0.338]
[GroupDRO] epoch= 140 | dro=0.2546 | val_worst=2.0441 | q=[0.152,0.131,0.379,0.338]
[GroupDRO] epoch= 160 | dro=0.2449 | val_worst=2.3340 | q=[0.155,0.127,0.380,0.339]
[GroupDRO] epoch= 180 | dro=0.2219 | val_worst=2.3916 | q=[0.153,0.122,0.384,0.341]
[GroupDRO] epoch= 200 | dro=0.2032 | val_worst=2.6741 | q=[0.156,0.121,0.388,0.335]
[GroupDRO] Training done. Best val_worst=0.6349
[GroupDRO] Training metrics -> /home/epigou/cs_9170_project/training_runs/BASELINE_group_dro_p1_credit_bias010_gdro_5s_dcca27f2__G202603211552/seed_1/metrics.csv
[GroupDRO] Best model saved -> /home/epigou/cs_9170_project/training_runs/BASELINE_group_dro_p1_credit_bias010_gdro_5s_dcca27f2__G202603211552/seed_1/gdro_model.pt
FFNN Using device: cpu
FFNN Using device: cpu
FFNN Using device: cpu
[TestSuite] Loaded best β weights from: /home/epigou/cs_9170_project/training_runs/BASELINE_group_dro_p1_credit_bias010_gdro_5s_dcca27f2__G202603211552/seed_1/gdro_model.pt

[TEST] Alpha -> F1(min)=0.1504 | F1(maj)=0.8808 | F1(weighted)=0.7193 | F1(macro)=0.5156 | Brier=0.1574
[TEST] Beta  -> F1(min)=0.4725 | F1(maj)=0.8238 | F1(weighted)=0.7461 | F1(macro)=0.6482 | Brier=0.1999
[TestSuite] Final test metrics appended to (seed): /home/epigou/cs_9170_project/training_runs/BASELINE_group_dro_p1_credit_bias010_gdro_5s_dcca27f2__G202603211552/seed_1/final_test_metrics.csv
[TestSuite] Final test metrics appended to (experiment): /home/epigou/cs_9170_project/training_runs/BASELINE_group_dro_p1_credit_bias010_gdro_5s_dcca27f2__G202603211552/final_test_metrics.csv
[GroupDRO] Done. seed=1 | time=21.6s
[GroupDRO] Results in /home/epigou/cs_9170_project/training_runs/BASELINE_group_dro_p1_credit_bias010_gdro_5s_dcca27f2__G202603211552/seed_1

[run_baseline] ---- seed=2 ----
/home/epigou/cs_9170_project/dataset.py:669: FutureWarning:

errors='ignore' is deprecated and will raise in a future version. Use to_numeric without passing `errors` and catch exceptions explicitly instead

Label distribution: {0: 23364, 1: 6636}
[TRAIN] size=3000, minority=300 (10.00%)
[VAL] size=5192, minority=519 (10.00%)
[TEST] size=6000, minority=1327 (22.12%)
[GroupDRO] exp_group=BASELINE_group_dro_p1_credit_bias010_gdro_5s_dcca27f2__G202603211552  seed=2
[GroupDRO] dataset=credit_card  feature_dim=33
[GroupDRO] gdro_config={'lr': 0.001, 'epochs': 200, 'batch_size': 64, 'eta': 0.01, 'n_groups': 4}
[GroupDRO] seed_dir=/home/epigou/cs_9170_project/training_runs/BASELINE_group_dro_p1_credit_bias010_gdro_5s_dcca27f2__G202603211552/seed_2
[GroupDRO] epoch=   1 | dro=0.8248 | val_worst=0.8902 | q=[0.282,0.221,0.269,0.228]
[GroupDRO] epoch=  20 | dro=0.4761 | val_worst=0.7644 | q=[0.246,0.236,0.254,0.264]
[GroupDRO] epoch=  40 | dro=0.4403 | val_worst=0.8747 | q=[0.242,0.227,0.267,0.265]
[GroupDRO] epoch=  60 | dro=0.3968 | val_worst=1.0790 | q=[0.236,0.219,0.274,0.270]
[GroupDRO] epoch=  80 | dro=0.3603 | val_worst=1.2656 | q=[0.237,0.216,0.280,0.267]
[GroupDRO] epoch= 100 | dro=0.3119 | val_worst=1.4846 | q=[0.239,0.214,0.284,0.262]
[GroupDRO] epoch= 120 | dro=0.2969 | val_worst=1.8972 | q=[0.241,0.208,0.286,0.265]
[GroupDRO] epoch= 140 | dro=0.2804 | val_worst=1.8956 | q=[0.239,0.208,0.291,0.262]
[GroupDRO] epoch= 160 | dro=0.2555 | val_worst=2.1876 | q=[0.239,0.199,0.297,0.265]
[GroupDRO] epoch= 180 | dro=0.2464 | val_worst=2.0984 | q=[0.234,0.198,0.305,0.263]
[GroupDRO] epoch= 200 | dro=0.2117 | val_worst=2.3890 | q=[0.234,0.193,0.308,0.265]
[GroupDRO] Training done. Best val_worst=0.6546
[GroupDRO] Training metrics -> /home/epigou/cs_9170_project/training_runs/BASELINE_group_dro_p1_credit_bias010_gdro_5s_dcca27f2__G202603211552/seed_2/metrics.csv
[GroupDRO] Best model saved -> /home/epigou/cs_9170_project/training_runs/BASELINE_group_dro_p1_credit_bias010_gdro_5s_dcca27f2__G202603211552/seed_2/gdro_model.pt
FFNN Using device: cpu
FFNN Using device: cpu
FFNN Using device: cpu
[TestSuite] Loaded best β weights from: /home/epigou/cs_9170_project/training_runs/BASELINE_group_dro_p1_credit_bias010_gdro_5s_dcca27f2__G202603211552/seed_2/gdro_model.pt

[TEST] Alpha -> F1(min)=0.2190 | F1(maj)=0.8823 | F1(weighted)=0.7356 | F1(macro)=0.5507 | Brier=0.1567
[TEST] Beta  -> F1(min)=0.4751 | F1(maj)=0.7807 | F1(weighted)=0.7131 | F1(macro)=0.6279 | Brier=0.2100
[TestSuite] Final test metrics appended to (seed): /home/epigou/cs_9170_project/training_runs/BASELINE_group_dro_p1_credit_bias010_gdro_5s_dcca27f2__G202603211552/seed_2/final_test_metrics.csv
[TestSuite] Final test metrics appended to (experiment): /home/epigou/cs_9170_project/training_runs/BASELINE_group_dro_p1_credit_bias010_gdro_5s_dcca27f2__G202603211552/final_test_metrics.csv
[GroupDRO] Done. seed=2 | time=21.8s
[GroupDRO] Results in /home/epigou/cs_9170_project/training_runs/BASELINE_group_dro_p1_credit_bias010_gdro_5s_dcca27f2__G202603211552/seed_2

[run_baseline] ---- seed=3 ----
/home/epigou/cs_9170_project/dataset.py:669: FutureWarning:

errors='ignore' is deprecated and will raise in a future version. Use to_numeric without passing `errors` and catch exceptions explicitly instead

Label distribution: {0: 23364, 1: 6636}
[TRAIN] size=3000, minority=300 (10.00%)
[VAL] size=5192, minority=519 (10.00%)
[TEST] size=6000, minority=1327 (22.12%)
[GroupDRO] exp_group=BASELINE_group_dro_p1_credit_bias010_gdro_5s_dcca27f2__G202603211552  seed=3
[GroupDRO] dataset=credit_card  feature_dim=33
[GroupDRO] gdro_config={'lr': 0.001, 'epochs': 200, 'batch_size': 64, 'eta': 0.01, 'n_groups': 4}
[GroupDRO] seed_dir=/home/epigou/cs_9170_project/training_runs/BASELINE_group_dro_p1_credit_bias010_gdro_5s_dcca27f2__G202603211552/seed_3
[GroupDRO] epoch=   1 | dro=0.6578 | val_worst=0.6948 | q=[0.262,0.244,0.260,0.234]
[GroupDRO] epoch=  20 | dro=0.4581 | val_worst=0.8422 | q=[0.210,0.213,0.290,0.287]
[GroupDRO] epoch=  40 | dro=0.3971 | val_worst=1.0133 | q=[0.177,0.183,0.330,0.310]
[GroupDRO] epoch=  60 | dro=0.3308 | val_worst=1.3312 | q=[0.193,0.193,0.323,0.290]
[GroupDRO] epoch=  80 | dro=0.2946 | val_worst=1.5163 | q=[0.219,0.207,0.305,0.268]
[GroupDRO] epoch= 100 | dro=0.2606 | val_worst=1.8632 | q=[0.237,0.218,0.295,0.250]
[GroupDRO] epoch= 120 | dro=0.2457 | val_worst=1.9928 | q=[0.255,0.231,0.280,0.235]
[GroupDRO] epoch= 140 | dro=0.2059 | val_worst=2.4002 | q=[0.256,0.226,0.284,0.234]
[GroupDRO] epoch= 160 | dro=0.1946 | val_worst=2.6493 | q=[0.246,0.215,0.300,0.239]
[GroupDRO] epoch= 180 | dro=0.1683 | val_worst=3.0499 | q=[0.237,0.205,0.312,0.247]
[GroupDRO] epoch= 200 | dro=0.1537 | val_worst=3.5304 | q=[0.232,0.196,0.322,0.250]
[GroupDRO] Training done. Best val_worst=0.6883
[GroupDRO] Training metrics -> /home/epigou/cs_9170_project/training_runs/BASELINE_group_dro_p1_credit_bias010_gdro_5s_dcca27f2__G202603211552/seed_3/metrics.csv
[GroupDRO] Best model saved -> /home/epigou/cs_9170_project/training_runs/BASELINE_group_dro_p1_credit_bias010_gdro_5s_dcca27f2__G202603211552/seed_3/gdro_model.pt
FFNN Using device: cpu
FFNN Using device: cpu
FFNN Using device: cpu
[TestSuite] Loaded best β weights from: /home/epigou/cs_9170_project/training_runs/BASELINE_group_dro_p1_credit_bias010_gdro_5s_dcca27f2__G202603211552/seed_3/gdro_model.pt

[TEST] Alpha -> F1(min)=0.2249 | F1(maj)=0.8830 | F1(weighted)=0.7374 | F1(macro)=0.5539 | Brier=0.1620
[TEST] Beta  -> F1(min)=0.5036 | F1(maj)=0.8523 | F1(weighted)=0.7752 | F1(macro)=0.6780 | Brier=0.1923
[TestSuite] Final test metrics appended to (seed): /home/epigou/cs_9170_project/training_runs/BASELINE_group_dro_p1_credit_bias010_gdro_5s_dcca27f2__G202603211552/seed_3/final_test_metrics.csv
[TestSuite] Final test metrics appended to (experiment): /home/epigou/cs_9170_project/training_runs/BASELINE_group_dro_p1_credit_bias010_gdro_5s_dcca27f2__G202603211552/final_test_metrics.csv
[GroupDRO] Done. seed=3 | time=111.7s
[GroupDRO] Results in /home/epigou/cs_9170_project/training_runs/BASELINE_group_dro_p1_credit_bias010_gdro_5s_dcca27f2__G202603211552/seed_3
