[run_baseline] baseline=group_dro
[run_baseline] spec=paper_specs_v1/p1_census_bias05_gdro_5s.json
[run_baseline] device=cpu
[run_baseline] exp_group=BASELINE_group_dro_p1_census_bias05_gdro_5s_8bdc58e8__G202603211520
[run_baseline] seeds=[42, 0, 1, 2, 3]

[run_baseline] ---- seed=42 ----
[TRAIN] size=3000, minority=150 (5.00%)
[VAL] size=5204, minority=260 (5.00%)
[TEST] size=6513, minority=1569 (24.09%)
[GroupDRO] exp_group=BASELINE_group_dro_p1_census_bias05_gdro_5s_8bdc58e8__G202603211520  seed=42
[GroupDRO] dataset=census_income  feature_dim=103
[GroupDRO] gdro_config={'lr': 0.001, 'epochs': 200, 'batch_size': 64, 'eta': 0.01, 'n_groups': 4}
[GroupDRO] seed_dir=/home/epigou/cs_9170_project/training_runs/BASELINE_group_dro_p1_census_bias05_gdro_5s_8bdc58e8__G202603211520/seed_42
[GroupDRO] epoch=   1 | dro=0.4358 | val_worst=1.0060 | q=[0.240,0.236,0.267,0.257]
[GroupDRO] epoch=  20 | dro=0.2446 | val_worst=1.6982 | q=[0.051,0.052,0.479,0.417]
[GroupDRO] epoch=  40 | dro=0.1425 | val_worst=3.2433 | q=[0.017,0.015,0.535,0.433]
[GroupDRO] epoch=  60 | dro=0.1091 | val_worst=3.9557 | q=[0.010,0.008,0.545,0.438]
[GroupDRO] epoch=  80 | dro=0.0674 | val_worst=5.5308 | q=[0.007,0.005,0.556,0.431]
[GroupDRO] epoch= 100 | dro=0.0513 | val_worst=6.7099 | q=[0.007,0.004,0.563,0.426]
[GroupDRO] epoch= 120 | dro=0.0437 | val_worst=7.0982 | q=[0.006,0.004,0.566,0.425]
[GroupDRO] epoch= 140 | dro=0.0350 | val_worst=7.3327 | q=[0.005,0.003,0.570,0.422]
[GroupDRO] epoch= 160 | dro=0.0284 | val_worst=7.4164 | q=[0.005,0.003,0.570,0.422]
[GroupDRO] epoch= 180 | dro=0.0427 | val_worst=7.7837 | q=[0.004,0.002,0.571,0.422]
[GroupDRO] epoch= 200 | dro=0.0280 | val_worst=7.9481 | q=[0.004,0.002,0.570,0.424]
[GroupDRO] Training done. Best val_worst=0.9846
[GroupDRO] Training metrics -> /home/epigou/cs_9170_project/training_runs/BASELINE_group_dro_p1_census_bias05_gdro_5s_8bdc58e8__G202603211520/seed_42/metrics.csv
[GroupDRO] Best model saved -> /home/epigou/cs_9170_project/training_runs/BASELINE_group_dro_p1_census_bias05_gdro_5s_8bdc58e8__G202603211520/seed_42/gdro_model.pt
FFNN Using device: cpu
FFNN Using device: cpu
FFNN Using device: cpu
[TestSuite] Loaded best β weights from: /home/epigou/cs_9170_project/training_runs/BASELINE_group_dro_p1_census_bias05_gdro_5s_8bdc58e8__G202603211520/seed_42/gdro_model.pt

[TEST] Alpha -> F1(min)=0.3900 | F1(maj)=0.8894 | F1(weighted)=0.7691 | F1(macro)=0.6397 | Brier=0.1456
[TEST] Beta  -> F1(min)=0.6465 | F1(maj)=0.8729 | F1(weighted)=0.8183 | F1(macro)=0.7597 | Brier=0.1260
[TestSuite] Final test metrics appended to (seed): /home/epigou/cs_9170_project/training_runs/BASELINE_group_dro_p1_census_bias05_gdro_5s_8bdc58e8__G202603211520/seed_42/final_test_metrics.csv
[TestSuite] Final test metrics appended to (experiment): /home/epigou/cs_9170_project/training_runs/BASELINE_group_dro_p1_census_bias05_gdro_5s_8bdc58e8__G202603211520/final_test_metrics.csv
[GroupDRO] Done. seed=42 | time=23.7s
[GroupDRO] Results in /home/epigou/cs_9170_project/training_runs/BASELINE_group_dro_p1_census_bias05_gdro_5s_8bdc58e8__G202603211520/seed_42

[run_baseline] ---- seed=0 ----
[TRAIN] size=3000, minority=150 (5.00%)
[VAL] size=5204, minority=260 (5.00%)
[TEST] size=6513, minority=1569 (24.09%)
[GroupDRO] exp_group=BASELINE_group_dro_p1_census_bias05_gdro_5s_8bdc58e8__G202603211520  seed=0
[GroupDRO] dataset=census_income  feature_dim=105
[GroupDRO] gdro_config={'lr': 0.001, 'epochs': 200, 'batch_size': 64, 'eta': 0.01, 'n_groups': 4}
[GroupDRO] seed_dir=/home/epigou/cs_9170_project/training_runs/BASELINE_group_dro_p1_census_bias05_gdro_5s_8bdc58e8__G202603211520/seed_0
[GroupDRO] epoch=   1 | dro=0.5663 | val_worst=0.9628 | q=[0.245,0.218,0.250,0.286]
[GroupDRO] epoch=  20 | dro=0.2720 | val_worst=1.1930 | q=[0.044,0.061,0.481,0.413]
[GroupDRO] epoch=  40 | dro=0.1736 | val_worst=1.9098 | q=[0.014,0.020,0.539,0.427]
[GroupDRO] epoch=  60 | dro=0.1205 | val_worst=2.5900 | q=[0.008,0.010,0.558,0.424]
[GroupDRO] epoch=  80 | dro=0.0821 | val_worst=4.0783 | q=[0.007,0.006,0.569,0.419]
[GroupDRO] epoch= 100 | dro=0.0654 | val_worst=5.3965 | q=[0.006,0.004,0.577,0.413]
[GroupDRO] epoch= 120 | dro=0.0531 | val_worst=6.3873 | q=[0.005,0.004,0.587,0.405]
[GroupDRO] epoch= 140 | dro=0.0427 | val_worst=7.1954 | q=[0.004,0.003,0.593,0.399]
[GroupDRO] epoch= 160 | dro=0.0429 | val_worst=7.9643 | q=[0.004,0.002,0.597,0.397]
[GroupDRO] epoch= 180 | dro=0.0362 | val_worst=8.4555 | q=[0.004,0.002,0.597,0.398]
[GroupDRO] epoch= 200 | dro=0.0259 | val_worst=8.8046 | q=[0.003,0.002,0.602,0.393]
[GroupDRO] Training done. Best val_worst=0.8819
[GroupDRO] Training metrics -> /home/epigou/cs_9170_project/training_runs/BASELINE_group_dro_p1_census_bias05_gdro_5s_8bdc58e8__G202603211520/seed_0/metrics.csv
[GroupDRO] Best model saved -> /home/epigou/cs_9170_project/training_runs/BASELINE_group_dro_p1_census_bias05_gdro_5s_8bdc58e8__G202603211520/seed_0/gdro_model.pt
FFNN Using device: cpu
FFNN Using device: cpu
FFNN Using device: cpu
[TestSuite] Loaded best β weights from: /home/epigou/cs_9170_project/training_runs/BASELINE_group_dro_p1_census_bias05_gdro_5s_8bdc58e8__G202603211520/seed_0/gdro_model.pt

[TEST] Alpha -> F1(min)=0.3569 | F1(maj)=0.8864 | F1(weighted)=0.7588 | F1(macro)=0.6216 | Brier=0.1465
[TEST] Beta  -> F1(min)=0.6771 | F1(maj)=0.8838 | F1(weighted)=0.8340 | F1(macro)=0.7805 | Brier=0.1201
[TestSuite] Final test metrics appended to (seed): /home/epigou/cs_9170_project/training_runs/BASELINE_group_dro_p1_census_bias05_gdro_5s_8bdc58e8__G202603211520/seed_0/final_test_metrics.csv
[TestSuite] Final test metrics appended to (experiment): /home/epigou/cs_9170_project/training_runs/BASELINE_group_dro_p1_census_bias05_gdro_5s_8bdc58e8__G202603211520/final_test_metrics.csv
[GroupDRO] Done. seed=0 | time=21.6s
[GroupDRO] Results in /home/epigou/cs_9170_project/training_runs/BASELINE_group_dro_p1_census_bias05_gdro_5s_8bdc58e8__G202603211520/seed_0

[run_baseline] ---- seed=1 ----
[TRAIN] size=3000, minority=150 (5.00%)
[VAL] size=5204, minority=260 (5.00%)
[TEST] size=6513, minority=1569 (24.09%)
[GroupDRO] exp_group=BASELINE_group_dro_p1_census_bias05_gdro_5s_8bdc58e8__G202603211520  seed=1
[GroupDRO] dataset=census_income  feature_dim=104
[GroupDRO] gdro_config={'lr': 0.001, 'epochs': 200, 'batch_size': 64, 'eta': 0.01, 'n_groups': 4}
[GroupDRO] seed_dir=/home/epigou/cs_9170_project/training_runs/BASELINE_group_dro_p1_census_bias05_gdro_5s_8bdc58e8__G202603211520/seed_1
[GroupDRO] epoch=   1 | dro=0.5343 | val_worst=0.6308 | q=[0.248,0.229,0.258,0.266]
[GroupDRO] epoch=  20 | dro=0.2358 | val_worst=1.0653 | q=[0.071,0.069,0.461,0.400]
[GroupDRO] epoch=  40 | dro=0.1496 | val_worst=1.8310 | q=[0.027,0.023,0.529,0.421]
[GroupDRO] epoch=  60 | dro=0.1037 | val_worst=3.1991 | q=[0.016,0.013,0.549,0.423]
[GroupDRO] epoch=  80 | dro=0.0779 | val_worst=3.6389 | q=[0.013,0.009,0.555,0.423]
[GroupDRO] epoch= 100 | dro=0.0582 | val_worst=4.2949 | q=[0.012,0.007,0.558,0.423]
[GroupDRO] epoch= 120 | dro=0.0506 | val_worst=5.5192 | q=[0.011,0.005,0.564,0.420]
[GroupDRO] epoch= 140 | dro=0.0417 | val_worst=6.1116 | q=[0.010,0.005,0.570,0.415]
[GroupDRO] epoch= 160 | dro=0.0351 | val_worst=5.8300 | q=[0.009,0.004,0.574,0.413]
[GroupDRO] epoch= 180 | dro=0.0307 | val_worst=7.2094 | q=[0.008,0.003,0.581,0.408]
[GroupDRO] epoch= 200 | dro=0.0288 | val_worst=7.0129 | q=[0.007,0.003,0.585,0.405]
[GroupDRO] Training done. Best val_worst=0.4703
[GroupDRO] Training metrics -> /home/epigou/cs_9170_project/training_runs/BASELINE_group_dro_p1_census_bias05_gdro_5s_8bdc58e8__G202603211520/seed_1/metrics.csv
[GroupDRO] Best model saved -> /home/epigou/cs_9170_project/training_runs/BASELINE_group_dro_p1_census_bias05_gdro_5s_8bdc58e8__G202603211520/seed_1/gdro_model.pt
FFNN Using device: cpu
FFNN Using device: cpu
FFNN Using device: cpu
[TestSuite] Loaded best β weights from: /home/epigou/cs_9170_project/training_runs/BASELINE_group_dro_p1_census_bias05_gdro_5s_8bdc58e8__G202603211520/seed_1/gdro_model.pt

[TEST] Alpha -> F1(min)=0.3742 | F1(maj)=0.8876 | F1(weighted)=0.7639 | F1(macro)=0.6309 | Brier=0.1509
[TEST] Beta  -> F1(min)=0.6575 | F1(maj)=0.8601 | F1(weighted)=0.8113 | F1(macro)=0.7588 | Brier=0.1310
[TestSuite] Final test metrics appended to (seed): /home/epigou/cs_9170_project/training_runs/BASELINE_group_dro_p1_census_bias05_gdro_5s_8bdc58e8__G202603211520/seed_1/final_test_metrics.csv
[TestSuite] Final test metrics appended to (experiment): /home/epigou/cs_9170_project/training_runs/BASELINE_group_dro_p1_census_bias05_gdro_5s_8bdc58e8__G202603211520/final_test_metrics.csv
[GroupDRO] Done. seed=1 | time=21.6s
[GroupDRO] Results in /home/epigou/cs_9170_project/training_runs/BASELINE_group_dro_p1_census_bias05_gdro_5s_8bdc58e8__G202603211520/seed_1

[run_baseline] ---- seed=2 ----
[TRAIN] size=3000, minority=150 (5.00%)
[VAL] size=5204, minority=260 (5.00%)
[TEST] size=6513, minority=1569 (24.09%)
[GroupDRO] exp_group=BASELINE_group_dro_p1_census_bias05_gdro_5s_8bdc58e8__G202603211520  seed=2
[GroupDRO] dataset=census_income  feature_dim=106
[GroupDRO] gdro_config={'lr': 0.001, 'epochs': 200, 'batch_size': 64, 'eta': 0.01, 'n_groups': 4}
[GroupDRO] seed_dir=/home/epigou/cs_9170_project/training_runs/BASELINE_group_dro_p1_census_bias05_gdro_5s_8bdc58e8__G202603211520/seed_2
[GroupDRO] epoch=   1 | dro=0.4724 | val_worst=0.8054 | q=[0.247,0.230,0.244,0.280]
[GroupDRO] epoch=  20 | dro=0.2227 | val_worst=1.4251 | q=[0.090,0.085,0.456,0.369]
[GroupDRO] epoch=  40 | dro=0.1490 | val_worst=2.8282 | q=[0.044,0.037,0.529,0.390]
[GroupDRO] epoch=  60 | dro=0.1127 | val_worst=4.0721 | q=[0.028,0.021,0.554,0.396]
[GroupDRO] epoch=  80 | dro=0.0747 | val_worst=5.1964 | q=[0.021,0.015,0.570,0.394]
[GroupDRO] epoch= 100 | dro=0.0584 | val_worst=6.0375 | q=[0.018,0.012,0.581,0.390]
[GroupDRO] epoch= 120 | dro=0.0498 | val_worst=6.8985 | q=[0.016,0.010,0.589,0.386]
[GroupDRO] epoch= 140 | dro=0.0388 | val_worst=7.5604 | q=[0.014,0.008,0.597,0.380]
[GroupDRO] epoch= 160 | dro=0.0329 | val_worst=8.2807 | q=[0.013,0.007,0.605,0.376]
[GroupDRO] epoch= 180 | dro=0.0328 | val_worst=8.1164 | q=[0.012,0.006,0.610,0.372]
[GroupDRO] epoch= 200 | dro=0.0268 | val_worst=9.0082 | q=[0.011,0.006,0.614,0.369]
[GroupDRO] Training done. Best val_worst=0.7128
[GroupDRO] Training metrics -> /home/epigou/cs_9170_project/training_runs/BASELINE_group_dro_p1_census_bias05_gdro_5s_8bdc58e8__G202603211520/seed_2/metrics.csv
[GroupDRO] Best model saved -> /home/epigou/cs_9170_project/training_runs/BASELINE_group_dro_p1_census_bias05_gdro_5s_8bdc58e8__G202603211520/seed_2/gdro_model.pt
FFNN Using device: cpu
FFNN Using device: cpu
FFNN Using device: cpu
[TestSuite] Loaded best β weights from: /home/epigou/cs_9170_project/training_runs/BASELINE_group_dro_p1_census_bias05_gdro_5s_8bdc58e8__G202603211520/seed_2/gdro_model.pt

[TEST] Alpha -> F1(min)=0.4012 | F1(maj)=0.8895 | F1(weighted)=0.7719 | F1(macro)=0.6453 | Brier=0.1426
[TEST] Beta  -> F1(min)=0.6708 | F1(maj)=0.8599 | F1(weighted)=0.8144 | F1(macro)=0.7654 | Brier=0.1274
[TestSuite] Final test metrics appended to (seed): /home/epigou/cs_9170_project/training_runs/BASELINE_group_dro_p1_census_bias05_gdro_5s_8bdc58e8__G202603211520/seed_2/final_test_metrics.csv
[TestSuite] Final test metrics appended to (experiment): /home/epigou/cs_9170_project/training_runs/BASELINE_group_dro_p1_census_bias05_gdro_5s_8bdc58e8__G202603211520/final_test_metrics.csv
[GroupDRO] Done. seed=2 | time=19.8s
[GroupDRO] Results in /home/epigou/cs_9170_project/training_runs/BASELINE_group_dro_p1_census_bias05_gdro_5s_8bdc58e8__G202603211520/seed_2

[run_baseline] ---- seed=3 ----
[TRAIN] size=3000, minority=150 (5.00%)
[VAL] size=5204, minority=260 (5.00%)
[TEST] size=6513, minority=1569 (24.09%)
[GroupDRO] exp_group=BASELINE_group_dro_p1_census_bias05_gdro_5s_8bdc58e8__G202603211520  seed=3
[GroupDRO] dataset=census_income  feature_dim=102
[GroupDRO] gdro_config={'lr': 0.001, 'epochs': 200, 'batch_size': 64, 'eta': 0.01, 'n_groups': 4}
[GroupDRO] seed_dir=/home/epigou/cs_9170_project/training_runs/BASELINE_group_dro_p1_census_bias05_gdro_5s_8bdc58e8__G202603211520/seed_3
[GroupDRO] epoch=   1 | dro=0.5613 | val_worst=0.7242 | q=[0.249,0.227,0.257,0.266]
[GroupDRO] epoch=  20 | dro=0.2547 | val_worst=0.9045 | q=[0.077,0.085,0.437,0.401]
[GroupDRO] epoch=  40 | dro=0.1708 | val_worst=1.7948 | q=[0.033,0.032,0.505,0.430]
[GroupDRO] epoch=  60 | dro=0.1139 | val_worst=2.5781 | q=[0.024,0.018,0.524,0.435]
[GroupDRO] epoch=  80 | dro=0.0940 | val_worst=3.7462 | q=[0.020,0.013,0.533,0.434]
[GroupDRO] epoch= 100 | dro=0.0852 | val_worst=4.5745 | q=[0.018,0.010,0.541,0.430]
[GroupDRO] epoch= 120 | dro=0.0655 | val_worst=5.1284 | q=[0.017,0.009,0.548,0.425]
[GroupDRO] epoch= 140 | dro=0.0568 | val_worst=5.6810 | q=[0.017,0.008,0.558,0.417]
[GroupDRO] epoch= 160 | dro=0.0513 | val_worst=5.6679 | q=[0.017,0.007,0.565,0.411]
[GroupDRO] epoch= 180 | dro=0.0523 | val_worst=6.0466 | q=[0.017,0.007,0.570,0.406]
[GroupDRO] epoch= 200 | dro=0.0474 | val_worst=6.4488 | q=[0.016,0.006,0.573,0.405]
[GroupDRO] Training done. Best val_worst=0.6919
[GroupDRO] Training metrics -> /home/epigou/cs_9170_project/training_runs/BASELINE_group_dro_p1_census_bias05_gdro_5s_8bdc58e8__G202603211520/seed_3/metrics.csv
[GroupDRO] Best model saved -> /home/epigou/cs_9170_project/training_runs/BASELINE_group_dro_p1_census_bias05_gdro_5s_8bdc58e8__G202603211520/seed_3/gdro_model.pt
FFNN Using device: cpu
FFNN Using device: cpu
FFNN Using device: cpu
[TestSuite] Loaded best β weights from: /home/epigou/cs_9170_project/training_runs/BASELINE_group_dro_p1_census_bias05_gdro_5s_8bdc58e8__G202603211520/seed_3/gdro_model.pt

[TEST] Alpha -> F1(min)=0.4118 | F1(maj)=0.8914 | F1(weighted)=0.7759 | F1(macro)=0.6516 | Brier=0.1433
[TEST] Beta  -> F1(min)=0.6536 | F1(maj)=0.8748 | F1(weighted)=0.8215 | F1(macro)=0.7642 | Brier=0.1268
[TestSuite] Final test metrics appended to (seed): /home/epigou/cs_9170_project/training_runs/BASELINE_group_dro_p1_census_bias05_gdro_5s_8bdc58e8__G202603211520/seed_3/final_test_metrics.csv
[TestSuite] Final test metrics appended to (experiment): /home/epigou/cs_9170_project/training_runs/BASELINE_group_dro_p1_census_bias05_gdro_5s_8bdc58e8__G202603211520/final_test_metrics.csv
[GroupDRO] Done. seed=3 | time=19.8s
[GroupDRO] Results in /home/epigou/cs_9170_project/training_runs/BASELINE_group_dro_p1_census_bias05_gdro_5s_8bdc58e8__G202603211520/seed_3
