[run_baseline] baseline=gaussian_ot_repair
[run_baseline] spec=paper_specs_v1/p1_credit_bias05_otrep_5s_ep20.json
[run_baseline] device=cpu
[run_baseline] exp_group=BASELINE_gaussian_ot_repair_p1_credit_bias05_otrep_5s_ep20_33727f8e__G202603201755
[run_baseline] seeds=[42, 0, 1, 2, 3]

[run_baseline] ---- seed=42 ----
/home/epigou/cs_9170_project/dataset.py:669: FutureWarning:

errors='ignore' is deprecated and will raise in a future version. Use to_numeric without passing `errors` and catch exceptions explicitly instead

Label distribution: {0: 23364, 1: 6636}
[TRAIN] size=3000, minority=150 (5.00%)
[VAL] size=4918, minority=245 (4.98%)
[TEST] size=6000, minority=1327 (22.12%)
[OTRepair] exp_group=BASELINE_gaussian_ot_repair_p1_credit_bias05_otrep_5s_ep20_33727f8e__G202603201755  seed=42
[OTRepair] dataset=credit_card  feature_dim=33
[OTRepair] ot_config={'lam': 1.0, 'n_groups': 2, 'cov_reg': 1e-05, 'barycenter_iters': 100, 'repair_test': True}
[OTRepair] seed_dir=/home/epigou/cs_9170_project/training_runs/BASELINE_gaussian_ot_repair_p1_credit_bias05_otrep_5s_ep20_33727f8e__G202603201755/seed_42
[OTRepair] Group 0: n=1163, ||μ||=1.3792, cov_diag=[0.0000, 1.7318]
[OTRepair] Group 1: n=1837, ||μ||=1.3757, cov_diag=[0.0000, 1.0929]
[OTRepair] Barycenter computed. μ* norm=1.1686
[OTRepair] Group 0: A_g computed, ||A_g - I||=315.2436
[OTRepair] Group 1: A_g computed, ||A_g - I||=315.2841
[OTRepair] Test features repaired.
FFNN Using device: cpu
[OTRepair] ERM trained on repaired features.
FFNN Using device: cpu
[OTRepair] Alpha (ERM on original features) trained.
FFNN Using device: cpu
[TestSuite] Loaded best β weights from: /home/epigou/cs_9170_project/training_runs/BASELINE_gaussian_ot_repair_p1_credit_bias05_otrep_5s_ep20_33727f8e__G202603201755/seed_42/otrep_model.pt

[TEST] Alpha -> F1(min)=0.0660 | F1(maj)=0.8772 | F1(weighted)=0.6978 | F1(macro)=0.4716 | Brier=0.1733
[TEST] Beta  -> F1(min)=0.0451 | F1(maj)=0.8765 | F1(weighted)=0.6927 | F1(macro)=0.4608 | Brier=0.1751
[TestSuite] Final test metrics appended to (seed): /home/epigou/cs_9170_project/training_runs/BASELINE_gaussian_ot_repair_p1_credit_bias05_otrep_5s_ep20_33727f8e__G202603201755/seed_42/final_test_metrics.csv
[TestSuite] Final test metrics appended to (experiment): /home/epigou/cs_9170_project/training_runs/BASELINE_gaussian_ot_repair_p1_credit_bias05_otrep_5s_ep20_33727f8e__G202603201755/final_test_metrics.csv
[OTRepair] Done. seed=42 | time=1009.1s
[OTRepair] Results in /home/epigou/cs_9170_project/training_runs/BASELINE_gaussian_ot_repair_p1_credit_bias05_otrep_5s_ep20_33727f8e__G202603201755/seed_42

[run_baseline] ---- seed=0 ----
/home/epigou/cs_9170_project/dataset.py:669: FutureWarning:

errors='ignore' is deprecated and will raise in a future version. Use to_numeric without passing `errors` and catch exceptions explicitly instead

Label distribution: {0: 23364, 1: 6636}
[TRAIN] size=3000, minority=150 (5.00%)
[VAL] size=4918, minority=245 (4.98%)
[TEST] size=6000, minority=1327 (22.12%)
[OTRepair] exp_group=BASELINE_gaussian_ot_repair_p1_credit_bias05_otrep_5s_ep20_33727f8e__G202603201755  seed=0
[OTRepair] dataset=credit_card  feature_dim=33
[OTRepair] ot_config={'lam': 1.0, 'n_groups': 2, 'cov_reg': 1e-05, 'barycenter_iters': 100, 'repair_test': True}
[OTRepair] seed_dir=/home/epigou/cs_9170_project/training_runs/BASELINE_gaussian_ot_repair_p1_credit_bias05_otrep_5s_ep20_33727f8e__G202603201755/seed_0
[OTRepair] Group 0: n=1138, ||μ||=1.3778, cov_diag=[0.0000, 1.4682]
[OTRepair] Group 1: n=1862, ||μ||=1.3673, cov_diag=[0.0000, 1.2804]
[OTRepair] Barycenter computed. μ* norm=1.1656
[OTRepair] Group 0: A_g computed, ||A_g - I||=315.2483
[OTRepair] Group 1: A_g computed, ||A_g - I||=315.2734
[OTRepair] Test features repaired.
FFNN Using device: cpu
[OTRepair] ERM trained on repaired features.
FFNN Using device: cpu
[OTRepair] Alpha (ERM on original features) trained.
FFNN Using device: cpu
[TestSuite] Loaded best β weights from: /home/epigou/cs_9170_project/training_runs/BASELINE_gaussian_ot_repair_p1_credit_bias05_otrep_5s_ep20_33727f8e__G202603201755/seed_0/otrep_model.pt

[TEST] Alpha -> F1(min)=0.0770 | F1(maj)=0.8778 | F1(weighted)=0.7007 | F1(macro)=0.4774 | Brier=0.1762
[TEST] Beta  -> F1(min)=0.0453 | F1(maj)=0.8770 | F1(weighted)=0.6930 | F1(macro)=0.4611 | Brier=0.1784
[TestSuite] Final test metrics appended to (seed): /home/epigou/cs_9170_project/training_runs/BASELINE_gaussian_ot_repair_p1_credit_bias05_otrep_5s_ep20_33727f8e__G202603201755/seed_0/final_test_metrics.csv
[TestSuite] Final test metrics appended to (experiment): /home/epigou/cs_9170_project/training_runs/BASELINE_gaussian_ot_repair_p1_credit_bias05_otrep_5s_ep20_33727f8e__G202603201755/final_test_metrics.csv
[OTRepair] Done. seed=0 | time=1074.4s
[OTRepair] Results in /home/epigou/cs_9170_project/training_runs/BASELINE_gaussian_ot_repair_p1_credit_bias05_otrep_5s_ep20_33727f8e__G202603201755/seed_0

[run_baseline] ---- seed=1 ----
/home/epigou/cs_9170_project/dataset.py:669: FutureWarning:

errors='ignore' is deprecated and will raise in a future version. Use to_numeric without passing `errors` and catch exceptions explicitly instead

Label distribution: {0: 23364, 1: 6636}
[TRAIN] size=3000, minority=150 (5.00%)
[VAL] size=4918, minority=245 (4.98%)
[TEST] size=6000, minority=1327 (22.12%)
[OTRepair] exp_group=BASELINE_gaussian_ot_repair_p1_credit_bias05_otrep_5s_ep20_33727f8e__G202603201755  seed=1
[OTRepair] dataset=credit_card  feature_dim=33
[OTRepair] ot_config={'lam': 1.0, 'n_groups': 2, 'cov_reg': 1e-05, 'barycenter_iters': 100, 'repair_test': True}
[OTRepair] seed_dir=/home/epigou/cs_9170_project/training_runs/BASELINE_gaussian_ot_repair_p1_credit_bias05_otrep_5s_ep20_33727f8e__G202603201755/seed_1
[OTRepair] Group 0: n=1115, ||μ||=1.3727, cov_diag=[0.0000, 1.7701]
[OTRepair] Group 1: n=1885, ||μ||=1.3628, cov_diag=[0.0000, 1.3593]
[OTRepair] Barycenter computed. μ* norm=1.1637
[OTRepair] Group 0: A_g computed, ||A_g - I||=352.5487
[OTRepair] Group 1: A_g computed, ||A_g - I||=315.2389
[OTRepair] Test features repaired.
FFNN Using device: cpu
[OTRepair] ERM trained on repaired features.
FFNN Using device: cpu
[OTRepair] Alpha (ERM on original features) trained.
FFNN Using device: cpu
[TestSuite] Loaded best β weights from: /home/epigou/cs_9170_project/training_runs/BASELINE_gaussian_ot_repair_p1_credit_bias05_otrep_5s_ep20_33727f8e__G202603201755/seed_1/otrep_model.pt

[TEST] Alpha -> F1(min)=0.0120 | F1(maj)=0.8761 | F1(weighted)=0.6850 | F1(macro)=0.4440 | Brier=0.1798
[TEST] Beta  -> F1(min)=0.0060 | F1(maj)=0.8756 | F1(weighted)=0.6833 | F1(macro)=0.4408 | Brier=0.1818
[TestSuite] Final test metrics appended to (seed): /home/epigou/cs_9170_project/training_runs/BASELINE_gaussian_ot_repair_p1_credit_bias05_otrep_5s_ep20_33727f8e__G202603201755/seed_1/final_test_metrics.csv
[TestSuite] Final test metrics appended to (experiment): /home/epigou/cs_9170_project/training_runs/BASELINE_gaussian_ot_repair_p1_credit_bias05_otrep_5s_ep20_33727f8e__G202603201755/final_test_metrics.csv
[OTRepair] Done. seed=1 | time=1160.9s
[OTRepair] Results in /home/epigou/cs_9170_project/training_runs/BASELINE_gaussian_ot_repair_p1_credit_bias05_otrep_5s_ep20_33727f8e__G202603201755/seed_1

[run_baseline] ---- seed=2 ----
/home/epigou/cs_9170_project/dataset.py:669: FutureWarning:

errors='ignore' is deprecated and will raise in a future version. Use to_numeric without passing `errors` and catch exceptions explicitly instead

Label distribution: {0: 23364, 1: 6636}
[TRAIN] size=3000, minority=150 (5.00%)
[VAL] size=4918, minority=245 (4.98%)
[TEST] size=6000, minority=1327 (22.12%)
[OTRepair] exp_group=BASELINE_gaussian_ot_repair_p1_credit_bias05_otrep_5s_ep20_33727f8e__G202603201755  seed=2
[OTRepair] dataset=credit_card  feature_dim=33
[OTRepair] ot_config={'lam': 1.0, 'n_groups': 2, 'cov_reg': 1e-05, 'barycenter_iters': 100, 'repair_test': True}
[OTRepair] seed_dir=/home/epigou/cs_9170_project/training_runs/BASELINE_gaussian_ot_repair_p1_credit_bias05_otrep_5s_ep20_33727f8e__G202603201755/seed_2
[OTRepair] Group 0: n=1147, ||μ||=1.3831, cov_diag=[0.0000, 1.3963]
[OTRepair] Group 1: n=1853, ||μ||=1.3703, cov_diag=[0.0000, 1.3824]
[OTRepair] Barycenter computed. μ* norm=1.1691
[OTRepair] Group 0: A_g computed, ||A_g - I||=386.1168
[OTRepair] Group 1: A_g computed, ||A_g - I||=315.2636
[OTRepair] Test features repaired.
FFNN Using device: cpu
[OTRepair] ERM trained on repaired features.
FFNN Using device: cpu
[OTRepair] Alpha (ERM on original features) trained.
FFNN Using device: cpu
[TestSuite] Loaded best β weights from: /home/epigou/cs_9170_project/training_runs/BASELINE_gaussian_ot_repair_p1_credit_bias05_otrep_5s_ep20_33727f8e__G202603201755/seed_2/otrep_model.pt

[TEST] Alpha -> F1(min)=0.0090 | F1(maj)=0.8756 | F1(weighted)=0.6840 | F1(macro)=0.4423 | Brier=0.1805
[TEST] Beta  -> F1(min)=0.0060 | F1(maj)=0.8756 | F1(weighted)=0.6833 | F1(macro)=0.4408 | Brier=0.1796
[TestSuite] Final test metrics appended to (seed): /home/epigou/cs_9170_project/training_runs/BASELINE_gaussian_ot_repair_p1_credit_bias05_otrep_5s_ep20_33727f8e__G202603201755/seed_2/final_test_metrics.csv
[TestSuite] Final test metrics appended to (experiment): /home/epigou/cs_9170_project/training_runs/BASELINE_gaussian_ot_repair_p1_credit_bias05_otrep_5s_ep20_33727f8e__G202603201755/final_test_metrics.csv
[OTRepair] Done. seed=2 | time=1042.9s
[OTRepair] Results in /home/epigou/cs_9170_project/training_runs/BASELINE_gaussian_ot_repair_p1_credit_bias05_otrep_5s_ep20_33727f8e__G202603201755/seed_2

[run_baseline] ---- seed=3 ----
/home/epigou/cs_9170_project/dataset.py:669: FutureWarning:

errors='ignore' is deprecated and will raise in a future version. Use to_numeric without passing `errors` and catch exceptions explicitly instead

Label distribution: {0: 23364, 1: 6636}
[TRAIN] size=3000, minority=150 (5.00%)
[VAL] size=4918, minority=245 (4.98%)
[TEST] size=6000, minority=1327 (22.12%)
[OTRepair] exp_group=BASELINE_gaussian_ot_repair_p1_credit_bias05_otrep_5s_ep20_33727f8e__G202603201755  seed=3
[OTRepair] dataset=credit_card  feature_dim=33
[OTRepair] ot_config={'lam': 1.0, 'n_groups': 2, 'cov_reg': 1e-05, 'barycenter_iters': 100, 'repair_test': True}
[OTRepair] seed_dir=/home/epigou/cs_9170_project/training_runs/BASELINE_gaussian_ot_repair_p1_credit_bias05_otrep_5s_ep20_33727f8e__G202603201755/seed_3
[OTRepair] Group 0: n=1196, ||μ||=1.3851, cov_diag=[0.0000, 1.7678]
[OTRepair] Group 1: n=1804, ||μ||=1.3759, cov_diag=[0.0000, 1.1833]
[OTRepair] Barycenter computed. μ* norm=1.1689
[OTRepair] Group 0: A_g computed, ||A_g - I||=315.2425
[OTRepair] Group 1: A_g computed, ||A_g - I||=315.2675
[OTRepair] Test features repaired.
FFNN Using device: cpu
[OTRepair] ERM trained on repaired features.
FFNN Using device: cpu
[OTRepair] Alpha (ERM on original features) trained.
FFNN Using device: cpu
[TestSuite] Loaded best β weights from: /home/epigou/cs_9170_project/training_runs/BASELINE_gaussian_ot_repair_p1_credit_bias05_otrep_5s_ep20_33727f8e__G202603201755/seed_3/otrep_model.pt

[TEST] Alpha -> F1(min)=0.0236 | F1(maj)=0.8757 | F1(weighted)=0.6873 | F1(macro)=0.4497 | Brier=0.1790
[TEST] Beta  -> F1(min)=0.0495 | F1(maj)=0.8771 | F1(weighted)=0.6941 | F1(macro)=0.4633 | Brier=0.1804
[TestSuite] Final test metrics appended to (seed): /home/epigou/cs_9170_project/training_runs/BASELINE_gaussian_ot_repair_p1_credit_bias05_otrep_5s_ep20_33727f8e__G202603201755/seed_3/final_test_metrics.csv
[TestSuite] Final test metrics appended to (experiment): /home/epigou/cs_9170_project/training_runs/BASELINE_gaussian_ot_repair_p1_credit_bias05_otrep_5s_ep20_33727f8e__G202603201755/final_test_metrics.csv
[OTRepair] Done. seed=3 | time=1188.7s
[OTRepair] Results in /home/epigou/cs_9170_project/training_runs/BASELINE_gaussian_ot_repair_p1_credit_bias05_otrep_5s_ep20_33727f8e__G202603201755/seed_3
