[run_baseline] baseline=gaussian_ot_repair
[run_baseline] spec=paper_specs_v1/p1_credit_bias010_otrep_5s_ep20.json
[run_baseline] device=cpu
[run_baseline] exp_group=BASELINE_gaussian_ot_repair_p1_credit_bias010_otrep_5s_ep20_d580f330__G202603201755
[run_baseline] seeds=[42, 0, 1, 2, 3]

[run_baseline] ---- seed=42 ----
/home/epigou/cs_9170_project/dataset.py:669: FutureWarning:

errors='ignore' is deprecated and will raise in a future version. Use to_numeric without passing `errors` and catch exceptions explicitly instead

Label distribution: {0: 23364, 1: 6636}
[TRAIN] size=3000, minority=300 (10.00%)
[VAL] size=5192, minority=519 (10.00%)
[TEST] size=6000, minority=1327 (22.12%)
[OTRepair] exp_group=BASELINE_gaussian_ot_repair_p1_credit_bias010_otrep_5s_ep20_d580f330__G202603201755  seed=42
[OTRepair] dataset=credit_card  feature_dim=33
[OTRepair] ot_config={'lam': 1.0, 'n_groups': 2, 'cov_reg': 1e-05, 'barycenter_iters': 100, 'repair_test': True}
[OTRepair] seed_dir=/home/epigou/cs_9170_project/training_runs/BASELINE_gaussian_ot_repair_p1_credit_bias010_otrep_5s_ep20_d580f330__G202603201755/seed_42
[OTRepair] Group 0: n=1147, ||μ||=1.3896, cov_diag=[0.0000, 1.2499]
[OTRepair] Group 1: n=1853, ||μ||=1.3759, cov_diag=[0.0000, 1.4236]
[OTRepair] Barycenter computed. μ* norm=1.1708
[OTRepair] Group 0: A_g computed, ||A_g - I||=352.4817
[OTRepair] Group 1: A_g computed, ||A_g - I||=315.2313
[OTRepair] Test features repaired.
FFNN Using device: cpu
[OTRepair] ERM trained on repaired features.
FFNN Using device: cpu
[OTRepair] Alpha (ERM on original features) trained.
FFNN Using device: cpu
[TestSuite] Loaded best β weights from: /home/epigou/cs_9170_project/training_runs/BASELINE_gaussian_ot_repair_p1_credit_bias010_otrep_5s_ep20_d580f330__G202603201755/seed_42/otrep_model.pt

[TEST] Alpha -> F1(min)=0.1870 | F1(maj)=0.8831 | F1(weighted)=0.7292 | F1(macro)=0.5351 | Brier=0.1552
[TEST] Beta  -> F1(min)=0.2022 | F1(maj)=0.8840 | F1(weighted)=0.7332 | F1(macro)=0.5431 | Brier=0.1560
[TestSuite] Final test metrics appended to (seed): /home/epigou/cs_9170_project/training_runs/BASELINE_gaussian_ot_repair_p1_credit_bias010_otrep_5s_ep20_d580f330__G202603201755/seed_42/final_test_metrics.csv
[TestSuite] Final test metrics appended to (experiment): /home/epigou/cs_9170_project/training_runs/BASELINE_gaussian_ot_repair_p1_credit_bias010_otrep_5s_ep20_d580f330__G202603201755/final_test_metrics.csv
[OTRepair] Done. seed=42 | time=1001.9s
[OTRepair] Results in /home/epigou/cs_9170_project/training_runs/BASELINE_gaussian_ot_repair_p1_credit_bias010_otrep_5s_ep20_d580f330__G202603201755/seed_42

[run_baseline] ---- seed=0 ----
/home/epigou/cs_9170_project/dataset.py:669: FutureWarning:

errors='ignore' is deprecated and will raise in a future version. Use to_numeric without passing `errors` and catch exceptions explicitly instead

Label distribution: {0: 23364, 1: 6636}
[TRAIN] size=3000, minority=300 (10.00%)
[VAL] size=5192, minority=519 (10.00%)
[TEST] size=6000, minority=1327 (22.12%)
[OTRepair] exp_group=BASELINE_gaussian_ot_repair_p1_credit_bias010_otrep_5s_ep20_d580f330__G202603201755  seed=0
[OTRepair] dataset=credit_card  feature_dim=33
[OTRepair] ot_config={'lam': 1.0, 'n_groups': 2, 'cov_reg': 1e-05, 'barycenter_iters': 100, 'repair_test': True}
[OTRepair] seed_dir=/home/epigou/cs_9170_project/training_runs/BASELINE_gaussian_ot_repair_p1_credit_bias010_otrep_5s_ep20_d580f330__G202603201755/seed_0
[OTRepair] Group 0: n=1140, ||μ||=1.3724, cov_diag=[0.0000, 1.4185]
[OTRepair] Group 1: n=1860, ||μ||=1.3683, cov_diag=[0.0000, 1.5000]
[OTRepair] Barycenter computed. μ* norm=1.1638
[OTRepair] Group 0: A_g computed, ||A_g - I||=315.2341
[OTRepair] Group 1: A_g computed, ||A_g - I||=352.4794
[OTRepair] Test features repaired.
FFNN Using device: cpu
[OTRepair] ERM trained on repaired features.
FFNN Using device: cpu
[OTRepair] Alpha (ERM on original features) trained.
FFNN Using device: cpu
[TestSuite] Loaded best β weights from: /home/epigou/cs_9170_project/training_runs/BASELINE_gaussian_ot_repair_p1_credit_bias010_otrep_5s_ep20_d580f330__G202603201755/seed_0/otrep_model.pt

[TEST] Alpha -> F1(min)=0.2659 | F1(maj)=0.8845 | F1(weighted)=0.7477 | F1(macro)=0.5752 | Brier=0.1582
[TEST] Beta  -> F1(min)=0.2498 | F1(maj)=0.8838 | F1(weighted)=0.7436 | F1(macro)=0.5668 | Brier=0.1606
[TestSuite] Final test metrics appended to (seed): /home/epigou/cs_9170_project/training_runs/BASELINE_gaussian_ot_repair_p1_credit_bias010_otrep_5s_ep20_d580f330__G202603201755/seed_0/final_test_metrics.csv
[TestSuite] Final test metrics appended to (experiment): /home/epigou/cs_9170_project/training_runs/BASELINE_gaussian_ot_repair_p1_credit_bias010_otrep_5s_ep20_d580f330__G202603201755/final_test_metrics.csv
[OTRepair] Done. seed=0 | time=1076.3s
[OTRepair] Results in /home/epigou/cs_9170_project/training_runs/BASELINE_gaussian_ot_repair_p1_credit_bias010_otrep_5s_ep20_d580f330__G202603201755/seed_0

[run_baseline] ---- seed=1 ----
/home/epigou/cs_9170_project/dataset.py:669: FutureWarning:

errors='ignore' is deprecated and will raise in a future version. Use to_numeric without passing `errors` and catch exceptions explicitly instead

Label distribution: {0: 23364, 1: 6636}
[TRAIN] size=3000, minority=300 (10.00%)
[VAL] size=5192, minority=519 (10.00%)
[TEST] size=6000, minority=1327 (22.12%)
[OTRepair] exp_group=BASELINE_gaussian_ot_repair_p1_credit_bias010_otrep_5s_ep20_d580f330__G202603201755  seed=1
[OTRepair] dataset=credit_card  feature_dim=32
[OTRepair] ot_config={'lam': 1.0, 'n_groups': 2, 'cov_reg': 1e-05, 'barycenter_iters': 100, 'repair_test': True}
[OTRepair] seed_dir=/home/epigou/cs_9170_project/training_runs/BASELINE_gaussian_ot_repair_p1_credit_bias010_otrep_5s_ep20_d580f330__G202603201755/seed_1
[OTRepair] Group 0: n=1128, ||μ||=1.3899, cov_diag=[0.0000, 1.1825]
[OTRepair] Group 1: n=1872, ||μ||=1.3730, cov_diag=[0.0000, 1.4483]
[OTRepair] Barycenter computed. μ* norm=1.1693
[OTRepair] Group 0: A_g computed, ||A_g - I||=315.2335
[OTRepair] Group 1: A_g computed, ||A_g - I||=315.2332
[OTRepair] Test features repaired.
FFNN Using device: cpu
[OTRepair] ERM trained on repaired features.
FFNN Using device: cpu
[OTRepair] Alpha (ERM on original features) trained.
FFNN Using device: cpu
[TestSuite] Loaded best β weights from: /home/epigou/cs_9170_project/training_runs/BASELINE_gaussian_ot_repair_p1_credit_bias010_otrep_5s_ep20_d580f330__G202603201755/seed_1/otrep_model.pt

[TEST] Alpha -> F1(min)=0.1791 | F1(maj)=0.8810 | F1(weighted)=0.7258 | F1(macro)=0.5300 | Brier=0.1562
[TEST] Beta  -> F1(min)=0.1310 | F1(maj)=0.8791 | F1(weighted)=0.7136 | F1(macro)=0.5050 | Brier=0.1601
[TestSuite] Final test metrics appended to (seed): /home/epigou/cs_9170_project/training_runs/BASELINE_gaussian_ot_repair_p1_credit_bias010_otrep_5s_ep20_d580f330__G202603201755/seed_1/final_test_metrics.csv
[TestSuite] Final test metrics appended to (experiment): /home/epigou/cs_9170_project/training_runs/BASELINE_gaussian_ot_repair_p1_credit_bias010_otrep_5s_ep20_d580f330__G202603201755/final_test_metrics.csv
[OTRepair] Done. seed=1 | time=1156.4s
[OTRepair] Results in /home/epigou/cs_9170_project/training_runs/BASELINE_gaussian_ot_repair_p1_credit_bias010_otrep_5s_ep20_d580f330__G202603201755/seed_1

[run_baseline] ---- seed=2 ----
/home/epigou/cs_9170_project/dataset.py:669: FutureWarning:

errors='ignore' is deprecated and will raise in a future version. Use to_numeric without passing `errors` and catch exceptions explicitly instead

Label distribution: {0: 23364, 1: 6636}
[TRAIN] size=3000, minority=300 (10.00%)
[VAL] size=5192, minority=519 (10.00%)
[TEST] size=6000, minority=1327 (22.12%)
[OTRepair] exp_group=BASELINE_gaussian_ot_repair_p1_credit_bias010_otrep_5s_ep20_d580f330__G202603201755  seed=2
[OTRepair] dataset=credit_card  feature_dim=33
[OTRepair] ot_config={'lam': 1.0, 'n_groups': 2, 'cov_reg': 1e-05, 'barycenter_iters': 100, 'repair_test': True}
[OTRepair] seed_dir=/home/epigou/cs_9170_project/training_runs/BASELINE_gaussian_ot_repair_p1_credit_bias010_otrep_5s_ep20_d580f330__G202603201755/seed_2
[OTRepair] Group 0: n=1201, ||μ||=1.3774, cov_diag=[0.0000, 1.4446]
[OTRepair] Group 1: n=1799, ||μ||=1.3702, cov_diag=[0.0000, 1.3216]
[OTRepair] Barycenter computed. μ* norm=1.1635
[OTRepair] Group 0: A_g computed, ||A_g - I||=315.2441
[OTRepair] Group 1: A_g computed, ||A_g - I||=352.4556
[OTRepair] Test features repaired.
FFNN Using device: cpu
[OTRepair] ERM trained on repaired features.
FFNN Using device: cpu
[OTRepair] Alpha (ERM on original features) trained.
FFNN Using device: cpu
[TestSuite] Loaded best β weights from: /home/epigou/cs_9170_project/training_runs/BASELINE_gaussian_ot_repair_p1_credit_bias010_otrep_5s_ep20_d580f330__G202603201755/seed_2/otrep_model.pt

[TEST] Alpha -> F1(min)=0.2277 | F1(maj)=0.8828 | F1(weighted)=0.7379 | F1(macro)=0.5553 | Brier=0.1564
[TEST] Beta  -> F1(min)=0.1965 | F1(maj)=0.8820 | F1(weighted)=0.7304 | F1(macro)=0.5392 | Brier=0.1585
[TestSuite] Final test metrics appended to (seed): /home/epigou/cs_9170_project/training_runs/BASELINE_gaussian_ot_repair_p1_credit_bias010_otrep_5s_ep20_d580f330__G202603201755/seed_2/final_test_metrics.csv
[TestSuite] Final test metrics appended to (experiment): /home/epigou/cs_9170_project/training_runs/BASELINE_gaussian_ot_repair_p1_credit_bias010_otrep_5s_ep20_d580f330__G202603201755/final_test_metrics.csv
[OTRepair] Done. seed=2 | time=1042.5s
[OTRepair] Results in /home/epigou/cs_9170_project/training_runs/BASELINE_gaussian_ot_repair_p1_credit_bias010_otrep_5s_ep20_d580f330__G202603201755/seed_2

[run_baseline] ---- seed=3 ----
/home/epigou/cs_9170_project/dataset.py:669: FutureWarning:

errors='ignore' is deprecated and will raise in a future version. Use to_numeric without passing `errors` and catch exceptions explicitly instead

Label distribution: {0: 23364, 1: 6636}
[TRAIN] size=3000, minority=300 (10.00%)
[VAL] size=5192, minority=519 (10.00%)
[TEST] size=6000, minority=1327 (22.12%)
[OTRepair] exp_group=BASELINE_gaussian_ot_repair_p1_credit_bias010_otrep_5s_ep20_d580f330__G202603201755  seed=3
[OTRepair] dataset=credit_card  feature_dim=33
[OTRepair] ot_config={'lam': 1.0, 'n_groups': 2, 'cov_reg': 1e-05, 'barycenter_iters': 100, 'repair_test': True}
[OTRepair] seed_dir=/home/epigou/cs_9170_project/training_runs/BASELINE_gaussian_ot_repair_p1_credit_bias010_otrep_5s_ep20_d580f330__G202603201755/seed_3
[OTRepair] Group 0: n=1190, ||μ||=1.3926, cov_diag=[0.0000, 1.4225]
[OTRepair] Group 1: n=1810, ||μ||=1.3707, cov_diag=[0.0000, 1.3096]
[OTRepair] Barycenter computed. μ* norm=1.1697
[OTRepair] Group 0: A_g computed, ||A_g - I||=352.5246
[OTRepair] Group 1: A_g computed, ||A_g - I||=315.2653
[OTRepair] Test features repaired.
FFNN Using device: cpu
[OTRepair] ERM trained on repaired features.
FFNN Using device: cpu
[OTRepair] Alpha (ERM on original features) trained.
FFNN Using device: cpu
[TestSuite] Loaded best β weights from: /home/epigou/cs_9170_project/training_runs/BASELINE_gaussian_ot_repair_p1_credit_bias010_otrep_5s_ep20_d580f330__G202603201755/seed_3/otrep_model.pt

[TEST] Alpha -> F1(min)=0.2346 | F1(maj)=0.8834 | F1(weighted)=0.7399 | F1(macro)=0.5590 | Brier=0.1607
[TEST] Beta  -> F1(min)=0.2305 | F1(maj)=0.8826 | F1(weighted)=0.7384 | F1(macro)=0.5566 | Brier=0.1608
[TestSuite] Final test metrics appended to (seed): /home/epigou/cs_9170_project/training_runs/BASELINE_gaussian_ot_repair_p1_credit_bias010_otrep_5s_ep20_d580f330__G202603201755/seed_3/final_test_metrics.csv
[TestSuite] Final test metrics appended to (experiment): /home/epigou/cs_9170_project/training_runs/BASELINE_gaussian_ot_repair_p1_credit_bias010_otrep_5s_ep20_d580f330__G202603201755/final_test_metrics.csv
[OTRepair] Done. seed=3 | time=1194.5s
[OTRepair] Results in /home/epigou/cs_9170_project/training_runs/BASELINE_gaussian_ot_repair_p1_credit_bias010_otrep_5s_ep20_d580f330__G202603201755/seed_3
