[run_baseline] baseline=gaussian_ot_repair
[run_baseline] spec=paper_specs_v1/p1_census_bias010_otrep_5s_ep20.json
[run_baseline] device=cpu
[run_baseline] exp_group=BASELINE_gaussian_ot_repair_p1_census_bias010_otrep_5s_ep20_2084dedc__G202603201755
[run_baseline] seeds=[42, 0, 1, 2, 3]

[run_baseline] ---- seed=42 ----
[TRAIN] size=3000, minority=300 (10.00%)
[VAL] size=5493, minority=549 (9.99%)
[TEST] size=6513, minority=1569 (24.09%)
[OTRepair] exp_group=BASELINE_gaussian_ot_repair_p1_census_bias010_otrep_5s_ep20_2084dedc__G202603201755  seed=42
[OTRepair] dataset=census_income  feature_dim=103
[OTRepair] ot_config={'lam': 1.0, 'n_groups': 2, 'cov_reg': 1e-05, 'barycenter_iters': 100, 'repair_test': True}
[OTRepair] seed_dir=/home/epigou/cs_9170_project/training_runs/BASELINE_gaussian_ot_repair_p1_census_bias010_otrep_5s_ep20_2084dedc__G202603201755/seed_42
[OTRepair] Group 0: n=1126, ||μ||=2.0043, cov_diag=[0.0000, 1.0721]
[OTRepair] Group 1: n=1874, ||μ||=2.0393, cov_diag=[0.0000, 1.1588]
[OTRepair] Barycenter computed. μ* norm=1.8299
[OTRepair] Group 0: A_g computed, ||A_g - I||=804.0393
[OTRepair] Group 1: A_g computed, ||A_g - I||=568.9723
[OTRepair] Test features repaired.
FFNN Using device: cpu
[OTRepair] ERM trained on repaired features.
FFNN Using device: cpu
[OTRepair] Alpha (ERM on original features) trained.
FFNN Using device: cpu
[TestSuite] Loaded best β weights from: /home/epigou/cs_9170_project/training_runs/BASELINE_gaussian_ot_repair_p1_census_bias010_otrep_5s_ep20_2084dedc__G202603201755/seed_42/otrep_model.pt

[TEST] Alpha -> F1(min)=0.3534 | F1(maj)=0.8797 | F1(weighted)=0.7529 | F1(macro)=0.6166 | Brier=0.1586
[TEST] Beta  -> F1(min)=0.4652 | F1(maj)=0.8879 | F1(weighted)=0.7861 | F1(macro)=0.6766 | Brier=0.1343
[TestSuite] Final test metrics appended to (seed): /home/epigou/cs_9170_project/training_runs/BASELINE_gaussian_ot_repair_p1_census_bias010_otrep_5s_ep20_2084dedc__G202603201755/seed_42/final_test_metrics.csv
[TestSuite] Final test metrics appended to (experiment): /home/epigou/cs_9170_project/training_runs/BASELINE_gaussian_ot_repair_p1_census_bias010_otrep_5s_ep20_2084dedc__G202603201755/final_test_metrics.csv
[OTRepair] Done. seed=42 | time=1748.9s
[OTRepair] Results in /home/epigou/cs_9170_project/training_runs/BASELINE_gaussian_ot_repair_p1_census_bias010_otrep_5s_ep20_2084dedc__G202603201755/seed_42

[run_baseline] ---- seed=0 ----
[TRAIN] size=3000, minority=300 (10.00%)
[VAL] size=5493, minority=549 (9.99%)
[TEST] size=6513, minority=1569 (24.09%)
[OTRepair] exp_group=BASELINE_gaussian_ot_repair_p1_census_bias010_otrep_5s_ep20_2084dedc__G202603201755  seed=0
[OTRepair] dataset=census_income  feature_dim=105
[OTRepair] ot_config={'lam': 1.0, 'n_groups': 2, 'cov_reg': 1e-05, 'barycenter_iters': 100, 'repair_test': True}
[OTRepair] seed_dir=/home/epigou/cs_9170_project/training_runs/BASELINE_gaussian_ot_repair_p1_census_bias010_otrep_5s_ep20_2084dedc__G202603201755/seed_0
[OTRepair] Group 0: n=1082, ||μ||=2.0173, cov_diag=[0.0000, 1.0479]
[OTRepair] Group 1: n=1918, ||μ||=2.0368, cov_diag=[0.0000, 1.5355]
[OTRepair] Barycenter computed. μ* norm=1.8342
[OTRepair] Group 0: A_g computed, ||A_g - I||=722.6590
[OTRepair] Group 1: A_g computed, ||A_g - I||=669.2666
[OTRepair] Test features repaired.
FFNN Using device: cpu
[OTRepair] ERM trained on repaired features.
FFNN Using device: cpu
[OTRepair] Alpha (ERM on original features) trained.
FFNN Using device: cpu
[TestSuite] Loaded best β weights from: /home/epigou/cs_9170_project/training_runs/BASELINE_gaussian_ot_repair_p1_census_bias010_otrep_5s_ep20_2084dedc__G202603201755/seed_0/otrep_model.pt

[TEST] Alpha -> F1(min)=0.3186 | F1(maj)=0.8808 | F1(weighted)=0.7453 | F1(macro)=0.5997 | Brier=0.1590
[TEST] Beta  -> F1(min)=0.4206 | F1(maj)=0.8885 | F1(weighted)=0.7758 | F1(macro)=0.6545 | Brier=0.1378
[TestSuite] Final test metrics appended to (seed): /home/epigou/cs_9170_project/training_runs/BASELINE_gaussian_ot_repair_p1_census_bias010_otrep_5s_ep20_2084dedc__G202603201755/seed_0/final_test_metrics.csv
[TestSuite] Final test metrics appended to (experiment): /home/epigou/cs_9170_project/training_runs/BASELINE_gaussian_ot_repair_p1_census_bias010_otrep_5s_ep20_2084dedc__G202603201755/final_test_metrics.csv
[OTRepair] Done. seed=0 | time=1822.9s
[OTRepair] Results in /home/epigou/cs_9170_project/training_runs/BASELINE_gaussian_ot_repair_p1_census_bias010_otrep_5s_ep20_2084dedc__G202603201755/seed_0

[run_baseline] ---- seed=1 ----
[TRAIN] size=3000, minority=300 (10.00%)
[VAL] size=5493, minority=549 (9.99%)
[TEST] size=6513, minority=1569 (24.09%)
[OTRepair] exp_group=BASELINE_gaussian_ot_repair_p1_census_bias010_otrep_5s_ep20_2084dedc__G202603201755  seed=1
[OTRepair] dataset=census_income  feature_dim=103
[OTRepair] ot_config={'lam': 1.0, 'n_groups': 2, 'cov_reg': 1e-05, 'barycenter_iters': 100, 'repair_test': True}
[OTRepair] seed_dir=/home/epigou/cs_9170_project/training_runs/BASELINE_gaussian_ot_repair_p1_census_bias010_otrep_5s_ep20_2084dedc__G202603201755/seed_1
[OTRepair] Group 0: n=1075, ||μ||=2.0108, cov_diag=[0.0000, 1.0304]
[OTRepair] Group 1: n=1925, ||μ||=2.0319, cov_diag=[0.0000, 1.5006]
[OTRepair] Barycenter computed. μ* norm=1.8321
[OTRepair] Group 0: A_g computed, ||A_g - I||=687.2361
[OTRepair] Group 1: A_g computed, ||A_g - I||=610.7054
[OTRepair] Test features repaired.
FFNN Using device: cpu
[OTRepair] ERM trained on repaired features.
FFNN Using device: cpu
[OTRepair] Alpha (ERM on original features) trained.
FFNN Using device: cpu
[TestSuite] Loaded best β weights from: /home/epigou/cs_9170_project/training_runs/BASELINE_gaussian_ot_repair_p1_census_bias010_otrep_5s_ep20_2084dedc__G202603201755/seed_1/otrep_model.pt

[TEST] Alpha -> F1(min)=0.3974 | F1(maj)=0.8823 | F1(weighted)=0.7654 | F1(macro)=0.6398 | Brier=0.1495
[TEST] Beta  -> F1(min)=0.4340 | F1(maj)=0.8851 | F1(weighted)=0.7764 | F1(macro)=0.6596 | Brier=0.1349
[TestSuite] Final test metrics appended to (seed): /home/epigou/cs_9170_project/training_runs/BASELINE_gaussian_ot_repair_p1_census_bias010_otrep_5s_ep20_2084dedc__G202603201755/seed_1/final_test_metrics.csv
[TestSuite] Final test metrics appended to (experiment): /home/epigou/cs_9170_project/training_runs/BASELINE_gaussian_ot_repair_p1_census_bias010_otrep_5s_ep20_2084dedc__G202603201755/final_test_metrics.csv
[OTRepair] Done. seed=1 | time=1802.5s
[OTRepair] Results in /home/epigou/cs_9170_project/training_runs/BASELINE_gaussian_ot_repair_p1_census_bias010_otrep_5s_ep20_2084dedc__G202603201755/seed_1

[run_baseline] ---- seed=2 ----
[TRAIN] size=3000, minority=300 (10.00%)
[VAL] size=5493, minority=549 (9.99%)
[TEST] size=6513, minority=1569 (24.09%)
[OTRepair] exp_group=BASELINE_gaussian_ot_repair_p1_census_bias010_otrep_5s_ep20_2084dedc__G202603201755  seed=2
[OTRepair] dataset=census_income  feature_dim=103
[OTRepair] ot_config={'lam': 1.0, 'n_groups': 2, 'cov_reg': 1e-05, 'barycenter_iters': 100, 'repair_test': True}
[OTRepair] seed_dir=/home/epigou/cs_9170_project/training_runs/BASELINE_gaussian_ot_repair_p1_census_bias010_otrep_5s_ep20_2084dedc__G202603201755/seed_2
[OTRepair] Group 0: n=1126, ||μ||=1.9933, cov_diag=[0.0000, 1.1544]
[OTRepair] Group 1: n=1874, ||μ||=2.0443, cov_diag=[0.0000, 1.2064]
[OTRepair] Barycenter computed. μ* norm=1.8258
[OTRepair] Group 0: A_g computed, ||A_g - I||=687.3710
[OTRepair] Group 1: A_g computed, ||A_g - I||=630.9638
[OTRepair] Test features repaired.
FFNN Using device: cpu
[OTRepair] ERM trained on repaired features.
FFNN Using device: cpu
[OTRepair] Alpha (ERM on original features) trained.
FFNN Using device: cpu
[TestSuite] Loaded best β weights from: /home/epigou/cs_9170_project/training_runs/BASELINE_gaussian_ot_repair_p1_census_bias010_otrep_5s_ep20_2084dedc__G202603201755/seed_2/otrep_model.pt

[TEST] Alpha -> F1(min)=0.3854 | F1(maj)=0.8869 | F1(weighted)=0.7661 | F1(macro)=0.6362 | Brier=0.1538
[TEST] Beta  -> F1(min)=0.4673 | F1(maj)=0.8933 | F1(weighted)=0.7907 | F1(macro)=0.6803 | Brier=0.1302
[TestSuite] Final test metrics appended to (seed): /home/epigou/cs_9170_project/training_runs/BASELINE_gaussian_ot_repair_p1_census_bias010_otrep_5s_ep20_2084dedc__G202603201755/seed_2/final_test_metrics.csv
[TestSuite] Final test metrics appended to (experiment): /home/epigou/cs_9170_project/training_runs/BASELINE_gaussian_ot_repair_p1_census_bias010_otrep_5s_ep20_2084dedc__G202603201755/final_test_metrics.csv
[OTRepair] Done. seed=2 | time=1136.1s
[OTRepair] Results in /home/epigou/cs_9170_project/training_runs/BASELINE_gaussian_ot_repair_p1_census_bias010_otrep_5s_ep20_2084dedc__G202603201755/seed_2

[run_baseline] ---- seed=3 ----
[TRAIN] size=3000, minority=300 (10.00%)
[VAL] size=5493, minority=549 (9.99%)
[TEST] size=6513, minority=1569 (24.09%)
[OTRepair] exp_group=BASELINE_gaussian_ot_repair_p1_census_bias010_otrep_5s_ep20_2084dedc__G202603201755  seed=3
[OTRepair] dataset=census_income  feature_dim=101
[OTRepair] ot_config={'lam': 1.0, 'n_groups': 2, 'cov_reg': 1e-05, 'barycenter_iters': 100, 'repair_test': True}
[OTRepair] seed_dir=/home/epigou/cs_9170_project/training_runs/BASELINE_gaussian_ot_repair_p1_census_bias010_otrep_5s_ep20_2084dedc__G202603201755/seed_3
[OTRepair] Group 0: n=1106, ||μ||=2.0129, cov_diag=[0.0000, 1.0182]
[OTRepair] Group 1: n=1894, ||μ||=2.0389, cov_diag=[0.0000, 1.3249]
[OTRepair] Barycenter computed. μ* norm=1.8418
[OTRepair] Group 0: A_g computed, ||A_g - I||=722.6204
[OTRepair] Group 1: A_g computed, ||A_g - I||=610.8759
[OTRepair] Test features repaired.
FFNN Using device: cpu
[OTRepair] ERM trained on repaired features.
FFNN Using device: cpu
[OTRepair] Alpha (ERM on original features) trained.
FFNN Using device: cpu
[TestSuite] Loaded best β weights from: /home/epigou/cs_9170_project/training_runs/BASELINE_gaussian_ot_repair_p1_census_bias010_otrep_5s_ep20_2084dedc__G202603201755/seed_3/otrep_model.pt

[TEST] Alpha -> F1(min)=0.3928 | F1(maj)=0.8865 | F1(weighted)=0.7675 | F1(macro)=0.6396 | Brier=0.1538
[TEST] Beta  -> F1(min)=0.4904 | F1(maj)=0.8935 | F1(weighted)=0.7964 | F1(macro)=0.6920 | Brier=0.1314
[TestSuite] Final test metrics appended to (seed): /home/epigou/cs_9170_project/training_runs/BASELINE_gaussian_ot_repair_p1_census_bias010_otrep_5s_ep20_2084dedc__G202603201755/seed_3/final_test_metrics.csv
[TestSuite] Final test metrics appended to (experiment): /home/epigou/cs_9170_project/training_runs/BASELINE_gaussian_ot_repair_p1_census_bias010_otrep_5s_ep20_2084dedc__G202603201755/final_test_metrics.csv
[OTRepair] Done. seed=3 | time=1129.2s
[OTRepair] Results in /home/epigou/cs_9170_project/training_runs/BASELINE_gaussian_ot_repair_p1_census_bias010_otrep_5s_ep20_2084dedc__G202603201755/seed_3
