[run_baseline] baseline=gaussian_ot_repair
[run_baseline] spec=paper_specs_v1/p1_census_bias05_otrep_5s_ep20.json
[run_baseline] device=cpu
[run_baseline] exp_group=BASELINE_gaussian_ot_repair_p1_census_bias05_otrep_5s_ep20_539e2739__G202603201755
[run_baseline] seeds=[42, 0, 1, 2, 3]

[run_baseline] ---- seed=42 ----
[TRAIN] size=3000, minority=150 (5.00%)
[VAL] size=5204, minority=260 (5.00%)
[TEST] size=6513, minority=1569 (24.09%)
[OTRepair] exp_group=BASELINE_gaussian_ot_repair_p1_census_bias05_otrep_5s_ep20_539e2739__G202603201755  seed=42
[OTRepair] dataset=census_income  feature_dim=103
[OTRepair] ot_config={'lam': 1.0, 'n_groups': 2, 'cov_reg': 1e-05, 'barycenter_iters': 100, 'repair_test': True}
[OTRepair] seed_dir=/home/epigou/cs_9170_project/training_runs/BASELINE_gaussian_ot_repair_p1_census_bias05_otrep_5s_ep20_539e2739__G202603201755/seed_42
[OTRepair] Group 0: n=1104, ||μ||=2.0108, cov_diag=[0.0000, 1.0551]
[OTRepair] Group 1: n=1896, ||μ||=2.0328, cov_diag=[0.0000, 1.4111]
[OTRepair] Barycenter computed. μ* norm=1.8346
[OTRepair] Group 0: A_g computed, ||A_g - I||=722.6715
[OTRepair] Group 1: A_g computed, ||A_g - I||=669.2167
[OTRepair] Test features repaired.
FFNN Using device: cpu
[OTRepair] ERM trained on repaired features.
FFNN Using device: cpu
[OTRepair] Alpha (ERM on original features) trained.
FFNN Using device: cpu
[TestSuite] Loaded best β weights from: /home/epigou/cs_9170_project/training_runs/BASELINE_gaussian_ot_repair_p1_census_bias05_otrep_5s_ep20_539e2739__G202603201755/seed_42/otrep_model.pt

[TEST] Alpha -> F1(min)=0.2600 | F1(maj)=0.8760 | F1(weighted)=0.7276 | F1(macro)=0.5680 | Brier=0.1792
[TEST] Beta  -> F1(min)=0.3292 | F1(maj)=0.8819 | F1(weighted)=0.7488 | F1(macro)=0.6056 | Brier=0.1572
[TestSuite] Final test metrics appended to (seed): /home/epigou/cs_9170_project/training_runs/BASELINE_gaussian_ot_repair_p1_census_bias05_otrep_5s_ep20_539e2739__G202603201755/seed_42/final_test_metrics.csv
[TestSuite] Final test metrics appended to (experiment): /home/epigou/cs_9170_project/training_runs/BASELINE_gaussian_ot_repair_p1_census_bias05_otrep_5s_ep20_539e2739__G202603201755/final_test_metrics.csv
[OTRepair] Done. seed=42 | time=1750.0s
[OTRepair] Results in /home/epigou/cs_9170_project/training_runs/BASELINE_gaussian_ot_repair_p1_census_bias05_otrep_5s_ep20_539e2739__G202603201755/seed_42

[run_baseline] ---- seed=0 ----
[TRAIN] size=3000, minority=150 (5.00%)
[VAL] size=5204, minority=260 (5.00%)
[TEST] size=6513, minority=1569 (24.09%)
[OTRepair] exp_group=BASELINE_gaussian_ot_repair_p1_census_bias05_otrep_5s_ep20_539e2739__G202603201755  seed=0
[OTRepair] dataset=census_income  feature_dim=105
[OTRepair] ot_config={'lam': 1.0, 'n_groups': 2, 'cov_reg': 1e-05, 'barycenter_iters': 100, 'repair_test': True}
[OTRepair] seed_dir=/home/epigou/cs_9170_project/training_runs/BASELINE_gaussian_ot_repair_p1_census_bias05_otrep_5s_ep20_539e2739__G202603201755/seed_0
[OTRepair] Group 0: n=1157, ||μ||=2.0159, cov_diag=[0.0000, 1.0484]
[OTRepair] Group 1: n=1843, ||μ||=2.0333, cov_diag=[0.0000, 1.1155]
[OTRepair] Barycenter computed. μ* norm=1.8354
[OTRepair] Group 0: A_g computed, ||A_g - I||=756.2434
[OTRepair] Group 1: A_g computed, ||A_g - I||=722.7154
[OTRepair] Test features repaired.
FFNN Using device: cpu
[OTRepair] ERM trained on repaired features.
FFNN Using device: cpu
[OTRepair] Alpha (ERM on original features) trained.
FFNN Using device: cpu
[TestSuite] Loaded best β weights from: /home/epigou/cs_9170_project/training_runs/BASELINE_gaussian_ot_repair_p1_census_bias05_otrep_5s_ep20_539e2739__G202603201755/seed_0/otrep_model.pt

[TEST] Alpha -> F1(min)=0.2336 | F1(maj)=0.8773 | F1(weighted)=0.7222 | F1(macro)=0.5554 | Brier=0.1770
[TEST] Beta  -> F1(min)=0.2926 | F1(maj)=0.8817 | F1(weighted)=0.7398 | F1(macro)=0.5872 | Brier=0.1566
[TestSuite] Final test metrics appended to (seed): /home/epigou/cs_9170_project/training_runs/BASELINE_gaussian_ot_repair_p1_census_bias05_otrep_5s_ep20_539e2739__G202603201755/seed_0/final_test_metrics.csv
[TestSuite] Final test metrics appended to (experiment): /home/epigou/cs_9170_project/training_runs/BASELINE_gaussian_ot_repair_p1_census_bias05_otrep_5s_ep20_539e2739__G202603201755/final_test_metrics.csv
[OTRepair] Done. seed=0 | time=1831.4s
[OTRepair] Results in /home/epigou/cs_9170_project/training_runs/BASELINE_gaussian_ot_repair_p1_census_bias05_otrep_5s_ep20_539e2739__G202603201755/seed_0

[run_baseline] ---- seed=1 ----
[TRAIN] size=3000, minority=150 (5.00%)
[VAL] size=5204, minority=260 (5.00%)
[TEST] size=6513, minority=1569 (24.09%)
[OTRepair] exp_group=BASELINE_gaussian_ot_repair_p1_census_bias05_otrep_5s_ep20_539e2739__G202603201755  seed=1
[OTRepair] dataset=census_income  feature_dim=104
[OTRepair] ot_config={'lam': 1.0, 'n_groups': 2, 'cov_reg': 1e-05, 'barycenter_iters': 100, 'repair_test': True}
[OTRepair] seed_dir=/home/epigou/cs_9170_project/training_runs/BASELINE_gaussian_ot_repair_p1_census_bias05_otrep_5s_ep20_539e2739__G202603201755/seed_1
[OTRepair] Group 0: n=1110, ||μ||=1.9998, cov_diag=[0.0000, 1.0607]
[OTRepair] Group 1: n=1890, ||μ||=2.0316, cov_diag=[0.0000, 1.5182]
[OTRepair] Barycenter computed. μ* norm=1.8349
[OTRepair] Group 0: A_g computed, ||A_g - I||=650.2304
[OTRepair] Group 1: A_g computed, ||A_g - I||=610.8314
[OTRepair] Test features repaired.
FFNN Using device: cpu
[OTRepair] ERM trained on repaired features.
FFNN Using device: cpu
[OTRepair] Alpha (ERM on original features) trained.
FFNN Using device: cpu
[TestSuite] Loaded best β weights from: /home/epigou/cs_9170_project/training_runs/BASELINE_gaussian_ot_repair_p1_census_bias05_otrep_5s_ep20_539e2739__G202603201755/seed_1/otrep_model.pt

[TEST] Alpha -> F1(min)=0.3058 | F1(maj)=0.8798 | F1(weighted)=0.7415 | F1(macro)=0.5928 | Brier=0.1694
[TEST] Beta  -> F1(min)=0.3214 | F1(maj)=0.8816 | F1(weighted)=0.7467 | F1(macro)=0.6015 | Brier=0.1618
[TestSuite] Final test metrics appended to (seed): /home/epigou/cs_9170_project/training_runs/BASELINE_gaussian_ot_repair_p1_census_bias05_otrep_5s_ep20_539e2739__G202603201755/seed_1/final_test_metrics.csv
[TestSuite] Final test metrics appended to (experiment): /home/epigou/cs_9170_project/training_runs/BASELINE_gaussian_ot_repair_p1_census_bias05_otrep_5s_ep20_539e2739__G202603201755/final_test_metrics.csv
[OTRepair] Done. seed=1 | time=1820.8s
[OTRepair] Results in /home/epigou/cs_9170_project/training_runs/BASELINE_gaussian_ot_repair_p1_census_bias05_otrep_5s_ep20_539e2739__G202603201755/seed_1

[run_baseline] ---- seed=2 ----
[TRAIN] size=3000, minority=150 (5.00%)
[VAL] size=5204, minority=260 (5.00%)
[TEST] size=6513, minority=1569 (24.09%)
[OTRepair] exp_group=BASELINE_gaussian_ot_repair_p1_census_bias05_otrep_5s_ep20_539e2739__G202603201755  seed=2
[OTRepair] dataset=census_income  feature_dim=106
[OTRepair] ot_config={'lam': 1.0, 'n_groups': 2, 'cov_reg': 1e-05, 'barycenter_iters': 100, 'repair_test': True}
[OTRepair] seed_dir=/home/epigou/cs_9170_project/training_runs/BASELINE_gaussian_ot_repair_p1_census_bias05_otrep_5s_ep20_539e2739__G202603201755/seed_2
[OTRepair] Group 0: n=1151, ||μ||=1.9940, cov_diag=[0.0000, 1.0577]
[OTRepair] Group 1: n=1849, ||μ||=2.0385, cov_diag=[0.0000, 1.1437]
[OTRepair] Barycenter computed. μ* norm=1.8322
[OTRepair] Group 0: A_g computed, ||A_g - I||=687.2603
[OTRepair] Group 1: A_g computed, ||A_g - I||=687.4789
[OTRepair] Test features repaired.
FFNN Using device: cpu
[OTRepair] ERM trained on repaired features.
FFNN Using device: cpu
[OTRepair] Alpha (ERM on original features) trained.
FFNN Using device: cpu
[TestSuite] Loaded best β weights from: /home/epigou/cs_9170_project/training_runs/BASELINE_gaussian_ot_repair_p1_census_bias05_otrep_5s_ep20_539e2739__G202603201755/seed_2/otrep_model.pt

[TEST] Alpha -> F1(min)=0.3014 | F1(maj)=0.8814 | F1(weighted)=0.7417 | F1(macro)=0.5914 | Brier=0.1672
[TEST] Beta  -> F1(min)=0.3477 | F1(maj)=0.8856 | F1(weighted)=0.7560 | F1(macro)=0.6167 | Brier=0.1519
[TestSuite] Final test metrics appended to (seed): /home/epigou/cs_9170_project/training_runs/BASELINE_gaussian_ot_repair_p1_census_bias05_otrep_5s_ep20_539e2739__G202603201755/seed_2/final_test_metrics.csv
[TestSuite] Final test metrics appended to (experiment): /home/epigou/cs_9170_project/training_runs/BASELINE_gaussian_ot_repair_p1_census_bias05_otrep_5s_ep20_539e2739__G202603201755/final_test_metrics.csv
[OTRepair] Done. seed=2 | time=1157.9s
[OTRepair] Results in /home/epigou/cs_9170_project/training_runs/BASELINE_gaussian_ot_repair_p1_census_bias05_otrep_5s_ep20_539e2739__G202603201755/seed_2

[run_baseline] ---- seed=3 ----
[TRAIN] size=3000, minority=150 (5.00%)
[VAL] size=5204, minority=260 (5.00%)
[TEST] size=6513, minority=1569 (24.09%)
[OTRepair] exp_group=BASELINE_gaussian_ot_repair_p1_census_bias05_otrep_5s_ep20_539e2739__G202603201755  seed=3
[OTRepair] dataset=census_income  feature_dim=102
[OTRepair] ot_config={'lam': 1.0, 'n_groups': 2, 'cov_reg': 1e-05, 'barycenter_iters': 100, 'repair_test': True}
[OTRepair] seed_dir=/home/epigou/cs_9170_project/training_runs/BASELINE_gaussian_ot_repair_p1_census_bias05_otrep_5s_ep20_539e2739__G202603201755/seed_3
[OTRepair] Group 0: n=1142, ||μ||=2.0060, cov_diag=[0.0000, 1.0191]
[OTRepair] Group 1: n=1858, ||μ||=2.0379, cov_diag=[0.0000, 1.5337]
[OTRepair] Barycenter computed. μ* norm=1.8371
[OTRepair] Group 0: A_g computed, ||A_g - I||=705.2207
[OTRepair] Group 1: A_g computed, ||A_g - I||=610.9258
[OTRepair] Test features repaired.
FFNN Using device: cpu
[OTRepair] ERM trained on repaired features.
FFNN Using device: cpu
[OTRepair] Alpha (ERM on original features) trained.
FFNN Using device: cpu
[TestSuite] Loaded best β weights from: /home/epigou/cs_9170_project/training_runs/BASELINE_gaussian_ot_repair_p1_census_bias05_otrep_5s_ep20_539e2739__G202603201755/seed_3/otrep_model.pt

[TEST] Alpha -> F1(min)=0.2901 | F1(maj)=0.8796 | F1(weighted)=0.7376 | F1(macro)=0.5848 | Brier=0.1678
[TEST] Beta  -> F1(min)=0.3136 | F1(maj)=0.8823 | F1(weighted)=0.7453 | F1(macro)=0.5979 | Brier=0.1578
[TestSuite] Final test metrics appended to (seed): /home/epigou/cs_9170_project/training_runs/BASELINE_gaussian_ot_repair_p1_census_bias05_otrep_5s_ep20_539e2739__G202603201755/seed_3/final_test_metrics.csv
[TestSuite] Final test metrics appended to (experiment): /home/epigou/cs_9170_project/training_runs/BASELINE_gaussian_ot_repair_p1_census_bias05_otrep_5s_ep20_539e2739__G202603201755/final_test_metrics.csv
[OTRepair] Done. seed=3 | time=1129.4s
[OTRepair] Results in /home/epigou/cs_9170_project/training_runs/BASELINE_gaussian_ot_repair_p1_census_bias05_otrep_5s_ep20_539e2739__G202603201755/seed_3
