[run_baseline] baseline=gaussian_ot_repair
[run_baseline] spec=paper_specs_v1/p1_nobias_census_otrep_5s.json
[run_baseline] device=cpu
[run_baseline] exp_group=BASELINE_gaussian_ot_repair_p1_nobias_census_otrep_5s_216fbc09__G202603201755
[run_baseline] seeds=[42, 0, 1, 2, 3]

[run_baseline] ---- seed=42 ----
[TRAIN] size=3000, minority=722 (24.07%)
[VAL] size=6512, minority=1568 (24.08%)
[TEST] size=6513, minority=1569 (24.09%)
[OTRepair] exp_group=BASELINE_gaussian_ot_repair_p1_nobias_census_otrep_5s_216fbc09__G202603201755  seed=42
[OTRepair] dataset=census_income  feature_dim=103
[OTRepair] ot_config={'lam': 1.0, 'n_groups': 2, 'cov_reg': 1e-05, 'barycenter_iters': 100, 'repair_test': True}
[OTRepair] seed_dir=/home/epigou/cs_9170_project/training_runs/BASELINE_gaussian_ot_repair_p1_nobias_census_otrep_5s_216fbc09__G202603201755/seed_42
[OTRepair] Group 0: n=1010, ||μ||=2.0001, cov_diag=[0.0000, 1.0084]
[OTRepair] Group 1: n=1990, ||μ||=2.0729, cov_diag=[0.0000, 1.3477]
[OTRepair] Barycenter computed. μ* norm=1.8318
[OTRepair] Group 0: A_g computed, ||A_g - I||=772.4831
[OTRepair] Group 1: A_g computed, ||A_g - I||=610.9527
[OTRepair] Test features repaired.
FFNN Using device: cpu
[OTRepair] ERM trained on repaired features.
FFNN Using device: cpu
[OTRepair] Alpha (ERM on original features) trained.
FFNN Using device: cpu
[TestSuite] Loaded best β weights from: /home/epigou/cs_9170_project/training_runs/BASELINE_gaussian_ot_repair_p1_nobias_census_otrep_5s_216fbc09__G202603201755/seed_42/otrep_model.pt

[TEST] Alpha -> F1(min)=0.5113 | F1(maj)=0.8853 | F1(weighted)=0.7952 | F1(macro)=0.6983 | Brier=0.1363
[TEST] Beta  -> F1(min)=0.6053 | F1(maj)=0.8896 | F1(weighted)=0.8211 | F1(macro)=0.7475 | Brier=0.1226
[TestSuite] Final test metrics appended to (seed): /home/epigou/cs_9170_project/training_runs/BASELINE_gaussian_ot_repair_p1_nobias_census_otrep_5s_216fbc09__G202603201755/seed_42/final_test_metrics.csv
[TestSuite] Final test metrics appended to (experiment): /home/epigou/cs_9170_project/training_runs/BASELINE_gaussian_ot_repair_p1_nobias_census_otrep_5s_216fbc09__G202603201755/final_test_metrics.csv
[OTRepair] Done. seed=42 | time=1453.7s
[OTRepair] Results in /home/epigou/cs_9170_project/training_runs/BASELINE_gaussian_ot_repair_p1_nobias_census_otrep_5s_216fbc09__G202603201755/seed_42

[run_baseline] ---- seed=0 ----
[TRAIN] size=3000, minority=722 (24.07%)
[VAL] size=6512, minority=1568 (24.08%)
[TEST] size=6513, minority=1569 (24.09%)
[OTRepair] exp_group=BASELINE_gaussian_ot_repair_p1_nobias_census_otrep_5s_216fbc09__G202603201755  seed=0
[OTRepair] dataset=census_income  feature_dim=107
[OTRepair] ot_config={'lam': 1.0, 'n_groups': 2, 'cov_reg': 1e-05, 'barycenter_iters': 100, 'repair_test': True}
[OTRepair] seed_dir=/home/epigou/cs_9170_project/training_runs/BASELINE_gaussian_ot_repair_p1_nobias_census_otrep_5s_216fbc09__G202603201755/seed_0
[OTRepair] Group 0: n=992, ||μ||=2.0082, cov_diag=[0.0000, 1.0094]
[OTRepair] Group 1: n=2008, ||μ||=2.0565, cov_diag=[0.0000, 1.2444]
[OTRepair] Barycenter computed. μ* norm=1.8293
[OTRepair] Group 0: A_g computed, ||A_g - I||=804.0293
[OTRepair] Group 1: A_g computed, ||A_g - I||=650.5667
[OTRepair] Test features repaired.
FFNN Using device: cpu
[OTRepair] ERM trained on repaired features.
FFNN Using device: cpu
[OTRepair] Alpha (ERM on original features) trained.
FFNN Using device: cpu
[TestSuite] Loaded best β weights from: /home/epigou/cs_9170_project/training_runs/BASELINE_gaussian_ot_repair_p1_nobias_census_otrep_5s_216fbc09__G202603201755/seed_0/otrep_model.pt

[TEST] Alpha -> F1(min)=0.5360 | F1(maj)=0.8876 | F1(weighted)=0.8029 | F1(macro)=0.7118 | Brier=0.1293
[TEST] Beta  -> F1(min)=0.6274 | F1(maj)=0.8873 | F1(weighted)=0.8247 | F1(macro)=0.7574 | Brier=0.1209
[TestSuite] Final test metrics appended to (seed): /home/epigou/cs_9170_project/training_runs/BASELINE_gaussian_ot_repair_p1_nobias_census_otrep_5s_216fbc09__G202603201755/seed_0/final_test_metrics.csv
[TestSuite] Final test metrics appended to (experiment): /home/epigou/cs_9170_project/training_runs/BASELINE_gaussian_ot_repair_p1_nobias_census_otrep_5s_216fbc09__G202603201755/final_test_metrics.csv
[OTRepair] Done. seed=0 | time=1875.1s
[OTRepair] Results in /home/epigou/cs_9170_project/training_runs/BASELINE_gaussian_ot_repair_p1_nobias_census_otrep_5s_216fbc09__G202603201755/seed_0

[run_baseline] ---- seed=1 ----
[TRAIN] size=3000, minority=722 (24.07%)
[VAL] size=6512, minority=1568 (24.08%)
[TEST] size=6513, minority=1569 (24.09%)
[OTRepair] exp_group=BASELINE_gaussian_ot_repair_p1_nobias_census_otrep_5s_216fbc09__G202603201755  seed=1
[OTRepair] dataset=census_income  feature_dim=97
[OTRepair] ot_config={'lam': 1.0, 'n_groups': 2, 'cov_reg': 1e-05, 'barycenter_iters': 100, 'repair_test': True}
[OTRepair] seed_dir=/home/epigou/cs_9170_project/training_runs/BASELINE_gaussian_ot_repair_p1_nobias_census_otrep_5s_216fbc09__G202603201755/seed_1
[OTRepair] Group 0: n=982, ||μ||=2.0153, cov_diag=[0.0000, 1.1373]
[OTRepair] Group 1: n=2018, ||μ||=2.0625, cov_diag=[0.0000, 1.3255]
[OTRepair] Barycenter computed. μ* norm=1.8417
[OTRepair] Group 0: A_g computed, ||A_g - I||=650.1678
[OTRepair] Group 1: A_g computed, ||A_g - I||=610.8535
[OTRepair] Test features repaired.
FFNN Using device: cpu
[OTRepair] ERM trained on repaired features.
FFNN Using device: cpu
[OTRepair] Alpha (ERM on original features) trained.
FFNN Using device: cpu
[TestSuite] Loaded best β weights from: /home/epigou/cs_9170_project/training_runs/BASELINE_gaussian_ot_repair_p1_nobias_census_otrep_5s_216fbc09__G202603201755/seed_1/otrep_model.pt

[TEST] Alpha -> F1(min)=0.5972 | F1(maj)=0.8925 | F1(weighted)=0.8214 | F1(macro)=0.7448 | Brier=0.1223
[TEST] Beta  -> F1(min)=0.6498 | F1(maj)=0.8892 | F1(weighted)=0.8316 | F1(macro)=0.7695 | Brier=0.1200
[TestSuite] Final test metrics appended to (seed): /home/epigou/cs_9170_project/training_runs/BASELINE_gaussian_ot_repair_p1_nobias_census_otrep_5s_216fbc09__G202603201755/seed_1/final_test_metrics.csv
[TestSuite] Final test metrics appended to (experiment): /home/epigou/cs_9170_project/training_runs/BASELINE_gaussian_ot_repair_p1_nobias_census_otrep_5s_216fbc09__G202603201755/final_test_metrics.csv
[OTRepair] Done. seed=1 | time=1568.0s
[OTRepair] Results in /home/epigou/cs_9170_project/training_runs/BASELINE_gaussian_ot_repair_p1_nobias_census_otrep_5s_216fbc09__G202603201755/seed_1

[run_baseline] ---- seed=2 ----
[TRAIN] size=3000, minority=722 (24.07%)
[VAL] size=6512, minority=1568 (24.08%)
[TEST] size=6513, minority=1569 (24.09%)
[OTRepair] exp_group=BASELINE_gaussian_ot_repair_p1_nobias_census_otrep_5s_216fbc09__G202603201755  seed=2
[OTRepair] dataset=census_income  feature_dim=105
[OTRepair] ot_config={'lam': 1.0, 'n_groups': 2, 'cov_reg': 1e-05, 'barycenter_iters': 100, 'repair_test': True}
[OTRepair] seed_dir=/home/epigou/cs_9170_project/training_runs/BASELINE_gaussian_ot_repair_p1_nobias_census_otrep_5s_216fbc09__G202603201755/seed_2
[OTRepair] Group 0: n=1024, ||μ||=2.0135, cov_diag=[0.0000, 1.0459]
[OTRepair] Group 1: n=1976, ||μ||=2.0742, cov_diag=[0.0000, 1.3683]
[OTRepair] Barycenter computed. μ* norm=1.8384
[OTRepair] Group 0: A_g computed, ||A_g - I||=756.2083
[OTRepair] Group 1: A_g computed, ||A_g - I||=611.0645
[OTRepair] Test features repaired.
FFNN Using device: cpu
[OTRepair] ERM trained on repaired features.
FFNN Using device: cpu
[OTRepair] Alpha (ERM on original features) trained.
FFNN Using device: cpu
[TestSuite] Loaded best β weights from: /home/epigou/cs_9170_project/training_runs/BASELINE_gaussian_ot_repair_p1_nobias_census_otrep_5s_216fbc09__G202603201755/seed_2/otrep_model.pt

[TEST] Alpha -> F1(min)=0.5324 | F1(maj)=0.8915 | F1(weighted)=0.8050 | F1(macro)=0.7120 | Brier=0.1285
[TEST] Beta  -> F1(min)=0.6203 | F1(maj)=0.8966 | F1(weighted)=0.8300 | F1(macro)=0.7584 | Brier=0.1156
[TestSuite] Final test metrics appended to (seed): /home/epigou/cs_9170_project/training_runs/BASELINE_gaussian_ot_repair_p1_nobias_census_otrep_5s_216fbc09__G202603201755/seed_2/final_test_metrics.csv
[TestSuite] Final test metrics appended to (experiment): /home/epigou/cs_9170_project/training_runs/BASELINE_gaussian_ot_repair_p1_nobias_census_otrep_5s_216fbc09__G202603201755/final_test_metrics.csv
[OTRepair] Done. seed=2 | time=1354.4s
[OTRepair] Results in /home/epigou/cs_9170_project/training_runs/BASELINE_gaussian_ot_repair_p1_nobias_census_otrep_5s_216fbc09__G202603201755/seed_2

[run_baseline] ---- seed=3 ----
[TRAIN] size=3000, minority=722 (24.07%)
[VAL] size=6512, minority=1568 (24.08%)
[TEST] size=6513, minority=1569 (24.09%)
[OTRepair] exp_group=BASELINE_gaussian_ot_repair_p1_nobias_census_otrep_5s_216fbc09__G202603201755  seed=3
[OTRepair] dataset=census_income  feature_dim=100
[OTRepair] ot_config={'lam': 1.0, 'n_groups': 2, 'cov_reg': 1e-05, 'barycenter_iters': 100, 'repair_test': True}
[OTRepair] seed_dir=/home/epigou/cs_9170_project/training_runs/BASELINE_gaussian_ot_repair_p1_nobias_census_otrep_5s_216fbc09__G202603201755/seed_3
[OTRepair] Group 0: n=976, ||μ||=2.0128, cov_diag=[0.0000, 1.0930]
[OTRepair] Group 1: n=2024, ||μ||=2.0622, cov_diag=[0.0000, 1.1273]
[OTRepair] Barycenter computed. μ* norm=1.8358
[OTRepair] Group 0: A_g computed, ||A_g - I||=756.2233
[OTRepair] Group 1: A_g computed, ||A_g - I||=568.7527
[OTRepair] Test features repaired.
FFNN Using device: cpu
[OTRepair] ERM trained on repaired features.
FFNN Using device: cpu
[OTRepair] Alpha (ERM on original features) trained.
FFNN Using device: cpu
[TestSuite] Loaded best β weights from: /home/epigou/cs_9170_project/training_runs/BASELINE_gaussian_ot_repair_p1_nobias_census_otrep_5s_216fbc09__G202603201755/seed_3/otrep_model.pt

[TEST] Alpha -> F1(min)=0.5601 | F1(maj)=0.8909 | F1(weighted)=0.8112 | F1(macro)=0.7255 | Brier=0.1286
[TEST] Beta  -> F1(min)=0.6279 | F1(maj)=0.8940 | F1(weighted)=0.8299 | F1(macro)=0.7609 | Brier=0.1174
[TestSuite] Final test metrics appended to (seed): /home/epigou/cs_9170_project/training_runs/BASELINE_gaussian_ot_repair_p1_nobias_census_otrep_5s_216fbc09__G202603201755/seed_3/final_test_metrics.csv
[TestSuite] Final test metrics appended to (experiment): /home/epigou/cs_9170_project/training_runs/BASELINE_gaussian_ot_repair_p1_nobias_census_otrep_5s_216fbc09__G202603201755/final_test_metrics.csv
[OTRepair] Done. seed=3 | time=1133.6s
[OTRepair] Results in /home/epigou/cs_9170_project/training_runs/BASELINE_gaussian_ot_repair_p1_nobias_census_otrep_5s_216fbc09__G202603201755/seed_3
