[run_baseline] baseline=group_dro
[run_baseline] spec=paper_specs_v1/p1_nobias_census_gdro_5s.json
[run_baseline] device=cpu
[run_baseline] exp_group=BASELINE_group_dro_p1_nobias_census_gdro_5s_5951e26e__G202603201755
[run_baseline] seeds=[42, 0, 1, 2, 3]

[run_baseline] ---- seed=42 ----
[TRAIN] size=3000, minority=722 (24.07%)
[VAL] size=6512, minority=1568 (24.08%)
[TEST] size=6513, minority=1569 (24.09%)
[GroupDRO] exp_group=BASELINE_group_dro_p1_nobias_census_gdro_5s_5951e26e__G202603201755  seed=42
[GroupDRO] dataset=census_income  feature_dim=103
[GroupDRO] gdro_config={'lr': 0.001, 'epochs': 200, 'batch_size': 64, 'eta': 0.01, 'n_groups': 4}
[GroupDRO] seed_dir=/home/epigou/cs_9170_project/training_runs/BASELINE_group_dro_p1_nobias_census_gdro_5s_5951e26e__G202603201755/seed_42
[GroupDRO] epoch=   1 | dro=0.5913 | val_worst=0.6001 | q=[0.247,0.251,0.246,0.256]
[GroupDRO] epoch=  20 | dro=0.3117 | val_worst=0.4996 | q=[0.118,0.101,0.407,0.374]
[GroupDRO] epoch=  40 | dro=0.2490 | val_worst=0.7504 | q=[0.044,0.035,0.491,0.430]
[GroupDRO] epoch=  60 | dro=0.2081 | val_worst=1.0955 | q=[0.022,0.018,0.520,0.440]
[GroupDRO] epoch=  80 | dro=0.1720 | val_worst=1.3590 | q=[0.017,0.012,0.528,0.443]
[GroupDRO] epoch= 100 | dro=0.1462 | val_worst=1.4801 | q=[0.018,0.012,0.529,0.442]
[GroupDRO] epoch= 120 | dro=0.1235 | val_worst=1.8781 | q=[0.019,0.012,0.529,0.440]
[GroupDRO] epoch= 140 | dro=0.1130 | val_worst=2.2581 | q=[0.020,0.012,0.527,0.441]
[GroupDRO] epoch= 160 | dro=0.1000 | val_worst=2.5167 | q=[0.020,0.012,0.526,0.443]
[GroupDRO] epoch= 180 | dro=0.0838 | val_worst=2.6898 | q=[0.019,0.011,0.527,0.443]
[GroupDRO] epoch= 200 | dro=0.0751 | val_worst=3.0328 | q=[0.018,0.011,0.527,0.445]
[GroupDRO] Training done. Best val_worst=0.4395
[GroupDRO] Training metrics -> /home/epigou/cs_9170_project/training_runs/BASELINE_group_dro_p1_nobias_census_gdro_5s_5951e26e__G202603201755/seed_42/metrics.csv
[GroupDRO] Best model saved -> /home/epigou/cs_9170_project/training_runs/BASELINE_group_dro_p1_nobias_census_gdro_5s_5951e26e__G202603201755/seed_42/gdro_model.pt
FFNN Using device: cpu
FFNN Using device: cpu
FFNN Using device: cpu
[TestSuite] Loaded best β weights from: /home/epigou/cs_9170_project/training_runs/BASELINE_group_dro_p1_nobias_census_gdro_5s_5951e26e__G202603201755/seed_42/gdro_model.pt

[TEST] Alpha -> F1(min)=0.6507 | F1(maj)=0.9029 | F1(weighted)=0.8421 | F1(macro)=0.7768 | Brier=0.1064
[TEST] Beta  -> F1(min)=0.6608 | F1(maj)=0.8615 | F1(weighted)=0.8132 | F1(macro)=0.7612 | Brier=0.1315
[TestSuite] Final test metrics appended to (seed): /home/epigou/cs_9170_project/training_runs/BASELINE_group_dro_p1_nobias_census_gdro_5s_5951e26e__G202603201755/seed_42/final_test_metrics.csv
[TestSuite] Final test metrics appended to (experiment): /home/epigou/cs_9170_project/training_runs/BASELINE_group_dro_p1_nobias_census_gdro_5s_5951e26e__G202603201755/final_test_metrics.csv
[GroupDRO] Done. seed=42 | time=5353.0s
[GroupDRO] Results in /home/epigou/cs_9170_project/training_runs/BASELINE_group_dro_p1_nobias_census_gdro_5s_5951e26e__G202603201755/seed_42

[run_baseline] ---- seed=0 ----
[TRAIN] size=3000, minority=722 (24.07%)
[VAL] size=6512, minority=1568 (24.08%)
[TEST] size=6513, minority=1569 (24.09%)
[GroupDRO] exp_group=BASELINE_group_dro_p1_nobias_census_gdro_5s_5951e26e__G202603201755  seed=0
[GroupDRO] dataset=census_income  feature_dim=107
[GroupDRO] gdro_config={'lr': 0.001, 'epochs': 200, 'batch_size': 64, 'eta': 0.01, 'n_groups': 4}
[GroupDRO] seed_dir=/home/epigou/cs_9170_project/training_runs/BASELINE_group_dro_p1_nobias_census_gdro_5s_5951e26e__G202603201755/seed_0
[GroupDRO] epoch=   1 | dro=0.5505 | val_worst=0.5187 | q=[0.255,0.242,0.256,0.247]
[GroupDRO] epoch=  20 | dro=0.2891 | val_worst=0.4950 | q=[0.152,0.120,0.377,0.351]
[GroupDRO] epoch=  40 | dro=0.2459 | val_worst=0.6981 | q=[0.076,0.056,0.460,0.409]
[GroupDRO] epoch=  60 | dro=0.2041 | val_worst=0.9785 | q=[0.043,0.032,0.499,0.426]
[GroupDRO] epoch=  80 | dro=0.1720 | val_worst=1.3326 | q=[0.030,0.020,0.517,0.433]
[GroupDRO] epoch= 100 | dro=0.1432 | val_worst=1.6276 | q=[0.023,0.016,0.526,0.434]
[GroupDRO] epoch= 120 | dro=0.1340 | val_worst=1.9997 | q=[0.021,0.014,0.531,0.434]
[GroupDRO] epoch= 140 | dro=0.1255 | val_worst=2.1216 | q=[0.020,0.013,0.533,0.434]
[GroupDRO] epoch= 160 | dro=0.1087 | val_worst=2.4332 | q=[0.018,0.011,0.538,0.433]
[GroupDRO] epoch= 180 | dro=0.0978 | val_worst=2.5572 | q=[0.016,0.010,0.541,0.432]
[GroupDRO] epoch= 200 | dro=0.0952 | val_worst=2.7772 | q=[0.015,0.010,0.543,0.432]
[GroupDRO] Training done. Best val_worst=0.4478
[GroupDRO] Training metrics -> /home/epigou/cs_9170_project/training_runs/BASELINE_group_dro_p1_nobias_census_gdro_5s_5951e26e__G202603201755/seed_0/metrics.csv
[GroupDRO] Best model saved -> /home/epigou/cs_9170_project/training_runs/BASELINE_group_dro_p1_nobias_census_gdro_5s_5951e26e__G202603201755/seed_0/gdro_model.pt
FFNN Using device: cpu
FFNN Using device: cpu
FFNN Using device: cpu
[TestSuite] Loaded best β weights from: /home/epigou/cs_9170_project/training_runs/BASELINE_group_dro_p1_nobias_census_gdro_5s_5951e26e__G202603201755/seed_0/gdro_model.pt

[TEST] Alpha -> F1(min)=0.6675 | F1(maj)=0.8995 | F1(weighted)=0.8436 | F1(macro)=0.7835 | Brier=0.1087
[TEST] Beta  -> F1(min)=0.6695 | F1(maj)=0.8657 | F1(weighted)=0.8184 | F1(macro)=0.7676 | Brier=0.1310
[TestSuite] Final test metrics appended to (seed): /home/epigou/cs_9170_project/training_runs/BASELINE_group_dro_p1_nobias_census_gdro_5s_5951e26e__G202603201755/seed_0/final_test_metrics.csv
[TestSuite] Final test metrics appended to (experiment): /home/epigou/cs_9170_project/training_runs/BASELINE_group_dro_p1_nobias_census_gdro_5s_5951e26e__G202603201755/final_test_metrics.csv
[GroupDRO] Done. seed=0 | time=2543.0s
[GroupDRO] Results in /home/epigou/cs_9170_project/training_runs/BASELINE_group_dro_p1_nobias_census_gdro_5s_5951e26e__G202603201755/seed_0

[run_baseline] ---- seed=1 ----
[TRAIN] size=3000, minority=722 (24.07%)
[VAL] size=6512, minority=1568 (24.08%)
[TEST] size=6513, minority=1569 (24.09%)
[GroupDRO] exp_group=BASELINE_group_dro_p1_nobias_census_gdro_5s_5951e26e__G202603201755  seed=1
[GroupDRO] dataset=census_income  feature_dim=97
[GroupDRO] gdro_config={'lr': 0.001, 'epochs': 200, 'batch_size': 64, 'eta': 0.01, 'n_groups': 4}
[GroupDRO] seed_dir=/home/epigou/cs_9170_project/training_runs/BASELINE_group_dro_p1_nobias_census_gdro_5s_5951e26e__G202603201755/seed_1
[GroupDRO] epoch=   1 | dro=0.5796 | val_worst=0.5999 | q=[0.240,0.257,0.251,0.252]
[GroupDRO] epoch=  20 | dro=0.3196 | val_worst=0.6249 | q=[0.103,0.084,0.414,0.399]
[GroupDRO] epoch=  40 | dro=0.2677 | val_worst=0.9268 | q=[0.031,0.023,0.497,0.449]
[GroupDRO] epoch=  60 | dro=0.2163 | val_worst=1.3515 | q=[0.017,0.011,0.519,0.453]
[GroupDRO] epoch=  80 | dro=0.1709 | val_worst=1.8454 | q=[0.016,0.009,0.523,0.452]
[GroupDRO] epoch= 100 | dro=0.1502 | val_worst=2.2797 | q=[0.018,0.011,0.522,0.449]
[GroupDRO] epoch= 120 | dro=0.1215 | val_worst=2.8917 | q=[0.023,0.012,0.524,0.440]
[GroupDRO] epoch= 140 | dro=0.1094 | val_worst=3.2215 | q=[0.025,0.013,0.523,0.439]
[GroupDRO] epoch= 160 | dro=0.0916 | val_worst=3.4305 | q=[0.026,0.013,0.522,0.439]
[GroupDRO] epoch= 180 | dro=0.0823 | val_worst=3.3199 | q=[0.026,0.012,0.523,0.438]
[GroupDRO] epoch= 200 | dro=0.0746 | val_worst=3.6457 | q=[0.026,0.012,0.523,0.439]
[GroupDRO] Training done. Best val_worst=0.4576
[GroupDRO] Training metrics -> /home/epigou/cs_9170_project/training_runs/BASELINE_group_dro_p1_nobias_census_gdro_5s_5951e26e__G202603201755/seed_1/metrics.csv
[GroupDRO] Best model saved -> /home/epigou/cs_9170_project/training_runs/BASELINE_group_dro_p1_nobias_census_gdro_5s_5951e26e__G202603201755/seed_1/gdro_model.pt
FFNN Using device: cpu
FFNN Using device: cpu
FFNN Using device: cpu
[TestSuite] Loaded best β weights from: /home/epigou/cs_9170_project/training_runs/BASELINE_group_dro_p1_nobias_census_gdro_5s_5951e26e__G202603201755/seed_1/gdro_model.pt

[TEST] Alpha -> F1(min)=0.6756 | F1(maj)=0.8972 | F1(weighted)=0.8438 | F1(macro)=0.7864 | Brier=0.1066
[TEST] Beta  -> F1(min)=0.6696 | F1(maj)=0.8604 | F1(weighted)=0.8145 | F1(macro)=0.7650 | Brier=0.1301
[TestSuite] Final test metrics appended to (seed): /home/epigou/cs_9170_project/training_runs/BASELINE_group_dro_p1_nobias_census_gdro_5s_5951e26e__G202603201755/seed_1/final_test_metrics.csv
[TestSuite] Final test metrics appended to (experiment): /home/epigou/cs_9170_project/training_runs/BASELINE_group_dro_p1_nobias_census_gdro_5s_5951e26e__G202603201755/final_test_metrics.csv
[GroupDRO] Done. seed=1 | time=20.2s
[GroupDRO] Results in /home/epigou/cs_9170_project/training_runs/BASELINE_group_dro_p1_nobias_census_gdro_5s_5951e26e__G202603201755/seed_1

[run_baseline] ---- seed=2 ----
[TRAIN] size=3000, minority=722 (24.07%)
[VAL] size=6512, minority=1568 (24.08%)
[TEST] size=6513, minority=1569 (24.09%)
[GroupDRO] exp_group=BASELINE_group_dro_p1_nobias_census_gdro_5s_5951e26e__G202603201755  seed=2
[GroupDRO] dataset=census_income  feature_dim=105
[GroupDRO] gdro_config={'lr': 0.001, 'epochs': 200, 'batch_size': 64, 'eta': 0.01, 'n_groups': 4}
[GroupDRO] seed_dir=/home/epigou/cs_9170_project/training_runs/BASELINE_group_dro_p1_nobias_census_gdro_5s_5951e26e__G202603201755/seed_2
[GroupDRO] epoch=   1 | dro=0.6420 | val_worst=0.5760 | q=[0.256,0.242,0.253,0.250]
[GroupDRO] epoch=  20 | dro=0.2966 | val_worst=0.5970 | q=[0.141,0.107,0.388,0.364]
[GroupDRO] epoch=  40 | dro=0.2507 | val_worst=1.1197 | q=[0.053,0.039,0.483,0.425]
[GroupDRO] epoch=  60 | dro=0.2182 | val_worst=1.5919 | q=[0.025,0.017,0.513,0.444]
[GroupDRO] epoch=  80 | dro=0.1849 | val_worst=1.8187 | q=[0.017,0.011,0.524,0.448]
[GroupDRO] epoch= 100 | dro=0.1624 | val_worst=2.5285 | q=[0.013,0.008,0.529,0.450]
[GroupDRO] epoch= 120 | dro=0.1441 | val_worst=2.7567 | q=[0.012,0.007,0.531,0.449]
[GroupDRO] epoch= 140 | dro=0.1297 | val_worst=2.8103 | q=[0.012,0.007,0.531,0.450]
[GroupDRO] epoch= 160 | dro=0.1171 | val_worst=3.6166 | q=[0.012,0.007,0.531,0.451]
[GroupDRO] epoch= 180 | dro=0.1140 | val_worst=3.5040 | q=[0.012,0.007,0.527,0.453]
[GroupDRO] epoch= 200 | dro=0.0995 | val_worst=3.9411 | q=[0.013,0.007,0.526,0.453]
[GroupDRO] Training done. Best val_worst=0.4316
[GroupDRO] Training metrics -> /home/epigou/cs_9170_project/training_runs/BASELINE_group_dro_p1_nobias_census_gdro_5s_5951e26e__G202603201755/seed_2/metrics.csv
[GroupDRO] Best model saved -> /home/epigou/cs_9170_project/training_runs/BASELINE_group_dro_p1_nobias_census_gdro_5s_5951e26e__G202603201755/seed_2/gdro_model.pt
FFNN Using device: cpu
FFNN Using device: cpu
FFNN Using device: cpu
[TestSuite] Loaded best β weights from: /home/epigou/cs_9170_project/training_runs/BASELINE_group_dro_p1_nobias_census_gdro_5s_5951e26e__G202603201755/seed_2/gdro_model.pt

[TEST] Alpha -> F1(min)=0.6549 | F1(maj)=0.9039 | F1(weighted)=0.8439 | F1(macro)=0.7794 | Brier=0.1055
[TEST] Beta  -> F1(min)=0.6806 | F1(maj)=0.8689 | F1(weighted)=0.8235 | F1(macro)=0.7747 | Brier=0.1286
[TestSuite] Final test metrics appended to (seed): /home/epigou/cs_9170_project/training_runs/BASELINE_group_dro_p1_nobias_census_gdro_5s_5951e26e__G202603201755/seed_2/final_test_metrics.csv
[TestSuite] Final test metrics appended to (experiment): /home/epigou/cs_9170_project/training_runs/BASELINE_group_dro_p1_nobias_census_gdro_5s_5951e26e__G202603201755/final_test_metrics.csv
[GroupDRO] Done. seed=2 | time=20.2s
[GroupDRO] Results in /home/epigou/cs_9170_project/training_runs/BASELINE_group_dro_p1_nobias_census_gdro_5s_5951e26e__G202603201755/seed_2

[run_baseline] ---- seed=3 ----
[TRAIN] size=3000, minority=722 (24.07%)
[VAL] size=6512, minority=1568 (24.08%)
[TEST] size=6513, minority=1569 (24.09%)
[GroupDRO] exp_group=BASELINE_group_dro_p1_nobias_census_gdro_5s_5951e26e__G202603201755  seed=3
[GroupDRO] dataset=census_income  feature_dim=100
[GroupDRO] gdro_config={'lr': 0.001, 'epochs': 200, 'batch_size': 64, 'eta': 0.01, 'n_groups': 4}
[GroupDRO] seed_dir=/home/epigou/cs_9170_project/training_runs/BASELINE_group_dro_p1_nobias_census_gdro_5s_5951e26e__G202603201755/seed_3
[GroupDRO] epoch=   1 | dro=0.6036 | val_worst=0.5612 | q=[0.246,0.243,0.262,0.250]
[GroupDRO] epoch=  20 | dro=0.2965 | val_worst=0.5960 | q=[0.101,0.088,0.427,0.384]
[GroupDRO] epoch=  40 | dro=0.2487 | val_worst=0.8543 | q=[0.033,0.026,0.503,0.438]
[GroupDRO] epoch=  60 | dro=0.1995 | val_worst=1.1955 | q=[0.017,0.012,0.523,0.449]
[GroupDRO] epoch=  80 | dro=0.1674 | val_worst=1.3944 | q=[0.012,0.007,0.528,0.453]
[GroupDRO] epoch= 100 | dro=0.1473 | val_worst=1.6222 | q=[0.011,0.006,0.532,0.451]
[GroupDRO] epoch= 120 | dro=0.1314 | val_worst=1.9132 | q=[0.011,0.006,0.534,0.449]
[GroupDRO] epoch= 140 | dro=0.1162 | val_worst=2.2024 | q=[0.011,0.005,0.534,0.450]
[GroupDRO] epoch= 160 | dro=0.1122 | val_worst=2.2093 | q=[0.011,0.005,0.534,0.450]
[GroupDRO] epoch= 180 | dro=0.1042 | val_worst=2.5282 | q=[0.010,0.005,0.537,0.448]
[GroupDRO] epoch= 200 | dro=0.0998 | val_worst=2.5825 | q=[0.010,0.005,0.535,0.451]
[GroupDRO] Training done. Best val_worst=0.4636
[GroupDRO] Training metrics -> /home/epigou/cs_9170_project/training_runs/BASELINE_group_dro_p1_nobias_census_gdro_5s_5951e26e__G202603201755/seed_3/metrics.csv
[GroupDRO] Best model saved -> /home/epigou/cs_9170_project/training_runs/BASELINE_group_dro_p1_nobias_census_gdro_5s_5951e26e__G202603201755/seed_3/gdro_model.pt
FFNN Using device: cpu
FFNN Using device: cpu
FFNN Using device: cpu
[TestSuite] Loaded best β weights from: /home/epigou/cs_9170_project/training_runs/BASELINE_group_dro_p1_nobias_census_gdro_5s_5951e26e__G202603201755/seed_3/gdro_model.pt

[TEST] Alpha -> F1(min)=0.6623 | F1(maj)=0.9029 | F1(weighted)=0.8450 | F1(macro)=0.7826 | Brier=0.1061
[TEST] Beta  -> F1(min)=0.6709 | F1(maj)=0.8638 | F1(weighted)=0.8173 | F1(macro)=0.7673 | Brier=0.1314
[TestSuite] Final test metrics appended to (seed): /home/epigou/cs_9170_project/training_runs/BASELINE_group_dro_p1_nobias_census_gdro_5s_5951e26e__G202603201755/seed_3/final_test_metrics.csv
[TestSuite] Final test metrics appended to (experiment): /home/epigou/cs_9170_project/training_runs/BASELINE_group_dro_p1_nobias_census_gdro_5s_5951e26e__G202603201755/final_test_metrics.csv
[GroupDRO] Done. seed=3 | time=20.2s
[GroupDRO] Results in /home/epigou/cs_9170_project/training_runs/BASELINE_group_dro_p1_nobias_census_gdro_5s_5951e26e__G202603201755/seed_3
