[run_baseline] baseline=group_dro
[run_baseline] spec=paper_specs_v1/p1_nobias_credit_gdro_5s.json
[run_baseline] device=cpu
[run_baseline] exp_group=BASELINE_group_dro_p1_nobias_credit_gdro_5s_fc6d4e7b__G202603211540
[run_baseline] seeds=[42, 0, 1, 2, 3]

[run_baseline] ---- seed=42 ----
/home/epigou/cs_9170_project/dataset.py:669: FutureWarning:

errors='ignore' is deprecated and will raise in a future version. Use to_numeric without passing `errors` and catch exceptions explicitly instead

Label distribution: {0: 23364, 1: 6636}
[TRAIN] size=3000, minority=664 (22.13%)
[VAL] size=6000, minority=1327 (22.12%)
[TEST] size=6000, minority=1327 (22.12%)
[GroupDRO] exp_group=BASELINE_group_dro_p1_nobias_credit_gdro_5s_fc6d4e7b__G202603211540  seed=42
[GroupDRO] dataset=credit_card  feature_dim=33
[GroupDRO] gdro_config={'lr': 0.001, 'epochs': 200, 'batch_size': 64, 'eta': 0.01, 'n_groups': 4}
[GroupDRO] seed_dir=/home/epigou/cs_9170_project/training_runs/BASELINE_group_dro_p1_nobias_credit_gdro_5s_fc6d4e7b__G202603211540/seed_42
[GroupDRO] epoch=   1 | dro=0.6744 | val_worst=0.6701 | q=[0.259,0.241,0.253,0.247]
[GroupDRO] epoch=  20 | dro=0.5343 | val_worst=0.6930 | q=[0.220,0.220,0.280,0.281]
[GroupDRO] epoch=  40 | dro=0.4872 | val_worst=0.7022 | q=[0.186,0.186,0.317,0.311]
[GroupDRO] epoch=  60 | dro=0.4507 | val_worst=0.7989 | q=[0.173,0.168,0.333,0.325]
[GroupDRO] epoch=  80 | dro=0.4157 | val_worst=0.9205 | q=[0.179,0.172,0.332,0.318]
[GroupDRO] epoch= 100 | dro=0.3952 | val_worst=1.0381 | q=[0.195,0.182,0.319,0.304]
[GroupDRO] epoch= 120 | dro=0.3651 | val_worst=1.0872 | q=[0.211,0.203,0.302,0.285]
[GroupDRO] epoch= 140 | dro=0.3457 | val_worst=1.2395 | q=[0.231,0.217,0.286,0.266]
[GroupDRO] epoch= 160 | dro=0.3309 | val_worst=1.2827 | q=[0.252,0.238,0.266,0.244]
[GroupDRO] epoch= 180 | dro=0.3241 | val_worst=1.3615 | q=[0.261,0.249,0.257,0.233]
[GroupDRO] epoch= 200 | dro=0.3147 | val_worst=1.4803 | q=[0.268,0.255,0.254,0.224]
[GroupDRO] Training done. Best val_worst=0.6330
[GroupDRO] Training metrics -> /home/epigou/cs_9170_project/training_runs/BASELINE_group_dro_p1_nobias_credit_gdro_5s_fc6d4e7b__G202603211540/seed_42/metrics.csv
[GroupDRO] Best model saved -> /home/epigou/cs_9170_project/training_runs/BASELINE_group_dro_p1_nobias_credit_gdro_5s_fc6d4e7b__G202603211540/seed_42/gdro_model.pt
FFNN Using device: cpu
FFNN Using device: cpu
FFNN Using device: cpu
[TestSuite] Loaded best β weights from: /home/epigou/cs_9170_project/training_runs/BASELINE_group_dro_p1_nobias_credit_gdro_5s_fc6d4e7b__G202603211540/seed_42/gdro_model.pt

[TEST] Alpha -> F1(min)=0.4440 | F1(maj)=0.8876 | F1(weighted)=0.7895 | F1(macro)=0.6658 | Brier=0.1415
[TEST] Beta  -> F1(min)=0.4965 | F1(maj)=0.7973 | F1(weighted)=0.7308 | F1(macro)=0.6469 | Brier=0.1982
[TestSuite] Final test metrics appended to (seed): /home/epigou/cs_9170_project/training_runs/BASELINE_group_dro_p1_nobias_credit_gdro_5s_fc6d4e7b__G202603211540/seed_42/final_test_metrics.csv
[TestSuite] Final test metrics appended to (experiment): /home/epigou/cs_9170_project/training_runs/BASELINE_group_dro_p1_nobias_credit_gdro_5s_fc6d4e7b__G202603211540/final_test_metrics.csv
[GroupDRO] Done. seed=42 | time=22.9s
[GroupDRO] Results in /home/epigou/cs_9170_project/training_runs/BASELINE_group_dro_p1_nobias_credit_gdro_5s_fc6d4e7b__G202603211540/seed_42

[run_baseline] ---- seed=0 ----
/home/epigou/cs_9170_project/dataset.py:669: FutureWarning:

errors='ignore' is deprecated and will raise in a future version. Use to_numeric without passing `errors` and catch exceptions explicitly instead

Label distribution: {0: 23364, 1: 6636}
[TRAIN] size=3000, minority=664 (22.13%)
[VAL] size=6000, minority=1327 (22.12%)
[TEST] size=6000, minority=1327 (22.12%)
[GroupDRO] exp_group=BASELINE_group_dro_p1_nobias_credit_gdro_5s_fc6d4e7b__G202603211540  seed=0
[GroupDRO] dataset=credit_card  feature_dim=32
[GroupDRO] gdro_config={'lr': 0.001, 'epochs': 200, 'batch_size': 64, 'eta': 0.01, 'n_groups': 4}
[GroupDRO] seed_dir=/home/epigou/cs_9170_project/training_runs/BASELINE_group_dro_p1_nobias_credit_gdro_5s_fc6d4e7b__G202603211540/seed_0
[GroupDRO] epoch=   1 | dro=0.7054 | val_worst=0.6641 | q=[0.248,0.253,0.255,0.244]
[GroupDRO] epoch=  20 | dro=0.5111 | val_worst=0.7834 | q=[0.255,0.246,0.244,0.255]
[GroupDRO] epoch=  40 | dro=0.4714 | val_worst=0.7837 | q=[0.250,0.242,0.249,0.258]
[GroupDRO] epoch=  60 | dro=0.4300 | val_worst=1.0231 | q=[0.239,0.225,0.268,0.268]
[GroupDRO] epoch=  80 | dro=0.4043 | val_worst=1.1641 | q=[0.221,0.204,0.288,0.287]
[GroupDRO] epoch= 100 | dro=0.3778 | val_worst=1.2564 | q=[0.205,0.190,0.306,0.300]
[GroupDRO] epoch= 120 | dro=0.3587 | val_worst=1.4495 | q=[0.198,0.180,0.317,0.305]
[GroupDRO] epoch= 140 | dro=0.3301 | val_worst=1.5098 | q=[0.198,0.178,0.324,0.301]
[GroupDRO] epoch= 160 | dro=0.3223 | val_worst=1.7047 | q=[0.204,0.181,0.320,0.296]
[GroupDRO] epoch= 180 | dro=0.3021 | val_worst=1.8028 | q=[0.205,0.184,0.320,0.291]
[GroupDRO] epoch= 200 | dro=0.3044 | val_worst=1.8923 | q=[0.211,0.189,0.314,0.285]
[GroupDRO] Training done. Best val_worst=0.6578
[GroupDRO] Training metrics -> /home/epigou/cs_9170_project/training_runs/BASELINE_group_dro_p1_nobias_credit_gdro_5s_fc6d4e7b__G202603211540/seed_0/metrics.csv
[GroupDRO] Best model saved -> /home/epigou/cs_9170_project/training_runs/BASELINE_group_dro_p1_nobias_credit_gdro_5s_fc6d4e7b__G202603211540/seed_0/gdro_model.pt
FFNN Using device: cpu
FFNN Using device: cpu
FFNN Using device: cpu
[TestSuite] Loaded best β weights from: /home/epigou/cs_9170_project/training_runs/BASELINE_group_dro_p1_nobias_credit_gdro_5s_fc6d4e7b__G202603211540/seed_0/gdro_model.pt

[TEST] Alpha -> F1(min)=0.4196 | F1(maj)=0.8838 | F1(weighted)=0.7811 | F1(macro)=0.6517 | Brier=0.1462
[TEST] Beta  -> F1(min)=0.4394 | F1(maj)=0.7722 | F1(weighted)=0.6986 | F1(macro)=0.6058 | Brier=0.2188
[TestSuite] Final test metrics appended to (seed): /home/epigou/cs_9170_project/training_runs/BASELINE_group_dro_p1_nobias_credit_gdro_5s_fc6d4e7b__G202603211540/seed_0/final_test_metrics.csv
[TestSuite] Final test metrics appended to (experiment): /home/epigou/cs_9170_project/training_runs/BASELINE_group_dro_p1_nobias_credit_gdro_5s_fc6d4e7b__G202603211540/final_test_metrics.csv
[GroupDRO] Done. seed=0 | time=22.0s
[GroupDRO] Results in /home/epigou/cs_9170_project/training_runs/BASELINE_group_dro_p1_nobias_credit_gdro_5s_fc6d4e7b__G202603211540/seed_0

[run_baseline] ---- seed=1 ----
/home/epigou/cs_9170_project/dataset.py:669: FutureWarning:

errors='ignore' is deprecated and will raise in a future version. Use to_numeric without passing `errors` and catch exceptions explicitly instead

Label distribution: {0: 23364, 1: 6636}
[TRAIN] size=3000, minority=664 (22.13%)
[VAL] size=6000, minority=1327 (22.12%)
[TEST] size=6000, minority=1327 (22.12%)
[GroupDRO] exp_group=BASELINE_group_dro_p1_nobias_credit_gdro_5s_fc6d4e7b__G202603211540  seed=1
[GroupDRO] dataset=credit_card  feature_dim=33
[GroupDRO] gdro_config={'lr': 0.001, 'epochs': 200, 'batch_size': 64, 'eta': 0.01, 'n_groups': 4}
[GroupDRO] seed_dir=/home/epigou/cs_9170_project/training_runs/BASELINE_group_dro_p1_nobias_credit_gdro_5s_fc6d4e7b__G202603211540/seed_1
[GroupDRO] epoch=   1 | dro=0.7888 | val_worst=0.7717 | q=[0.227,0.274,0.234,0.265]
[GroupDRO] epoch=  20 | dro=0.5271 | val_worst=0.6461 | q=[0.267,0.259,0.233,0.241]
[GroupDRO] epoch=  40 | dro=0.4705 | val_worst=0.6726 | q=[0.256,0.264,0.239,0.241]
[GroupDRO] epoch=  60 | dro=0.4210 | val_worst=0.7793 | q=[0.245,0.246,0.257,0.251]
[GroupDRO] epoch=  80 | dro=0.3861 | val_worst=0.8869 | q=[0.225,0.228,0.281,0.267]
[GroupDRO] epoch= 100 | dro=0.3649 | val_worst=0.9657 | q=[0.212,0.209,0.297,0.282]
[GroupDRO] epoch= 120 | dro=0.3384 | val_worst=1.1186 | q=[0.207,0.193,0.307,0.293]
[GroupDRO] epoch= 140 | dro=0.3262 | val_worst=1.1615 | q=[0.203,0.184,0.315,0.298]
[GroupDRO] epoch= 160 | dro=0.3064 | val_worst=1.4106 | q=[0.203,0.183,0.316,0.299]
[GroupDRO] epoch= 180 | dro=0.2894 | val_worst=1.5647 | q=[0.205,0.182,0.317,0.296]
[GroupDRO] epoch= 200 | dro=0.2869 | val_worst=1.6299 | q=[0.208,0.180,0.317,0.295]
[GroupDRO] Training done. Best val_worst=0.6047
[GroupDRO] Training metrics -> /home/epigou/cs_9170_project/training_runs/BASELINE_group_dro_p1_nobias_credit_gdro_5s_fc6d4e7b__G202603211540/seed_1/metrics.csv
[GroupDRO] Best model saved -> /home/epigou/cs_9170_project/training_runs/BASELINE_group_dro_p1_nobias_credit_gdro_5s_fc6d4e7b__G202603211540/seed_1/gdro_model.pt
FFNN Using device: cpu
FFNN Using device: cpu
FFNN Using device: cpu
[TestSuite] Loaded best β weights from: /home/epigou/cs_9170_project/training_runs/BASELINE_group_dro_p1_nobias_credit_gdro_5s_fc6d4e7b__G202603211540/seed_1/gdro_model.pt

[TEST] Alpha -> F1(min)=0.4635 | F1(maj)=0.8855 | F1(weighted)=0.7922 | F1(macro)=0.6745 | Brier=0.1415
[TEST] Beta  -> F1(min)=0.5073 | F1(maj)=0.8147 | F1(weighted)=0.7467 | F1(macro)=0.6610 | Brier=0.1946
[TestSuite] Final test metrics appended to (seed): /home/epigou/cs_9170_project/training_runs/BASELINE_group_dro_p1_nobias_credit_gdro_5s_fc6d4e7b__G202603211540/seed_1/final_test_metrics.csv
[TestSuite] Final test metrics appended to (experiment): /home/epigou/cs_9170_project/training_runs/BASELINE_group_dro_p1_nobias_credit_gdro_5s_fc6d4e7b__G202603211540/final_test_metrics.csv
[GroupDRO] Done. seed=1 | time=21.8s
[GroupDRO] Results in /home/epigou/cs_9170_project/training_runs/BASELINE_group_dro_p1_nobias_credit_gdro_5s_fc6d4e7b__G202603211540/seed_1

[run_baseline] ---- seed=2 ----
/home/epigou/cs_9170_project/dataset.py:669: FutureWarning:

errors='ignore' is deprecated and will raise in a future version. Use to_numeric without passing `errors` and catch exceptions explicitly instead

Label distribution: {0: 23364, 1: 6636}
[TRAIN] size=3000, minority=664 (22.13%)
[VAL] size=6000, minority=1327 (22.12%)
[TEST] size=6000, minority=1327 (22.12%)
[GroupDRO] exp_group=BASELINE_group_dro_p1_nobias_credit_gdro_5s_fc6d4e7b__G202603211540  seed=2
[GroupDRO] dataset=credit_card  feature_dim=33
[GroupDRO] gdro_config={'lr': 0.001, 'epochs': 200, 'batch_size': 64, 'eta': 0.01, 'n_groups': 4}
[GroupDRO] seed_dir=/home/epigou/cs_9170_project/training_runs/BASELINE_group_dro_p1_nobias_credit_gdro_5s_fc6d4e7b__G202603211540/seed_2
[GroupDRO] epoch=   1 | dro=0.8369 | val_worst=0.8549 | q=[0.281,0.219,0.267,0.233]
[GroupDRO] epoch=  20 | dro=0.5113 | val_worst=0.6919 | q=[0.257,0.261,0.242,0.240]
[GroupDRO] epoch=  40 | dro=0.4680 | val_worst=0.8008 | q=[0.247,0.247,0.258,0.248]
[GroupDRO] epoch=  60 | dro=0.4391 | val_worst=0.9665 | q=[0.228,0.225,0.280,0.267]
[GroupDRO] epoch=  80 | dro=0.4073 | val_worst=1.0266 | q=[0.206,0.205,0.301,0.287]
[GroupDRO] epoch= 100 | dro=0.3758 | val_worst=1.1650 | q=[0.193,0.187,0.318,0.301]
[GroupDRO] epoch= 120 | dro=0.3593 | val_worst=1.5110 | q=[0.190,0.178,0.325,0.307]
[GroupDRO] epoch= 140 | dro=0.3409 | val_worst=1.4601 | q=[0.194,0.181,0.323,0.303]
[GroupDRO] epoch= 160 | dro=0.3284 | val_worst=1.5623 | q=[0.199,0.184,0.322,0.295]
[GroupDRO] epoch= 180 | dro=0.3054 | val_worst=1.8830 | q=[0.203,0.185,0.318,0.294]
[GroupDRO] epoch= 200 | dro=0.2909 | val_worst=1.9431 | q=[0.208,0.185,0.315,0.292]
[GroupDRO] Training done. Best val_worst=0.6520
[GroupDRO] Training metrics -> /home/epigou/cs_9170_project/training_runs/BASELINE_group_dro_p1_nobias_credit_gdro_5s_fc6d4e7b__G202603211540/seed_2/metrics.csv
[GroupDRO] Best model saved -> /home/epigou/cs_9170_project/training_runs/BASELINE_group_dro_p1_nobias_credit_gdro_5s_fc6d4e7b__G202603211540/seed_2/gdro_model.pt
FFNN Using device: cpu
FFNN Using device: cpu
FFNN Using device: cpu
[TestSuite] Loaded best β weights from: /home/epigou/cs_9170_project/training_runs/BASELINE_group_dro_p1_nobias_credit_gdro_5s_fc6d4e7b__G202603211540/seed_2/gdro_model.pt

[TEST] Alpha -> F1(min)=0.4279 | F1(maj)=0.8852 | F1(weighted)=0.7841 | F1(macro)=0.6566 | Brier=0.1435
[TEST] Beta  -> F1(min)=0.4937 | F1(maj)=0.8059 | F1(weighted)=0.7368 | F1(macro)=0.6498 | Brier=0.1972
[TestSuite] Final test metrics appended to (seed): /home/epigou/cs_9170_project/training_runs/BASELINE_group_dro_p1_nobias_credit_gdro_5s_fc6d4e7b__G202603211540/seed_2/final_test_metrics.csv
[TestSuite] Final test metrics appended to (experiment): /home/epigou/cs_9170_project/training_runs/BASELINE_group_dro_p1_nobias_credit_gdro_5s_fc6d4e7b__G202603211540/final_test_metrics.csv
[GroupDRO] Done. seed=2 | time=22.1s
[GroupDRO] Results in /home/epigou/cs_9170_project/training_runs/BASELINE_group_dro_p1_nobias_credit_gdro_5s_fc6d4e7b__G202603211540/seed_2

[run_baseline] ---- seed=3 ----
/home/epigou/cs_9170_project/dataset.py:669: FutureWarning:

errors='ignore' is deprecated and will raise in a future version. Use to_numeric without passing `errors` and catch exceptions explicitly instead

Label distribution: {0: 23364, 1: 6636}
[TRAIN] size=3000, minority=664 (22.13%)
[VAL] size=6000, minority=1327 (22.12%)
[TEST] size=6000, minority=1327 (22.12%)
[GroupDRO] exp_group=BASELINE_group_dro_p1_nobias_credit_gdro_5s_fc6d4e7b__G202603211540  seed=3
[GroupDRO] dataset=credit_card  feature_dim=33
[GroupDRO] gdro_config={'lr': 0.001, 'epochs': 200, 'batch_size': 64, 'eta': 0.01, 'n_groups': 4}
[GroupDRO] seed_dir=/home/epigou/cs_9170_project/training_runs/BASELINE_group_dro_p1_nobias_credit_gdro_5s_fc6d4e7b__G202603211540/seed_3
[GroupDRO] epoch=   1 | dro=0.6792 | val_worst=0.7238 | q=[0.260,0.243,0.257,0.239]
[GroupDRO] epoch=  20 | dro=0.5071 | val_worst=0.6606 | q=[0.223,0.221,0.273,0.282]
[GroupDRO] epoch=  40 | dro=0.4550 | val_worst=0.8223 | q=[0.181,0.180,0.321,0.318]
[GroupDRO] epoch=  60 | dro=0.4214 | val_worst=0.8939 | q=[0.159,0.155,0.346,0.340]
[GroupDRO] epoch=  80 | dro=0.3888 | val_worst=0.9187 | q=[0.155,0.152,0.355,0.338]
[GroupDRO] epoch= 100 | dro=0.3529 | val_worst=1.1562 | q=[0.168,0.160,0.349,0.322]
[GroupDRO] epoch= 120 | dro=0.3313 | val_worst=1.2626 | q=[0.180,0.166,0.340,0.315]
[GroupDRO] epoch= 140 | dro=0.3090 | val_worst=1.2941 | q=[0.183,0.169,0.341,0.308]
[GroupDRO] epoch= 160 | dro=0.2948 | val_worst=1.5522 | q=[0.187,0.173,0.341,0.299]
[GroupDRO] epoch= 180 | dro=0.2809 | val_worst=1.7774 | q=[0.191,0.173,0.339,0.297]
[GroupDRO] epoch= 200 | dro=0.2609 | val_worst=1.9287 | q=[0.184,0.166,0.349,0.301]
[GroupDRO] Training done. Best val_worst=0.6185
[GroupDRO] Training metrics -> /home/epigou/cs_9170_project/training_runs/BASELINE_group_dro_p1_nobias_credit_gdro_5s_fc6d4e7b__G202603211540/seed_3/metrics.csv
[GroupDRO] Best model saved -> /home/epigou/cs_9170_project/training_runs/BASELINE_group_dro_p1_nobias_credit_gdro_5s_fc6d4e7b__G202603211540/seed_3/gdro_model.pt
FFNN Using device: cpu
FFNN Using device: cpu
FFNN Using device: cpu
[TestSuite] Loaded best β weights from: /home/epigou/cs_9170_project/training_runs/BASELINE_group_dro_p1_nobias_credit_gdro_5s_fc6d4e7b__G202603211540/seed_3/gdro_model.pt

[TEST] Alpha -> F1(min)=0.4458 | F1(maj)=0.8867 | F1(weighted)=0.7892 | F1(macro)=0.6662 | Brier=0.1438
[TEST] Beta  -> F1(min)=0.5082 | F1(maj)=0.8379 | F1(weighted)=0.7650 | F1(macro)=0.6731 | Brier=0.1939
[TestSuite] Final test metrics appended to (seed): /home/epigou/cs_9170_project/training_runs/BASELINE_group_dro_p1_nobias_credit_gdro_5s_fc6d4e7b__G202603211540/seed_3/final_test_metrics.csv
[TestSuite] Final test metrics appended to (experiment): /home/epigou/cs_9170_project/training_runs/BASELINE_group_dro_p1_nobias_credit_gdro_5s_fc6d4e7b__G202603211540/final_test_metrics.csv
[GroupDRO] Done. seed=3 | time=22.2s
[GroupDRO] Results in /home/epigou/cs_9170_project/training_runs/BASELINE_group_dro_p1_nobias_credit_gdro_5s_fc6d4e7b__G202603211540/seed_3
