[run_baseline] baseline=gaussian_ot_repair
[run_baseline] spec=paper_specs_v1/p1_nobias_credit_otrep_5s.json
[run_baseline] device=cpu
[run_baseline] exp_group=BASELINE_gaussian_ot_repair_p1_nobias_credit_otrep_5s_8edcf461__G202603211520
[run_baseline] seeds=[42, 0, 1, 2, 3]

[run_baseline] ---- seed=42 ----
/home/epigou/cs_9170_project/dataset.py:669: FutureWarning:

errors='ignore' is deprecated and will raise in a future version. Use to_numeric without passing `errors` and catch exceptions explicitly instead

Label distribution: {0: 23364, 1: 6636}
[TRAIN] size=3000, minority=664 (22.13%)
[VAL] size=6000, minority=1327 (22.12%)
[TEST] size=6000, minority=1327 (22.12%)
[OTRepair] exp_group=BASELINE_gaussian_ot_repair_p1_nobias_credit_otrep_5s_8edcf461__G202603211520  seed=42
[OTRepair] dataset=credit_card  feature_dim=33
[OTRepair] ot_config={'lam': 1.0, 'n_groups': 2, 'cov_reg': 1e-05, 'barycenter_iters': 100, 'repair_test': True}
[OTRepair] seed_dir=/home/epigou/cs_9170_project/training_runs/BASELINE_gaussian_ot_repair_p1_nobias_credit_otrep_5s_8edcf461__G202603211520/seed_42
[OTRepair] Group 0: n=1212, ||μ||=1.3868, cov_diag=[0.0000, 1.3475]
[OTRepair] Group 1: n=1788, ||μ||=1.3758, cov_diag=[0.0000, 1.2829]
[OTRepair] Barycenter computed. μ* norm=1.1676
[OTRepair] Group 0: A_g computed, ||A_g - I||=352.5137
[OTRepair] Group 1: A_g computed, ||A_g - I||=315.2902
[OTRepair] Test features repaired.
FFNN Using device: cpu
[OTRepair] ERM trained on repaired features.
FFNN Using device: cpu
[OTRepair] Alpha (ERM on original features) trained.
FFNN Using device: cpu
[TestSuite] Loaded best β weights from: /home/epigou/cs_9170_project/training_runs/BASELINE_gaussian_ot_repair_p1_nobias_credit_otrep_5s_8edcf461__G202603211520/seed_42/otrep_model.pt

[TEST] Alpha -> F1(min)=0.4467 | F1(maj)=0.8863 | F1(weighted)=0.7891 | F1(macro)=0.6665 | Brier=0.1428
[TEST] Beta  -> F1(min)=0.4357 | F1(maj)=0.8861 | F1(weighted)=0.7865 | F1(macro)=0.6609 | Brier=0.1423
[TestSuite] Final test metrics appended to (seed): /home/epigou/cs_9170_project/training_runs/BASELINE_gaussian_ot_repair_p1_nobias_credit_otrep_5s_8edcf461__G202603211520/seed_42/final_test_metrics.csv
[TestSuite] Final test metrics appended to (experiment): /home/epigou/cs_9170_project/training_runs/BASELINE_gaussian_ot_repair_p1_nobias_credit_otrep_5s_8edcf461__G202603211520/final_test_metrics.csv
[OTRepair] Done. seed=42 | time=6.5s
[OTRepair] Results in /home/epigou/cs_9170_project/training_runs/BASELINE_gaussian_ot_repair_p1_nobias_credit_otrep_5s_8edcf461__G202603211520/seed_42

[run_baseline] ---- seed=0 ----
/home/epigou/cs_9170_project/dataset.py:669: FutureWarning:

errors='ignore' is deprecated and will raise in a future version. Use to_numeric without passing `errors` and catch exceptions explicitly instead

Label distribution: {0: 23364, 1: 6636}
[TRAIN] size=3000, minority=664 (22.13%)
[VAL] size=6000, minority=1327 (22.12%)
[TEST] size=6000, minority=1327 (22.12%)
[OTRepair] exp_group=BASELINE_gaussian_ot_repair_p1_nobias_credit_otrep_5s_8edcf461__G202603211520  seed=0
[OTRepair] dataset=credit_card  feature_dim=32
[OTRepair] ot_config={'lam': 1.0, 'n_groups': 2, 'cov_reg': 1e-05, 'barycenter_iters': 100, 'repair_test': True}
[OTRepair] seed_dir=/home/epigou/cs_9170_project/training_runs/BASELINE_gaussian_ot_repair_p1_nobias_credit_otrep_5s_8edcf461__G202603211520/seed_0
[OTRepair] Group 0: n=1207, ||μ||=1.3932, cov_diag=[0.0000, 1.4091]
[OTRepair] Group 1: n=1793, ||μ||=1.3799, cov_diag=[0.0000, 1.1064]
[OTRepair] Barycenter computed. μ* norm=1.1695
[OTRepair] Group 0: A_g computed, ||A_g - I||=352.4626
[OTRepair] Group 1: A_g computed, ||A_g - I||=315.2634
[OTRepair] Test features repaired.
FFNN Using device: cpu
[OTRepair] ERM trained on repaired features.
FFNN Using device: cpu
[OTRepair] Alpha (ERM on original features) trained.
FFNN Using device: cpu
[TestSuite] Loaded best β weights from: /home/epigou/cs_9170_project/training_runs/BASELINE_gaussian_ot_repair_p1_nobias_credit_otrep_5s_8edcf461__G202603211520/seed_0/otrep_model.pt

[TEST] Alpha -> F1(min)=0.4246 | F1(maj)=0.8825 | F1(weighted)=0.7812 | F1(macro)=0.6535 | Brier=0.1476
[TEST] Beta  -> F1(min)=0.4171 | F1(maj)=0.8845 | F1(weighted)=0.7811 | F1(macro)=0.6508 | Brier=0.1472
[TestSuite] Final test metrics appended to (seed): /home/epigou/cs_9170_project/training_runs/BASELINE_gaussian_ot_repair_p1_nobias_credit_otrep_5s_8edcf461__G202603211520/seed_0/final_test_metrics.csv
[TestSuite] Final test metrics appended to (experiment): /home/epigou/cs_9170_project/training_runs/BASELINE_gaussian_ot_repair_p1_nobias_credit_otrep_5s_8edcf461__G202603211520/final_test_metrics.csv
[OTRepair] Done. seed=0 | time=5.4s
[OTRepair] Results in /home/epigou/cs_9170_project/training_runs/BASELINE_gaussian_ot_repair_p1_nobias_credit_otrep_5s_8edcf461__G202603211520/seed_0

[run_baseline] ---- seed=1 ----
/home/epigou/cs_9170_project/dataset.py:669: FutureWarning:

errors='ignore' is deprecated and will raise in a future version. Use to_numeric without passing `errors` and catch exceptions explicitly instead

Label distribution: {0: 23364, 1: 6636}
[TRAIN] size=3000, minority=664 (22.13%)
[VAL] size=6000, minority=1327 (22.12%)
[TEST] size=6000, minority=1327 (22.12%)
[OTRepair] exp_group=BASELINE_gaussian_ot_repair_p1_nobias_credit_otrep_5s_8edcf461__G202603211520  seed=1
[OTRepair] dataset=credit_card  feature_dim=33
[OTRepair] ot_config={'lam': 1.0, 'n_groups': 2, 'cov_reg': 1e-05, 'barycenter_iters': 100, 'repair_test': True}
[OTRepair] seed_dir=/home/epigou/cs_9170_project/training_runs/BASELINE_gaussian_ot_repair_p1_nobias_credit_otrep_5s_8edcf461__G202603211520/seed_1
[OTRepair] Group 0: n=1176, ||μ||=1.3755, cov_diag=[0.0000, 1.4501]
[OTRepair] Group 1: n=1824, ||μ||=1.3652, cov_diag=[0.0000, 1.0574]
[OTRepair] Barycenter computed. μ* norm=1.1624
[OTRepair] Group 0: A_g computed, ||A_g - I||=386.1958
[OTRepair] Group 1: A_g computed, ||A_g - I||=315.2590
[OTRepair] Test features repaired.
FFNN Using device: cpu
[OTRepair] ERM trained on repaired features.
FFNN Using device: cpu
[OTRepair] Alpha (ERM on original features) trained.
FFNN Using device: cpu
[TestSuite] Loaded best β weights from: /home/epigou/cs_9170_project/training_runs/BASELINE_gaussian_ot_repair_p1_nobias_credit_otrep_5s_8edcf461__G202603211520/seed_1/otrep_model.pt

[TEST] Alpha -> F1(min)=0.4643 | F1(maj)=0.8845 | F1(weighted)=0.7916 | F1(macro)=0.6744 | Brier=0.1426
[TEST] Beta  -> F1(min)=0.4773 | F1(maj)=0.8854 | F1(weighted)=0.7951 | F1(macro)=0.6813 | Brier=0.1419
[TestSuite] Final test metrics appended to (seed): /home/epigou/cs_9170_project/training_runs/BASELINE_gaussian_ot_repair_p1_nobias_credit_otrep_5s_8edcf461__G202603211520/seed_1/final_test_metrics.csv
[TestSuite] Final test metrics appended to (experiment): /home/epigou/cs_9170_project/training_runs/BASELINE_gaussian_ot_repair_p1_nobias_credit_otrep_5s_8edcf461__G202603211520/final_test_metrics.csv
[OTRepair] Done. seed=1 | time=5.2s
[OTRepair] Results in /home/epigou/cs_9170_project/training_runs/BASELINE_gaussian_ot_repair_p1_nobias_credit_otrep_5s_8edcf461__G202603211520/seed_1

[run_baseline] ---- seed=2 ----
/home/epigou/cs_9170_project/dataset.py:669: FutureWarning:

errors='ignore' is deprecated and will raise in a future version. Use to_numeric without passing `errors` and catch exceptions explicitly instead

Label distribution: {0: 23364, 1: 6636}
[TRAIN] size=3000, minority=664 (22.13%)
[VAL] size=6000, minority=1327 (22.12%)
[TEST] size=6000, minority=1327 (22.12%)
[OTRepair] exp_group=BASELINE_gaussian_ot_repair_p1_nobias_credit_otrep_5s_8edcf461__G202603211520  seed=2
[OTRepair] dataset=credit_card  feature_dim=33
[OTRepair] ot_config={'lam': 1.0, 'n_groups': 2, 'cov_reg': 1e-05, 'barycenter_iters': 100, 'repair_test': True}
[OTRepair] seed_dir=/home/epigou/cs_9170_project/training_runs/BASELINE_gaussian_ot_repair_p1_nobias_credit_otrep_5s_8edcf461__G202603211520/seed_2
[OTRepair] Group 0: n=1192, ||μ||=1.3853, cov_diag=[0.0000, 1.4497]
[OTRepair] Group 1: n=1808, ||μ||=1.3743, cov_diag=[0.0000, 1.3527]
[OTRepair] Barycenter computed. μ* norm=1.1676
[OTRepair] Group 0: A_g computed, ||A_g - I||=352.4747
[OTRepair] Group 1: A_g computed, ||A_g - I||=352.4592
[OTRepair] Test features repaired.
FFNN Using device: cpu
[OTRepair] ERM trained on repaired features.
FFNN Using device: cpu
[OTRepair] Alpha (ERM on original features) trained.
FFNN Using device: cpu
[TestSuite] Loaded best β weights from: /home/epigou/cs_9170_project/training_runs/BASELINE_gaussian_ot_repair_p1_nobias_credit_otrep_5s_8edcf461__G202603211520/seed_2/otrep_model.pt

[TEST] Alpha -> F1(min)=0.4339 | F1(maj)=0.8855 | F1(weighted)=0.7856 | F1(macro)=0.6597 | Brier=0.1439
[TEST] Beta  -> F1(min)=0.4319 | F1(maj)=0.8870 | F1(weighted)=0.7864 | F1(macro)=0.6595 | Brier=0.1439
[TestSuite] Final test metrics appended to (seed): /home/epigou/cs_9170_project/training_runs/BASELINE_gaussian_ot_repair_p1_nobias_credit_otrep_5s_8edcf461__G202603211520/seed_2/final_test_metrics.csv
[TestSuite] Final test metrics appended to (experiment): /home/epigou/cs_9170_project/training_runs/BASELINE_gaussian_ot_repair_p1_nobias_credit_otrep_5s_8edcf461__G202603211520/final_test_metrics.csv
[OTRepair] Done. seed=2 | time=5.6s
[OTRepair] Results in /home/epigou/cs_9170_project/training_runs/BASELINE_gaussian_ot_repair_p1_nobias_credit_otrep_5s_8edcf461__G202603211520/seed_2

[run_baseline] ---- seed=3 ----
/home/epigou/cs_9170_project/dataset.py:669: FutureWarning:

errors='ignore' is deprecated and will raise in a future version. Use to_numeric without passing `errors` and catch exceptions explicitly instead

Label distribution: {0: 23364, 1: 6636}
[TRAIN] size=3000, minority=664 (22.13%)
[VAL] size=6000, minority=1327 (22.12%)
[TEST] size=6000, minority=1327 (22.12%)
[OTRepair] exp_group=BASELINE_gaussian_ot_repair_p1_nobias_credit_otrep_5s_8edcf461__G202603211520  seed=3
[OTRepair] dataset=credit_card  feature_dim=33
[OTRepair] ot_config={'lam': 1.0, 'n_groups': 2, 'cov_reg': 1e-05, 'barycenter_iters': 100, 'repair_test': True}
[OTRepair] seed_dir=/home/epigou/cs_9170_project/training_runs/BASELINE_gaussian_ot_repair_p1_nobias_credit_otrep_5s_8edcf461__G202603211520/seed_3
[OTRepair] Group 0: n=1191, ||μ||=1.3959, cov_diag=[0.0000, 1.6527]
[OTRepair] Group 1: n=1809, ||μ||=1.3828, cov_diag=[0.0000, 1.0050]
[OTRepair] Barycenter computed. μ* norm=1.1697
[OTRepair] Group 0: A_g computed, ||A_g - I||=386.1213
[OTRepair] Group 1: A_g computed, ||A_g - I||=315.2615
[OTRepair] Test features repaired.
FFNN Using device: cpu
[OTRepair] ERM trained on repaired features.
FFNN Using device: cpu
[OTRepair] Alpha (ERM on original features) trained.
FFNN Using device: cpu
[TestSuite] Loaded best β weights from: /home/epigou/cs_9170_project/training_runs/BASELINE_gaussian_ot_repair_p1_nobias_credit_otrep_5s_8edcf461__G202603211520/seed_3/otrep_model.pt

[TEST] Alpha -> F1(min)=0.4474 | F1(maj)=0.8854 | F1(weighted)=0.7885 | F1(macro)=0.6664 | Brier=0.1441
[TEST] Beta  -> F1(min)=0.4514 | F1(maj)=0.8872 | F1(weighted)=0.7908 | F1(macro)=0.6693 | Brier=0.1427
[TestSuite] Final test metrics appended to (seed): /home/epigou/cs_9170_project/training_runs/BASELINE_gaussian_ot_repair_p1_nobias_credit_otrep_5s_8edcf461__G202603211520/seed_3/final_test_metrics.csv
[TestSuite] Final test metrics appended to (experiment): /home/epigou/cs_9170_project/training_runs/BASELINE_gaussian_ot_repair_p1_nobias_credit_otrep_5s_8edcf461__G202603211520/final_test_metrics.csv
[OTRepair] Done. seed=3 | time=5.5s
[OTRepair] Results in /home/epigou/cs_9170_project/training_runs/BASELINE_gaussian_ot_repair_p1_nobias_credit_otrep_5s_8edcf461__G202603211520/seed_3
